Using gromos method for clustering
Using RMSD cutoff 0.2 nm
The RMSD ranges from 0.056422 to 0.771587 nm
Average RMSD is 0.391655
Number of structures for matrix 2001
Energy of the matrix is 31.128.

Found 78 clusters

Writing middle structure for each cluster to /root/LiSPER_remote/LiSPER_8cand_LiCl/systems/LiDS-1/gromacs/cluster_20ns/representative_top_cluster.pdb

cl. | #st  rmsd | middle rmsd | cluster members
  1 | 314  0.210 |  13160 .171 |      0     20     50    120    140    150    160
    |           |             |    170    280    290    320    330    340    370
    |           |             |    420    430    450    460    480    490    500
    |           |             |    510    520    550    560    570    580    700
    |           |             |    740    760    770    780    910    930   1170
    |           |             |   1180   1190   1230   1240   1250   1260   1270
    |           |             |   1290   1300   1310   1320   1330   1370   1380
    |           |             |   1410   1420   7250   7270   7280   7300   7310
    |           |             |   7320   7330   7340   7370   7400   7420   7450
    |           |             |   7460   7470   7490   7500   7510   7530   7540
    |           |             |   7550   7560   7570   7590   7600   7620   7630
    |           |             |   7640   7670   7680   7690   7700   7710   7720
    |           |             |   7730   7740   7750   7760   7770   7780   7790
    |           |             |   7800   7850   7870   7880   7920   7930   7940
    |           |             |   8120   8130   8140   8150   8160   8170   8180
    |           |             |   8190   8200   8210   8250   8260   8300   8410
    |           |             |   8420   8430   8440   8450   8510   8520   8530
    |           |             |   8540   8550   8560   8570   8580   8590   8600
    |           |             |   8610   8620   8630   8640   8650   8660   8800
    |           |             |   8810   8820   8830   8840   8850   9130   9150
    |           |             |   9160   9170   9180   9190   9220   9250   9260
    |           |             |   9270   9280   9290   9300   9320   9330   9350
    |           |             |  11760  11880  11890  11950  11990  12020  12060
    |           |             |  12070  12120  12130  12140  12150  12200  12210
    |           |             |  12220  12230  12240  12250  12260  12270  12280
    |           |             |  12290  12320  12330  12340  12350  12360  12370
    |           |             |  12380  12390  12400  12410  12420  12430  12450
    |           |             |  12460  12470  12500  12510  12520  12560  12570
    |           |             |  12630  12640  12720  12760  12780  12790  12800
    |           |             |  12810  12820  12830  12840  12850  12860  12870
    |           |             |  12880  12910  12950  12960  12970  12990  13000
    |           |             |  13010  13020  13030  13040  13050  13070  13080
    |           |             |  13090  13100  13110  13120  13130  13140  13150
    |           |             |  13160  13170  13180  13200  13210  13220  13230
    |           |             |  13240  13250  13260  13270  13290  13300  13310
    |           |             |  13360  13370  13380  13390  13400  13410  13420
    |           |             |  13430  13440  13590  13600  13620  13630  13640
    |           |             |  13650  13660  13670  13680  13690  13700  13710
    |           |             |  13720  13730  13770  13780  13790  13800  13810
    |           |             |  13820  13830  13840  13850  13860  13870  13880
    |           |             |  13890  13910  13920  13930  13940  13950  13960
    |           |             |  13970  13980  13990  14000  14010  14020  14030
    |           |             |  14050  14920  15020  15030  15040  15050  15470
    |           |             |  15480  15490  15500  15520  15530  15540  15550
    |           |             |  15560  15570  15580  15590  15600  15610
  2 | 263  0.206 |   6470 .170 |   1860   2000   2010   2020   2030   2040   2060
    |           |             |   2070   2080   2090   2330   2340   2350   2360
    |           |             |   2380   2430   2440   2460   2470   2500   2880
    |           |             |   2930   2940   2950   2960   2970   2980   3000
    |           |             |   3010   3030   3040   3090   3100   3120   3130
    |           |             |   3210   3220   3230   3240   3260   3270   3280
    |           |             |   3290   3300   3310   3320   3330   3340   3350
    |           |             |   3360   3370   3380   3390   3400   3410   3420
    |           |             |   3430   3450   3460   3530   3580   3590   3600
    |           |             |   3630   3640   3670   3680   3690   3700   3750
    |           |             |   3760   3770   3780   3790   3800   3810   3820
    |           |             |   3830   3890   3900   3910   3920   3930   3940
    |           |             |   3960   4040   4050   4060   4090   4100   4110
    |           |             |   4120   4130   4140   4150   4160   4180   4190
    |           |             |   4200   4210   4220   4230   4240   4250   4260
    |           |             |   4310   4390   4400   4410   4420   4440   4450
    |           |             |   4470   4490   4500   4510   4520   4600   4610
    |           |             |   4620   4630   4640   4650   4660   4670   4680
    |           |             |   4690   4700   4710   4720   4730   4740   4750
    |           |             |   5080   5090   5100   5110   5120   5130   5140
    |           |             |   5160   5170   5180   5190   5200   5210   5220
    |           |             |   5390   5410   5430   5500   5510   5640   5650
    |           |             |   5660   5670   5680   5700   5710   5720   5730
    |           |             |   5740   5750   5770   5780   5790   5800   5810
    |           |             |   5820   5830   5840   5850   5860   5870   5880
    |           |             |   5890   5900   5910   5930   5940   5970   5980
    |           |             |   5990   6000   6010   6020   6030   6040   6050
    |           |             |   6060   6070   6080   6090   6100   6110   6120
    |           |             |   6130   6140   6150   6160   6170   6180   6250
    |           |             |   6280   6310   6340   6350   6360   6400   6410
    |           |             |   6420   6430   6440   6450   6460   6470   6480
    |           |             |   6490   6500   6510   6520   6530   6540   6550
    |           |             |   6560   6570   6580   6590   6600   6610   6620
    |           |             |   6630   6640   6650   6670   6690   6700   6710
    |           |             |   6720   6800   6810   6840   6850   6860   6870
    |           |             |   6880   6890   6900   6910   6920   6930   6940
    |           |             |   6950   6960   6970   6990   7000   7020   7030
    |           |             |   7060   7070   7090   7110
  3 | 168  0.201 |  17950 .165 |   9230   9460   9540   9610   9630  15770  15780
    |           |             |  15890  15920  15930  15940  15970  16010  16020
    |           |             |  16040  16160  16180  16190  16210  16220  16230
    |           |             |  16250  16260  16270  16280  16390  16400  16410
    |           |             |  16420  16440  16450  16480  16490  16500  16510
    |           |             |  16520  16530  16540  16590  16600  16610  16620
    |           |             |  16630  16640  16650  16660  16670  16680  16690
    |           |             |  16700  16710  16720  16730  16740  16750  16760
    |           |             |  16770  16780  16790  16800  16810  16820  16830
    |           |             |  16840  16850  16860  16870  16880  16890  16910
    |           |             |  16920  16930  16940  16990  17000  17010  17020
    |           |             |  17030  17040  17050  17070  17080  17090  17100
    |           |             |  17110  17120  17130  17140  17150  17160  17170
    |           |             |  17180  17190  17200  17210  17220  17230  17280
    |           |             |  17290  17300  17310  17320  17330  17350  17360
    |           |             |  17370  17380  17390  17400  17410  17420  17440
    |           |             |  17450  17460  17470  17480  17490  17500  17510
    |           |             |  17520  17530  17540  17550  17570  17580  17590
    |           |             |  17600  17610  17620  17640  17670  17690  17700
    |           |             |  17750  17760  17770  17780  17790  17800  17840
    |           |             |  17850  17860  17870  17880  17930  17940  17950
    |           |             |  17960  17970  17980  17990  18000  18010  18020
    |           |             |  18030  18040  18050  18060  18080  18110  18120
    |           |             |  18130  18160  18170  18180  18190  18200  18230
  4 | 123  0.207 |   8790 .169 |     10     70    180    190    440    590    600
    |           |             |    610    620    720    730    750    790    800
    |           |             |    810    820    830    840    860    870    880
    |           |             |    900    920    940    950    960    970    980
    |           |             |   1020   1080   1090   1100   1130   1460   1470
    |           |             |   1490   1500   1510   1520   7650   7660   7820
    |           |             |   7840   7910   7950   7960   7970   7980   7990
    |           |             |   8040   8050   8070   8090   8110   8220   8230
    |           |             |   8240   8670   8680   8690   8700   8710   8720
    |           |             |   8730   8740   8750   8760   8770   8780   8790
    |           |             |   9070   9080   9090   9100   9110   9120   9390
    |           |             |   9400   9420   9510  11750  11770  11780  11790
    |           |             |  11810  11900  11910  11920  11930  11940  11960
    |           |             |  11970  11980  12000  12040  12050  12080  12090
    |           |             |  12100  12110  12170  12300  12310  12480  12490
    |           |             |  12530  12580  15130  15140  15150  15210  15220
    |           |             |  15350  15360  15380  15390  15400  15410  15420
    |           |             |  15430  15440  15450  15460
  5 | 103  0.198 |  10420 .165 |  10260  10270  10280  10290  10300  10310  10320
    |           |             |  10330  10340  10350  10360  10370  10390  10400
    |           |             |  10410  10420  10430  10460  10470  10480  10490
    |           |             |  10500  10510  10520  10530  10540  10550  10560
    |           |             |  10570  10580  10590  10600  10610  10620  10630
    |           |             |  10640  10650  10660  10670  10680  10690  10700
    |           |             |  10710  10720  10730  10740  11010  11050  11080
    |           |             |  11110  11120  11130  11140  11150  11160  11170
    |           |             |  11180  11190  11200  11210  11220  11260  11270
    |           |             |  11280  11290  11300  11310  11320  11330  11340
    |           |             |  11350  11360  11370  11380  11390  11400  11410
    |           |             |  11420  11430  11440  11450  11460  11470  11480
    |           |             |  11490  11500  11510  11530  11540  11550  11560
    |           |             |  11570  11580  11590  11600  11610  11620  11630
    |           |             |  11660  11680  11690  11700  11710
  6 |  97  0.207 |   1760 .177 |   1700   1730   1740   1750   1760   1770   1780
    |           |             |   1800   1810   1820   1830   1840   1850   1880
    |           |             |   1890   1900   1910   1920   1930   1940   1950
    |           |             |   1960   1970   1990   2100   2120   2140   2150
    |           |             |   2160   2170   2180   2190   2200   2210   2220
    |           |             |   2230   2240   2250   2260   2270   2280   2290
    |           |             |   2310   2320   3610   3650   3710   3720   3730
    |           |             |   3740   4570   4580   4590   4830   4840   4960
    |           |             |   4970   4980   5040   5050   5060   5070   5150
    |           |             |   5230   5240   5250   5260   5270   5280   5290
    |           |             |   5300   5310   5320   5370   5380   5400   5420
    |           |             |   5460   5480   5490   5540   5550   5620   5690
    |           |             |   6370   6380   6390  19790  19820  19830  19840
    |           |             |  19870  19880  19890  19920  19950  20000
  7 |  68  0.214 |   8380 .185 |     30     40     60     80     90    100    130
    |           |             |    230    250    260    270    380    390    410
    |           |             |   1140   1160   1220   1280   7260   7290   7350
    |           |             |   7360   7380   7390   7410   7430   7440   7480
    |           |             |   7580   7860   8270   8280   8310   8320   8340
    |           |             |   8350   8360   8370   8380   8390   8400   8460
    |           |             |   8470   8480   8490   8500   8860   8870   8880
    |           |             |   8940   8960   8980   9200   9210   9240   9380
    |           |             |  11840  11850  11860  11870  12010  12030  12160
    |           |             |  12180  12190  12770  13280  13350
  8 |  57  0.214 |   4430 .184 |   2370   2390   2450   2850   2860   2870   2890
    |           |             |   2900   2910   3050   3060   3080   3110   3470
    |           |             |   3480   3490   3500   3510   3520   3540   3550
    |           |             |   3560   3570   3950   3970   3980   4010   4080
    |           |             |   4300   4320   4330   4340   4360   4370   4380
    |           |             |   4430   4460   5760   5920   5950   5960   6680
    |           |             |   6750   6760   6770   6780   6790   6830   6980
    |           |             |   7010   7040   7050   7080   7100   7120   7130
    |           |             |   7140
  9 |  56  0.183 |  19630 .153 |  19110  19120  19130  19140  19150  19160  19170
    |           |             |  19180  19190  19200  19210  19220  19230  19240
    |           |             |  19250  19260  19270  19280  19290  19300  19310
    |           |             |  19320  19330  19340  19370  19380  19390  19400
    |           |             |  19410  19430  19440  19450  19460  19470  19480
    |           |             |  19490  19500  19510  19520  19530  19540  19550
    |           |             |  19560  19570  19580  19590  19600  19610  19620
    |           |             |  19630  19640  19650  19660  19670  19680  19690
 10 |  54  0.191 |  18830 .160 |  18420  18430  18440  18450  18460  18470  18480
    |           |             |  18490  18500  18510  18520  18530  18540  18550
    |           |             |  18610  18620  18630  18640  18660  18670  18680
    |           |             |  18690  18700  18710  18720  18730  18740  18750
    |           |             |  18760  18780  18790  18800  18810  18820  18830
    |           |             |  18840  18850  18860  18870  18880  18890  18980
    |           |             |  18990  19000  19010  19020  19030  19040  19050
    |           |             |  19060  19070  19080  19090  19100
 11 |  52  0.194 |   9800 .160 |   9430   9440   9450   9530   9550   9560   9570
    |           |             |   9580   9590   9600   9620   9640   9650   9660
    |           |             |   9670   9680   9690   9700   9710   9720   9730
    |           |             |   9740   9750   9760   9770   9780   9790   9800
    |           |             |   9810   9820   9830   9840   9850   9860   9870
    |           |             |   9880   9890   9900   9910   9920   9930   9940
    |           |             |   9950   9960   9970   9980   9990  10000  10010
    |           |             |  10020  10030  15880
 12 |  40  0.216 |    360 .179 |    200    210    220    240    350    360    400
    |           |             |    530    540    640    660    850   1110   1120
    |           |             |   1150   1200   1210   1340   1350   1360   1390
    |           |             |   1400   7520   8950   9000   9040   9050   9060
    |           |             |   9360   9370   9410  12610  12660  12670  12700
    |           |             |  12710  12730  12740  12750  15370
 13 |  39  0.210 |   2490 .189 |   1790   2050   2410   2420   2480   2490   2510
    |           |             |   2990   3620   4170   4280   4290   4480   5440
    |           |             |   5450   5470   5520   5530   5590   5610   5630
    |           |             |   6190   6200   6210   6220   6230   6240   6260
    |           |             |   6270   6290   6300   6330   6660  19930  19940
    |           |             |  19960  19970  19980  19990
 14 |  38  0.206 |  14520 .166 |   7210   7220  14080  14090  14100  14150  14160
    |           |             |  14170  14180  14250  14260  14270  14280  14290
    |           |             |  14300  14310  14490  14500  14510  14520  14530
    |           |             |  14550  14560  14600  14630  14640  14650  14660
    |           |             |  14670  14680  14690  14700  14710  14720  14880
    |           |             |  14900  14910  15510
 15 |  36  0.188 |  10120 .157 |  10110  10120  10130  10140  10150  10160  10170
    |           |             |  10180  10190  10200  10210  10220  10230  10240
    |           |             |  10250  10440  10750  10760  10800  10830  10840
    |           |             |  10870  10890  10900  10910  10920  10930  10940
    |           |             |  10950  10960  10970  10980  10990  11000  11020
    |           |             |  11040
 16 |  36  0.213 |  16050 .186 |  15900  15910  15950  15960  15980  15990  16030
    |           |             |  16050  16060  16080  16090  16100  16110  16120
    |           |             |  16130  16140  16430  16460  16470  16550  16560
    |           |             |  16570  16580  16900  16980  17060  17240  17250
    |           |             |  17260  17270  17630  17650  17660  17680  18070
    |           |             |  18140
 17 |  34  0.211 |   7900 .192 |    310    710   1430   2670   2690   2700   2730
    |           |             |   2740   2750   2760   2770   2780   2790   7610
    |           |             |   7810   7830   7890   7900   8010   8020   8030
    |           |             |   8290   8330  12440  13570  14930  14940  14950
    |           |             |  14960  14970  14980  15010  15060  15070
 18 |  29  0.198 |  15250 .160 |   1030   1040   1050   1060   1070   8080   8100
    |           |             |  15080  15090  15100  15110  15120  15170  15180
    |           |             |  15190  15230  15240  15250  15260  15270  15280
    |           |             |  15290  15300  15310  15320  15330  15340  15830
    |           |             |  15840
 19 |  23  0.209 |  15740 .173 |   9500  15690  15700  15720  15730  15740  15750
    |           |             |  15760  15790  15800  16290  16350  17430  17710
    |           |             |  17730  17740  17810  17820  17830  17890  17900
    |           |             |  17910  17920
 20 |  22  0.217 |  13330 .185 |   2610   7240   8910   8930   8970   8990   9340
    |           |             |  12980  13320  13330  13340  13450  13460  13500
    |           |             |  13520  13530  13740  13750  13760  15620  15640
    |           |             |  15670
 21 |  20  0.185 |  18220 .157 |  15810  15820  15860  18090  18100  18210  18220
    |           |             |  18240  18250  18260  18270  18280  18290  18300
    |           |             |  18310  18320  18330  18340  18350  18360
 22 |  20  0.180 |  14450 .148 |  14320  14330  14340  14360  14370  14380  14390
    |           |             |  14400  14410  14420  14430  14440  14450  14460
    |           |             |  14470  14480  14540  14730  14750  14780
 23 |  16  0.218 |  11100 .173 |   1580   1590   1600   1610  10050  10060  10380
    |           |             |  10790  10820  11030  11060  11070  11090  11100
    |           |             |  11720  11740
 24 |  16  0.176 |   5000 .148 |   4550   4560   4850   4860   4870   4880   4890
    |           |             |   4900   4910   4920   4930   4990   5000   5010
    |           |             |   5020   5030
 25 |  13  0.199 |  14110 .176 |    300   2800   7230   8900  12890  12900  12920
    |           |             |  12930  12940  14110  14120  14130  14140
 26 |  13  0.225 |    630 .200 |    630    650    670    680    690    890    990
    |           |             |   1000   1450   1540   1560  12540  12550
 27 |  12  0.209 |   3150 .175 |   3020   3070   3140   3150   3160   3170   3190
    |           |             |   3200   3440   3990   4000   4070
 28 |  12  0.187 |   1650 .163 |   1550   1570   1620   1630   1640   1650   1660
    |           |             |   1670   4790   4800   4810   4820
 29 |  11  0.168 |  18940 .152 |  18380  18390  18400  18410  18910  18920  18930
    |           |             |  18940  18950  18960  18970
 30 |  10  0.193 |  16300 .162 |   9520  15710  16300  16310  16320  16330  16340
    |           |             |  16360  16370  16380
 31 |  10  0.165 |  19760 .140 |  19700  19710  19720  19730  19740  19750  19760
    |           |             |  19770  19780  19810
 32 |  10  0.216 |   3850 .187 |   2300   3660   3840   3850   3860   3870   4020
    |           |             |   4540  18770  19910
 33 |   9  0.173 |   7180 .143 |   7150   7160   7170   7180   7190   7200  14590
    |           |             |  14610  14620
 34 |   9  0.218 |   2130 .197 |   1710   1720   1870   1980   2110   2130   4760
    |           |             |   4770   4780
 35 |   9  0.214 |  13610 .196 |   2650   2660   2680   9140  11820  11830  13580
    |           |             |  13610  15160
 36 |   9  0.177 |  14790 .154 |  14740  14760  14770  14790  14800  14810  14820
    |           |             |  14830  14870
 37 |   8  0.195 |   2620 .177 |   2590   2600   2620   2630   2640  15630  15650
    |           |             |  15680
 38 |   8  0.196 |   2540 .173 |   2520   2530   2540   2550   2560   2570   2580
    |           |             |   2710
 39 |   7  0.191 |  12690 .176 |   9030  12590  12600  12620  12650  12680  12690
 40 |   7  0.193 |  10070 .159 |   1530  10040  10070  10080  10090  10100  10770
 41 |   7  0.215 |  13510 .191 |  13470  13480  13490  13510  13540  13550  13560
 42 |   7  0.176 |  14210 .152 |  14070  14190  14200  14210  14220  14230  14240
 43 |   6  0.209 |  14890 .188 |   8000  13060  14860  14890  14990  15000
 44 |   6  0.151 |  18600 .135 |  18560  18570  18580  18590  18600  18650
 45 |   6  0.198 |   5350 .179 |   1680   1690   5330   5340   5350   5360
 46 |   6  0.222 |   9470 .186 |   9010   9020   9470   9480   9490  16200
 47 |   6  0.203 |   5580 .163 |   5560   5570   5580   5600  19860  19900
 48 |   5  0.225 |  11640 .187 |  11520  11640  11650  11670  11730
 49 |   4  0.219 |   2830 .178 |   2720   2810   2830   2840
 50 |   4  0.204 |  16970 .182 |  16000  16950  16960  16970
 51 |   4  0.228 |  14060 .216 |   1440  13900  14040  14060
 52 |   4  0.219 |  15870 .200 |  15850  15870  16240  18150
 53 |   4  0.187 |  11230 .156 |  10450  11230  11240  11250
 54 |   4  0.256 |  15660 .244 |  15660  16170  17560  17720
 55 |   3  0.275 |   6730 .263 |   3180   4030   6730
 56 |   3  0.245 |   2920 .237 |   2920   4350   6820
 57 |   3  0.193 |  19360 .167 |  19350  19360  19420
 58 |   3  0.141 |  10850 .127 |  10850  10860  10880
 59 |   3  0.188 |   4950 .170 |   3250   4940   4950
 60 |   3  0.238 |   6320 .231 |   2400   4270   6320
 61 |   2  0.283 |  16070 .283 |  16070  16150
 62 |   2  0.265 |   1480 .265 |   1480   8060
 63 |   2  0.263 |    470 .263 |    470   8890
 64 |   2  0.260 |   8920 .260 |   8920  13190
 65 |   2  0.116 |  14840 .116 |  14840  14850
 66 |   2  0.158 |  10780 .158 |  10780  10810
 67 |   2  0.205 |  19800 .205 |  19800  19850
 68 |   2  0.235 |   9310 .235 |   9310  11800
 69 |   2  0.250 |   2820 .250 |   2820   6740
 70 |   2  0.250 |  14350 .250 |  14350  14570
 71 |   2  0.254 |   3880 .254 |   3880   4530
 72 |   1       |    110      |    110
 73 |   1       |  18900      |  18900
 74 |   1       |  18370      |  18370
 75 |   1       |  15200      |  15200
 76 |   1       |   1010      |   1010
 77 |   1       |  17340      |  17340
 78 |   1       |  14580      |  14580
