Using gromos method for clustering
Using RMSD cutoff 0.2 nm
The RMSD ranges from 0.05135 to 1.58414 nm
Average RMSD is 0.648326
Number of structures for matrix 2001
Energy of the matrix is 35.154.

Found 209 clusters

Writing middle structure for each cluster to /root/LiSPER_remote/LiSPER_LiCl/systems/LiD3-1/gromacs/cluster_20ns_repair/representative_top_cluster.pdb

cl. | #st  rmsd | middle rmsd | cluster members
  1 | 314  0.205 |  14220 .161 |  11240  11260  11270  11280  11290  11300  11310
    |           |             |  11320  11330  11340  11350  11360  11440  11450
    |           |             |  11460  12290  12310  12320  12370  12380  12390
    |           |             |  12400  12410  12460  12470  12950  13410  13510
    |           |             |  13530  13540  13550  13560  13570  13630  13660
    |           |             |  13670  13680  13690  13700  13710  13720  13730
    |           |             |  13740  13750  13760  13770  13780  13790  13800
    |           |             |  13810  13820  13840  13870  13880  13900  13910
    |           |             |  13920  13930  13950  13960  13970  13980  13990
    |           |             |  14000  14010  14020  14030  14040  14050  14060
    |           |             |  14080  14110  14120  14140  14150  14160  14170
    |           |             |  14180  14190  14200  14210  14220  14230  14240
    |           |             |  14250  14260  14270  14280  14290  14300  14310
    |           |             |  14320  14330  14340  14350  14360  14370  14380
    |           |             |  14390  14400  14410  14420  14430  14440  14450
    |           |             |  14460  14470  14480  14490  14500  14510  14520
    |           |             |  14530  14540  14550  14560  14570  14580  14590
    |           |             |  14600  14610  14620  14630  14640  14650  14660
    |           |             |  14670  14680  14700  14750  14760  14770  14840
    |           |             |  14850  14860  14870  14880  14890  14900  14910
    |           |             |  14920  14930  14940  14950  14960  14970  14980
    |           |             |  14990  15000  15020  15030  15040  15050  15060
    |           |             |  15070  15080  15090  15120  15140  15170  15230
    |           |             |  15350  15360  15370  15380  15390  15430  15450
    |           |             |  15540  15570  15580  15610  15620  15630  15640
    |           |             |  15650  15660  15670  15680  15690  15700  15710
    |           |             |  15730  15740  15750  15820  17530  17540  17550
    |           |             |  17560  17570  17590  17600  17610  17620  17630
    |           |             |  17640  17650  17660  17670  17680  17690  17700
    |           |             |  17710  17730  17740  17770  17850  17860  18010
    |           |             |  18020  18030  18040  18050  18060  18070  18080
    |           |             |  18090  18100  18110  18120  18130  18140  18150
    |           |             |  18160  18170  18180  18190  18200  18210  18220
    |           |             |  18240  18250  18270  18300  18320  18330  18350
    |           |             |  18360  18370  18380  18390  18400  18410  18420
    |           |             |  18430  18440  18450  18460  18470  18480  18490
    |           |             |  18500  18510  18520  18530  18540  18550  18560
    |           |             |  18570  18580  18590  18600  18610  18620  18630
    |           |             |  18640  18650  18660  18670  18680  18700  18730
    |           |             |  18740  18750  18760  18770  18790  18800  18810
    |           |             |  18820  18830  18840  18850  18860  18870  18880
    |           |             |  18890  18900  18910  18920  18930  18940  18950
    |           |             |  18960  18970  18980  18990  19000  19010  19020
    |           |             |  19030  19040  19070  19080  19090  19100  19110
    |           |             |  19120  19130  19140  19150  19160  19170
  2 | 109  0.210 |  12760 .170 |  11110  11140  11150  11210  11250  11400  11410
    |           |             |  11430  11470  11480  11510  11520  11540  11660
    |           |             |  11680  11690  11700  11710  11720  11730  11740
    |           |             |  11750  11780  11790  11800  11820  11830  11840
    |           |             |  11850  11860  11870  11880  11890  12010  12020
    |           |             |  12030  12040  12050  12060  12070  12080  12090
    |           |             |  12110  12120  12130  12140  12150  12190  12200
    |           |             |  12210  12240  12260  12270  12300  12330  12340
    |           |             |  12350  12360  12420  12430  12440  12450  12490
    |           |             |  12500  12520  12530  12540  12550  12570  12580
    |           |             |  12590  12600  12610  12630  12740  12750  12760
    |           |             |  12770  12780  12790  12800  12810  12820  12830
    |           |             |  12840  12850  12860  12870  12880  12890  12900
    |           |             |  12910  12920  12930  12970  13030  13040  13620
    |           |             |  13640  13650  13830  13850  13860  13890  14070
    |           |             |  14090  14100  14130  18230
  3 | 102  0.210 |  17190 .169 |   9400   9430   9580   9590   9600   9650   9660
    |           |             |   9700  14740  15440  15460  15470  15480  15490
    |           |             |  15500  15520  15530  15560  15600  15760  15780
    |           |             |  15790  15800  15810  15830  15840  15850  15860
    |           |             |  15870  15880  15890  15900  15910  15920  15930
    |           |             |  15940  15960  15970  16120  16130  16140  16170
    |           |             |  16190  16200  16210  16220  16230  16240  16250
    |           |             |  16260  16280  16290  16370  16390  16400  16490
    |           |             |  16510  16670  16970  16980  17020  17030  17040
    |           |             |  17060  17070  17080  17090  17100  17110  17120
    |           |             |  17130  17140  17150  17160  17170  17180  17190
    |           |             |  17200  17210  17220  17230  17240  17250  17260
    |           |             |  17270  17280  17290  17780  17790  17810  17820
    |           |             |  17830  17840  17870  17900  17910  17940  17950
    |           |             |  17960  17980  17990  18000
  4 |  64  0.189 |  17000 .154 |   9010   9100   9110   9150   9160   9170   9200
    |           |             |   9210   9220   9230   9240   9250   9280   9360
    |           |             |  16420  16430  16440  16450  16460  16470  16480
    |           |             |  16500  16520  16530  16540  16560  16570  16620
    |           |             |  16630  16650  16660  16680  16690  16700  16710
    |           |             |  16720  16730  16740  16750  16760  16770  16780
    |           |             |  16790  16800  16810  16820  16830  16840  16850
    |           |             |  16860  16870  16880  16890  16900  16910  16920
    |           |             |  16930  16940  16950  16960  16990  17000  17010
    |           |             |  17050
  5 |  48  0.224 |  13500 .192 |  11020  11030  11060  11070  11080  11230  11530
    |           |             |  11550  11560  11670  12000  12940  13070  13080
    |           |             |  13140  13150  13160  13170  13180  13300  13310
    |           |             |  13320  13330  13340  13350  13360  13370  13380
    |           |             |  13390  13400  13500  13520  13580  13590  13610
    |           |             |  13940  18260  18280  18290  18780  19180  19190
    |           |             |  19200  19230  19250  19270  19280  19290
  6 |  39  0.209 |     80 .172 |      0     40     50     60     70     80     90
    |           |             |    110    120    130    180    190    210    220
    |           |             |    230    240    250    260    270    330    340
    |           |             |    370    380    390    400    410    420    430
    |           |             |    480    490    500    510    520    530    540
    |           |             |    560    570    580    590
  7 |  37  0.177 |   8590 .150 |   8450   8460   8470   8480   8490   8500   8510
    |           |             |   8520   8530   8540   8550   8560   8570   8580
    |           |             |   8590   8600   8610   8620   8630   8640   8650
    |           |             |   8660   8670   8680   8690   8700   8710   8720
    |           |             |   8730   8740   8750   8760   8800   8810   8860
    |           |             |   8870   8940
  8 |  34  0.199 |  15770 .178 |  14690  14710  14720  14730  14780  14790  14800
    |           |             |  14810  15400  15410  15420  15590  15720  15770
    |           |             |  17310  17320  17340  17350  17360  17370  17380
    |           |             |  17420  17430  17440  17450  17460  17470  17480
    |           |             |  17490  17520  17890  17920  17930  17970
  9 |  31  0.205 |  19590 .171 |  11100  11180  11190  11200  11420  11570  19220
    |           |             |  19500  19520  19530  19560  19570  19580  19590
    |           |             |  19600  19610  19620  19640  19650  19660  19670
    |           |             |  19690  19700  19710  19720  19730  19740  19750
    |           |             |  19760  19770  19780
 10 |  27  0.212 |  11130 .188 |  11090  11120  11130  11160  11170  11220  11370
    |           |             |  11380  11390  11760  11770  12100  12160  12170
    |           |             |  12220  12230  12250  12620  12640  12650  12660
    |           |             |  12670  12680  12690  12700  12720  12730
 11 |  27  0.186 |   9020 .159 |   8900   8910   8920   8930   8950   8960   8970
    |           |             |   8980   8990   9000   9020   9030   9040   9050
    |           |             |   9060   9070   9080   9090   9120   9130   9140
    |           |             |   9180   9190   9260   9270   9340   9350
 12 |  27  0.208 |  16350 .185 |   9380   9390   9410   9420   9440   9450   9460
    |           |             |   9470   9480   9550   9690  16110  16150  16160
    |           |             |  16180  16270  16300  16310  16320  16330  16340
    |           |             |  16350  16360  16380  16410  16590  16610
 13 |  27  0.173 |  15340 .150 |  15100  15110  15130  15150  15160  15180  15200
    |           |             |  15210  15220  15240  15250  15260  15270  15280
    |           |             |  15290  15300  15310  15320  15330  15340  15510
    |           |             |  15550  17580  17720  17750  17760  17800
 14 |  26  0.180 |  10070 .151 |   9840   9900   9910   9920   9930   9940   9950
    |           |             |   9960   9970   9980   9990  10000  10010  10020
    |           |             |  10030  10040  10050  10060  10070  10080  10090
    |           |             |  10100  10110  10120  10180  10190
 15 |  25  0.203 |  13000 .175 |  12960  12980  12990  13000  13010  13020  13050
    |           |             |  13060  13100  13120  13190  13200  13210  13220
    |           |             |  13230  13240  13250  13270  13280  13290  13420
    |           |             |  13430  13440  13450  13460
 16 |  23  0.206 |  10850 .171 |  10520  10540  10550  10570  10580  10760  10770
    |           |             |  10780  10790  10800  10810  10820  10830  10840
    |           |             |  10850  10860  10870  10880  10920  10930  10950
    |           |             |  10960  10970
 17 |  22  0.155 |  19910 .131 |  19790  19800  19810  19820  19830  19840  19850
    |           |             |  19860  19870  19880  19890  19900  19910  19920
    |           |             |  19930  19940  19950  19960  19970  19980  19990
    |           |             |  20000
 18 |  20  0.216 |   5070 .177 |   4990   5010   5030   5040   5050   5060   5070
    |           |             |   5080   5090   5120   5130   5140   5150   5210
    |           |             |   5230   5240   5250   5260   5390   5400
 19 |  20  0.210 |   1470 .174 |    940    950    960   1090   1190   1230   1240
    |           |             |   1260   1320   1330   1340   1350   1430   1440
    |           |             |   1450   1460   1470   1480   1490   1520
 20 |  20  0.189 |  10300 .163 |  10130  10150  10160  10170  10200  10210  10220
    |           |             |  10230  10240  10250  10260  10270  10290  10300
    |           |             |  10310  10330  10340  10350  10360  10370
 21 |  20  0.206 |   7180 .175 |   7000   7050   7060   7070   7080   7090   7100
    |           |             |   7110   7120   7130   7150   7160   7170   7180
    |           |             |   7200   7220   7230   7310   7320   7330
 22 |  20  0.205 |   2440 .165 |   2240   2260   2270   2320   2330   2340   2360
    |           |             |   2400   2410   2420   2430   2440   2450   2460
    |           |             |   2470   2750   2770   2780   2790   2840
 23 |  16  0.207 |   1130 .178 |    880    890    900    910    920    930   1100
    |           |             |   1110   1120   1130   1140   1150   1170   1180
    |           |             |   1200   1250
 24 |  15  0.193 |   5820 .163 |   5690   5700   5710   5720   5730   5740   5750
    |           |             |   5780   5790   5800   5810   5820   5830   5860
    |           |             |   5870
 25 |  15  0.212 |   2970 .176 |   2220   2250   2800   2810   2830   2850   2860
    |           |             |   2930   2940   2950   2960   2970   2980   2990
    |           |             |   3000
 26 |  15  0.175 |   6310 .151 |   6270   6290   6300   6310   6320   6330   6340
    |           |             |   6350   6360   6370   6380   6390   6400   6410
    |           |             |   6420
 27 |  15  0.208 |  11600 .184 |  10990  11000  11050  11580  11590  11600  11610
    |           |             |  11620  11630  11640  11650  11970  13470  13480
    |           |             |  13490
 28 |  15  0.201 |   2600 .170 |   2490   2510   2550   2560   2570   2580   2590
    |           |             |   2600   2610   2620   2630   2640   2650   2670
    |           |             |   2680
 29 |  15  0.202 |   2020 .173 |   1980   1990   2000   2010   2020   2030   2040
    |           |             |   2050   2090   2100   2110   2120   2130   2140
    |           |             |   2150
 30 |  14  0.217 |  10420 .174 |  10320  10380  10390  10400  10410  10420  10430
    |           |             |  10440  10450  10460  10470  10490  10500  10510
 31 |  14  0.190 |  15990 .159 |  10910  15980  15990  16000  16010  16020  16030
    |           |             |  16040  16050  16060  16070  16080  16090  16100
 32 |  14  0.200 |   9500 .177 |   9490   9500   9510   9520   9530   9560   9570
    |           |             |   9610   9620   9630   9640   9670   9680   9710
 33 |  14  0.192 |   7540 .168 |   7500   7510   7520   7530   7540   7550   7560
    |           |             |   7570   7580   7600   7610   7620   7630   7640
 34 |  13  0.228 |   4440 .182 |   3940   3960   3970   4000   4190   4420   4430
    |           |             |   4440   4450   4460   4470   4490   4560
 35 |  13  0.187 |   6500 .160 |   6480   6490   6500   6510   6520   6530   6540
    |           |             |   6550   6560   6570   6580   6590   6600
 36 |  12  0.200 |   7780 .170 |   7720   7730   7760   7770   7780   7790   7800
    |           |             |   7810   7820   7830   7840   7860
 37 |  12  0.165 |   9780 .134 |   9720   9730   9740   9750   9760   9770   9780
    |           |             |   9790   9800   9810   9820   9830
 38 |  12  0.189 |   3530 .164 |   3480   3490   3500   3510   3520   3530   3540
    |           |             |   3560   3570   3580   3590   3600
 39 |  11  0.210 |    760 .181 |    680    690    720    730    740    750    760
    |           |             |    770    780    790    800
 40 |  11  0.180 |   4870 .146 |   4200   4840   4850   4860   4870   4880   4890
    |           |             |   4900   4910   4920   4930
 41 |  11  0.193 |   3780 .164 |   3750   3760   3770   3780   3790   3800   3810
    |           |             |   3820   3830   3840   3850
 42 |  10  0.217 |   2740 .189 |   2300   2310   2500   2540   2700   2710   2720
    |           |             |   2730   2740   2760
 43 |  10  0.191 |   6100 .165 |   6090   6100   6110   6120   6140   6150   6160
    |           |             |   6170   6180   6190
 44 |  10  0.188 |   3360 .161 |   3290   3320   3330   3340   3350   3360   3370
    |           |             |   3380   3390   3440
 45 |  10  0.213 |  10640 .177 |  10620  10630  10640  10650  10670  10680  10690
    |           |             |  10710  10720  10740
 46 |  10  0.176 |   8080 .157 |   8060   8070   8080   8090   8100   8110   8120
    |           |             |   8130   8140   8150
 47 |  10  0.180 |  19420 .145 |  19380  19390  19400  19410  19420  19430  19440
    |           |             |  19450  19460  19470
 48 |   9  0.187 |   4780 .155 |   4730   4740   4750   4760   4770   4780   4790
    |           |             |   4800   4810
 49 |   9  0.188 |   7920 .164 |   7870   7880   7890   7900   7910   7920   7930
    |           |             |   7940   7970
 50 |   9  0.197 |   8840 .174 |   8770   8780   8790   8820   8830   8840   8850
    |           |             |   8880   8890
 51 |   9  0.232 |  18690 .207 |  12510  17330  18310  18340  18690  18710  18720
    |           |             |  19210  19240
 52 |   9  0.188 |   1800 .166 |   1760   1770   1780   1790   1800   1810   1820
    |           |             |   1830   1840
 53 |   9  0.206 |    320 .189 |    170    280    290    300    310    320    360
    |           |             |    460    550
 54 |   9  0.202 |   4570 .167 |   4330   4340   4350   4390   4570   4580   4590
    |           |             |   4600   4610
 55 |   9  0.171 |  11930 .155 |  11900  11910  11920  11930  11940  11950  11960
    |           |             |  11980  11990
 56 |   9  0.182 |   7380 .163 |   7370   7380   7390   7400   7410   7420   7430
    |           |             |   7450   7460
 57 |   9  0.196 |   4010 .155 |   3910   3980   3990   4010   4020   4030   4110
    |           |             |   4130   4140
 58 |   8  0.196 |   1930 .178 |   1880   1890   1910   1920   1930   1940   1950
    |           |             |   1960
 59 |   8  0.182 |   8370 .156 |   8340   8350   8360   8370   8380   8390   8400
    |           |             |   8420
 60 |   8  0.203 |   1060 .175 |    980    990   1020   1040   1050   1060   1070
    |           |             |   1080
 61 |   8  0.180 |   9310 .152 |   9290   9300   9310   9320   9330  17400  17410
    |           |             |  17510
 62 |   8  0.169 |   6050 .141 |   6000   6010   6020   6030   6040   6050   6060
    |           |             |   6070
 63 |   8  0.197 |   5980 .177 |   5920   5930   5940   5950   5960   5970   5980
    |           |             |   5990
 64 |   7  0.200 |   3280 .173 |   3240   3250   3260   3270   3280   3300   3310
 65 |   7  0.188 |   8280 .164 |   8260   8270   8280   8290   8300   8310   8330
 66 |   7  0.189 |   3070 .169 |   3060   3070   3080   3090   3100   3110   3120
 67 |   7  0.186 |   1510 .172 |   1500   1510   1530   1540   1550   1560   1590
 68 |   7  0.205 |   5360 .174 |   4980   5000   5340   5350   5360   5370   5380
 69 |   7  0.168 |  19340 .142 |  19310  19320  19330  19340  19350  19360  19370
 70 |   7  0.187 |   7270 .158 |   7240   7250   7260   7270   7280   7290   7300
 71 |   7  0.190 |   6800 .165 |   6770   6780   6790   6800   6810   6820   6860
 72 |   7  0.185 |   7020 .161 |   6990   7010   7020   7030   7040   7190   7210
 73 |   7  0.191 |   4690 .167 |   4660   4670   4680   4690   4700   4710   4720
 74 |   7  0.179 |   3620 .170 |   3620   3630   3640   3650   3660   3670   3680
 75 |   7  0.192 |   5630 .166 |   5610   5620   5630   5640   5650   5660   5670
 76 |   6  0.159 |   4060 .138 |   4050   4060   4070   4080   4090   4100
 77 |   6  0.172 |   4230 .150 |   4210   4220   4230   4240   4250   4260
 78 |   6  0.192 |   3200 .169 |   3180   3190   3200   3210   3220   3230
 79 |   6  0.170 |   5180 .156 |   5160   5170   5180   5190   5200   5220
 80 |   6  0.188 |    650 .174 |    610    620    630    640    650    660
 81 |   6  0.159 |   1700 .142 |   1680   1690   1700   1710   1720   1730
 82 |   6  0.205 |  10980 .198 |  10980  11010  11040  19510  19540  19550
 83 |   6  0.192 |   6690 .167 |   6650   6660   6670   6680   6690   6700
 84 |   6  0.157 |   5280 .136 |   5270   5280   5290   5300   5310   5320
 85 |   6  0.188 |   3700 .160 |   3460   3690   3700   3710   3720   3730
 86 |   6  0.233 |  11490 .212 |  11490  11500  11810  12710  19050  19060
 87 |   6  0.195 |   3890 .163 |   3870   3880   3890   3900   3920   3930
 88 |   6  0.177 |   7680 .153 |   7660   7670   7680   7690   7700   7710
 89 |   6  0.185 |   1620 .161 |   1570   1580   1600   1610   1620   1630
 90 |   6  0.181 |   5570 .166 |   5550   5560   5570   5580   5590   5600
 91 |   6  0.180 |   6730 .168 |   6710   6720   6730   6740   6750   6760
 92 |   5  0.194 |   2080 .171 |   2060   2070   2080   2160   2170
 93 |   5  0.197 |   2890 .174 |   2880   2890   2900   2910   2920
 94 |   5  0.148 |   9870 .137 |   9850   9860   9870   9880   9890
 95 |   5  0.180 |   5850 .162 |   5680   5840   5850   5880   5890
 96 |   5  0.176 |   6910 .152 |   6900   6910   6920   6930   6940
 97 |   5  0.178 |   8240 .141 |   8210   8220   8230   8240   8250
 98 |   5  0.183 |  16600 .162 |   9370  16550  16580  16600  16640
 99 |   5  0.166 |   8020 .143 |   8010   8020   8030   8040   8050
100 |   5  0.189 |   5500 .163 |   5480   5490   5500   5510   5520
101 |   5  0.177 |   6230 .152 |   6200   6210   6220   6230   6240
102 |   5  0.199 |   8180 .179 |   8160   8170   8180   8190   8200
103 |   5  0.189 |   1370 .173 |   1360   1370   1380   1390   1400
104 |   5  0.154 |   6440 .142 |   6430   6440   6450   6460   6470
105 |   4  0.192 |   4510 .175 |   4510   4520   4530   4540
106 |   4  0.140 |   4950 .131 |   4940   4950   4960   4970
107 |   4  0.172 |   4290 .148 |   4270   4280   4290   4300
108 |   4  0.175 |   5440 .157 |   5430   5440   5450   5460
109 |   4  0.198 |   3030 .173 |   3010   3020   3030   3040
110 |   4  0.176 |   3150 .160 |   3130   3140   3150   3160
111 |   4  0.194 |   2380 .172 |   2350   2370   2380   2390
112 |   4  0.162 |  13130 .132 |  13090  13110  13130  13260
113 |   4  0.213 |  14820 .194 |  14820  14830  17300  17880
114 |   4  0.210 |    820 .179 |    810    820    830    840
115 |   4  0.169 |   6630 .156 |   6610   6620   6630   6640
116 |   4  0.165 |   4630 .144 |   4620   4630   4640   4650
117 |   4  0.184 |    860 .152 |    850    860    870    970
118 |   4  0.169 |    150 .144 |    100    140    150    160
119 |   4  0.165 |   2190 .137 |   2180   2190   2200   2210
120 |   4  0.217 |  10590 .193 |  10530  10590  10600  10750
121 |   4  0.194 |   7980 .164 |   7960   7980   7990   8000
122 |   4  0.153 |   4170 .130 |   4150   4160   4170   4180
123 |   3  0.192 |   6980 .185 |   6960   6970   6980
124 |   3  0.194 |   2280 .180 |   2280   2290   2820
125 |   3  0.173 |   4360 .158 |   4320   4360   4370
126 |   3  0.181 |   1290 .156 |   1280   1290   1300
127 |   3  0.208 |  10900 .189 |  10890  10900  10940
128 |   3  0.190 |   1860 .162 |   1850   1860   1870
129 |   3  0.203 |   6260 .177 |   6250   6260   6280
130 |   3  0.161 |   6840 .150 |   6830   6840   6850
131 |   3  0.166 |   5420 .145 |   5020   5410   5420
132 |   3  0.204 |   3420 .178 |   3410   3420   3430
133 |   3  0.177 |    450 .155 |    440    450    470
134 |   3  0.184 |   4400 .168 |   4380   4400   4410
135 |   3  0.227 |  12180 .220 |  12180  12280  12480
136 |   3  0.208 |   7650 .178 |   7490   7590   7650
137 |   3  0.148 |   7340 .137 |   7340   7350   7360
138 |   3  0.164 |   8430 .138 |   8410   8430   8440
139 |   3  0.179 |     20 .164 |     10     20     30
140 |   2  0.141 |   2520 .141 |   2520   2530
141 |   2  0.116 |   4820 .116 |   4820   4830
142 |   2  0.216 |   1160 .216 |   1160   1210
143 |   2  0.293 |  15010 .293 |  15010  17500
144 |   2  0.231 |  19260 .231 |  19260  19300
145 |   2  0.306 |  19630 .306 |  19630  19680
146 |   2  0.161 |   5900 .161 |   5900   5910
147 |   2  0.170 |   5530 .170 |   5530   5540
148 |   2  0.209 |   1270 .209 |   1270   1410
149 |   2  0.109 |   7740 .109 |   7740   7750
150 |   2  0.163 |   1740 .163 |   1740   1750
151 |   2  0.251 |   3550 .251 |   3550   3610
152 |   2  0.130 |  19480 .130 |  19480  19490
153 |   2  0.186 |   7470 .186 |   7470   7480
154 |   2  0.189 |   1000 .189 |   1000   1010
155 |   2  0.189 |  10660 .189 |  10660  10700
156 |   2  0.132 |   1650 .132 |   1650   1660
157 |   2  0.158 |   5760 .158 |   5760   5770
158 |   2  0.125 |   5100 .125 |   5100   5110
159 |   2  0.202 |    350 .202 |    350    600
160 |   2  0.244 |  10480 .244 |  10480  10560
161 |   2  0.142 |   6880 .142 |   6880   6890
162 |   2  0.236 |   3450 .236 |   3450   3470
163 |   2  0.158 |    700 .158 |    700    710
164 |   2  0.224 |   4480 .224 |   4480   4500
165 |   2  0.212 |   2660 .212 |   2660   2690
166 |   1       |  13600      |  13600
167 |   1       |  15190      |  15190
168 |   1       |  10140      |  10140
169 |   1       |   1670      |   1670
170 |   1       |   5330      |   5330
171 |   1       |  10280      |  10280
172 |   1       |  17390      |  17390
173 |   1       |   4120      |   4120
174 |   1       |   1420      |   1420
175 |   1       |   6950      |   6950
176 |   1       |   5470      |   5470
177 |   1       |    200      |    200
178 |   1       |  10610      |  10610
179 |   1       |   1640      |   1640
180 |   1       |   2230      |   2230
181 |   1       |   7140      |   7140
182 |   1       |   6130      |   6130
183 |   1       |   9540      |   9540
184 |   1       |   2870      |   2870
185 |   1       |   3950      |   3950
186 |   1       |  12560      |  12560
187 |   1       |   1220      |   1220
188 |   1       |   1970      |   1970
189 |   1       |   7850      |   7850
190 |   1       |   4040      |   4040
191 |   1       |   1030      |   1030
192 |   1       |   1900      |   1900
193 |   1       |   7440      |   7440
194 |   1       |   8320      |   8320
195 |   1       |   4310      |   4310
196 |   1       |  15950      |  15950
197 |   1       |   3740      |   3740
198 |   1       |   7950      |   7950
199 |   1       |  10730      |  10730
200 |   1       |   6080      |   6080
201 |   1       |   3170      |   3170
202 |   1       |   6870      |   6870
203 |   1       |   3050      |   3050
204 |   1       |   4550      |   4550
205 |   1       |    670      |    670
206 |   1       |   3400      |   3400
207 |   1       |   1310      |   1310
208 |   1       |   3860      |   3860
209 |   1       |   2480      |   2480
