                :-) GROMACS - gmx mdrun, 2026.0-conda_forge (-:

Executable:   /root/miniconda3/envs/lisper-gmx/bin.AVX2_256/gmx
Data prefix:  /root/miniconda3/envs/lisper-gmx
Working dir:  /root/LiSPER_remote/LiSPER_8cand_LiCl/systems/LiDS-1/gromacs/umbrella_sampling/window_004_1.02nm
Command line:
  gmx mdrun -deffnm umbrella -ntmpi 1 -ntomp 1


Back Off! I just backed up umbrella.log to ./#umbrella.log.1#
Compiled SIMD is AVX2_256, but AVX_512 might be faster (see log).
The current CPU can measure timings more accurately than the code in
gmx mdrun was configured to use. This might affect your simulation
speed as accurate timings are needed for load-balancing.
Please consider rebuilding gmx mdrun with the GMX_USE_RDTSCP=ON CMake option.
Reading file umbrella.tpr, VERSION 2026.0-conda_forge (single precision)
Changing nstlist from 20 to 80, rlist from 1.226 to 1.327


Using 1 MPI thread
Using 1 OpenMP thread 


NOTE: OS CPU limit is lower than logical cpu count, thread pinning disabled.

Back Off! I just backed up umbrella_pullx.xvg to ./#umbrella_pullx.xvg.1#

Back Off! I just backed up umbrella_pullf.xvg to ./#umbrella_pullf.xvg.1#

Back Off! I just backed up umbrella.xtc to ./#umbrella.xtc.1#

Back Off! I just backed up umbrella.edr to ./#umbrella.edr.1#
starting mdrun 'Title'
500000 steps,   1000.0 ps.

Writing final coordinates.

               Core t (s)   Wall t (s)        (%)
       Time:    31951.065    31951.065      100.0
                         8h52:31
                 (ns/day)    (hour/ns)    (ms/step)  (Matom*steps/s) 
Performance:        2.704        8.875       63.902            0.457 

GROMACS reminds you: "Never measure the height of a mountain until you have reached the top. Then you will see how low it was." (Dag Hammarskjold)

