                :-) GROMACS - gmx mdrun, 2026.0-conda_forge (-:

Executable:   /root/miniconda3/envs/lisper-gmx/bin.AVX2_256/gmx
Data prefix:  /root/miniconda3/envs/lisper-gmx
Working dir:  /root/LiSPER_remote/LiSPER_8cand_LiCl/systems/LiDA-1/gromacs/run_prod_20ns
Command line:
  gmx mdrun -deffnm step5_production_20ns -ntmpi 1 -ntomp 2

Compiled SIMD is AVX2_256, but CPU also supports AVX_512 (see log).
The current CPU can measure timings more accurately than the code in
gmx mdrun was configured to use. This might affect your simulation
speed as accurate timings are needed for load-balancing.
Please consider rebuilding gmx mdrun with the GMX_USE_RDTSCP=ON CMake option.
Reading file step5_production_20ns.tpr, VERSION 2026.0-conda_forge (single precision)
Changing nstlist from 20 to 80, rlist from 1.223 to 1.323


Using 1 MPI thread
Using 2 OpenMP threads 


NOTE: OS CPU limit is lower than logical cpu count, thread pinning disabled.
starting mdrun 'Title'
10000000 steps,  20000.0 ps.

Writing final coordinates.

               Core t (s)   Wall t (s)        (%)
       Time:   325819.494   162909.747      200.0
                         1d21h15:09
                 (ns/day)    (hour/ns)    (ms/step)  (Matom*steps/s) 
Performance:       10.607        2.263       16.291            1.224 

GROMACS reminds you: "Would You Like to Be the Monster Tonight ?" (Captain Beefheart)

