                :-) GROMACS - gmx mdrun, 2026.0-conda_forge (-:

Executable:   /root/miniconda3/envs/lisper-gmx/bin.AVX2_256/gmx
Data prefix:  /root/miniconda3/envs/lisper-gmx
Working dir:  /root/LiSPER_remote/LiSPER_8cand_LiCl/systems/LiND-Hybrid/gromacs/run_prod_20ns
Command line:
  gmx mdrun -deffnm step5_production_20ns -cpi step5_production_20ns.cpt -append -ntmpi 1 -ntomp 2

Compiled SIMD is AVX2_256, but AVX_512 might be faster (see log).
The current CPU can measure timings more accurately than the code in
gmx mdrun was configured to use. This might affect your simulation
speed as accurate timings are needed for load-balancing.
Please consider rebuilding gmx mdrun with the GMX_USE_RDTSCP=ON CMake option.
Reading file step5_production_20ns.tpr, VERSION 2026.0-conda_forge (single precision)
Changing nstlist from 20 to 80, rlist from 1.226 to 1.327

Using 1 MPI thread
Using 2 OpenMP threads 


NOTE: OS CPU limit is lower than logical cpu count, thread pinning disabled.
starting mdrun 'Title'
10000000 steps,  20000.0 ps (continuing from step 6269840,  12539.7 ps).

Writing final coordinates.

               Core t (s)   Wall t (s)        (%)
       Time:   611326.211   305663.105      200.0
                         3d12h54:23
                 (ns/day)    (hour/ns)    (ms/step)  (Matom*steps/s) 
Performance:        2.109       11.381       81.944            0.832 

GROMACS reminds you: "Occams Razor is the scientific principle that, all things being equal, the simplest explanation is always the dog ate my homework." (Greg Tamblyn)

