bash: warning: setlocale: LC_ALL: cannot change locale (en_US.UTF-8)
                 :-) GROMACS - gmx wham, 2026.0-conda_forge (-:

Executable:   /root/miniconda3/envs/lisper-gmx/bin.AVX2_256/gmx
Data prefix:  /root/miniconda3/envs/lisper-gmx
Working dir:  /root/LiSPER_remote/LiSPER_8cand_NaCl_prod_worker/systems/LiDA-1/gromacs/umbrella_sampling_binding_site_v2/pmf_wham_v2_20260628_230007
Command line:
  gmx wham -it tpr-files.dat -if pullf-files.dat -o profile_v2.xvg -hist histo_v2.xvg -unit kJ -b 100

Reading file /root/LiSPER_remote/LiSPER_8cand_NaCl_prod_worker/systems/LiDA-1/gromacs/umbrella_sampling_binding_site_v2/window_000_1.18nm/umbrella.tpr, VERSION 2026.0-conda_forge (single precision)
Reading file /root/LiSPER_remote/LiSPER_8cand_NaCl_prod_worker/systems/LiDA-1/gromacs/umbrella_sampling_binding_site_v2/window_001_1.25nm/umbrella.tpr, VERSION 2026.0-conda_forge (single precision)
Reading file /root/LiSPER_remote/LiSPER_8cand_NaCl_prod_worker/systems/LiDA-1/gromacs/umbrella_sampling_binding_site_v2/window_002_1.33nm/umbrella.tpr, VERSION 2026.0-conda_forge (single precision)
Reading file /root/LiSPER_remote/LiSPER_8cand_NaCl_prod_worker/systems/LiDA-1/gromacs/umbrella_sampling_binding_site_v2/window_003_1.40nm/umbrella.tpr, VERSION 2026.0-conda_forge (single precision)
Reading file /root/LiSPER_remote/LiSPER_8cand_NaCl_prod_worker/systems/LiDA-1/gromacs/umbrella_sampling_binding_site_v2/window_004_1.48nm/umbrella.tpr, VERSION 2026.0-conda_forge (single precision)
Reading file /root/LiSPER_remote/LiSPER_8cand_NaCl_prod_worker/systems/LiDA-1/gromacs/umbrella_sampling_binding_site_v2/window_005_1.55nm/umbrella.tpr, VERSION 2026.0-conda_forge (single precision)
Reading file /root/LiSPER_remote/LiSPER_8cand_NaCl_prod_worker/systems/LiDA-1/gromacs/umbrella_sampling_binding_site_v2/window_006_1.63nm/umbrella.tpr, VERSION 2026.0-conda_forge (single precision)
Reading file /root/LiSPER_remote/LiSPER_8cand_NaCl_prod_worker/systems/LiDA-1/gromacs/umbrella_sampling_binding_site_v2/window_007_1.70nm/umbrella.tpr, VERSION 2026.0-conda_forge (single precision)
Reading file /root/LiSPER_remote/LiSPER_8cand_NaCl_prod_worker/systems/LiDA-1/gromacs/umbrella_sampling_binding_site_v2/window_008_1.78nm/umbrella.tpr, VERSION 2026.0-conda_forge (single precision)
Reading file /root/LiSPER_remote/LiSPER_8cand_NaCl_prod_worker/systems/LiDA-1/gromacs/umbrella_sampling_binding_site_v2/window_009_1.85nm/umbrella.tpr, VERSION 2026.0-conda_forge (single precision)
Reading file /root/LiSPER_remote/LiSPER_8cand_NaCl_prod_worker/systems/LiDA-1/gromacs/umbrella_sampling_binding_site_v2/window_010_1.93nm/umbrella.tpr, VERSION 2026.0-conda_forge (single precision)
Reading file /root/LiSPER_remote/LiSPER_8cand_NaCl_prod_worker/systems/LiDA-1/gromacs/umbrella_sampling_binding_site_v2/window_011_2.00nm/umbrella.tpr, VERSION 2026.0-conda_forge (single precision)
Reading file /root/LiSPER_remote/LiSPER_8cand_NaCl_prod_worker/systems/LiDA-1/gromacs/umbrella_sampling_binding_site_v2/window_012_2.08nm/umbrella.tpr, VERSION 2026.0-conda_forge (single precision)
Reading file /root/LiSPER_remote/LiSPER_8cand_NaCl_prod_worker/systems/LiDA-1/gromacs/umbrella_sampling_binding_site_v2/window_013_2.15nm/umbrella.tpr, VERSION 2026.0-conda_forge (single precision)
Reading file /root/LiSPER_remote/LiSPER_8cand_NaCl_prod_worker/systems/LiDA-1/gromacs/umbrella_sampling_binding_site_v2/window_014_2.23nm/umbrella.tpr, VERSION 2026.0-conda_forge (single precision)
Reading file /root/LiSPER_remote/LiSPER_8cand_NaCl_prod_worker/systems/LiDA-1/gromacs/umbrella_sampling_binding_site_v2/window_015_2.30nm/umbrella.tpr, VERSION 2026.0-conda_forge (single precision)
Reading file /root/LiSPER_remote/LiSPER_8cand_NaCl_prod_worker/systems/LiDA-1/gromacs/umbrella_sampling_binding_site_v2/window_016_2.38nm/umbrella.tpr, VERSION 2026.0-conda_forge (single precision)
Reading file /root/LiSPER_remote/LiSPER_8cand_NaCl_prod_worker/systems/LiDA-1/gromacs/umbrella_sampling_binding_site_v2/window_017_2.45nm/umbrella.tpr, VERSION 2026.0-conda_forge (single precision)
Reading file /root/LiSPER_remote/LiSPER_8cand_NaCl_prod_worker/systems/LiDA-1/gromacs/umbrella_sampling_binding_site_v2/window_018_2.53nm/umbrella.tpr, VERSION 2026.0-conda_forge (single precision)
Reading file /root/LiSPER_remote/LiSPER_8cand_NaCl_prod_worker/systems/LiDA-1/gromacs/umbrella_sampling_binding_site_v2/window_019_2.60nm/umbrella.tpr, VERSION 2026.0-conda_forge (single precision)
Reading file /root/LiSPER_remote/LiSPER_8cand_NaCl_prod_worker/systems/LiDA-1/gromacs/umbrella_sampling_binding_site_v2/window_020_2.68nm/umbrella.tpr, VERSION 2026.0-conda_forge (single precision)
Reading file /root/LiSPER_remote/LiSPER_8cand_NaCl_prod_worker/systems/LiDA-1/gromacs/umbrella_sampling_binding_site_v2/window_021_2.75nm/umbrella.tpr, VERSION 2026.0-conda_forge (single precision)
Reading file /root/LiSPER_remote/LiSPER_8cand_NaCl_prod_worker/systems/LiDA-1/gromacs/umbrella_sampling_binding_site_v2/window_000_1.18nm/umbrella.tpr, VERSION 2026.0-conda_forge (single precision)
Reading file /root/LiSPER_remote/LiSPER_8cand_NaCl_prod_worker/systems/LiDA-1/gromacs/umbrella_sampling_binding_site_v2/window_001_1.25nm/umbrella.tpr, VERSION 2026.0-conda_forge (single precision)
Reading file /root/LiSPER_remote/LiSPER_8cand_NaCl_prod_worker/systems/LiDA-1/gromacs/umbrella_sampling_binding_site_v2/window_002_1.33nm/umbrella.tpr, VERSION 2026.0-conda_forge (single precision)
Reading file /root/LiSPER_remote/LiSPER_8cand_NaCl_prod_worker/systems/LiDA-1/gromacs/umbrella_sampling_binding_site_v2/window_003_1.40nm/umbrella.tpr, VERSION 2026.0-conda_forge (single precision)
Reading file /root/LiSPER_remote/LiSPER_8cand_NaCl_prod_worker/systems/LiDA-1/gromacs/umbrella_sampling_binding_site_v2/window_004_1.48nm/umbrella.tpr, VERSION 2026.0-conda_forge (single precision)
Reading file /root/LiSPER_remote/LiSPER_8cand_NaCl_prod_worker/systems/LiDA-1/gromacs/umbrella_sampling_binding_site_v2/window_005_1.55nm/umbrella.tpr, VERSION 2026.0-conda_forge (single precision)
Reading file /root/LiSPER_remote/LiSPER_8cand_NaCl_prod_worker/systems/LiDA-1/gromacs/umbrella_sampling_binding_site_v2/window_006_1.63nm/umbrella.tpr, VERSION 2026.0-conda_forge (single precision)
Reading file /root/LiSPER_remote/LiSPER_8cand_NaCl_prod_worker/systems/LiDA-1/gromacs/umbrella_sampling_binding_site_v2/window_007_1.70nm/umbrella.tpr, VERSION 2026.0-conda_forge (single precision)
Reading file /root/LiSPER_remote/LiSPER_8cand_NaCl_prod_worker/systems/LiDA-1/gromacs/umbrella_sampling_binding_site_v2/window_008_1.78nm/umbrella.tpr, VERSION 2026.0-conda_forge (single precision)
Reading file /root/LiSPER_remote/LiSPER_8cand_NaCl_prod_worker/systems/LiDA-1/gromacs/umbrella_sampling_binding_site_v2/window_009_1.85nm/umbrella.tpr, VERSION 2026.0-conda_forge (single precision)
Reading file /root/LiSPER_remote/LiSPER_8cand_NaCl_prod_worker/systems/LiDA-1/gromacs/umbrella_sampling_binding_site_v2/window_010_1.93nm/umbrella.tpr, VERSION 2026.0-conda_forge (single precision)
Reading file /root/LiSPER_remote/LiSPER_8cand_NaCl_prod_worker/systems/LiDA-1/gromacs/umbrella_sampling_binding_site_v2/window_011_2.00nm/umbrella.tpr, VERSION 2026.0-conda_forge (single precision)
Reading file /root/LiSPER_remote/LiSPER_8cand_NaCl_prod_worker/systems/LiDA-1/gromacs/umbrella_sampling_binding_site_v2/window_012_2.08nm/umbrella.tpr, VERSION 2026.0-conda_forge (single precision)
Reading file /root/LiSPER_remote/LiSPER_8cand_NaCl_prod_worker/systems/LiDA-1/gromacs/umbrella_sampling_binding_site_v2/window_013_2.15nm/umbrella.tpr, VERSION 2026.0-conda_forge (single precision)
Reading file /root/LiSPER_remote/LiSPER_8cand_NaCl_prod_worker/systems/LiDA-1/gromacs/umbrella_sampling_binding_site_v2/window_014_2.23nm/umbrella.tpr, VERSION 2026.0-conda_forge (single precision)
Reading file /root/LiSPER_remote/LiSPER_8cand_NaCl_prod_worker/systems/LiDA-1/gromacs/umbrella_sampling_binding_site_v2/window_015_2.30nm/umbrella.tpr, VERSION 2026.0-conda_forge (single precision)
Reading file /root/LiSPER_remote/LiSPER_8cand_NaCl_prod_worker/systems/LiDA-1/gromacs/umbrella_sampling_binding_site_v2/window_016_2.38nm/umbrella.tpr, VERSION 2026.0-conda_forge (single precision)
Reading file /root/LiSPER_remote/LiSPER_8cand_NaCl_prod_worker/systems/LiDA-1/gromacs/umbrella_sampling_binding_site_v2/window_017_2.45nm/umbrella.tpr, VERSION 2026.0-conda_forge (single precision)
Reading file /root/LiSPER_remote/LiSPER_8cand_NaCl_prod_worker/systems/LiDA-1/gromacs/umbrella_sampling_binding_site_v2/window_018_2.53nm/umbrella.tpr, VERSION 2026.0-conda_forge (single precision)
Reading file /root/LiSPER_remote/LiSPER_8cand_NaCl_prod_worker/systems/LiDA-1/gromacs/umbrella_sampling_binding_site_v2/window_019_2.60nm/umbrella.tpr, VERSION 2026.0-conda_forge (single precision)
Reading file /root/LiSPER_remote/LiSPER_8cand_NaCl_prod_worker/systems/LiDA-1/gromacs/umbrella_sampling_binding_site_v2/window_020_2.68nm/umbrella.tpr, VERSION 2026.0-conda_forge (single precision)
Reading file /root/LiSPER_remote/LiSPER_8cand_NaCl_prod_worker/systems/LiDA-1/gromacs/umbrella_sampling_binding_site_v2/window_021_2.75nm/umbrella.tpr, VERSION 2026.0-conda_forge (single precision)
Warning, poor sampling bin 197 (z=2.91347). Check your histograms!
Warning, poor sampling bin 198 (z=2.92314). Check your histograms!
Warning, poor sampling bin 199 (z=2.93281). Check your histograms!
Found 22 tpr and 22 pull force files in tpr-files.dat and pullf-files.dat, respectively
Reading 22 tpr and pullx/pullf files
Automatic determination of boundaries...

File /root/LiSPER_remote/LiSPER_8cand_NaCl_prod_worker/systems/LiDA-1/gromacs/umbrella_sampling_binding_site_v2/window_000_1.18nm/umbrella.tpr, 1 coordinates, with these options:
	Geometry distance   k = 1000      position = 1.1779    dimensions [Y Y Y] (3 dimensions). Used: Yes
	Pull group coordinates of 0 groups expected in pullx files.
	Reference value of the coordinate not expected in pullx files.
	Use option -v to see this output for all input tpr files


Reading pull force file /root/LiSPER_remote/LiSPER_8cand_NaCl_prod_worker/systems/LiDA-1/gromacs/umbrella_sampling_binding_site_v2/window_000_1.18nm/umbrella_pullf.xvg, expecting 2 columns:
	Column for time: 1
	Column(s) with data for pull coordinate 1 are
		reaction coordinate:             2
		center-of-mass of groups:        No
		reference position column:       No
	Found 10001 times in /root/LiSPER_remote/LiSPER_8cand_NaCl_prod_worker/systems/LiDA-1/gromacs/umbrella_sampling_binding_site_v2/window_000_1.18nm/umbrella_pullf.xvg

Determined boundaries to 1.003929 and 2.937642

Wrote histo_v2.xvg
Getting initial potential by integration.
Initialized rapid wham stuff (contrib tolerance 4.54545e-08)
Evaluating only 1467 of 4400 expressions.

	   1) Maximum change 9.053494e-03
	 100) Maximum change 5.503667e-05
	 200) Maximum change 2.159514e-05
	 300) Maximum change 8.757567e-06
	 400) Maximum change 3.560196e-06
	 500) Maximum change 1.447556e-06
Switched to exact iteration in iteration 542
Converged in 543 iterations. Final maximum change 9.83051e-07
Wrote profile_v2.xvg

In case you use results from gmx wham for a publication, please cite:

++++ PLEASE READ AND CITE THE FOLLOWING REFERENCE ++++
J. S. Hub, B. L. de Groot, D. van der Spoel
g_wham - A free weighted histogram analysis implementation including robust
error and autocorrelation estimates
J. Chem. Theory Comput. (2010)
https://doi.org/10.1021/ct100494z
-------- -------- --- Thank You --- -------- --------


GROMACS reminds you: "Everything Must Go" (Red Hot Chili Peppers)

