bash: warning: setlocale: LC_ALL: cannot change locale (en_US.UTF-8): No such file or directory
bash: warning: setlocale: LC_ALL: cannot change locale (en_US.UTF-8): No such file or directory
               :-) GROMACS - gmx trjconv, 2026.0-conda_forge (-:

Executable:   /home/jackieeelin929/opt/lisper_gmx_env/bin.AVX2_256/gmx
Data prefix:  /home/jackieeelin929/opt/lisper_gmx_env
Working dir:  /mnt/lisper_data/LiSPER_remote/LiSPER_8cand_NaCl_overflow_workerA/systems/LiN3-Core/gromacs
Command line:
  gmx trjconv -s /mnt/lisper_data/LiSPER_remote/LiSPER_8cand_NaCl_overflow_workerA/systems/LiN3-Core/gromacs/umbrella_sampling_binding_site_v2/pull/pull.tpr -f /mnt/lisper_data/LiSPER_remote/LiSPER_8cand_NaCl_overflow_workerA/systems/LiN3-Core/gromacs/umbrella_sampling_binding_site_v2/pull/pull.xtc -dump 32.200 -o /mnt/lisper_data/LiSPER_remote/LiSPER_8cand_NaCl_overflow_workerA/systems/LiN3-Core/gromacs/umbrella_sampling_binding_site_v2/window_002_0.77nm/start.gro -n /mnt/lisper_data/LiSPER_remote/LiSPER_8cand_NaCl_overflow_workerA/systems/LiN3-Core/gromacs/umbrella_sampling_binding_site_v2/umbrella_index.ndx

Will write gro: Coordinate file in Gromos-87 format
Reading file /mnt/lisper_data/LiSPER_remote/LiSPER_8cand_NaCl_overflow_workerA/systems/LiN3-Core/gromacs/umbrella_sampling_binding_site_v2/pull/pull.tpr, VERSION 2026.0-conda_forge (single precision)
Reading file /mnt/lisper_data/LiSPER_remote/LiSPER_8cand_NaCl_overflow_workerA/systems/LiN3-Core/gromacs/umbrella_sampling_binding_site_v2/pull/pull.tpr, VERSION 2026.0-conda_forge (single precision)
Group     0 (           SOLU) has   171 elements
Group     1 (           SOLV) has 44331 elements
Group     2 (         SYSTEM) has 44502 elements
Group     3 (   BINDING_SITE) has     6 elements
Group     4 (     TARGET_ION) has     1 elements
Select a group: 
Reading frame       0 time    0.000   
Precision of /mnt/lisper_data/LiSPER_remote/LiSPER_8cand_NaCl_overflow_workerA/systems/LiN3-Core/gromacs/umbrella_sampling_binding_site_v2/pull/pull.xtc is 0.001 (nm)

Reading frame       1 time    1.000   
Reading frame       2 time    2.000   
Reading frame       3 time    3.000   
Reading frame       4 time    4.000   
Reading frame       5 time    5.000   
Reading frame       6 time    6.000   
Reading frame       7 time    7.000   
Reading frame       8 time    8.000   
Reading frame       9 time    9.000   
Reading frame      10 time   10.000   
Reading frame      11 time   11.000   
Reading frame      12 time   12.000   
Reading frame      13 time   13.000   
Reading frame      14 time   14.000   
Reading frame      15 time   15.000   
Reading frame      16 time   16.000   
Reading frame      17 time   17.000   
Reading frame      18 time   18.000   
Reading frame      19 time   19.000   
Reading frame      20 time   20.000   
Reading frame      30 time   30.000   
Dumping frame at t= 32 ps

Last written: frame      0 time   32.000


GROMACS reminds you: "May the Force Be With You" (Star Wars)

Note that major changes are planned in future for trjconv, to improve usability and utility.
Select group for output
Selected 2: 'SYSTEM'
