bash: warning: setlocale: LC_ALL: cannot change locale (en_US.UTF-8): No such file or directory
bash: warning: setlocale: LC_ALL: cannot change locale (en_US.UTF-8): No such file or directory
                :-) GROMACS - gmx mdrun, 2026.0-conda_forge (-:

Executable:   /home/jackieeelin929/opt/lisper_gmx_env/bin.AVX2_256/gmx
Data prefix:  /home/jackieeelin929/opt/lisper_gmx_env
Working dir:  /mnt/lisper_data/LiSPER_remote/LiSPER_8cand_NaCl_overflow_workerA/systems/LiN3-Core/gromacs/umbrella_sampling_binding_site_v2/window_002_0.77nm
Command line:
  gmx mdrun -deffnm umbrella_eq -ntmpi 1 -ntomp 1

The current CPU can measure timings more accurately than the code in
gmx mdrun was configured to use. This might affect your simulation
speed as accurate timings are needed for load-balancing.
Please consider rebuilding gmx mdrun with the GMX_USE_RDTSCP=ON CMake option.
Reading file umbrella_eq.tpr, VERSION 2026.0-conda_forge (single precision)
Changing nstlist from 20 to 80, rlist from 1.226 to 1.326


Using 1 MPI thread
Using 1 OpenMP thread 


NOTE: Thread affinity was not set.
starting mdrun 'Title'
250000 steps,    500.0 ps.

Writing final coordinates.

               Core t (s)   Wall t (s)        (%)
       Time:    30572.292    30572.293      100.0
                         8h29:32
                 (ns/day)    (hour/ns)    (ms/step)  (Matom*steps/s) 
Performance:        1.413       16.985      122.289            0.364 

GROMACS reminds you: "What's Your Definition Of Dirty ?" (G. Michael)

