bash: warning: setlocale: LC_ALL: cannot change locale (en_US.UTF-8): No such file or directory
bash: warning: setlocale: LC_ALL: cannot change locale (en_US.UTF-8): No such file or directory
                :-) GROMACS - gmx mdrun, 2026.0-conda_forge (-:

Executable:   /home/jackieeelin929/opt/lisper_gmx_env/bin.AVX2_256/gmx
Data prefix:  /home/jackieeelin929/opt/lisper_gmx_env
Working dir:  /mnt/lisper_data/LiSPER_remote/LiSPER_8cand_NaCl_overflow_workerA/systems/LiN3-Core/gromacs/umbrella_sampling_binding_site_v2/window_002_0.77nm
Command line:
  gmx mdrun -deffnm umbrella -ntmpi 1 -ntomp 1

The current CPU can measure timings more accurately than the code in
gmx mdrun was configured to use. This might affect your simulation
speed as accurate timings are needed for load-balancing.
Please consider rebuilding gmx mdrun with the GMX_USE_RDTSCP=ON CMake option.
Reading file umbrella.tpr, VERSION 2026.0-conda_forge (single precision)
Changing nstlist from 20 to 80, rlist from 1.226 to 1.327


Using 1 MPI thread
Using 1 OpenMP thread 


NOTE: Thread affinity was not set.
starting mdrun 'Title'
1000000 steps,   2000.0 ps.

Writing final coordinates.

               Core t (s)   Wall t (s)        (%)
       Time:   116545.790   116545.791      100.0
                         1d08h22:25
                 (ns/day)    (hour/ns)    (ms/step)  (Matom*steps/s) 
Performance:        1.483       16.187      116.546            0.382 

GROMACS reminds you: "A Protein is a Set Of Coordinates" (A.P. Heiner)

