               :-) GROMACS - gmx trjconv, 2026.0-conda_forge (-:

Executable:   /root/miniconda3/envs/lisper-gmx/bin.AVX2_256/gmx
Data prefix:  /root/miniconda3/envs/lisper-gmx
Working dir:  /root/LiSPER_remote/LiSPER_8cand_LiCl/systems/LiDA-1/gromacs
Command line:
  gmx trjconv -s /root/LiSPER_remote/LiSPER_8cand_LiCl/systems/LiDA-1/gromacs/umbrella_sampling/pull/pull.tpr -f /root/LiSPER_remote/LiSPER_8cand_LiCl/systems/LiDA-1/gromacs/umbrella_sampling/pull/pull.xtc -dump 232.200 -o /root/LiSPER_remote/LiSPER_8cand_LiCl/systems/LiDA-1/gromacs/umbrella_sampling/window_008_1.74nm/start.gro -n /root/LiSPER_remote/LiSPER_8cand_LiCl/systems/LiDA-1/gromacs/umbrella_sampling/umbrella_index.ndx

Will write gro: Coordinate file in Gromos-87 format
Reading file /root/LiSPER_remote/LiSPER_8cand_LiCl/systems/LiDA-1/gromacs/umbrella_sampling/pull/pull.tpr, VERSION 2026.0-conda_forge (single precision)
Reading file /root/LiSPER_remote/LiSPER_8cand_LiCl/systems/LiDA-1/gromacs/umbrella_sampling/pull/pull.tpr, VERSION 2026.0-conda_forge (single precision)
Group     0 (           SOLU) has   120 elements
Group     1 (           SOLV) has 19822 elements
Group     2 (         SYSTEM) has 19942 elements
Group     3 (     TARGET_ION) has     1 elements
Select a group: 
Reading frame       0 time    0.000   
Precision of /root/LiSPER_remote/LiSPER_8cand_LiCl/systems/LiDA-1/gromacs/umbrella_sampling/pull/pull.xtc is 0.001 (nm)

Reading frame       1 time    1.000   
Reading frame       2 time    2.000   
Reading frame       3 time    3.000   
Reading frame       4 time    4.000   
Reading frame       5 time    5.000   
Reading frame       6 time    6.000   
Reading frame       7 time    7.000   
Reading frame       8 time    8.000   
Reading frame       9 time    9.000   
Reading frame      10 time   10.000   
Reading frame      11 time   11.000   
Reading frame      12 time   12.000   
Reading frame      13 time   13.000   
Reading frame      14 time   14.000   
Reading frame      15 time   15.000   
Reading frame      16 time   16.000   
Reading frame      17 time   17.000   
Reading frame      18 time   18.000   
Reading frame      19 time   19.000   
Reading frame      20 time   20.000   
Reading frame      30 time   30.000   
Reading frame      40 time   40.000   
Reading frame      50 time   50.000   
Reading frame      60 time   60.000   
Reading frame      70 time   70.000   
Reading frame      80 time   80.000   
Reading frame      90 time   90.000   
Reading frame     100 time  100.000   
Reading frame     110 time  110.000   
Reading frame     120 time  120.000   
Reading frame     130 time  130.000   
Reading frame     140 time  140.000   
Reading frame     150 time  150.000   
Reading frame     160 time  160.000   
Reading frame     170 time  170.000   
Reading frame     180 time  180.000   
Reading frame     190 time  190.000   
Reading frame     200 time  200.000   
Dumping frame at t= 232 ps

Last written: frame      0 time  232.000


GROMACS reminds you: "Correctomundo" (Pulp Fiction)

Note that major changes are planned in future for trjconv, to improve usability and utility.
Select group for output
Selected 2: 'SYSTEM'
