                :-) GROMACS - gmx mdrun, 2026.0-conda_forge (-:

Executable:   /root/miniconda3/envs/lisper-gmx/bin.AVX2_256/gmx
Data prefix:  /root/miniconda3/envs/lisper-gmx
Working dir:  /root/LiSPER_remote/LiSPER_8cand_LiCl/systems/LiA3-Ref/gromacs/run_eq
Command line:
  gmx mdrun -deffnm step4.1_equilibration -ntmpi 1 -ntomp 16

Compiled SIMD is AVX2_256, but CPU also supports AVX_512 (see log).
The current CPU can measure timings more accurately than the code in
gmx mdrun was configured to use. This might affect your simulation
speed as accurate timings are needed for load-balancing.
Please consider rebuilding gmx mdrun with the GMX_USE_RDTSCP=ON CMake option.
Reading file step4.1_equilibration.tpr, VERSION 2026.0-conda_forge (single precision)
Changing nstlist from 20 to 100, rlist from 1.2 to 1.3


Using 1 MPI thread
Using 16 OpenMP threads 


NOTE: OS CPU limit is lower than logical cpu count, thread pinning disabled.
starting mdrun 'Title'
125000 steps,    125.0 ps.

Writing final coordinates.

               Core t (s)   Wall t (s)        (%)
       Time:    11806.686      737.918     1600.0
                 (ns/day)    (hour/ns)    (ms/step)  (Matom*steps/s) 
Performance:       14.636        1.640        5.903            7.802 

GROMACS reminds you: "Any one who considers arithmetical methods of producing random digits is, of course, in a state of sin." (John von Neumann)

