               :-) GROMACS - gmx trjconv, 2026.0-conda_forge (-:

Executable:   /root/miniconda3/envs/lisper-gmx/bin.AVX2_256/gmx
Data prefix:  /root/miniconda3/envs/lisper-gmx
Working dir:  /root/LiSPER_remote/LiSPER_8cand_NaCl_prod_worker/systems/LiDS-1/gromacs
Command line:
  gmx trjconv -s /root/LiSPER_remote/LiSPER_8cand_NaCl_prod_worker/systems/LiDS-1/gromacs/run_prod_20ns/step5_production_20ns.tpr -f /root/LiSPER_remote/LiSPER_8cand_NaCl_prod_worker/systems/LiDS-1/gromacs/run_prod_20ns/step5_production_20ns.xtc -dump 1280.000 -o /root/LiSPER_remote/LiSPER_8cand_NaCl_prod_worker/systems/LiDS-1/gromacs/umbrella_sampling_binding_site_v2/representative_full_system.gro -pbc mol

Will write gro: Coordinate file in Gromos-87 format
Reading file /root/LiSPER_remote/LiSPER_8cand_NaCl_prod_worker/systems/LiDS-1/gromacs/run_prod_20ns/step5_production_20ns.tpr, VERSION 2026.0-conda_forge (single precision)
Reading file /root/LiSPER_remote/LiSPER_8cand_NaCl_prod_worker/systems/LiDS-1/gromacs/run_prod_20ns/step5_production_20ns.tpr, VERSION 2026.0-conda_forge (single precision)
Group     0 (         System) has 29212 elements
Group     1 (        Protein) has   114 elements
Group     2 (      Protein-H) has    67 elements
Group     3 (        C-alpha) has    11 elements
Group     4 (       Backbone) has    33 elements
Group     5 (      MainChain) has    43 elements
Group     6 (   MainChain+Cb) has    49 elements
Group     7 (    MainChain+H) has    51 elements
Group     8 (      SideChain) has    63 elements
Group     9 (    SideChain-H) has    24 elements
Group    10 (    Prot-Masses) has   114 elements
Group    11 (    non-Protein) has 29098 elements
Group    12 (          Other) has 29098 elements
Group    13 (            SOD) has    31 elements
Group    14 (            CLA) has    27 elements
Group    15 (           TIP3) has 29040 elements
Select a group: 
Reading frame       0 time    0.000   
Precision of /root/LiSPER_remote/LiSPER_8cand_NaCl_prod_worker/systems/LiDS-1/gromacs/run_prod_20ns/step5_production_20ns.xtc is 0.001 (nm)

Reading frame       1 time   10.000   
Reading frame       2 time   20.000   
Reading frame       3 time   30.000   
Reading frame       4 time   40.000   
Reading frame       5 time   50.000   
Reading frame       6 time   60.000   
Reading frame       7 time   70.000   
Reading frame       8 time   80.000   
Reading frame       9 time   90.000   
Reading frame      10 time  100.000   
Reading frame      11 time  110.000   
Reading frame      12 time  120.000   
Reading frame      13 time  130.000   
Reading frame      14 time  140.000   
Reading frame      15 time  150.000   
Reading frame      16 time  160.000   
Reading frame      17 time  170.000   
Reading frame      18 time  180.000   
Reading frame      19 time  190.000   
Reading frame      20 time  200.000   
Reading frame      30 time  300.000   
Reading frame      40 time  400.000   
Reading frame      50 time  500.000   
Reading frame      60 time  600.000   
Reading frame      70 time  700.000   
Reading frame      80 time  800.000   
Reading frame      90 time  900.000   
Reading frame     100 time 1000.000   
Reading frame     110 time 1100.000   
Reading frame     120 time 1200.000   
Dumping frame at t= 1280 ps

Last written: frame      0 time 1280.000


GROMACS reminds you: "You Leave Me Dry" (P.J. Harvey)

Note that major changes are planned in future for trjconv, to improve usability and utility.
Select group for output
Selected 0: 'System'
