                :-) GROMACS - gmx grompp, 2026.0-conda_forge (-:

Executable:   /root/miniconda3/envs/lisper-gmx/bin.AVX2_256/gmx
Data prefix:  /root/miniconda3/envs/lisper-gmx
Working dir:  /root/LiSPER_remote/LiSPER_8cand_LiCl/systems/LiA3-Ref/gromacs
Command line:
  gmx grompp -f /root/LiSPER_remote/LiSPER_8cand_LiCl/systems/LiA3-Ref/gromacs/umbrella_sampling/window_000_1.38nm/umbrella.mdp -c /root/LiSPER_remote/LiSPER_8cand_LiCl/systems/LiA3-Ref/gromacs/umbrella_sampling/window_000_1.38nm/start.gro -p /root/LiSPER_remote/LiSPER_8cand_LiCl/systems/LiA3-Ref/gromacs/topol_cleaned_for_prod.top -n /root/LiSPER_remote/LiSPER_8cand_LiCl/systems/LiA3-Ref/gromacs/umbrella_sampling/umbrella_index.ndx -o /root/LiSPER_remote/LiSPER_8cand_LiCl/systems/LiA3-Ref/gromacs/umbrella_sampling/window_000_1.38nm/umbrella.tpr -maxwarn 1

Generating 1-4 interactions: fudge = 1
Pull group 1 'SOLU' has 159 atoms
Pull group 2 'TARGET_ION' has 1 atoms
Number of degrees of freedom in T-Coupling group SOLU is 397.00
Number of degrees of freedom in T-Coupling group SOLV is 91875.00
Pull group  natoms  pbc atom  distance at start  reference at t=0
       1       159        80
       2         1         0       1.363 nm          1.377 nm

GROMACS reminds you: "It is unfortunate that the authors did not make better use of all the electric power energy that went into these massive computations." (An anonymous referee)

Setting the LD random seed to -1808812301

Generated 275 of the 276 non-bonded parameter combinations

Generated 105 of the 276 1-4 parameter combinations

Excluding 3 bonded neighbours molecule type 'PROA'

turning H bonds into constraints...

Excluding 1 bonded neighbours molecule type 'LIT'

turning H bonds into constraints...

Excluding 1 bonded neighbours molecule type 'CLA'

turning H bonds into constraints...

Excluding 2 bonded neighbours molecule type 'TIP3'

turning H bonds into constraints...

Setting gen_seed to 536834023

Velocities were taken from a Maxwell distribution at 298.15 K

The largest distance between excluded atoms is 0.397 nm between atom 85 and 97

Determining Verlet buffer for a tolerance of 0.005 kJ/mol/ps at 298.15 K

Calculated rlist for 1x1 atom pair-list as 1.297 nm, buffer size 0.097 nm

Set rlist, assuming 4x4 atom pair-list, to 1.226 nm, buffer size 0.026 nm

Note that mdrun will redetermine rlist based on the actual pair-list setup
Calculating fourier grid dimensions for X Y Z
Using a fourier grid of 72x72x72, spacing 0.117 0.117 0.117

Estimate for the relative computational load of the PME mesh part: 0.18

This run will generate roughly 228 Mb of data
