                :-) GROMACS - gmx mdrun, 2026.0-conda_forge (-:

Executable:   /root/miniconda3/envs/lisper-gmx/bin.AVX2_256/gmx
Data prefix:  /root/miniconda3/envs/lisper-gmx
Working dir:  /root/LiSPER_remote/LiSPER_8cand_LiCl/systems/LiA3-Ref/gromacs/umbrella_sampling/window_000_1.38nm
Command line:
  gmx mdrun -deffnm umbrella -ntmpi 1 -ntomp 1

Compiled SIMD is AVX2_256, but AVX_512 might be faster (see log).
The current CPU can measure timings more accurately than the code in
gmx mdrun was configured to use. This might affect your simulation
speed as accurate timings are needed for load-balancing.
Please consider rebuilding gmx mdrun with the GMX_USE_RDTSCP=ON CMake option.
Reading file umbrella.tpr, VERSION 2026.0-conda_forge (single precision)
Changing nstlist from 20 to 80, rlist from 1.226 to 1.327


Using 1 MPI thread
Using 1 OpenMP thread 


NOTE: OS CPU limit is lower than logical cpu count, thread pinning disabled.
starting mdrun 'Title'
500000 steps,   1000.0 ps.

Writing final coordinates.

               Core t (s)   Wall t (s)        (%)
       Time:    51550.256    51550.256      100.0
                         14h19:10
                 (ns/day)    (hour/ns)    (ms/step)  (Matom*steps/s) 
Performance:        1.676       14.319      103.100            0.447 

GROMACS reminds you: "The most likely way for the world to be destroyed, most experts agree, is by accident. That's where we come in; we're computer professionals. We cause accidents." (Nathaniel Borenstein)

