                 :-) GROMACS - gmx wham, 2026.0-conda_forge (-:

Executable:   /root/miniconda3/envs/lisper-gmx/bin.AVX2_256/gmx
Data prefix:  /root/miniconda3/envs/lisper-gmx
Working dir:  /root/LiSPER_remote/LiSPER_8cand_NaCl_prod_worker/systems/LiDA-1/gromacs/umbrella_sampling/pmf_wham_combined_repair_20260624_201216/bootstrap_100bins_b100
Command line:
  gmx wham -it ../tpr-files.dat -if ../pullf-files.dat -bins 100 -b 100 -unit kJ -nBootstrap 100 -bsres bootstrap_profile_std.xvg -bsprof bootstrap_profiles.xvg -o profile_kjmol.xvg -hist histo.xvg

Reading file /root/LiSPER_remote/LiSPER_8cand_NaCl_prod_worker/systems/LiDA-1/gromacs/umbrella_sampling/window_000_1.32nm/umbrella.tpr, VERSION 2026.0-conda_forge (single precision)
Reading file /root/LiSPER_remote/LiSPER_8cand_NaCl_prod_worker/systems/LiDA-1/gromacs/umbrella_sampling/window_001_1.42nm/umbrella.tpr, VERSION 2026.0-conda_forge (single precision)
Reading file /root/LiSPER_remote/LiSPER_8cand_NaCl_prod_worker/systems/LiDA-1/gromacs/umbrella_sampling/window_002_1.52nm/umbrella.tpr, VERSION 2026.0-conda_forge (single precision)
Reading file /root/LiSPER_remote/LiSPER_8cand_NaCl_prod_worker/systems/LiDA-1/gromacs/umbrella_sampling/window_003_1.62nm/umbrella.tpr, VERSION 2026.0-conda_forge (single precision)
Reading file /root/LiSPER_remote/LiSPER_8cand_NaCl_prod_worker/systems/LiDA-1/gromacs/umbrella_sampling/window_004_1.72nm/umbrella.tpr, VERSION 2026.0-conda_forge (single precision)
Reading file /root/LiSPER_remote/LiSPER_8cand_NaCl_prod_worker/systems/LiDA-1/gromacs/umbrella_sampling/window_005_1.82nm/umbrella.tpr, VERSION 2026.0-conda_forge (single precision)
Reading file /root/LiSPER_remote/LiSPER_8cand_NaCl_prod_worker/systems/LiDA-1/gromacs/umbrella_sampling/window_006_1.92nm/umbrella.tpr, VERSION 2026.0-conda_forge (single precision)
Reading file /root/LiSPER_remote/LiSPER_8cand_NaCl_prod_worker/systems/LiDA-1/gromacs/umbrella_sampling/window_007_2.02nm/umbrella.tpr, VERSION 2026.0-conda_forge (single precision)
Reading file /root/LiSPER_remote/LiSPER_8cand_NaCl_prod_worker/systems/LiDA-1/gromacs/umbrella_sampling/window_008_2.12nm/umbrella.tpr, VERSION 2026.0-conda_forge (single precision)
Reading file /root/LiSPER_remote/LiSPER_8cand_NaCl_prod_worker/systems/LiDA-1/gromacs/umbrella_sampling/window_009_2.22nm/umbrella.tpr, VERSION 2026.0-conda_forge (single precision)
Reading file /root/LiSPER_remote/LiSPER_8cand_NaCl_prod_worker/systems/LiDA-1/gromacs/umbrella_sampling/window_010_2.32nm/umbrella.tpr, VERSION 2026.0-conda_forge (single precision)
Reading file /root/LiSPER_remote/LiSPER_8cand_NaCl_prod_worker/systems/LiDA-1/gromacs/umbrella_sampling/window_011_2.42nm/umbrella.tpr, VERSION 2026.0-conda_forge (single precision)
Reading file /root/LiSPER_remote/LiSPER_8cand_NaCl_prod_worker/systems/LiDA-1/gromacs/umbrella_sampling/window_012_2.52nm/umbrella.tpr, VERSION 2026.0-conda_forge (single precision)
Reading file /root/LiSPER_remote/LiSPER_8cand_NaCl_prod_worker/systems/LiDA-1/gromacs/umbrella_sampling/window_013_2.62nm/umbrella.tpr, VERSION 2026.0-conda_forge (single precision)
Reading file /root/LiSPER_remote/LiSPER_8cand_NaCl_prod_worker/systems/LiDA-1/gromacs/umbrella_sampling/window_014_2.72nm/umbrella.tpr, VERSION 2026.0-conda_forge (single precision)
Reading file /root/LiSPER_remote/LiSPER_8cand_NaCl_prod_worker/systems/LiDA-1/gromacs/umbrella_sampling/pmf_wham_repair_edge_extend_20260624_101516/windows/window_000_1.32nm_extend/umbrella_ext.tpr, VERSION 2026.0-conda_forge (single precision)
Reading file /root/LiSPER_remote/LiSPER_8cand_NaCl_prod_worker/systems/LiDA-1/gromacs/umbrella_sampling/pmf_wham_repair_edge_extend_20260624_101516/windows/window_001_1.42nm_extend/umbrella_ext.tpr, VERSION 2026.0-conda_forge (single precision)
Reading file /root/LiSPER_remote/LiSPER_8cand_NaCl_prod_worker/systems/LiDA-1/gromacs/umbrella_sampling/pmf_wham_repair_edge_extend_20260624_101516/windows/window_002_1.52nm_extend/umbrella_ext.tpr, VERSION 2026.0-conda_forge (single precision)
Reading file /root/LiSPER_remote/LiSPER_8cand_NaCl_prod_worker/systems/LiDA-1/gromacs/umbrella_sampling/pmf_wham_repair_edge_extend_20260624_101516/windows/window_013_2.62nm_extend/umbrella_ext.tpr, VERSION 2026.0-conda_forge (single precision)
Reading file /root/LiSPER_remote/LiSPER_8cand_NaCl_prod_worker/systems/LiDA-1/gromacs/umbrella_sampling/pmf_wham_repair_edge_extend_20260624_101516/windows/window_014_2.72nm_extend/umbrella_ext.tpr, VERSION 2026.0-conda_forge (single precision)
Reading file /root/LiSPER_remote/LiSPER_8cand_NaCl_prod_worker/systems/LiDA-1/gromacs/umbrella_sampling/window_000_1.32nm/umbrella.tpr, VERSION 2026.0-conda_forge (single precision)
Reading file /root/LiSPER_remote/LiSPER_8cand_NaCl_prod_worker/systems/LiDA-1/gromacs/umbrella_sampling/window_001_1.42nm/umbrella.tpr, VERSION 2026.0-conda_forge (single precision)
Reading file /root/LiSPER_remote/LiSPER_8cand_NaCl_prod_worker/systems/LiDA-1/gromacs/umbrella_sampling/window_002_1.52nm/umbrella.tpr, VERSION 2026.0-conda_forge (single precision)
Reading file /root/LiSPER_remote/LiSPER_8cand_NaCl_prod_worker/systems/LiDA-1/gromacs/umbrella_sampling/window_003_1.62nm/umbrella.tpr, VERSION 2026.0-conda_forge (single precision)
Reading file /root/LiSPER_remote/LiSPER_8cand_NaCl_prod_worker/systems/LiDA-1/gromacs/umbrella_sampling/window_004_1.72nm/umbrella.tpr, VERSION 2026.0-conda_forge (single precision)
Reading file /root/LiSPER_remote/LiSPER_8cand_NaCl_prod_worker/systems/LiDA-1/gromacs/umbrella_sampling/window_005_1.82nm/umbrella.tpr, VERSION 2026.0-conda_forge (single precision)
Reading file /root/LiSPER_remote/LiSPER_8cand_NaCl_prod_worker/systems/LiDA-1/gromacs/umbrella_sampling/window_006_1.92nm/umbrella.tpr, VERSION 2026.0-conda_forge (single precision)
Reading file /root/LiSPER_remote/LiSPER_8cand_NaCl_prod_worker/systems/LiDA-1/gromacs/umbrella_sampling/window_007_2.02nm/umbrella.tpr, VERSION 2026.0-conda_forge (single precision)
Reading file /root/LiSPER_remote/LiSPER_8cand_NaCl_prod_worker/systems/LiDA-1/gromacs/umbrella_sampling/window_008_2.12nm/umbrella.tpr, VERSION 2026.0-conda_forge (single precision)
Reading file /root/LiSPER_remote/LiSPER_8cand_NaCl_prod_worker/systems/LiDA-1/gromacs/umbrella_sampling/window_009_2.22nm/umbrella.tpr, VERSION 2026.0-conda_forge (single precision)
Reading file /root/LiSPER_remote/LiSPER_8cand_NaCl_prod_worker/systems/LiDA-1/gromacs/umbrella_sampling/window_010_2.32nm/umbrella.tpr, VERSION 2026.0-conda_forge (single precision)
Reading file /root/LiSPER_remote/LiSPER_8cand_NaCl_prod_worker/systems/LiDA-1/gromacs/umbrella_sampling/window_011_2.42nm/umbrella.tpr, VERSION 2026.0-conda_forge (single precision)
Reading file /root/LiSPER_remote/LiSPER_8cand_NaCl_prod_worker/systems/LiDA-1/gromacs/umbrella_sampling/window_012_2.52nm/umbrella.tpr, VERSION 2026.0-conda_forge (single precision)
Reading file /root/LiSPER_remote/LiSPER_8cand_NaCl_prod_worker/systems/LiDA-1/gromacs/umbrella_sampling/window_013_2.62nm/umbrella.tpr, VERSION 2026.0-conda_forge (single precision)
Reading file /root/LiSPER_remote/LiSPER_8cand_NaCl_prod_worker/systems/LiDA-1/gromacs/umbrella_sampling/window_014_2.72nm/umbrella.tpr, VERSION 2026.0-conda_forge (single precision)
Reading file /root/LiSPER_remote/LiSPER_8cand_NaCl_prod_worker/systems/LiDA-1/gromacs/umbrella_sampling/pmf_wham_repair_edge_extend_20260624_101516/windows/window_000_1.32nm_extend/umbrella_ext.tpr, VERSION 2026.0-conda_forge (single precision)
Reading file /root/LiSPER_remote/LiSPER_8cand_NaCl_prod_worker/systems/LiDA-1/gromacs/umbrella_sampling/pmf_wham_repair_edge_extend_20260624_101516/windows/window_001_1.42nm_extend/umbrella_ext.tpr, VERSION 2026.0-conda_forge (single precision)
Reading file /root/LiSPER_remote/LiSPER_8cand_NaCl_prod_worker/systems/LiDA-1/gromacs/umbrella_sampling/pmf_wham_repair_edge_extend_20260624_101516/windows/window_002_1.52nm_extend/umbrella_ext.tpr, VERSION 2026.0-conda_forge (single precision)
Reading file /root/LiSPER_remote/LiSPER_8cand_NaCl_prod_worker/systems/LiDA-1/gromacs/umbrella_sampling/pmf_wham_repair_edge_extend_20260624_101516/windows/window_013_2.62nm_extend/umbrella_ext.tpr, VERSION 2026.0-conda_forge (single precision)
Reading file /root/LiSPER_remote/LiSPER_8cand_NaCl_prod_worker/systems/LiDA-1/gromacs/umbrella_sampling/pmf_wham_repair_edge_extend_20260624_101516/windows/window_014_2.72nm_extend/umbrella_ext.tpr, VERSION 2026.0-conda_forge (single precision)
Warning, poor sampling bin 98 (z=2.89832). Check your histograms!
Warning, poor sampling bin 99 (z=2.91626). Check your histograms!
Found 20 tpr and 20 pull force files in ../tpr-files.dat and ../pullf-files.dat, respectively
Reading 20 tpr and pullx/pullf files
Automatic determination of boundaries...

File /root/LiSPER_remote/LiSPER_8cand_NaCl_prod_worker/systems/LiDA-1/gromacs/umbrella_sampling/window_000_1.32nm/umbrella.tpr, 1 coordinates, with these options:
	Geometry distance   k = 1000      position = 1.3237    dimensions [Y Y Y] (3 dimensions). Used: Yes
	Pull group coordinates of 0 groups expected in pullx files.
	Reference value of the coordinate not expected in pullx files.
	Use option -v to see this output for all input tpr files


Reading pull force file /root/LiSPER_remote/LiSPER_8cand_NaCl_prod_worker/systems/LiDA-1/gromacs/umbrella_sampling/window_000_1.32nm/umbrella_pullf.xvg, expecting 2 columns:
	Column for time: 1
	Column(s) with data for pull coordinate 1 are
		reaction coordinate:             2
		center-of-mass of groups:        No
		reference position column:       No
	Found 5001 times in /root/LiSPER_remote/LiSPER_8cand_NaCl_prod_worker/systems/LiDA-1/gromacs/umbrella_sampling/window_000_1.32nm/umbrella_pullf.xvg

Determined boundaries to 1.131347 and 2.925227

Wrote histo.xvg
Getting initial potential by integration.
Initialized rapid wham stuff (contrib tolerance 5e-08)
Evaluating only 711 of 2000 expressions.

	   1) Maximum change 1.527761e-02
	 100) Maximum change 1.656591e-04
	 200) Maximum change 8.556108e-05
	 300) Maximum change 4.212935e-05
	 400) Maximum change 2.067116e-05
	 500) Maximum change 1.014072e-05
	 600) Maximum change 4.974721e-06
	 700) Maximum change 2.440443e-06
	 800) Maximum change 1.197205e-06
Switched to exact iteration in iteration 826
Converged in 827 iterations. Final maximum change 9.87768e-07
Wrote profile_kjmol.xvg
  *******************************************
  ******** Start bootstrap nr 1 ************
  *******************************************
	   1) Maximum change 1.773258e-02
	 100) Maximum change 4.941438e-04
	 200) Maximum change 7.654264e-05
	 300) Maximum change 2.513121e-05
	 400) Maximum change 1.748015e-05
	 500) Maximum change 1.189855e-05
	 600) Maximum change 8.068195e-06
	 700) Maximum change 5.467113e-06
	 800) Maximum change 3.704123e-06
	 900) Maximum change 2.509591e-06
	1000) Maximum change 1.700273e-06
	1100) Maximum change 1.151951e-06
	Converged in 1138 iterations. Final maximum change 9.93536e-07
  *******************************************
  ******** Start bootstrap nr 2 ************
  *******************************************
	   1) Maximum change 5.464490e-02
	 100) Maximum change 2.594556e-04
	 200) Maximum change 1.532268e-04
	 300) Maximum change 1.015114e-04
	 400) Maximum change 6.781986e-05
	 500) Maximum change 4.534203e-05
	 600) Maximum change 3.031581e-05
	 700) Maximum change 2.026930e-05
	 800) Maximum change 1.355214e-05
	 900) Maximum change 9.061012e-06
	1000) Maximum change 6.058223e-06
	1100) Maximum change 4.050547e-06
	1200) Maximum change 2.708207e-06
	1300) Maximum change 1.810715e-06
	1400) Maximum change 1.210649e-06
	Converged in 1449 iterations. Final maximum change 9.939e-07
  *******************************************
  ******** Start bootstrap nr 3 ************
  *******************************************
	   1) Maximum change 6.957087e-02
	 100) Maximum change 1.153943e-05
	 200) Maximum change 1.978619e-06
	 300) Maximum change 1.602083e-06
	 400) Maximum change 1.355007e-06
	 500) Maximum change 1.146590e-06
	Converged in 583 iterations. Final maximum change 9.98144e-07
  *******************************************
  ******** Start bootstrap nr 4 ************
  *******************************************
	   1) Maximum change 3.497760e-02
	 100) Maximum change 4.395921e-04
	 200) Maximum change 2.167596e-04
	 300) Maximum change 1.352814e-04
	 400) Maximum change 9.581051e-05
	 500) Maximum change 6.974313e-05
	 600) Maximum change 5.062662e-05
	 700) Maximum change 3.671992e-05
	 800) Maximum change 2.662693e-05
	 900) Maximum change 1.930681e-05
	1000) Maximum change 1.399883e-05
	1100) Maximum change 1.015011e-05
	1200) Maximum change 7.359525e-06
	1300) Maximum change 5.336159e-06
	1400) Maximum change 3.869082e-06
	1500) Maximum change 2.805351e-06
	1600) Maximum change 2.034074e-06
	1700) Maximum change 1.474844e-06
	1800) Maximum change 1.069365e-06
	Converged in 1822 iterations. Final maximum change 9.96356e-07
  *******************************************
  ******** Start bootstrap nr 5 ************
  *******************************************
	   1) Maximum change 3.232906e-02
	 100) Maximum change 9.822394e-05
	 200) Maximum change 6.976302e-05
	 300) Maximum change 4.362298e-05
	 400) Maximum change 2.708054e-05
	 500) Maximum change 1.680640e-05
	 600) Maximum change 1.043007e-05
	 700) Maximum change 6.472905e-06
	 800) Maximum change 4.017087e-06
	 900) Maximum change 2.493006e-06
	1000) Maximum change 1.547160e-06
	Converged in 1093 iterations. Final maximum change 9.92766e-07
  *******************************************
  ******** Start bootstrap nr 6 ************
  *******************************************
	   1) Maximum change 3.798969e-02
	 100) Maximum change 2.591714e-04
	 200) Maximum change 1.834481e-04
	 300) Maximum change 1.321309e-04
	 400) Maximum change 9.590487e-05
	 500) Maximum change 6.984427e-05
	 600) Maximum change 5.093866e-05
	 700) Maximum change 3.717351e-05
	 800) Maximum change 2.713532e-05
	 900) Maximum change 1.981007e-05
	1000) Maximum change 1.446299e-05
	1100) Maximum change 1.055940e-05
	1200) Maximum change 7.709463e-06
	1300) Maximum change 5.628734e-06
	1400) Maximum change 4.109586e-06
	1500) Maximum change 3.000445e-06
	1600) Maximum change 2.190652e-06
	1700) Maximum change 1.599415e-06
	1800) Maximum change 1.167748e-06
	Converged in 1851 iterations. Final maximum change 9.94666e-07
  *******************************************
  ******** Start bootstrap nr 7 ************
  *******************************************
	   1) Maximum change 3.846312e-02
	 100) Maximum change 5.076603e-04
	 200) Maximum change 2.005979e-04
	 300) Maximum change 1.596280e-04
	 400) Maximum change 1.187409e-04
	 500) Maximum change 8.691301e-05
	 600) Maximum change 6.335841e-05
	 700) Maximum change 4.613959e-05
	 800) Maximum change 3.359142e-05
	 900) Maximum change 2.445421e-05
	1000) Maximum change 1.780211e-05
	1100) Maximum change 1.295948e-05
	1200) Maximum change 9.434160e-06
	1300) Maximum change 6.867820e-06
	1400) Maximum change 4.999592e-06
	1500) Maximum change 3.639571e-06
	1600) Maximum change 2.649512e-06
	1700) Maximum change 1.928775e-06
	1800) Maximum change 1.404098e-06
	1900) Maximum change 1.022146e-06
	Converged in 1908 iterations. Final maximum change 9.96515e-07
  *******************************************
  ******** Start bootstrap nr 8 ************
  *******************************************
	   1) Maximum change 2.295818e-02
	 100) Maximum change 3.210694e-04
	 200) Maximum change 2.392593e-04
	 300) Maximum change 1.706679e-04
	 400) Maximum change 1.211871e-04
	 500) Maximum change 8.600998e-05
	 600) Maximum change 6.104048e-05
	 700) Maximum change 4.331956e-05
	 800) Maximum change 3.074323e-05
	 900) Maximum change 2.181798e-05
	1000) Maximum change 1.548387e-05
	1100) Maximum change 1.098864e-05
	1200) Maximum change 7.798456e-06
	1300) Maximum change 5.534432e-06
	1400) Maximum change 3.927693e-06
	1500) Maximum change 2.787416e-06
	1600) Maximum change 1.978182e-06
	1700) Maximum change 1.403882e-06
	Converged in 1800 iterations. Final maximum change 9.96315e-07
  *******************************************
  ******** Start bootstrap nr 9 ************
  *******************************************
	   1) Maximum change 8.066972e-02
	 100) Maximum change 7.437755e-05
	 200) Maximum change 4.717250e-05
	 300) Maximum change 3.494828e-05
	 400) Maximum change 2.623352e-05
	 500) Maximum change 1.971974e-05
	 600) Maximum change 1.482575e-05
	 700) Maximum change 1.114651e-05
	 800) Maximum change 8.380325e-06
	 900) Maximum change 6.300600e-06
	1000) Maximum change 4.736986e-06
	1100) Maximum change 3.561408e-06
	1200) Maximum change 2.677570e-06
	1300) Maximum change 2.013074e-06
	1400) Maximum change 1.513485e-06
	1500) Maximum change 1.137880e-06
	Converged in 1547 iterations. Final maximum change 9.95107e-07
  *******************************************
  ******** Start bootstrap nr 10 ************
  *******************************************
	   1) Maximum change 5.965399e-02
	 100) Maximum change 3.826973e-04
	 200) Maximum change 1.684574e-04
	 300) Maximum change 1.174092e-04
	 400) Maximum change 8.400567e-05
	 500) Maximum change 6.058383e-05
	 600) Maximum change 4.379308e-05
	 700) Maximum change 3.167612e-05
	 800) Maximum change 2.291537e-05
	 900) Maximum change 1.657799e-05
	1000) Maximum change 1.199314e-05
	1100) Maximum change 8.676163e-06
	1200) Maximum change 6.276489e-06
	1300) Maximum change 4.540476e-06
	1400) Maximum change 3.284602e-06
	1500) Maximum change 2.376084e-06
	1600) Maximum change 1.718854e-06
	1700) Maximum change 1.243412e-06
	Converged in 1769 iterations. Final maximum change 9.94456e-07
  *******************************************
  ******** Start bootstrap nr 11 ************
  *******************************************
	   1) Maximum change 3.873746e-02
	 100) Maximum change 2.055496e-04
	 200) Maximum change 7.362359e-05
	 300) Maximum change 3.971146e-05
	 400) Maximum change 2.314863e-05
	 500) Maximum change 1.341564e-05
	 600) Maximum change 7.752322e-06
	 700) Maximum change 4.477935e-06
	 800) Maximum change 2.586430e-06
	 900) Maximum change 1.493899e-06
	Converged in 975 iterations. Final maximum change 9.8978e-07
  *******************************************
  ******** Start bootstrap nr 12 ************
  *******************************************
	   1) Maximum change 6.252566e-02
	 100) Maximum change 2.148290e-04
	 200) Maximum change 1.713627e-04
	 300) Maximum change 1.436551e-04
	 400) Maximum change 1.206966e-04
	 500) Maximum change 1.014219e-04
	 600) Maximum change 8.522957e-05
	 700) Maximum change 7.162521e-05
	 800) Maximum change 6.019435e-05
	 900) Maximum change 5.058915e-05
	1000) Maximum change 4.251763e-05
	1100) Maximum change 3.573460e-05
	1200) Maximum change 3.003419e-05
	1300) Maximum change 2.524344e-05
	1400) Maximum change 2.121711e-05
	1500) Maximum change 1.783315e-05
	1600) Maximum change 1.498902e-05
	1700) Maximum change 1.259857e-05
	1800) Maximum change 1.058941e-05
	1900) Maximum change 8.900708e-06
	2000) Maximum change 7.481331e-06
	2100) Maximum change 6.288320e-06
	2200) Maximum change 5.285567e-06
	2300) Maximum change 4.442726e-06
	2400) Maximum change 3.734293e-06
	2500) Maximum change 3.138831e-06
	2600) Maximum change 2.638324e-06
	2700) Maximum change 2.217629e-06
	2800) Maximum change 1.864017e-06
	2900) Maximum change 1.566792e-06
	3000) Maximum change 1.316962e-06
	3100) Maximum change 1.106968e-06
	Converged in 3160 iterations. Final maximum change 9.97408e-07
  *******************************************
  ******** Start bootstrap nr 13 ************
  *******************************************
	   1) Maximum change 4.285579e-02
	 100) Maximum change 4.069714e-04
	 200) Maximum change 1.735890e-04
	 300) Maximum change 8.602949e-05
	 400) Maximum change 5.918186e-05
	 500) Maximum change 3.944768e-05
	 600) Maximum change 2.584084e-05
	 700) Maximum change 1.679903e-05
	 800) Maximum change 1.088394e-05
	 900) Maximum change 7.040830e-06
	1000) Maximum change 4.551579e-06
	1100) Maximum change 2.941473e-06
	1200) Maximum change 1.900668e-06
	1300) Maximum change 1.228061e-06
	Converged in 1349 iterations. Final maximum change 9.91437e-07
  *******************************************
  ******** Start bootstrap nr 14 ************
  *******************************************
	   1) Maximum change 3.540106e-02
	 100) Maximum change 3.453834e-04
	 200) Maximum change 2.132211e-04
	 300) Maximum change 1.077031e-04
	 400) Maximum change 5.298037e-05
	 500) Maximum change 2.595828e-05
	 600) Maximum change 1.271078e-05
	 700) Maximum change 6.223399e-06
	 800) Maximum change 3.047027e-06
	 900) Maximum change 1.491845e-06
	Converged in 958 iterations. Final maximum change 9.85887e-07
  *******************************************
  ******** Start bootstrap nr 15 ************
  *******************************************
	   1) Maximum change 6.318824e-02
	 100) Maximum change 1.152361e-04
	 200) Maximum change 1.057652e-04
	 300) Maximum change 9.659358e-05
	 400) Maximum change 8.821765e-05
	 500) Maximum change 8.056967e-05
	 600) Maximum change 7.358609e-05
	 700) Maximum change 6.720895e-05
	 800) Maximum change 6.138539e-05
	 900) Maximum change 5.606719e-05
	1000) Maximum change 5.121038e-05
	1100) Maximum change 4.677482e-05
	1200) Maximum change 4.272387e-05
	1300) Maximum change 3.902411e-05
	1400) Maximum change 3.564504e-05
	1500) Maximum change 3.255881e-05
	1600) Maximum change 2.974000e-05
	1700) Maximum change 2.716540e-05
	1800) Maximum change 2.481382e-05
	1900) Maximum change 2.266593e-05
	2000) Maximum change 2.070406e-05
	2100) Maximum change 1.891208e-05
	2200) Maximum change 1.727527e-05
	2300) Maximum change 1.578017e-05
	2400) Maximum change 1.441452e-05
	2500) Maximum change 1.316709e-05
	2600) Maximum change 1.202765e-05
	2700) Maximum change 1.098684e-05
	2800) Maximum change 1.003612e-05
	2900) Maximum change 9.167683e-06
	3000) Maximum change 8.374410e-06
	3100) Maximum change 7.649791e-06
	3200) Maximum change 6.987883e-06
	3300) Maximum change 6.383257e-06
	3400) Maximum change 5.830953e-06
	3500) Maximum change 5.326443e-06
	3600) Maximum change 4.865590e-06
	3700) Maximum change 4.444615e-06
	3800) Maximum change 4.060067e-06
	3900) Maximum change 3.708793e-06
	4000) Maximum change 3.387913e-06
	4100) Maximum change 3.094798e-06
	4200) Maximum change 2.827044e-06
	4300) Maximum change 2.582457e-06
	4400) Maximum change 2.359032e-06
	4500) Maximum change 2.154938e-06
	4600) Maximum change 1.968503e-06
	4700) Maximum change 1.798197e-06
	4800) Maximum change 1.642626e-06
	4900) Maximum change 1.500515e-06
	5000) Maximum change 1.370699e-06
	5100) Maximum change 1.252114e-06
	5200) Maximum change 1.143789e-06
	5300) Maximum change 1.044836e-06
	Converged in 5350 iterations. Final maximum change 9.98622e-07
  *******************************************
  ******** Start bootstrap nr 16 ************
  *******************************************
	   1) Maximum change 6.029088e-02
	 100) Maximum change 2.381489e-04
	 200) Maximum change 9.088149e-05
	 300) Maximum change 5.638477e-05
	 400) Maximum change 3.554877e-05
	 500) Maximum change 2.241907e-05
	 600) Maximum change 1.413779e-05
	 700) Maximum change 8.915058e-06
	 800) Maximum change 5.621515e-06
	 900) Maximum change 3.544656e-06
	1000) Maximum change 2.235061e-06
	1100) Maximum change 1.409293e-06
	Converged in 1176 iterations. Final maximum change 9.92585e-07
  *******************************************
  ******** Start bootstrap nr 17 ************
  *******************************************
	   1) Maximum change 5.998691e-02
	 100) Maximum change 4.531621e-04
	 200) Maximum change 3.154965e-04
	 300) Maximum change 2.241950e-04
	 400) Maximum change 1.596222e-04
	 500) Maximum change 1.136678e-04
	 600) Maximum change 8.094448e-05
	 700) Maximum change 5.764171e-05
	 800) Maximum change 4.104741e-05
	 900) Maximum change 2.923035e-05
	1000) Maximum change 2.081526e-05
	1100) Maximum change 1.482277e-05
	1200) Maximum change 1.055545e-05
	1300) Maximum change 7.516643e-06
	1400) Maximum change 5.352676e-06
	1500) Maximum change 3.811693e-06
	1600) Maximum change 2.714344e-06
	1700) Maximum change 1.932910e-06
	1800) Maximum change 1.376444e-06
	Converged in 1896 iterations. Final maximum change 9.93504e-07
  *******************************************
  ******** Start bootstrap nr 18 ************
  *******************************************
	   1) Maximum change 2.182152e-02
	 100) Maximum change 5.644927e-04
	 200) Maximum change 4.426526e-04
	 300) Maximum change 3.115365e-04
	 400) Maximum change 2.144426e-04
	 500) Maximum change 1.469447e-04
	 600) Maximum change 1.005997e-04
	 700) Maximum change 6.885882e-05
	 800) Maximum change 4.713105e-05
	 900) Maximum change 3.225912e-05
	1000) Maximum change 2.207995e-05
	1100) Maximum change 1.511277e-05
	1200) Maximum change 1.034405e-05
	1300) Maximum change 7.080064e-06
	1400) Maximum change 4.846008e-06
	1500) Maximum change 3.316890e-06
	1600) Maximum change 2.270274e-06
	1700) Maximum change 1.553909e-06
	1800) Maximum change 1.063586e-06
	Converged in 1818 iterations. Final maximum change 9.93422e-07
  *******************************************
  ******** Start bootstrap nr 19 ************
  *******************************************
	   1) Maximum change 2.559644e-02
	 100) Maximum change 5.089382e-04
	 200) Maximum change 3.584734e-04
	 300) Maximum change 2.687750e-04
	 400) Maximum change 2.050504e-04
	 500) Maximum change 1.571578e-04
	 600) Maximum change 1.205970e-04
	 700) Maximum change 9.257081e-05
	 800) Maximum change 7.106357e-05
	 900) Maximum change 5.455431e-05
	1000) Maximum change 4.188064e-05
	1100) Maximum change 3.215126e-05
	1200) Maximum change 2.468213e-05
	1300) Maximum change 1.894817e-05
	1400) Maximum change 1.454628e-05
	1500) Maximum change 1.116699e-05
	1600) Maximum change 8.572760e-06
	1700) Maximum change 6.581199e-06
	1800) Maximum change 5.052302e-06
	1900) Maximum change 3.878588e-06
	2000) Maximum change 2.977542e-06
	2100) Maximum change 2.285821e-06
	2200) Maximum change 1.754795e-06
	2300) Maximum change 1.347133e-06
	2400) Maximum change 1.034177e-06
	Converged in 2414 iterations. Final maximum change 9.96599e-07
  *******************************************
  ******** Start bootstrap nr 20 ************
  *******************************************
	   1) Maximum change 2.313902e-02
	 100) Maximum change 1.815465e-04
	 200) Maximum change 7.967643e-05
	 300) Maximum change 4.458298e-05
	 400) Maximum change 2.617238e-05
	 500) Maximum change 1.548482e-05
	 600) Maximum change 9.172830e-06
	 700) Maximum change 5.434821e-06
	 800) Maximum change 3.220188e-06
	 900) Maximum change 1.908006e-06
	1000) Maximum change 1.130522e-06
	Converged in 1025 iterations. Final maximum change 9.9187e-07
  *******************************************
  ******** Start bootstrap nr 21 ************
  *******************************************
	   1) Maximum change 7.112168e-02
	 100) Maximum change 5.207875e-04
	 200) Maximum change 2.796358e-04
	 300) Maximum change 1.620868e-04
	 400) Maximum change 8.841158e-05
	 500) Maximum change 4.751858e-05
	 600) Maximum change 2.544431e-05
	 700) Maximum change 1.361136e-05
	 800) Maximum change 7.279589e-06
	 900) Maximum change 3.893014e-06
	1000) Maximum change 2.081895e-06
	1100) Maximum change 1.113347e-06
	Converged in 1119 iterations. Final maximum change 9.88514e-07
  *******************************************
  ******** Start bootstrap nr 22 ************
  *******************************************
	   1) Maximum change 2.454650e-02
	 100) Maximum change 3.543023e-04
	 200) Maximum change 2.324760e-04
	 300) Maximum change 1.458101e-04
	 400) Maximum change 9.127502e-05
	 500) Maximum change 5.713056e-05
	 600) Maximum change 3.575819e-05
	 700) Maximum change 2.238089e-05
	 800) Maximum change 1.400800e-05
	 900) Maximum change 8.767442e-06
	1000) Maximum change 5.487422e-06
	1100) Maximum change 3.434497e-06
	1200) Maximum change 2.149598e-06
	1300) Maximum change 1.345399e-06
	Converged in 1365 iterations. Final maximum change 9.9213e-07
  *******************************************
  ******** Start bootstrap nr 23 ************
  *******************************************
	   1) Maximum change 4.300508e-02
	 100) Maximum change 1.855555e-04
	 200) Maximum change 4.624846e-05
	 300) Maximum change 2.400424e-05
	 400) Maximum change 1.503027e-05
	 500) Maximum change 9.665636e-06
	 600) Maximum change 6.236605e-06
	 700) Maximum change 4.025731e-06
	 800) Maximum change 2.598739e-06
	 900) Maximum change 1.677579e-06
	1000) Maximum change 1.082937e-06
	Converged in 1020 iterations. Final maximum change 9.92165e-07
  *******************************************
  ******** Start bootstrap nr 24 ************
  *******************************************
	   1) Maximum change 3.888336e-02
	 100) Maximum change 4.639831e-04
	 200) Maximum change 1.766400e-04
	 300) Maximum change 1.418069e-04
	 400) Maximum change 1.223569e-04
	 500) Maximum change 1.035447e-04
	 600) Maximum change 8.710633e-05
	 700) Maximum change 7.314345e-05
	 800) Maximum change 6.138442e-05
	 900) Maximum change 5.150746e-05
	1000) Maximum change 4.321801e-05
	1100) Maximum change 3.626252e-05
	1200) Maximum change 3.042664e-05
	1300) Maximum change 2.553018e-05
	1400) Maximum change 2.142186e-05
	1500) Maximum change 1.797478e-05
	1600) Maximum change 1.508248e-05
	1700) Maximum change 1.265564e-05
	1800) Maximum change 1.061933e-05
	1900) Maximum change 8.910706e-06
	2000) Maximum change 7.477014e-06
	2100) Maximum change 6.274013e-06
	2200) Maximum change 5.264578e-06
	2300) Maximum change 4.417560e-06
	2400) Maximum change 3.706825e-06
	2500) Maximum change 3.110442e-06
	2600) Maximum change 2.610013e-06
	2700) Maximum change 2.190099e-06
	2800) Maximum change 1.837744e-06
	2900) Maximum change 1.542079e-06
	3000) Maximum change 1.293982e-06
	3100) Maximum change 1.085801e-06
	Converged in 3148 iterations. Final maximum change 9.98108e-07
  *******************************************
  ******** Start bootstrap nr 25 ************
  *******************************************
	   1) Maximum change 5.743367e-02
	 100) Maximum change 3.760700e-04
	 200) Maximum change 2.602013e-04
	 300) Maximum change 1.962621e-04
	 400) Maximum change 1.487528e-04
	 500) Maximum change 1.128136e-04
	 600) Maximum change 8.556934e-05
	 700) Maximum change 6.490876e-05
	 800) Maximum change 4.923884e-05
	 900) Maximum change 3.735310e-05
	1000) Maximum change 2.833716e-05
	1100) Maximum change 2.149781e-05
	1200) Maximum change 1.630941e-05
	1300) Maximum change 1.237335e-05
	1400) Maximum change 9.387275e-06
	1500) Maximum change 7.121879e-06
	1600) Maximum change 5.403208e-06
	1700) Maximum change 4.099306e-06
	1800) Maximum change 3.110070e-06
	1900) Maximum change 2.359560e-06
	2000) Maximum change 1.790162e-06
	2100) Maximum change 1.358170e-06
	2200) Maximum change 1.030425e-06
	Converged in 2212 iterations. Final maximum change 9.96831e-07
  *******************************************
  ******** Start bootstrap nr 26 ************
  *******************************************
	   1) Maximum change 3.773529e-02
	 100) Maximum change 2.715370e-04
	 200) Maximum change 1.263028e-04
	 300) Maximum change 6.701608e-05
	 400) Maximum change 3.732023e-05
	 500) Maximum change 2.104118e-05
	 600) Maximum change 1.182894e-05
	 700) Maximum change 6.644884e-06
	 800) Maximum change 3.731977e-06
	 900) Maximum change 2.095877e-06
	1000) Maximum change 1.177024e-06
	Converged in 1030 iterations. Final maximum change 9.89943e-07
  *******************************************
  ******** Start bootstrap nr 27 ************
  *******************************************
	   1) Maximum change 3.046812e-02
	 100) Maximum change 2.654640e-04
	 200) Maximum change 2.041222e-04
	 300) Maximum change 1.559327e-04
	 400) Maximum change 1.187021e-04
	 500) Maximum change 9.034244e-05
	 600) Maximum change 6.875866e-05
	 700) Maximum change 5.233221e-05
	 800) Maximum change 3.983050e-05
	 900) Maximum change 3.031559e-05
	1000) Maximum change 2.307381e-05
	1100) Maximum change 1.756203e-05
	1200) Maximum change 1.336693e-05
	1300) Maximum change 1.017396e-05
	1400) Maximum change 7.743711e-06
	1500) Maximum change 5.893986e-06
	1600) Maximum change 4.486106e-06
	1700) Maximum change 3.414526e-06
	1800) Maximum change 2.598913e-06
	1900) Maximum change 1.978122e-06
	2000) Maximum change 1.505618e-06
	2100) Maximum change 1.145979e-06
	Converged in 2151 iterations. Final maximum change 9.97063e-07
  *******************************************
  ******** Start bootstrap nr 28 ************
  *******************************************
	   1) Maximum change 4.424425e-02
	 100) Maximum change 4.024564e-04
	 200) Maximum change 2.049998e-04
	 300) Maximum change 1.036875e-04
	 400) Maximum change 6.977128e-05
	 500) Maximum change 5.018593e-05
	 600) Maximum change 3.786694e-05
	 700) Maximum change 3.028089e-05
	 800) Maximum change 2.624358e-05
	 900) Maximum change 2.245005e-05
	1000) Maximum change 1.905978e-05
	1100) Maximum change 1.610906e-05
	1200) Maximum change 1.357872e-05
	1300) Maximum change 1.142742e-05
	1400) Maximum change 9.607616e-06
	1500) Maximum change 8.072874e-06
	1600) Maximum change 6.780882e-06
	1700) Maximum change 5.694432e-06
	1800) Maximum change 4.781428e-06
	1900) Maximum change 4.014487e-06
	2000) Maximum change 3.370399e-06
	2100) Maximum change 2.829564e-06
	2200) Maximum change 2.375470e-06
	2300) Maximum change 1.994228e-06
	2400) Maximum change 1.674160e-06
	2500) Maximum change 1.405455e-06
	2600) Maximum change 1.179875e-06
	Converged in 2696 iterations. Final maximum change 9.9746e-07
  *******************************************
  ******** Start bootstrap nr 29 ************
  *******************************************
	   1) Maximum change 4.642880e-02
	 100) Maximum change 1.493573e-04
	 200) Maximum change 5.777665e-05
	 300) Maximum change 3.523832e-05
	 400) Maximum change 2.081513e-05
	 500) Maximum change 1.219343e-05
	 600) Maximum change 7.131743e-06
	 700) Maximum change 4.170022e-06
	 800) Maximum change 2.438133e-06
	 900) Maximum change 1.425515e-06
	Converged in 968 iterations. Final maximum change 9.89631e-07
  *******************************************
  ******** Start bootstrap nr 30 ************
  *******************************************
	   1) Maximum change 4.423834e-02
	 100) Maximum change 1.304521e-04
	 200) Maximum change 1.481029e-05
	 300) Maximum change 5.692350e-06
	 400) Maximum change 3.775970e-06
	 500) Maximum change 2.481300e-06
	 600) Maximum change 1.612171e-06
	 700) Maximum change 1.045561e-06
	Converged in 712 iterations. Final maximum change 9.92592e-07
  *******************************************
  ******** Start bootstrap nr 31 ************
  *******************************************
	   1) Maximum change 3.255514e-02
	 100) Maximum change 5.432527e-04
	 200) Maximum change 4.037550e-04
	 300) Maximum change 2.505342e-04
	 400) Maximum change 1.497172e-04
	 500) Maximum change 8.868293e-05
	 600) Maximum change 5.241818e-05
	 700) Maximum change 3.096696e-05
	 800) Maximum change 1.829196e-05
	 900) Maximum change 1.080460e-05
	1000) Maximum change 6.381953e-06
	1100) Maximum change 3.769623e-06
	1200) Maximum change 2.226599e-06
	1300) Maximum change 1.315182e-06
	Converged in 1354 iterations. Final maximum change 9.89719e-07
  *******************************************
  ******** Start bootstrap nr 32 ************
  *******************************************
	   1) Maximum change 7.563899e-02
	 100) Maximum change 1.411342e-03
	 200) Maximum change 6.770962e-04
	 300) Maximum change 3.390293e-04
	 400) Maximum change 1.725239e-04
	 500) Maximum change 8.830892e-05
	 600) Maximum change 4.529633e-05
	 700) Maximum change 2.325084e-05
	 800) Maximum change 1.193781e-05
	 900) Maximum change 6.129837e-06
	1000) Maximum change 3.147647e-06
	1100) Maximum change 1.616320e-06
	Converged in 1174 iterations. Final maximum change 9.87023e-07
  *******************************************
  ******** Start bootstrap nr 33 ************
  *******************************************
	   1) Maximum change 6.786478e-02
	 100) Maximum change 9.314129e-05
	 200) Maximum change 5.182561e-05
	 300) Maximum change 2.834987e-05
	 400) Maximum change 1.550779e-05
	 500) Maximum change 8.482974e-06
	 600) Maximum change 4.640302e-06
	 700) Maximum change 2.538307e-06
	 800) Maximum change 1.388488e-06
	Converged in 856 iterations. Final maximum change 9.9035e-07
  *******************************************
  ******** Start bootstrap nr 34 ************
  *******************************************
	   1) Maximum change 2.604998e-02
	 100) Maximum change 3.759375e-04
	 200) Maximum change 2.568569e-04
	 300) Maximum change 1.755467e-04
	 400) Maximum change 1.202890e-04
	 500) Maximum change 8.246151e-05
	 600) Maximum change 5.653231e-05
	 700) Maximum change 3.875573e-05
	 800) Maximum change 2.656851e-05
	 900) Maximum change 1.821345e-05
	1000) Maximum change 1.248570e-05
	1100) Maximum change 8.559151e-06
	1200) Maximum change 5.867410e-06
	1300) Maximum change 4.022173e-06
	1400) Maximum change 2.757237e-06
	1500) Maximum change 1.890108e-06
	1600) Maximum change 1.295683e-06
	Converged in 1670 iterations. Final maximum change 9.94733e-07
  *******************************************
  ******** Start bootstrap nr 35 ************
  *******************************************
	   1) Maximum change 1.252774e-01
	 100) Maximum change 3.133751e-04
	 200) Maximum change 1.653963e-04
	 300) Maximum change 1.302195e-04
	 400) Maximum change 1.033823e-04
	 500) Maximum change 8.212591e-05
	 600) Maximum change 6.523852e-05
	 700) Maximum change 5.182047e-05
	 800) Maximum change 4.116004e-05
	 900) Maximum change 3.269128e-05
	1000) Maximum change 2.596411e-05
	1100) Maximum change 2.062070e-05
	1200) Maximum change 1.637661e-05
	1300) Maximum change 1.300581e-05
	1400) Maximum change 1.032868e-05
	1500) Maximum change 8.202529e-06
	1600) Maximum change 6.513988e-06
	1700) Maximum change 5.173009e-06
	1800) Maximum change 4.108063e-06
	1900) Maximum change 3.262340e-06
	2000) Maximum change 2.590716e-06
	2100) Maximum change 2.057355e-06
	2200) Maximum change 1.633795e-06
	2300) Maximum change 1.297435e-06
	2400) Maximum change 1.030321e-06
	Converged in 2414 iterations. Final maximum change 9.97593e-07
  *******************************************
  ******** Start bootstrap nr 36 ************
  *******************************************
	   1) Maximum change 5.526233e-02
	 100) Maximum change 4.972424e-04
	 200) Maximum change 2.909725e-04
	 300) Maximum change 1.821748e-04
	 400) Maximum change 1.145556e-04
	 500) Maximum change 7.205058e-05
	 600) Maximum change 4.531555e-05
	 700) Maximum change 2.850003e-05
	 800) Maximum change 1.792403e-05
	 900) Maximum change 1.127253e-05
	1000) Maximum change 7.089306e-06
	1100) Maximum change 4.458454e-06
	1200) Maximum change 2.803907e-06
	1300) Maximum change 1.763365e-06
	1400) Maximum change 1.108971e-06
	Converged in 1424 iterations. Final maximum change 9.92156e-07
  *******************************************
  ******** Start bootstrap nr 37 ************
  *******************************************
	   1) Maximum change 4.350410e-02
	 100) Maximum change 3.790624e-04
	 200) Maximum change 1.840647e-04
	 300) Maximum change 8.776906e-05
	 400) Maximum change 4.174142e-05
	 500) Maximum change 1.983996e-05
	 600) Maximum change 9.428808e-06
	 700) Maximum change 4.480843e-06
	 800) Maximum change 2.129412e-06
	 900) Maximum change 1.011950e-06
	Converged in 903 iterations. Final maximum change 9.8962e-07
  *******************************************
  ******** Start bootstrap nr 38 ************
  *******************************************
	   1) Maximum change 6.926970e-02
	 100) Maximum change 2.510648e-04
	 200) Maximum change 1.255059e-04
	 300) Maximum change 6.023397e-05
	 400) Maximum change 2.829290e-05
	 500) Maximum change 1.327315e-05
	 600) Maximum change 6.226451e-06
	 700) Maximum change 2.920831e-06
	 800) Maximum change 1.370165e-06
	Converged in 843 iterations. Final maximum change 9.89511e-07
  *******************************************
  ******** Start bootstrap nr 39 ************
  *******************************************
	   1) Maximum change 7.321809e-02
	 100) Maximum change 1.161039e-03
	 200) Maximum change 7.280722e-04
	 300) Maximum change 5.163595e-04
	 400) Maximum change 3.728638e-04
	 500) Maximum change 2.698990e-04
	 600) Maximum change 1.954296e-04
	 700) Maximum change 1.415129e-04
	 800) Maximum change 1.024713e-04
	 900) Maximum change 7.420064e-05
	1000) Maximum change 5.372941e-05
	1100) Maximum change 3.890593e-05
	1200) Maximum change 2.817208e-05
	1300) Maximum change 2.039960e-05
	1400) Maximum change 1.477149e-05
	1500) Maximum change 1.069613e-05
	1600) Maximum change 7.745131e-06
	1700) Maximum change 5.608295e-06
	1800) Maximum change 4.060998e-06
	1900) Maximum change 2.940592e-06
	2000) Maximum change 2.129299e-06
	2100) Maximum change 1.541837e-06
	2200) Maximum change 1.116453e-06
	Converged in 2236 iterations. Final maximum change 9.93958e-07
  *******************************************
  ******** Start bootstrap nr 40 ************
  *******************************************
	   1) Maximum change 8.748815e-02
	 100) Maximum change 6.069390e-04
	 200) Maximum change 4.164323e-04
	 300) Maximum change 2.989682e-04
	 400) Maximum change 2.150485e-04
	 500) Maximum change 1.546999e-04
	 600) Maximum change 1.112883e-04
	 700) Maximum change 8.005938e-05
	 800) Maximum change 5.759393e-05
	 900) Maximum change 4.143263e-05
	1000) Maximum change 2.980637e-05
	1100) Maximum change 2.144255e-05
	1200) Maximum change 1.542567e-05
	1300) Maximum change 1.109717e-05
	1400) Maximum change 7.983260e-06
	1500) Maximum change 5.743130e-06
	1600) Maximum change 4.131589e-06
	1700) Maximum change 2.972252e-06
	1800) Maximum change 2.138229e-06
	1900) Maximum change 1.538236e-06
	2000) Maximum change 1.106602e-06
	Converged in 2032 iterations. Final maximum change 9.95911e-07
  *******************************************
  ******** Start bootstrap nr 41 ************
  *******************************************
	   1) Maximum change 4.369619e-02
	 100) Maximum change 1.000715e-04
	 200) Maximum change 5.750425e-05
	 300) Maximum change 3.237454e-05
	 400) Maximum change 1.811454e-05
	 500) Maximum change 1.011659e-05
	 600) Maximum change 5.646653e-06
	 700) Maximum change 3.151165e-06
	 800) Maximum change 1.758440e-06
	Converged in 898 iterations. Final maximum change 9.92741e-07
  *******************************************
  ******** Start bootstrap nr 42 ************
  *******************************************
	   1) Maximum change 2.575684e-02
	 100) Maximum change 1.558063e-04
	 200) Maximum change 1.089110e-04
	 300) Maximum change 6.988163e-05
	 400) Maximum change 4.416327e-05
	 500) Maximum change 2.788740e-05
	 600) Maximum change 1.760904e-05
	 700) Maximum change 1.111891e-05
	 800) Maximum change 7.020831e-06
	 900) Maximum change 4.433174e-06
	1000) Maximum change 2.799246e-06
	1100) Maximum change 1.767532e-06
	1200) Maximum change 1.116075e-06
	Converged in 1225 iterations. Final maximum change 9.94888e-07
  *******************************************
  ******** Start bootstrap nr 43 ************
  *******************************************
	   1) Maximum change 3.587727e-02
	 100) Maximum change 3.452219e-04
	 200) Maximum change 2.161453e-04
	 300) Maximum change 1.163513e-04
	 400) Maximum change 5.715716e-05
	 500) Maximum change 2.740789e-05
	 600) Maximum change 1.305269e-05
	 700) Maximum change 6.203867e-06
	 800) Maximum change 2.946961e-06
	 900) Maximum change 1.399632e-06
	Converged in 947 iterations. Final maximum change 9.86347e-07
  *******************************************
  ******** Start bootstrap nr 44 ************
  *******************************************
	   1) Maximum change 1.418844e-02
	 100) Maximum change 3.031403e-04
	 200) Maximum change 2.019787e-04
	 300) Maximum change 1.203083e-04
	 400) Maximum change 6.984300e-05
	 500) Maximum change 4.029499e-05
	 600) Maximum change 2.321208e-05
	 700) Maximum change 1.336632e-05
	 800) Maximum change 7.696068e-06
	 900) Maximum change 4.431142e-06
	1000) Maximum change 2.551290e-06
	1100) Maximum change 1.468937e-06
	Converged in 1171 iterations. Final maximum change 9.92605e-07
  *******************************************
  ******** Start bootstrap nr 45 ************
  *******************************************
	   1) Maximum change 4.704478e-02
	 100) Maximum change 2.607980e-04
	 200) Maximum change 2.049702e-04
	 300) Maximum change 1.742082e-04
	 400) Maximum change 1.476047e-04
	 500) Maximum change 1.249955e-04
	 600) Maximum change 1.058427e-04
	 700) Maximum change 8.962642e-05
	 800) Maximum change 7.589714e-05
	 900) Maximum change 6.427288e-05
	1000) Maximum change 5.443035e-05
	1100) Maximum change 4.609607e-05
	1200) Maximum change 3.903863e-05
	1300) Maximum change 3.306221e-05
	1400) Maximum change 2.800107e-05
	1500) Maximum change 2.371496e-05
	1600) Maximum change 2.008510e-05
	1700) Maximum change 1.701096e-05
	1800) Maximum change 1.440743e-05
	1900) Maximum change 1.220245e-05
	2000) Maximum change 1.033497e-05
	2100) Maximum change 8.753325e-06
	2200) Maximum change 7.413759e-06
	2300) Maximum change 6.279211e-06
	2400) Maximum change 5.318299e-06
	2500) Maximum change 4.504446e-06
	2600) Maximum change 3.815141e-06
	2700) Maximum change 3.231325e-06
	2800) Maximum change 2.736850e-06
	2900) Maximum change 2.318046e-06
	3000) Maximum change 1.963330e-06
	3100) Maximum change 1.662895e-06
	3200) Maximum change 1.408435e-06
	3300) Maximum change 1.192913e-06
	3400) Maximum change 1.010372e-06
	Converged in 3408 iterations. Final maximum change 9.97039e-07
  *******************************************
  ******** Start bootstrap nr 46 ************
  *******************************************
	   1) Maximum change 3.170257e-02
	 100) Maximum change 4.340838e-05
	 200) Maximum change 2.488187e-05
	 300) Maximum change 1.510521e-05
	 400) Maximum change 9.171202e-06
	 500) Maximum change 5.568331e-06
	 600) Maximum change 3.380831e-06
	 700) Maximum change 2.052682e-06
	 800) Maximum change 1.246291e-06
	Converged in 846 iterations. Final maximum change 9.90719e-07
  *******************************************
  ******** Start bootstrap nr 47 ************
  *******************************************
	   1) Maximum change 3.899197e-02
	 100) Maximum change 1.340013e-04
	 200) Maximum change 5.539206e-05
	 300) Maximum change 3.034360e-05
	 400) Maximum change 1.684040e-05
	 500) Maximum change 9.351029e-06
	 600) Maximum change 5.192473e-06
	 700) Maximum change 2.883294e-06
	 800) Maximum change 1.601045e-06
	Converged in 882 iterations. Final maximum change 9.88326e-07
  *******************************************
  ******** Start bootstrap nr 48 ************
  *******************************************
	   1) Maximum change 2.775132e-02
	 100) Maximum change 8.240848e-04
	 200) Maximum change 2.742523e-04
	 300) Maximum change 1.418827e-04
	 400) Maximum change 8.320178e-05
	 500) Maximum change 5.000708e-05
	 600) Maximum change 3.018894e-05
	 700) Maximum change 1.823900e-05
	 800) Maximum change 1.102078e-05
	 900) Maximum change 6.659376e-06
	1000) Maximum change 4.023983e-06
	1100) Maximum change 2.431525e-06
	1200) Maximum change 1.469269e-06
	Converged in 1278 iterations. Final maximum change 9.91874e-07
  *******************************************
  ******** Start bootstrap nr 49 ************
  *******************************************
	   1) Maximum change 9.894702e-02
	 100) Maximum change 8.366764e-05
	 200) Maximum change 5.968315e-05
	 300) Maximum change 4.292939e-05
	 400) Maximum change 3.090491e-05
	 500) Maximum change 2.224960e-05
	 600) Maximum change 1.601847e-05
	 700) Maximum change 1.153247e-05
	 800) Maximum change 8.302810e-06
	 900) Maximum change 5.977633e-06
	1000) Maximum change 4.303623e-06
	1100) Maximum change 3.098416e-06
	1200) Maximum change 2.230724e-06
	1300) Maximum change 1.606024e-06
	1400) Maximum change 1.156268e-06
	Converged in 1446 iterations. Final maximum change 9.94057e-07
  *******************************************
  ******** Start bootstrap nr 50 ************
  *******************************************
	   1) Maximum change 1.368555e-01
	 100) Maximum change 7.412432e-04
	 200) Maximum change 5.569548e-04
	 300) Maximum change 3.829544e-04
	 400) Maximum change 2.564304e-04
	 500) Maximum change 1.702230e-04
	 600) Maximum change 1.126719e-04
	 700) Maximum change 7.450898e-05
	 800) Maximum change 4.925835e-05
	 900) Maximum change 3.256276e-05
	1000) Maximum change 2.152586e-05
	1100) Maximum change 1.422999e-05
	1200) Maximum change 9.407066e-06
	1300) Maximum change 6.218819e-06
	1400) Maximum change 4.111164e-06
	1500) Maximum change 2.717839e-06
	1600) Maximum change 1.796736e-06
	1700) Maximum change 1.187806e-06
	Converged in 1743 iterations. Final maximum change 9.94149e-07
  *******************************************
  ******** Start bootstrap nr 51 ************
  *******************************************
	   1) Maximum change 7.167285e-02
	 100) Maximum change 6.022634e-04
	 200) Maximum change 2.616691e-04
	 300) Maximum change 1.226929e-04
	 400) Maximum change 5.635060e-05
	 500) Maximum change 2.581422e-05
	 600) Maximum change 1.182167e-05
	 700) Maximum change 5.413533e-06
	 800) Maximum change 2.479022e-06
	 900) Maximum change 1.135219e-06
	Converged in 918 iterations. Final maximum change 9.86302e-07
  *******************************************
  ******** Start bootstrap nr 52 ************
  *******************************************
	   1) Maximum change 8.545591e-02
	 100) Maximum change 4.848888e-04
	 200) Maximum change 3.686506e-04
	 300) Maximum change 2.703196e-04
	 400) Maximum change 1.964461e-04
	 500) Maximum change 1.423835e-04
	 600) Maximum change 1.031189e-04
	 700) Maximum change 7.466599e-05
	 800) Maximum change 5.406111e-05
	 900) Maximum change 3.914217e-05
	1000) Maximum change 2.834050e-05
	1100) Maximum change 2.051980e-05
	1200) Maximum change 1.485736e-05
	1300) Maximum change 1.075752e-05
	1400) Maximum change 7.789045e-06
	1500) Maximum change 5.639719e-06
	1600) Maximum change 4.083490e-06
	1700) Maximum change 2.956692e-06
	1800) Maximum change 2.140825e-06
	1900) Maximum change 1.550088e-06
	2000) Maximum change 1.122360e-06
	Converged in 2037 iterations. Final maximum change 9.95974e-07
  *******************************************
  ******** Start bootstrap nr 53 ************
  *******************************************
	   1) Maximum change 6.467245e-02
	 100) Maximum change 4.914600e-04
	 200) Maximum change 2.190967e-04
	 300) Maximum change 9.735877e-05
	 400) Maximum change 4.325747e-05
	 500) Maximum change 1.921981e-05
	 600) Maximum change 8.539634e-06
	 700) Maximum change 3.794288e-06
	 800) Maximum change 1.685861e-06
	Converged in 866 iterations. Final maximum change 9.86951e-07
  *******************************************
  ******** Start bootstrap nr 54 ************
  *******************************************
	   1) Maximum change 4.847248e-02
	 100) Maximum change 6.478532e-04
	 200) Maximum change 3.751427e-04
	 300) Maximum change 2.899810e-04
	 400) Maximum change 2.296429e-04
	 500) Maximum change 1.821723e-04
	 600) Maximum change 1.445327e-04
	 700) Maximum change 1.146715e-04
	 800) Maximum change 9.098017e-05
	 900) Maximum change 7.218371e-05
	1000) Maximum change 5.727070e-05
	1100) Maximum change 4.543876e-05
	1200) Maximum change 3.605130e-05
	1300) Maximum change 2.860327e-05
	1400) Maximum change 2.269399e-05
	1500) Maximum change 1.800554e-05
	1600) Maximum change 1.428571e-05
	1700) Maximum change 1.133437e-05
	1800) Maximum change 8.992764e-06
	1900) Maximum change 7.134920e-06
	2000) Maximum change 5.660894e-06
	2100) Maximum change 4.491393e-06
	2200) Maximum change 3.563502e-06
	2300) Maximum change 2.827308e-06
	2400) Maximum change 2.243206e-06
	2500) Maximum change 1.779776e-06
	2600) Maximum change 1.412087e-06
	2700) Maximum change 1.120360e-06
	Converged in 2751 iterations. Final maximum change 9.95634e-07
  *******************************************
  ******** Start bootstrap nr 55 ************
  *******************************************
	   1) Maximum change 4.468327e-02
	 100) Maximum change 8.273631e-05
	 200) Maximum change 6.667871e-05
	 300) Maximum change 5.470879e-05
	 400) Maximum change 4.450485e-05
	 500) Maximum change 3.616538e-05
	 600) Maximum change 2.938331e-05
	 700) Maximum change 2.387153e-05
	 800) Maximum change 1.939282e-05
	 900) Maximum change 1.575386e-05
	1000) Maximum change 1.279738e-05
	1100) Maximum change 1.039550e-05
	1200) Maximum change 8.444267e-06
	1300) Maximum change 6.859178e-06
	1400) Maximum change 5.571563e-06
	1500) Maximum change 4.525617e-06
	1600) Maximum change 3.675996e-06
	1700) Maximum change 2.985861e-06
	1800) Maximum change 2.425280e-06
	1900) Maximum change 1.969937e-06
	2000) Maximum change 1.600078e-06
	2100) Maximum change 1.299657e-06
	2200) Maximum change 1.055640e-06
	Converged in 2228 iterations. Final maximum change 9.95922e-07
  *******************************************
  ******** Start bootstrap nr 56 ************
  *******************************************
	   1) Maximum change 5.800545e-02
	 100) Maximum change 1.848554e-04
	 200) Maximum change 1.152037e-04
	 300) Maximum change 8.358753e-05
	 400) Maximum change 6.109223e-05
	 500) Maximum change 4.467445e-05
	 600) Maximum change 3.267048e-05
	 700) Maximum change 2.389216e-05
	 800) Maximum change 1.747255e-05
	 900) Maximum change 1.277786e-05
	1000) Maximum change 9.344586e-06
	1100) Maximum change 6.833803e-06
	1200) Maximum change 4.997642e-06
	1300) Maximum change 3.654836e-06
	1400) Maximum change 2.672827e-06
	1500) Maximum change 1.954672e-06
	1600) Maximum change 1.429477e-06
	1700) Maximum change 1.045395e-06
	Converged in 1716 iterations. Final maximum change 9.94337e-07
  *******************************************
  ******** Start bootstrap nr 57 ************
  *******************************************
	   1) Maximum change 2.272181e-02
	 100) Maximum change 3.165189e-04
	 200) Maximum change 1.323862e-04
	 300) Maximum change 1.091116e-04
	 400) Maximum change 8.859657e-05
	 500) Maximum change 7.184625e-05
	 600) Maximum change 5.825517e-05
	 700) Maximum change 4.723376e-05
	 800) Maximum change 3.829687e-05
	 900) Maximum change 3.105049e-05
	1000) Maximum change 2.517497e-05
	1100) Maximum change 2.041108e-05
	1200) Maximum change 1.654854e-05
	1300) Maximum change 1.341687e-05
	1400) Maximum change 1.087779e-05
	1500) Maximum change 8.819181e-06
	1600) Maximum change 7.150143e-06
	1700) Maximum change 5.796957e-06
	1800) Maximum change 4.699857e-06
	1900) Maximum change 3.810381e-06
	2000) Maximum change 3.089240e-06
	2100) Maximum change 2.504577e-06
	2200) Maximum change 2.030565e-06
	2300) Maximum change 1.646262e-06
	2400) Maximum change 1.334691e-06
	2500) Maximum change 1.082088e-06
	Converged in 2539 iterations. Final maximum change 9.97046e-07
  *******************************************
  ******** Start bootstrap nr 58 ************
  *******************************************
	   1) Maximum change 3.011383e-02
	 100) Maximum change 3.097178e-04
	 200) Maximum change 1.311182e-04
	 300) Maximum change 7.733167e-05
	 400) Maximum change 4.934292e-05
	 500) Maximum change 3.194263e-05
	 600) Maximum change 2.073038e-05
	 700) Maximum change 1.345956e-05
	 800) Maximum change 8.739496e-06
	 900) Maximum change 5.674754e-06
	1000) Maximum change 3.684754e-06
	1100) Maximum change 2.392599e-06
	1200) Maximum change 1.553571e-06
	1300) Maximum change 1.008771e-06
	Converged in 1304 iterations. Final maximum change 9.91498e-07
  *******************************************
  ******** Start bootstrap nr 59 ************
  *******************************************
	   1) Maximum change 3.714001e-02
	 100) Maximum change 1.904924e-04
	 200) Maximum change 3.344120e-05
	 300) Maximum change 1.573524e-05
	 400) Maximum change 9.418936e-06
	 500) Maximum change 6.086065e-06
	 600) Maximum change 4.010822e-06
	 700) Maximum change 2.655879e-06
	 800) Maximum change 1.760678e-06
	 900) Maximum change 1.167536e-06
	Converged in 939 iterations. Final maximum change 9.94724e-07
  *******************************************
  ******** Start bootstrap nr 60 ************
  *******************************************
	   1) Maximum change 7.847216e-02
	 100) Maximum change 2.002012e-04
	 200) Maximum change 9.707583e-05
	 300) Maximum change 7.598626e-05
	 400) Maximum change 5.988966e-05
	 500) Maximum change 4.722681e-05
	 600) Maximum change 3.724243e-05
	 700) Maximum change 2.936875e-05
	 800) Maximum change 2.315957e-05
	 900) Maximum change 1.826305e-05
	1000) Maximum change 1.440173e-05
	1100) Maximum change 1.135676e-05
	1200) Maximum change 8.955575e-06
	1300) Maximum change 7.062063e-06
	1400) Maximum change 5.568895e-06
	1500) Maximum change 4.391431e-06
	1600) Maximum change 3.462921e-06
	1700) Maximum change 2.730731e-06
	1800) Maximum change 2.153351e-06
	1900) Maximum change 1.698051e-06
	2000) Maximum change 1.339018e-06
	2100) Maximum change 1.055898e-06
	Converged in 2124 iterations. Final maximum change 9.97385e-07
  *******************************************
  ******** Start bootstrap nr 61 ************
  *******************************************
	   1) Maximum change 4.350854e-02
	 100) Maximum change 1.357072e-04
	 200) Maximum change 6.716842e-05
	 300) Maximum change 5.653223e-05
	 400) Maximum change 4.500185e-05
	 500) Maximum change 3.573668e-05
	 600) Maximum change 2.837582e-05
	 700) Maximum change 2.253088e-05
	 800) Maximum change 1.788982e-05
	 900) Maximum change 1.420470e-05
	1000) Maximum change 1.127864e-05
	1100) Maximum change 8.955311e-06
	1200) Maximum change 7.110557e-06
	1300) Maximum change 5.645806e-06
	1400) Maximum change 4.482783e-06
	1500) Maximum change 3.559337e-06
	1600) Maximum change 2.826117e-06
	1700) Maximum change 2.243938e-06
	1800) Maximum change 1.781687e-06
	1900) Maximum change 1.414659e-06
	2000) Maximum change 1.123239e-06
	Converged in 2052 iterations. Final maximum change 9.96266e-07
  *******************************************
  ******** Start bootstrap nr 62 ************
  *******************************************
	   1) Maximum change 2.431212e-02
	 100) Maximum change 4.167235e-04
	 200) Maximum change 2.561760e-04
	 300) Maximum change 1.550156e-04
	 400) Maximum change 9.339645e-05
	 500) Maximum change 5.620260e-05
	 600) Maximum change 3.380886e-05
	 700) Maximum change 2.033570e-05
	 800) Maximum change 1.223132e-05
	 900) Maximum change 7.356686e-06
	1000) Maximum change 4.424752e-06
	1100) Maximum change 2.661305e-06
	1200) Maximum change 1.600663e-06
	Converged in 1294 iterations. Final maximum change 9.92571e-07
  *******************************************
  ******** Start bootstrap nr 63 ************
  *******************************************
	   1) Maximum change 2.043608e-02
	 100) Maximum change 1.940206e-04
	 200) Maximum change 1.031806e-04
	 300) Maximum change 6.427785e-05
	 400) Maximum change 4.290485e-05
	 500) Maximum change 2.938078e-05
	 600) Maximum change 2.029926e-05
	 700) Maximum change 1.406717e-05
	 800) Maximum change 9.758296e-06
	 900) Maximum change 6.771564e-06
	1000) Maximum change 4.699519e-06
	1100) Maximum change 3.261627e-06
	1200) Maximum change 2.263709e-06
	1300) Maximum change 1.571117e-06
	1400) Maximum change 1.090429e-06
	Converged in 1425 iterations. Final maximum change 9.95274e-07
  *******************************************
  ******** Start bootstrap nr 64 ************
  *******************************************
	   1) Maximum change 4.240459e-02
	 100) Maximum change 1.800971e-04
	 200) Maximum change 1.216071e-04
	 300) Maximum change 8.520525e-05
	 400) Maximum change 6.036071e-05
	 500) Maximum change 4.289945e-05
	 600) Maximum change 3.051849e-05
	 700) Maximum change 2.171688e-05
	 800) Maximum change 1.545501e-05
	 900) Maximum change 1.099900e-05
	1000) Maximum change 7.827838e-06
	1100) Maximum change 5.570990e-06
	1200) Maximum change 3.964824e-06
	1300) Maximum change 2.821734e-06
	1400) Maximum change 2.008208e-06
	1500) Maximum change 1.429229e-06
	1600) Maximum change 1.017173e-06
	Converged in 1607 iterations. Final maximum change 9.93245e-07
  *******************************************
  ******** Start bootstrap nr 65 ************
  *******************************************
	   1) Maximum change 3.602591e-02
	 100) Maximum change 1.695121e-04
	 200) Maximum change 7.439161e-05
	 300) Maximum change 4.570651e-05
	 400) Maximum change 2.918209e-05
	 500) Maximum change 1.869932e-05
	 600) Maximum change 1.198620e-05
	 700) Maximum change 7.683366e-06
	 800) Maximum change 4.925196e-06
	 900) Maximum change 3.157157e-06
	1000) Maximum change 2.023807e-06
	1100) Maximum change 1.297306e-06
	Converged in 1160 iterations. Final maximum change 9.93497e-07
  *******************************************
  ******** Start bootstrap nr 66 ************
  *******************************************
	   1) Maximum change 3.184750e-02
	 100) Maximum change 2.119603e-04
	 200) Maximum change 7.462939e-05
	 300) Maximum change 5.292028e-05
	 400) Maximum change 3.742018e-05
	 500) Maximum change 2.645903e-05
	 600) Maximum change 1.870893e-05
	 700) Maximum change 1.322906e-05
	 800) Maximum change 9.354333e-06
	 900) Maximum change 6.614534e-06
	1000) Maximum change 4.677217e-06
	1100) Maximum change 3.307327e-06
	1200) Maximum change 2.338663e-06
	1300) Maximum change 1.653708e-06
	1400) Maximum change 1.169366e-06
	Converged in 1447 iterations. Final maximum change 9.93618e-07
  *******************************************
  ******** Start bootstrap nr 67 ************
  *******************************************
	   1) Maximum change 3.875605e-02
	 100) Maximum change 1.393070e-04
	 200) Maximum change 1.021254e-04
	 300) Maximum change 7.479479e-05
	 400) Maximum change 5.396492e-05
	 500) Maximum change 3.887758e-05
	 600) Maximum change 2.800411e-05
	 700) Maximum change 2.017154e-05
	 800) Maximum change 1.452970e-05
	 900) Maximum change 1.046586e-05
	1000) Maximum change 7.538654e-06
	1100) Maximum change 5.430165e-06
	1200) Maximum change 3.911403e-06
	1300) Maximum change 2.817425e-06
	1400) Maximum change 2.029421e-06
	1500) Maximum change 1.461814e-06
	1600) Maximum change 1.052961e-06
	Converged in 1617 iterations. Final maximum change 9.95837e-07
  *******************************************
  ******** Start bootstrap nr 68 ************
  *******************************************
	   1) Maximum change 4.777719e-02
	 100) Maximum change 3.187901e-04
	 200) Maximum change 2.116149e-04
	 300) Maximum change 1.431084e-04
	 400) Maximum change 9.706930e-05
	 500) Maximum change 6.587261e-05
	 600) Maximum change 4.470606e-05
	 700) Maximum change 3.034164e-05
	 800) Maximum change 2.059287e-05
	 900) Maximum change 1.397648e-05
	1000) Maximum change 9.485951e-06
	1100) Maximum change 6.438213e-06
	1200) Maximum change 4.369692e-06
	1300) Maximum change 2.965766e-06
	1400) Maximum change 2.012905e-06
	1500) Maximum change 1.366187e-06
	Converged in 1582 iterations. Final maximum change 9.94244e-07
  *******************************************
  ******** Start bootstrap nr 69 ************
  *******************************************
	   1) Maximum change 6.053361e-02
	 100) Maximum change 2.562669e-04
	 200) Maximum change 2.103836e-04
	 300) Maximum change 1.741595e-04
	 400) Maximum change 1.432468e-04
	 500) Maximum change 1.176961e-04
	 600) Maximum change 9.668445e-05
	 700) Maximum change 7.942024e-05
	 800) Maximum change 6.523743e-05
	 900) Maximum change 5.358662e-05
	1000) Maximum change 4.401604e-05
	1100) Maximum change 3.615443e-05
	1200) Maximum change 2.969675e-05
	1300) Maximum change 2.439234e-05
	1400) Maximum change 2.003529e-05
	1500) Maximum change 1.645645e-05
	1600) Maximum change 1.351684e-05
	1700) Maximum change 1.110229e-05
	1800) Maximum change 9.119044e-06
	1900) Maximum change 7.490056e-06
	2000) Maximum change 6.152053e-06
	2100) Maximum change 5.053061e-06
	2200) Maximum change 4.150386e-06
	2300) Maximum change 3.408961e-06
	2400) Maximum change 2.799983e-06
	2500) Maximum change 2.299791e-06
	2600) Maximum change 1.888953e-06
	2700) Maximum change 1.551507e-06
	2800) Maximum change 1.274343e-06
	2900) Maximum change 1.046691e-06
	Converged in 2925 iterations. Final maximum change 9.96391e-07
  *******************************************
  ******** Start bootstrap nr 70 ************
  *******************************************
	   1) Maximum change 5.730431e-02
	 100) Maximum change 4.466796e-04
	 200) Maximum change 3.643661e-04
	 300) Maximum change 2.666485e-04
	 400) Maximum change 1.922688e-04
	 500) Maximum change 1.384287e-04
	 600) Maximum change 9.965129e-05
	 700) Maximum change 7.173622e-05
	 800) Maximum change 5.164134e-05
	 900) Maximum change 3.717571e-05
	1000) Maximum change 2.676228e-05
	1100) Maximum change 1.926587e-05
	1200) Maximum change 1.386931e-05
	1300) Maximum change 9.984403e-06
	1400) Maximum change 7.187698e-06
	1500) Maximum change 5.174375e-06
	1600) Maximum change 3.725000e-06
	1700) Maximum change 2.681605e-06
	1800) Maximum change 1.930472e-06
	1900) Maximum change 1.389736e-06
	2000) Maximum change 1.000464e-06
	Converged in 2002 iterations. Final maximum change 9.93908e-07
  *******************************************
  ******** Start bootstrap nr 71 ************
  *******************************************
	   1) Maximum change 2.358940e-02
	 100) Maximum change 1.783128e-04
	 200) Maximum change 1.491528e-05
	 300) Maximum change 1.012013e-05
	 400) Maximum change 9.197581e-06
	 500) Maximum change 8.366524e-06
	 600) Maximum change 7.610803e-06
	 700) Maximum change 6.923327e-06
	 800) Maximum change 6.297927e-06
	 900) Maximum change 5.729001e-06
	1000) Maximum change 5.211454e-06
	1100) Maximum change 4.740647e-06
	1200) Maximum change 4.312363e-06
	1300) Maximum change 3.922762e-06
	1400) Maximum change 3.568352e-06
	1500) Maximum change 3.245956e-06
	1600) Maximum change 2.952682e-06
	1700) Maximum change 2.685902e-06
	1800) Maximum change 2.443223e-06
	1900) Maximum change 2.222467e-06
	2000) Maximum change 2.021655e-06
	2100) Maximum change 1.838986e-06
	2200) Maximum change 1.672820e-06
	2300) Maximum change 1.521667e-06
	2400) Maximum change 1.384171e-06
	2500) Maximum change 1.259098e-06
	2600) Maximum change 1.145326e-06
	2700) Maximum change 1.041833e-06
	Converged in 2745 iterations. Final maximum change 9.98369e-07
  *******************************************
  ******** Start bootstrap nr 72 ************
  *******************************************
	   1) Maximum change 2.493610e-02
	 100) Maximum change 8.207820e-05
	 200) Maximum change 5.547465e-05
	 300) Maximum change 4.406327e-05
	 400) Maximum change 3.475337e-05
	 500) Maximum change 2.740490e-05
	 600) Maximum change 2.161010e-05
	 700) Maximum change 1.704061e-05
	 800) Maximum change 1.343735e-05
	 900) Maximum change 1.059600e-05
	1000) Maximum change 8.355453e-06
	1100) Maximum change 6.588677e-06
	1200) Maximum change 5.195489e-06
	1300) Maximum change 4.096892e-06
	1400) Maximum change 3.230596e-06
	1500) Maximum change 2.547480e-06
	1600) Maximum change 2.008810e-06
	1700) Maximum change 1.584043e-06
	1800) Maximum change 1.249094e-06
	Converged in 1895 iterations. Final maximum change 9.96754e-07
  *******************************************
  ******** Start bootstrap nr 73 ************
  *******************************************
	   1) Maximum change 5.189811e-02
	 100) Maximum change 3.931726e-04
	 200) Maximum change 3.240909e-04
	 300) Maximum change 2.620310e-04
	 400) Maximum change 2.110893e-04
	 500) Maximum change 1.699462e-04
	 600) Maximum change 1.368090e-04
	 700) Maximum change 1.101320e-04
	 800) Maximum change 8.865724e-05
	 900) Maximum change 7.137012e-05
	1000) Maximum change 5.745396e-05
	1100) Maximum change 4.625135e-05
	1200) Maximum change 3.723312e-05
	1300) Maximum change 2.997332e-05
	1400) Maximum change 2.412908e-05
	1500) Maximum change 1.942436e-05
	1600) Maximum change 1.563698e-05
	1700) Maximum change 1.258807e-05
	1800) Maximum change 1.013364e-05
	1900) Maximum change 8.157774e-06
	2000) Maximum change 6.567167e-06
	2100) Maximum change 5.286698e-06
	2200) Maximum change 4.255896e-06
	2300) Maximum change 3.426080e-06
	2400) Maximum change 2.758061e-06
	2500) Maximum change 2.220294e-06
	2600) Maximum change 1.787380e-06
	2700) Maximum change 1.438876e-06
	2800) Maximum change 1.158324e-06
	Converged in 2869 iterations. Final maximum change 9.9733e-07
  *******************************************
  ******** Start bootstrap nr 74 ************
  *******************************************
	   1) Maximum change 3.688705e-02
	 100) Maximum change 4.620237e-04
	 200) Maximum change 2.175520e-04
	 300) Maximum change 1.315620e-04
	 400) Maximum change 8.246757e-05
	 500) Maximum change 5.197166e-05
	 600) Maximum change 3.278259e-05
	 700) Maximum change 2.068225e-05
	 800) Maximum change 1.304888e-05
	 900) Maximum change 8.232978e-06
	1000) Maximum change 5.194518e-06
	1100) Maximum change 3.277451e-06
	1200) Maximum change 2.067896e-06
	1300) Maximum change 1.304735e-06
	Converged in 1359 iterations. Final maximum change 9.94347e-07
  *******************************************
  ******** Start bootstrap nr 75 ************
  *******************************************
	   1) Maximum change 1.037347e-01
	 100) Maximum change 8.582173e-05
	 200) Maximum change 2.252126e-05
	 300) Maximum change 1.674915e-05
	 400) Maximum change 1.256547e-05
	 500) Maximum change 9.430182e-06
	 600) Maximum change 7.077281e-06
	 700) Maximum change 5.311451e-06
	 800) Maximum change 3.986210e-06
	 900) Maximum change 2.991625e-06
	1000) Maximum change 2.245197e-06
	1100) Maximum change 1.685007e-06
	1200) Maximum change 1.264588e-06
	Converged in 1283 iterations. Final maximum change 9.96531e-07
  *******************************************
  ******** Start bootstrap nr 76 ************
  *******************************************
	   1) Maximum change 4.127248e-02
	 100) Maximum change 4.297952e-04
	 200) Maximum change 8.918240e-05
	 300) Maximum change 5.626061e-05
	 400) Maximum change 3.560783e-05
	 500) Maximum change 2.103893e-05
	 600) Maximum change 1.222033e-05
	 700) Maximum change 7.066385e-06
	 800) Maximum change 4.081267e-06
	 900) Maximum change 2.356432e-06
	1000) Maximum change 1.360435e-06
	Converged in 1058 iterations. Final maximum change 9.89244e-07
  *******************************************
  ******** Start bootstrap nr 77 ************
  *******************************************
	   1) Maximum change 2.833368e-02
	 100) Maximum change 1.550214e-04
	 200) Maximum change 9.484182e-05
	 300) Maximum change 6.965642e-05
	 400) Maximum change 5.096547e-05
	 500) Maximum change 3.728663e-05
	 600) Maximum change 2.727909e-05
	 700) Maximum change 1.995754e-05
	 800) Maximum change 1.460106e-05
	 900) Maximum change 1.068223e-05
	1000) Maximum change 7.815197e-06
	1100) Maximum change 5.717654e-06
	1200) Maximum change 4.183078e-06
	1300) Maximum change 3.060371e-06
	1400) Maximum change 2.238990e-06
	1500) Maximum change 1.638062e-06
	1600) Maximum change 1.198419e-06
	Converged in 1659 iterations. Final maximum change 9.96631e-07
  *******************************************
  ******** Start bootstrap nr 78 ************
  *******************************************
	   1) Maximum change 2.655325e-02
	 100) Maximum change 3.067109e-04
	 200) Maximum change 2.512117e-04
	 300) Maximum change 2.042964e-04
	 400) Maximum change 1.640238e-04
	 500) Maximum change 1.314649e-04
	 600) Maximum change 1.053429e-04
	 700) Maximum change 8.440754e-05
	 800) Maximum change 6.763179e-05
	 900) Maximum change 5.418967e-05
	1000) Maximum change 4.341892e-05
	1100) Maximum change 3.478876e-05
	1200) Maximum change 2.787383e-05
	1300) Maximum change 2.233330e-05
	1400) Maximum change 1.789400e-05
	1500) Maximum change 1.433709e-05
	1600) Maximum change 1.148719e-05
	1700) Maximum change 9.203768e-06
	1800) Maximum change 7.374235e-06
	1900) Maximum change 5.908372e-06
	2000) Maximum change 4.733892e-06
	2100) Maximum change 3.792874e-06
	2200) Maximum change 3.038914e-06
	2300) Maximum change 2.434827e-06
	2400) Maximum change 1.950822e-06
	2500) Maximum change 1.563029e-06
	2600) Maximum change 1.252323e-06
	2700) Maximum change 1.003381e-06
	Converged in 2703 iterations. Final maximum change 9.96729e-07
  *******************************************
  ******** Start bootstrap nr 79 ************
  *******************************************
	   1) Maximum change 5.241430e-02
	 100) Maximum change 2.741582e-04
	 200) Maximum change 1.281668e-04
	 300) Maximum change 7.602167e-05
	 400) Maximum change 4.541325e-05
	 500) Maximum change 2.699717e-05
	 600) Maximum change 1.604163e-05
	 700) Maximum change 9.531471e-06
	 800) Maximum change 5.663309e-06
	 900) Maximum change 3.364968e-06
	1000) Maximum change 1.999365e-06
	1100) Maximum change 1.187964e-06
	Converged in 1135 iterations. Final maximum change 9.9009e-07
  *******************************************
  ******** Start bootstrap nr 80 ************
  *******************************************
	   1) Maximum change 6.932386e-02
	 100) Maximum change 3.225312e-04
	 200) Maximum change 1.668240e-04
	 300) Maximum change 1.127123e-04
	 400) Maximum change 9.507301e-05
	 500) Maximum change 7.971101e-05
	 600) Maximum change 6.662726e-05
	 700) Maximum change 5.561918e-05
	 800) Maximum change 4.640530e-05
	 900) Maximum change 3.870940e-05
	1000) Maximum change 3.228687e-05
	1100) Maximum change 2.692888e-05
	1200) Maximum change 2.245963e-05
	1300) Maximum change 1.873193e-05
	1400) Maximum change 1.562285e-05
	1500) Maximum change 1.302975e-05
	1600) Maximum change 1.086703e-05
	1700) Maximum change 9.063259e-06
	1800) Maximum change 7.558876e-06
	1900) Maximum change 6.304192e-06
	2000) Maximum change 5.257764e-06
	2100) Maximum change 4.385027e-06
	2200) Maximum change 3.657152e-06
	2300) Maximum change 3.050096e-06
	2400) Maximum change 2.543805e-06
	2500) Maximum change 2.121552e-06
	2600) Maximum change 1.769390e-06
	2700) Maximum change 1.475683e-06
	2800) Maximum change 1.230730e-06
	2900) Maximum change 1.026437e-06
	Converged in 2916 iterations. Final maximum change 9.97056e-07
  *******************************************
  ******** Start bootstrap nr 81 ************
  *******************************************
	   1) Maximum change 4.992568e-02
	 100) Maximum change 6.163334e-04
	 200) Maximum change 4.752154e-04
	 300) Maximum change 3.258031e-04
	 400) Maximum change 2.214424e-04
	 500) Maximum change 1.504108e-04
	 600) Maximum change 1.021591e-04
	 700) Maximum change 6.938649e-05
	 800) Maximum change 4.712739e-05
	 900) Maximum change 3.200903e-05
	1000) Maximum change 2.174062e-05
	1100) Maximum change 1.476630e-05
	1200) Maximum change 1.002932e-05
	1300) Maximum change 6.811954e-06
	1400) Maximum change 4.626705e-06
	1500) Maximum change 3.142477e-06
	1600) Maximum change 2.134383e-06
	1700) Maximum change 1.449681e-06
	Converged in 1797 iterations. Final maximum change 9.9612e-07
  *******************************************
  ******** Start bootstrap nr 82 ************
  *******************************************
	   1) Maximum change 2.522701e-02
	 100) Maximum change 7.580361e-04
	 200) Maximum change 4.182198e-04
	 300) Maximum change 2.343135e-04
	 400) Maximum change 1.314064e-04
	 500) Maximum change 7.369670e-05
	 600) Maximum change 4.133053e-05
	 700) Maximum change 2.317864e-05
	 800) Maximum change 1.299875e-05
	 900) Maximum change 7.289757e-06
	1000) Maximum change 4.088120e-06
	1100) Maximum change 2.292628e-06
	1200) Maximum change 1.285710e-06
	Converged in 1245 iterations. Final maximum change 9.91058e-07
  *******************************************
  ******** Start bootstrap nr 83 ************
  *******************************************
	   1) Maximum change 5.152468e-02
	 100) Maximum change 2.711036e-04
	 200) Maximum change 1.430575e-04
	 300) Maximum change 8.739256e-05
	 400) Maximum change 5.468386e-05
	 500) Maximum change 3.433877e-05
	 600) Maximum change 2.157416e-05
	 700) Maximum change 1.355549e-05
	 800) Maximum change 8.517273e-06
	 900) Maximum change 5.351635e-06
	1000) Maximum change 3.362578e-06
	1100) Maximum change 2.112799e-06
	1200) Maximum change 1.327528e-06
	Converged in 1262 iterations. Final maximum change 9.95186e-07
  *******************************************
  ******** Start bootstrap nr 84 ************
  *******************************************
	   1) Maximum change 1.021329e-01
	 100) Maximum change 1.686722e-04
	 200) Maximum change 1.224618e-04
	 300) Maximum change 8.900862e-05
	 400) Maximum change 6.474247e-05
	 500) Maximum change 4.710828e-05
	 600) Maximum change 3.428235e-05
	 700) Maximum change 2.494989e-05
	 800) Maximum change 1.815821e-05
	 900) Maximum change 1.321528e-05
	1000) Maximum change 9.617801e-06
	1100) Maximum change 6.999562e-06
	1200) Maximum change 5.094036e-06
	1300) Maximum change 3.707233e-06
	1400) Maximum change 2.697958e-06
	1500) Maximum change 1.963444e-06
	1600) Maximum change 1.428895e-06
	1700) Maximum change 1.039875e-06
	Converged in 1714 iterations. Final maximum change 9.94625e-07
  *******************************************
  ******** Start bootstrap nr 85 ************
  *******************************************
	   1) Maximum change 1.151867e-01
	 100) Maximum change 4.835546e-04
	 200) Maximum change 2.373504e-04
	 300) Maximum change 1.559566e-04
	 400) Maximum change 9.192972e-05
	 500) Maximum change 5.308431e-05
	 600) Maximum change 3.052441e-05
	 700) Maximum change 1.753676e-05
	 800) Maximum change 1.007333e-05
	 900) Maximum change 5.786034e-06
	1000) Maximum change 3.323425e-06
	1100) Maximum change 1.908931e-06
	1200) Maximum change 1.096464e-06
	Converged in 1218 iterations. Final maximum change 9.92299e-07
  *******************************************
  ******** Start bootstrap nr 86 ************
  *******************************************
	   1) Maximum change 7.870885e-02
	 100) Maximum change 2.928475e-04
	 200) Maximum change 1.874678e-04
	 300) Maximum change 1.405524e-04
	 400) Maximum change 9.883886e-05
	 500) Maximum change 6.811109e-05
	 600) Maximum change 4.661935e-05
	 700) Maximum change 3.183558e-05
	 800) Maximum change 2.172280e-05
	 900) Maximum change 1.481838e-05
	1000) Maximum change 1.010752e-05
	1100) Maximum change 6.894051e-06
	1200) Maximum change 4.702180e-06
	1300) Maximum change 3.207172e-06
	1400) Maximum change 2.187483e-06
	1500) Maximum change 1.491993e-06
	1600) Maximum change 1.017627e-06
	Converged in 1606 iterations. Final maximum change 9.94528e-07
  *******************************************
  ******** Start bootstrap nr 87 ************
  *******************************************
	   1) Maximum change 2.843319e-02
	 100) Maximum change 3.001378e-04
	 200) Maximum change 2.242774e-04
	 300) Maximum change 1.724087e-04
	 400) Maximum change 1.330597e-04
	 500) Maximum change 1.027463e-04
	 600) Maximum change 7.934419e-05
	 700) Maximum change 6.127257e-05
	 800) Maximum change 4.731684e-05
	 900) Maximum change 3.653961e-05
	1000) Maximum change 2.821700e-05
	1100) Maximum change 2.178997e-05
	1200) Maximum change 1.682681e-05
	1300) Maximum change 1.299410e-05
	1400) Maximum change 1.003437e-05
	1500) Maximum change 7.748791e-06
	1600) Maximum change 5.983803e-06
	1700) Maximum change 4.620835e-06
	1800) Maximum change 3.568316e-06
	1900) Maximum change 2.755537e-06
	2000) Maximum change 2.127889e-06
	2100) Maximum change 1.643204e-06
	2200) Maximum change 1.268919e-06
	Converged in 2294 iterations. Final maximum change 9.95206e-07
  *******************************************
  ******** Start bootstrap nr 88 ************
  *******************************************
	   1) Maximum change 2.826558e-02
	 100) Maximum change 1.068765e-04
	 200) Maximum change 1.806575e-05
	 300) Maximum change 1.192073e-05
	 400) Maximum change 7.319040e-06
	 500) Maximum change 4.480962e-06
	 600) Maximum change 2.743076e-06
	 700) Maximum change 1.679199e-06
	 800) Maximum change 1.027937e-06
	Converged in 807 iterations. Final maximum change 9.93215e-07
  *******************************************
  ******** Start bootstrap nr 89 ************
  *******************************************
	   1) Maximum change 4.062536e-02
	 100) Maximum change 1.750183e-04
	 200) Maximum change 1.263023e-04
	 300) Maximum change 9.261196e-05
	 400) Maximum change 6.815529e-05
	 500) Maximum change 5.019608e-05
	 600) Maximum change 3.697427e-05
	 700) Maximum change 2.723515e-05
	 800) Maximum change 2.006090e-05
	 900) Maximum change 1.477616e-05
	1000) Maximum change 1.088342e-05
	1100) Maximum change 8.016111e-06
	1200) Maximum change 5.904156e-06
	1300) Maximum change 4.348594e-06
	1400) Maximum change 3.202858e-06
	1500) Maximum change 2.358983e-06
	1600) Maximum change 1.737444e-06
	1700) Maximum change 1.279664e-06
	Converged in 1782 iterations. Final maximum change 9.95864e-07
  *******************************************
  ******** Start bootstrap nr 90 ************
  *******************************************
	   1) Maximum change 3.243280e-02
	 100) Maximum change 1.367643e-04
	 200) Maximum change 8.135581e-05
	 300) Maximum change 5.905606e-05
	 400) Maximum change 4.336902e-05
	 500) Maximum change 3.186815e-05
	 600) Maximum change 2.341786e-05
	 700) Maximum change 1.720830e-05
	 800) Maximum change 1.264528e-05
	 900) Maximum change 9.292209e-06
	1000) Maximum change 6.828248e-06
	1100) Maximum change 5.017640e-06
	1200) Maximum change 3.687140e-06
	1300) Maximum change 2.709441e-06
	1400) Maximum change 1.990993e-06
	1500) Maximum change 1.463052e-06
	1600) Maximum change 1.075103e-06
	Converged in 1625 iterations. Final maximum change 9.95397e-07
  *******************************************
  ******** Start bootstrap nr 91 ************
  *******************************************
	   1) Maximum change 2.232569e-02
	 100) Maximum change 4.374997e-04
	 200) Maximum change 1.726457e-04
	 300) Maximum change 7.263397e-05
	 400) Maximum change 3.072673e-05
	 500) Maximum change 1.300445e-05
	 600) Maximum change 5.504076e-06
	 700) Maximum change 2.329583e-06
	Converged in 800 iterations. Final maximum change 9.85998e-07
  *******************************************
  ******** Start bootstrap nr 92 ************
  *******************************************
	   1) Maximum change 1.968613e-02
	 100) Maximum change 2.208032e-04
	 200) Maximum change 1.856338e-04
	 300) Maximum change 1.422839e-04
	 400) Maximum change 1.060431e-04
	 500) Maximum change 7.852491e-05
	 600) Maximum change 5.805832e-05
	 700) Maximum change 4.290963e-05
	 800) Maximum change 3.171016e-05
	 900) Maximum change 2.343287e-05
	1000) Maximum change 1.731589e-05
	1100) Maximum change 1.279555e-05
	1200) Maximum change 9.455181e-06
	1300) Maximum change 6.986799e-06
	1400) Maximum change 5.162795e-06
	1500) Maximum change 3.814961e-06
	1600) Maximum change 2.818996e-06
	1700) Maximum change 2.083042e-06
	1800) Maximum change 1.539221e-06
	1900) Maximum change 1.137375e-06
	Converged in 1944 iterations. Final maximum change 9.956e-07
  *******************************************
  ******** Start bootstrap nr 93 ************
  *******************************************
	   1) Maximum change 4.583084e-02
	 100) Maximum change 4.055862e-04
	 200) Maximum change 3.032060e-04
	 300) Maximum change 2.297649e-04
	 400) Maximum change 1.742532e-04
	 500) Maximum change 1.321574e-04
	 600) Maximum change 1.002296e-04
	 700) Maximum change 7.601400e-05
	 800) Maximum change 5.764828e-05
	 900) Maximum change 4.371950e-05
	1000) Maximum change 3.315591e-05
	1100) Maximum change 2.514458e-05
	1200) Maximum change 1.906892e-05
	1300) Maximum change 1.446127e-05
	1400) Maximum change 1.096695e-05
	1500) Maximum change 8.316958e-06
	1600) Maximum change 6.307285e-06
	1700) Maximum change 4.783216e-06
	1800) Maximum change 3.627414e-06
	1900) Maximum change 2.750896e-06
	2000) Maximum change 2.086176e-06
	2100) Maximum change 1.582076e-06
	2200) Maximum change 1.199786e-06
	Converged in 2267 iterations. Final maximum change 9.96826e-07
  *******************************************
  ******** Start bootstrap nr 94 ************
  *******************************************
	   1) Maximum change 7.245849e-02
	 100) Maximum change 6.592638e-04
	 200) Maximum change 5.097329e-04
	 300) Maximum change 3.778931e-04
	 400) Maximum change 2.781547e-04
	 500) Maximum change 2.046829e-04
	 600) Maximum change 1.506200e-04
	 700) Maximum change 1.108389e-04
	 800) Maximum change 8.156573e-05
	 900) Maximum change 6.002441e-05
	1000) Maximum change 4.417244e-05
	1100) Maximum change 3.250704e-05
	1200) Maximum change 2.392242e-05
	1300) Maximum change 1.760493e-05
	1400) Maximum change 1.295580e-05
	1500) Maximum change 9.534435e-06
	1600) Maximum change 7.016592e-06
	1700) Maximum change 5.163662e-06
	1800) Maximum change 3.800054e-06
	1900) Maximum change 2.796545e-06
	2000) Maximum change 2.058042e-06
	2100) Maximum change 1.514560e-06
	2200) Maximum change 1.114600e-06
	Converged in 2237 iterations. Final maximum change 9.94014e-07
  *******************************************
  ******** Start bootstrap nr 95 ************
  *******************************************
	   1) Maximum change 9.502804e-02
	 100) Maximum change 3.745848e-04
	 200) Maximum change 2.212878e-04
	 300) Maximum change 1.441658e-04
	 400) Maximum change 9.777054e-05
	 500) Maximum change 6.729017e-05
	 600) Maximum change 4.655306e-05
	 700) Maximum change 3.226432e-05
	 800) Maximum change 2.237488e-05
	 900) Maximum change 1.551979e-05
	1000) Maximum change 1.076559e-05
	1100) Maximum change 7.467878e-06
	1200) Maximum change 5.180330e-06
	1300) Maximum change 3.593493e-06
	1400) Maximum change 2.492730e-06
	1500) Maximum change 1.729151e-06
	1600) Maximum change 1.199471e-06
	Converged in 1651 iterations. Final maximum change 9.95357e-07
  *******************************************
  ******** Start bootstrap nr 96 ************
  *******************************************
	   1) Maximum change 7.109042e-02
	 100) Maximum change 6.208361e-04
	 200) Maximum change 4.258629e-04
	 300) Maximum change 2.823893e-04
	 400) Maximum change 1.804963e-04
	 500) Maximum change 1.147297e-04
	 600) Maximum change 7.286413e-05
	 700) Maximum change 4.626977e-05
	 800) Maximum change 2.938154e-05
	 900) Maximum change 1.865744e-05
	1000) Maximum change 1.184760e-05
	1100) Maximum change 7.523319e-06
	1200) Maximum change 4.777371e-06
	1300) Maximum change 3.033672e-06
	1400) Maximum change 1.926409e-06
	1500) Maximum change 1.223288e-06
	Converged in 1546 iterations. Final maximum change 9.9268e-07
  *******************************************
  ******** Start bootstrap nr 97 ************
  *******************************************
	   1) Maximum change 3.533875e-02
	 100) Maximum change 5.207270e-04
	 200) Maximum change 3.873380e-04
	 300) Maximum change 2.967278e-04
	 400) Maximum change 2.290398e-04
	 500) Maximum change 1.771398e-04
	 600) Maximum change 1.370753e-04
	 700) Maximum change 1.060919e-04
	 800) Maximum change 8.211846e-05
	 900) Maximum change 6.356535e-05
	1000) Maximum change 4.920563e-05
	1100) Maximum change 3.809080e-05
	1200) Maximum change 2.948721e-05
	1300) Maximum change 2.282726e-05
	1400) Maximum change 1.767172e-05
	1500) Maximum change 1.368067e-05
	1600) Maximum change 1.059106e-05
	1700) Maximum change 8.199233e-06
	1800) Maximum change 6.347592e-06
	1900) Maximum change 4.914125e-06
	2000) Maximum change 3.804384e-06
	2100) Maximum change 2.945258e-06
	2200) Maximum change 2.280148e-06
	2300) Maximum change 1.765238e-06
	2400) Maximum change 1.366607e-06
	2500) Maximum change 1.057997e-06
	Converged in 2524 iterations. Final maximum change 9.94967e-07
  *******************************************
  ******** Start bootstrap nr 98 ************
  *******************************************
	   1) Maximum change 4.958227e-02
	 100) Maximum change 7.330212e-04
	 200) Maximum change 5.733579e-04
	 300) Maximum change 4.107872e-04
	 400) Maximum change 2.813327e-04
	 500) Maximum change 1.906591e-04
	 600) Maximum change 1.288835e-04
	 700) Maximum change 8.707105e-05
	 800) Maximum change 5.881506e-05
	 900) Maximum change 3.972738e-05
	1000) Maximum change 2.683424e-05
	1100) Maximum change 1.812545e-05
	1200) Maximum change 1.224303e-05
	1300) Maximum change 8.269697e-06
	1400) Maximum change 5.585866e-06
	1500) Maximum change 3.773043e-06
	1600) Maximum change 2.548549e-06
	1700) Maximum change 1.721450e-06
	1800) Maximum change 1.162776e-06
	Converged in 1840 iterations. Final maximum change 9.93962e-07
  *******************************************
  ******** Start bootstrap nr 99 ************
  *******************************************
	   1) Maximum change 4.862533e-02
	 100) Maximum change 5.363353e-04
	 200) Maximum change 2.988688e-04
	 300) Maximum change 1.752047e-04
	 400) Maximum change 1.030753e-04
	 500) Maximum change 6.066963e-05
	 600) Maximum change 3.571262e-05
	 700) Maximum change 2.102220e-05
	 800) Maximum change 1.237475e-05
	 900) Maximum change 7.284422e-06
	1000) Maximum change 4.287994e-06
	1100) Maximum change 2.524139e-06
	1200) Maximum change 1.485842e-06
	Converged in 1276 iterations. Final maximum change 9.93269e-07
  *******************************************
  ******** Start bootstrap nr 100 ************
  *******************************************
	   1) Maximum change 7.922153e-02
	 100) Maximum change 3.304755e-05
	 200) Maximum change 2.226634e-05
	 300) Maximum change 1.777160e-05
	 400) Maximum change 1.464532e-05
	 500) Maximum change 1.227964e-05
	 600) Maximum change 1.038930e-05
	 700) Maximum change 8.830487e-06
	 800) Maximum change 7.523026e-06
	 900) Maximum change 6.416644e-06
	1000) Maximum change 5.476182e-06
	1100) Maximum change 4.674933e-06
	1200) Maximum change 3.991505e-06
	1300) Maximum change 3.408239e-06
	1400) Maximum change 2.910312e-06
	1500) Maximum change 2.485175e-06
	1600) Maximum change 2.122162e-06
	1700) Maximum change 1.812184e-06
	1800) Maximum change 1.547487e-06
	1900) Maximum change 1.321455e-06
	2000) Maximum change 1.128439e-06
	Converged in 2078 iterations. Final maximum change 9.97686e-07
Wrote boot strap result to bootstrap_profile_std.xvg

In case you use results from gmx wham for a publication, please cite:

++++ PLEASE READ AND CITE THE FOLLOWING REFERENCE ++++
J. S. Hub, B. L. de Groot, D. van der Spoel
g_wham - A free weighted histogram analysis implementation including robust
error and autocorrelation estimates
J. Chem. Theory Comput. (2010)
https://doi.org/10.1021/ct100494z
-------- -------- --- Thank You --- -------- --------


GROMACS reminds you: "NASA spent millions of dollars inventing the ball-point pen so they could write in space. The Russians took a pencil." (Will Chabot)

