Using gromos method for clustering
Using RMSD cutoff 0.2 nm
The RMSD ranges from 0.0729281 to 1.0803 nm
Average RMSD is 0.511854
Number of structures for matrix 2001
Energy of the matrix is 46.1133.

Found 330 clusters

Writing middle structure for each cluster to /root/LiSPER_remote/LiSPER_8cand_NaCl_prod_worker/systems/LiLC-1/gromacs/cluster_20ns/representative_top_cluster.pdb

cl. | #st  rmsd | middle rmsd | cluster members
  1 |  39  0.206 |   6440 .161 |   5800   5820   5830   6110   6120   6160   6170
    |           |             |   6180   6220   6230   6240   6250   6260   6270
    |           |             |   6280   6290   6300   6310   6330   6350   6360
    |           |             |   6370   6380   6390   6400   6410   6420   6430
    |           |             |   6440   6450   6460   6480   6490   6500   6570
    |           |             |   6590   6600   6750   6760
  2 |  32  0.203 |  10440 .165 |   9860  10060  10080  10090  10160  10170  10180
    |           |             |  10190  10200  10210  10220  10230  10250  10260
    |           |             |  10270  10280  10290  10330  10340  10350  10360
    |           |             |  10380  10390  10400  10410  10420  10430  10440
    |           |             |  10450  10460  10470  10520
  3 |  29  0.188 |   3670 .165 |   3580   3590   3600   3610   3620   3630   3640
    |           |             |   3650   3660   3670   3680   3700   3730   3740
    |           |             |   3750   3760   3770   3780   3810   3830   3840
    |           |             |   3850   3860   3870   3880   3900   3910   3950
    |           |             |   3960
  4 |  27  0.188 |   9890 .153 |   9760   9770   9780   9790   9800   9810   9820
    |           |             |   9830   9840   9850   9870   9880   9890   9900
    |           |             |   9910   9920   9930   9940   9950   9960   9990
    |           |             |  10000  10010  10020  10030  10040  10050
  5 |  27  0.219 |   5080 .173 |   4630   5020   5030   5070   5080   5090   5100
    |           |             |   5110   5120   5130   5140   5150   5180   5190
    |           |             |   5200   5210   5220   5230   5300   5310   5320
    |           |             |   5330   5340   5350   5360   5370   6710
  6 |  25  0.205 |   2730 .179 |   2710   2720   2730   2740   2750   2760   2770
    |           |             |   2790   2810   2820   2830   2840   2850   2860
    |           |             |   2870   2890   2900   2910   2920   2930   2940
    |           |             |   2950   2960   2980   3030
  7 |  25  0.213 |  18980 .171 |  18850  18860  18870  18880  18890  18900  18950
    |           |             |  18970  18980  18990  19000  19010  19070  19080
    |           |             |  19180  19190  19200  19210  19250  19260  19270
    |           |             |  19280  19300  19310  19320
  8 |  25  0.205 |  12680 .169 |  12220  12230  12250  12260  12270  12280  12650
    |           |             |  12660  12670  12680  12690  12700  12710  13000
    |           |             |  13010  13020  13030  13110  13130  13140  13240
    |           |             |  13560  13570  13580  13590
  9 |  24  0.208 |   8880 .177 |   8870   8880   8890   8900   8940   8960   8970
    |           |             |   8980   8990   9020   9030   9040   9060   9070
    |           |             |   9250   9290   9300   9310   9340   9360   9500
    |           |             |   9680   9690   9700
 10 |  24  0.213 |   4680 .169 |   4600   4610   4640   4660   4670   4680   4690
    |           |             |   4700   4710   4720   4730   4740   4760   4770
    |           |             |   4800   4810   5400   5450   5460   5470   5490
    |           |             |   5500   5510   5520
 11 |  23  0.204 |  15450 .168 |  15380  15430  15440  15450  15460  15470  15480
    |           |             |  15490  15500  15550  15570  15580  15590  15600
    |           |             |  15650  15690  15700  15720  15730  15740  15750
    |           |             |  15760  15770
 12 |  23  0.200 |  17030 .173 |  16870  16880  16890  16900  16910  16920  16930
    |           |             |  16950  16960  16970  16980  16990  17000  17020
    |           |             |  17030  17040  17050  17060  17070  17080  17090
    |           |             |  17170  17190
 13 |  23  0.214 |  13330 .170 |  13080  13090  13100  13160  13170  13180  13190
    |           |             |  13200  13250  13310  13320  13330  13340  13350
    |           |             |  13400  13620  13680  13760  13900  13910  13920
    |           |             |  14140  14150
 14 |  22  0.218 |   2600 .179 |   2570   2580   2590   2600   2610   2650   7640
    |           |             |   7650   7660   7740   7750   7760   7780   7800
    |           |             |   7810   7820   7840   7850   7990   8020   8030
    |           |             |   8290
 15 |  21  0.201 |   7540 .171 |   7180   7230   7330   7340   7350   7360   7370
    |           |             |   7380   7390   7400   7420   7430   7440   7460
    |           |             |   7470   7480   7490   7500   7530   7540   7550
 16 |  21  0.210 |  19950 .170 |  17230  17340  17350  19760  19780  19790  19810
    |           |             |  19820  19840  19850  19860  19880  19890  19900
    |           |             |  19910  19920  19930  19940  19950  19960  19970
 17 |  21  0.200 |  11800 .167 |  11780  11790  11800  11810  11820  11830  11840
    |           |             |  11860  11880  11910  11920  11930  11940  11950
    |           |             |  11960  11970  11980  11990  12000  12010  12040
 18 |  21  0.203 |  18250 .172 |  18010  18110  18130  18150  18160  18240  18250
    |           |             |  18260  18270  18280  18290  18300  18320  18330
    |           |             |  18340  18350  18360  18370  18380  18390  18400
 19 |  20  0.203 |  16130 .176 |  15960  16010  16020  16030  16040  16050  16060
    |           |             |  16070  16080  16100  16110  16120  16130  16140
    |           |             |  16150  16160  16170  16180  16190  16210
 20 |  20  0.193 |  16460 .163 |  16420  16430  16440  16450  16460  16470  16480
    |           |             |  16490  16530  16540  16550  16560  16580  16590
    |           |             |  16620  16800  16810  16820  16830  16840
 21 |  19  0.207 |  13650 .170 |  13210  13280  13290  13300  13630  13640  13650
    |           |             |  13660  13670  13700  13710  13930  13940  13970
    |           |             |  14090  14100  14110  14120  14130
 22 |  19  0.200 |  18760 .166 |  18540  18550  18690  18700  18710  18730  18740
    |           |             |  18750  18760  18770  18780  18790  18800  18810
    |           |             |  18820  19220  19600  19610  19620
 23 |  18  0.204 |  10740 .162 |   2060   2070   2130   2150   7260   7270   7280
    |           |             |  10640  10660  10680  10700  10710  10720  10730
    |           |             |  10740  10750  10760  10770
 24 |  18  0.185 |   5710 .162 |   5530   5540   5550   5560   5570   5580   5610
    |           |             |   5620   5630   5650   5660   5670   5680   5690
    |           |             |   5700   5710   5720   5730
 25 |  18  0.209 |   2340 .174 |   2160   2170   2240   2250   2260   2270   2280
    |           |             |   2290   2300   2310   2320   2330   2340   2350
    |           |             |   2360   2370   2400   2430
 26 |  18  0.216 |   1850 .173 |   1740   1770   1800   1820   1830   1840   1850
    |           |             |   1860   1870   1880   1890   1930   1940   1950
    |           |             |   1960   1970   1980   3020
 27 |  17  0.203 |   7960 .167 |   7870   7880   7890   7900   7910   7920   7930
    |           |             |   7940   7950   7960   7970   8000   8050   8060
    |           |             |   8070   8090   8100
 28 |  17  0.211 |   9520 .176 |   9320   9330   9370   9380   9430   9460   9510
    |           |             |   9520   9530   9540   9550   9570   9580   9600
    |           |             |   9610   9620   9660
 29 |  17  0.204 |   6830 .165 |   6700   6720   6730   6740   6770   6790   6800
    |           |             |   6810   6820   6830   6840   6850   6860   6890
    |           |             |   7070   7090   7100
 30 |  16  0.215 |   1700 .169 |   1480   1490   1500   1510   1530   1570   1630
    |           |             |   1660   1680   1690   1700   1710   1720   2990
    |           |             |   3000   3010
 31 |  16  0.206 |   5940 .175 |   5850   5860   5870   5880   5900   5920   5930
    |           |             |   5940   5950   5970   6010   6030   6040   6050
    |           |             |   6060   6470
 32 |  16  0.182 |  15070 .161 |  15040  15050  15060  15070  15080  15090  15100
    |           |             |  15110  15120  15290  15300  15310  15320  15330
    |           |             |  15340  15350
 33 |  15  0.193 |   4540 .166 |   4490   4500   4510   4520   4530   4540   4550
    |           |             |   4560   4570   4580   4590   4620   4820   5280
    |           |             |   5290
 34 |  15  0.203 |   1360 .167 |   1290   1310   1320   1330   1340   1350   1360
    |           |             |   1370   1380   1390   1400   1410   1430   1440
    |           |             |   1450
 35 |  15  0.212 |  18510 .173 |  18040  18060  18070  18440  18450  18460  18470
    |           |             |  18480  18490  18500  18510  18520  18530  18840
    |           |             |  19230
 36 |  15  0.202 |   8610 .175 |   8480   8490   8550   8560   8570   8600   8610
    |           |             |   8620   8630   8640   8650   8660   8680   8690
    |           |             |   8700
 37 |  15  0.191 |  16700 .160 |  16350  16570  16660  16670  16680  16690  16700
    |           |             |  16710  16720  16730  16740  16750  16760  16770
    |           |             |  16780
 38 |  14  0.196 |  11280 .165 |  11170  11180  11200  11240  11250  11260  11270
    |           |             |  11280  11290  11300  11310  11320  11410  11420
 39 |  14  0.193 |   4000 .169 |   3930   3940   3970   3980   3990   4000   4010
    |           |             |   4030   4040   4050   4060   4070   4080   4090
 40 |  14  0.182 |   4300 .155 |   4210   4220   4230   4240   4250   4260   4270
    |           |             |   4280   4290   4300   4310   4320   4330   4340
 41 |  14  0.195 |  12310 .177 |  12290  12300  12310  12320  12330  12340  12360
    |           |             |  12370  12380  12390  12410  12420  12430  13550
 42 |  13  0.183 |   7040 .162 |   6910   6920   6930   6950   6960   6980   6990
    |           |             |   7010   7020   7030   7040   7050   7060
 43 |  13  0.205 |  14340 .173 |  11700  11710  14270  14290  14300  14320  14330
    |           |             |  14340  14350  14360  14390  14400  14410
 44 |  13  0.203 |   3420 .172 |   3300   3310   3340   3380   3390   3400   3410
    |           |             |   3420   3430   3440   3450   4390   4400
 45 |  13  0.192 |    370 .156 |    260    270    280    330    340    350    360
    |           |             |    370    380    390    400    410    420
 46 |  12  0.204 |  10940 .173 |  10880  10890  10900  10930  10940  10950  10960
    |           |             |  10970  10980  10990  11000  11210
 47 |  12  0.201 |  14480 .171 |  14460  14470  14480  14490  14500  14510  14520
    |           |             |  14530  14540  14560  14570  14580
 48 |  12  0.201 |   8350 .168 |   2490   2520   8310   8330   8340   8350   8360
    |           |             |   8370   8390   8400   8410   8420
 49 |  12  0.197 |  17420 .165 |  17320  17330  17360  17370  17380  17390  17400
    |           |             |  17410  17420  17430  17440  17450
 50 |  12  0.193 |  14210 .158 |  10570  13060  13070  13690  14160  14170  14180
    |           |             |  14190  14200  14210  14220  14230
 51 |  12  0.188 |  19380 .155 |  19090  19100  19110  19360  19370  19380  19390
    |           |             |  19400  19410  19420  19430  19450
 52 |  11  0.180 |   4930 .157 |   4870   4880   4900   4910   4920   4930   4940
    |           |             |   4950   4970   4980   4990
 53 |  11  0.203 |   3500 .165 |   3370   3470   3480   3490   3500   3510   3520
    |           |             |   3530   3540   3550   3690
 54 |  11  0.195 |  13820 .156 |  13260  13750  13780  13790  13800  13810  13820
    |           |             |  13830  13840  13850  13860
 55 |  11  0.188 |  14760 .160 |  14710  14720  14730  14740  14750  14760  14770
    |           |             |  14780  14790  14800  14830
 56 |  11  0.193 |  19720 .162 |  17240  19660  19670  19680  19690  19700  19710
    |           |             |  19720  19730  19740  19750
 57 |  11  0.190 |     70 .157 |      0     10     20     30     60     70     80
    |           |             |     90    150    160    170
 58 |  11  0.204 |   8810 .166 |   8720   8730   8740   8790   8800   8810   8820
    |           |             |   8830   8840   9140   9150
 59 |  11  0.198 |  17650 .165 |  17600  17610  17620  17630  17640  17650  17660
    |           |             |  17670  17680  17700  17710
 60 |  11  0.190 |  17540 .163 |  17470  17480  17490  17520  17530  17540  17550
    |           |             |  17560  17570  17580  17590
 61 |  10  0.201 |   4170 .166 |   3920   4110   4130   4140   4150   4160   4170
    |           |             |   4180   4190   4200
 62 |  10  0.179 |  15200 .153 |  15180  15190  15200  15210  15220  15230  15240
    |           |             |  15250  15260  15270
 63 |  10  0.195 |   3230 .153 |   3150   3160   3200   3210   3220   3230   3240
    |           |             |   3250   3260   4350
 64 |  10  0.193 |    560 .167 |    430    440    540    550    560    570    580
    |           |             |    590    600    610
 65 |  10  0.183 |  17800 .158 |  17770  17780  17790  17800  17810  17820  17840
    |           |             |  17860  17870  17880
 66 |  10  0.180 |  10860 .157 |   2100  10790  10800  10810  10820  10830  10840
    |           |             |  10850  10860  10870
 67 |  10  0.207 |   1010 .174 |    870    930    980    990   1000   1010   1020
    |           |             |   1030   1040   1050
 68 |  10  0.182 |  16320 .150 |  16250  16260  16280  16290  16300  16310  16320
    |           |             |  16330  16340  16360
 69 |  10  0.181 |  12520 .158 |  12450  12490  12500  12510  12520  12530  12540
    |           |             |  12550  12560  12570
 70 |  10  0.184 |  12090 .157 |  12050  12060  12070  12080  12090  12100  12110
    |           |             |  12120  12130  12910
 71 |  10  0.189 |  11090 .162 |  11030  11060  11070  11080  11090  11100  11110
    |           |             |  11120  11140  11150
 72 |   9  0.209 |  12730 .172 |  12640  12720  12730  12740  12750  12760  12770
    |           |             |  12790  12810
 73 |   9  0.189 |  19120 .160 |  18570  18580  18590  19120  19130  19140  19150
    |           |             |  19160  19170
 74 |   9  0.215 |   6610 .183 |   6130   6190   6550   6560   6610   6620   6630
    |           |             |   6640   6870
 75 |   9  0.207 |   3070 .174 |   1920   3040   3050   3060   3070   3090   3100
    |           |             |   3170   7600
 76 |   9  0.180 |  19500 .146 |  19460  19470  19480  19490  19500  19510  19520
    |           |             |  19530  19540
 77 |   8  0.189 |    190 .152 |    130    140    180    190    200    220    240
    |           |             |    510
 78 |   8  0.184 |  14910 .152 |  14840  14850  14860  14870  14880  14900  14910
    |           |             |  14920
 79 |   8  0.219 |  10550 .196 |   2390   2410  10130  10140  10240  10530  10540
    |           |             |  10550
 80 |   8  0.197 |   1250 .174 |   1120   1220   1230   1240   1250   1260   1270
    |           |             |   1300
 81 |   8  0.202 |   7690 .176 |   7670   7680   7690   7700   7710   7720  12980
    |           |             |  12990
 82 |   8  0.184 |   1190 .156 |   1140   1150   1160   1170   1180   1190   1200
    |           |             |   1210
 83 |   8  0.198 |   2670 .168 |   2620   2630   2660   2670   2680   2690   2800
    |           |             |   2880
 84 |   8  0.197 |   8180 .164 |   2020   2030   8170   8180   8190   8200   8210
    |           |             |   8220
 85 |   8  0.211 |   9450 .178 |   9350   9400   9420   9440   9450   9470   9480
    |           |             |   9490
 86 |   8  0.188 |  13440 .162 |  13360  13370  13380  13420  13430  13440  13450
    |           |             |  13470
 87 |   8  0.216 |  14030 .175 |  13980  14000  14010  14020  14030  14040  14050
    |           |             |  14060
 88 |   8  0.189 |  19040 .172 |  18410  18420  18430  19030  19040  19050  19060
    |           |             |  19350
 89 |   7  0.200 |  18030 .165 |  17990  18020  18030  18050  18080  18090  18100
 90 |   7  0.232 |   9260 .205 |   8910   8930   8950   9080   9260   9270   9280
 91 |   7  0.180 |  18670 .164 |  18620  18630  18640  18650  18660  18670  18680
 92 |   7  0.204 |  17160 .176 |  16940  17010  17100  17110  17150  17160  17180
 93 |   7  0.192 |   5410 .168 |   5380   5390   5410   5420   5430   5440   5480
 94 |   7  0.181 |  15640 .169 |  15610  15620  15630  15640  15660  15670  15680
 95 |   7  0.221 |   9670 .192 |   9100   9110   9120   9630   9640   9650   9670
 96 |   7  0.210 |  15710 .184 |  15400  15410  15420  15710  15780  15790  15800
 97 |   7  0.177 |   7150 .150 |   7130   7140   7150   7160   7170   7190   7200
 98 |   7  0.189 |    490 .162 |    450    460    470    480    490    500    620
 99 |   7  0.178 |  11380 .145 |  11340  11350  11360  11370  11380  11390  11400
100 |   7  0.187 |   8110 .169 |   7980   8010   8040   8080   8110   8120   8130
101 |   7  0.183 |  17920 .152 |  17900  17910  17920  17930  17940  17950  17960
102 |   7  0.205 |   1550 .172 |   1520   1540   1550   1560   1580   1590   1620
103 |   7  0.176 |   5770 .156 |   5600   5740   5750   5760   5770   5780   5790
104 |   7  0.216 |   9180 .178 |   8850   9170   9180   9190   9200   9210   9220
105 |   7  0.176 |   8540 .157 |   8500   8510   8520   8530   8540   8580   8590
106 |   6  0.199 |  11770 .168 |  11740  11750  11760  11770  11890  11900
107 |   6  0.181 |    690 .150 |    660    670    680    690    700    710
108 |   6  0.229 |  10490 .222 |   2180   2220   2230   2420  10490  10500
109 |   6  0.190 |    840 .157 |    790    820    830    840    850    860
110 |   6  0.174 |  11480 .151 |  11440  11450  11460  11470  11480  11490
111 |   6  0.192 |   6140 .168 |   6080   6100   6140   6150   6540   6580
112 |   6  0.182 |    730 .158 |    720    730    740    750    760    770
113 |   6  0.189 |  12970 .156 |  12210  12960  12970  13520  13530  13540
114 |   6  0.205 |  12860 .170 |  12850  12860  12870  12880  12890  12900
115 |   6  0.192 |  18960 .169 |  18910  18920  18930  18940  18960  19290
116 |   6  0.188 |   1090 .159 |   1060   1070   1080   1090   1100   1110
117 |   6  0.183 |  13500 .146 |  12940  12950  13480  13490  13500  13510
118 |   6  0.169 |  15900 .152 |  15860  15870  15880  15890  15900  15910
119 |   6  0.220 |  10610 .182 |   7300  10560  10600  10610  10620  10780
120 |   6  0.196 |   6660 .173 |   6650   6660   6670   6680   6690   6780
121 |   6  0.187 |   3120 .161 |   3110   3120   3130   3140   3280   3290
122 |   6  0.191 |  11540 .161 |  11220  11530  11540  11550  11560  11570
123 |   5  0.205 |   7610 .191 |   3080   7580   7590   7610   7620
124 |   5  0.178 |   4860 .153 |   4790   4830   4840   4850   4860
125 |   5  0.198 |  14620 .182 |  14610  14620  14630  14640  14650
126 |   5  0.193 |  11650 .156 |  11630  11640  11650  11660  11670
127 |   5  0.213 |   5980 .172 |   5960   5980   5990   6020   6070
128 |   5  0.173 |    910 .157 |    880    890    900    910    920
129 |   5  0.183 |  15980 .170 |  15970  15980  15990  16000  16200
130 |   5  0.181 |  19580 .146 |  19560  19570  19580  19590  19630
131 |   5  0.188 |  17310 .167 |  17270  17280  17290  17300  17310
132 |   5  0.174 |  16610 .137 |  16600  16610  16630  16640  16650
133 |   5  0.213 |  12470 .184 |  12400  12440  12460  12470  12480
134 |   5  0.186 |   4460 .152 |   4440   4450   4460   4470   4480
135 |   5  0.210 |  16400 .189 |  16370  16380  16390  16400  16410
136 |   5  0.181 |  15540 .157 |  15510  15520  15530  15540  15560
137 |   5  0.189 |   8250 .164 |   8230   8240   8250   8260   8270
138 |   5  0.185 |  15140 .169 |  15130  15140  15150  15160  15280
139 |   4  0.197 |  18180 .184 |  18120  18140  18170  18180
140 |   4  0.130 |  14440 .122 |  14420  14430  14440  14450
141 |   4  0.194 |  14970 .160 |  14950  14960  14970  14980
142 |   4  0.196 |   2450 .160 |   2440   2450   2460   2510
143 |   4  0.123 |    310 .109 |    290    300    310    320
144 |   4  0.197 |   3800 .174 |   3570   3790   3800   3820
145 |   4  0.185 |   2090 .161 |   2080   2090   2110   2120
146 |   4  0.199 |  12170 .166 |  12160  12170  12180  12190
147 |   4  0.195 |   1760 .174 |   1750   1760   1780   1790
148 |   4  0.213 |   7770 .196 |   7730   7770   7790   7830
149 |   4  0.163 |  15000 .145 |  14990  15000  15010  15020
150 |   4  0.175 |  14690 .158 |  14670  14680  14690  14700
151 |   4  0.185 |   5050 .167 |   5010   5040   5050   5060
152 |   4  0.160 |  18230 .152 |  18200  18210  18220  18230
153 |   4  0.166 |   8770 .153 |   8750   8760   8770   8780
154 |   4  0.189 |  14260 .175 |  14240  14250  14260  14280
155 |   4  0.229 |   4380 .222 |   4370   4380   4410   4420
156 |   4  0.203 |  12620 .172 |  12610  12620  12630  14940
157 |   4  0.192 |  10120 .164 |  10100  10110  10120  10150
158 |   4  0.160 |   8460 .143 |   8440   8450   8460   8470
159 |   4  0.179 |  15940 .160 |  15920  15930  15940  15950
160 |   4  0.211 |  13720 .178 |  11720  13720  13730  13740
161 |   4  0.169 |  17140 .152 |  17120  17130  17140  17200
162 |   4  0.178 |   3350 .173 |   3320   3330   3350   3360
163 |   4  0.180 |  11600 .158 |  11590  11600  11610  11620
164 |   4  0.223 |  14590 .189 |  14550  14590  14600  14660
165 |   4  0.177 |   5250 .150 |   5240   5250   5260   5270
166 |   3  0.163 |   1650 .140 |   1640   1650   1670
167 |   3  0.161 |  11510 .149 |  11500  11510  11520
168 |   3  0.147 |   6530 .138 |   6510   6520   6530
169 |   3  0.250 |   4780 .208 |   4750   4780   4960
170 |   3  0.176 |  12820 .163 |  12820  12830  12840
171 |   3  0.224 |  10650 .200 |   2140  10630  10650
172 |   3  0.203 |  15830 .166 |  15820  15830  15840
173 |   3  0.254 |  13120 .223 |  13040  13120  13150
174 |   3  0.188 |  16230 .168 |  16220  16230  16240
175 |   3  0.224 |   9750 .202 |   9710   9740   9750
176 |   3  0.197 |   7310 .176 |   7310   7320   7410
177 |   3  0.233 |  17690 .222 |  17690  17720  17850
178 |   3  0.193 |  13880 .163 |  13870  13880  13890
179 |   3  0.163 |    640 .155 |    630    640    650
180 |   3  0.172 |  18600 .148 |  18560  18600  18610
181 |   3  0.183 |   8160 .173 |   8140   8150   8160
182 |   3  0.207 |     50 .178 |     40     50    100
183 |   3  0.233 |  14070 .210 |  13960  14070  14080
184 |   3  0.168 |   5170 .141 |   5160   5170   6900
185 |   3  0.216 |  13220 .194 |  13220  13230  13270
186 |   3  0.217 |   9980 .198 |   9970   9980  10070
187 |   3  0.177 |   2550 .161 |   2540   2550   2560
188 |   3  0.164 |  19990 .138 |  19980  19990  20000
189 |   3  0.196 |   7510 .177 |   7510   7520   7630
190 |   3  0.203 |   6340 .197 |   6210   6320   6340
191 |   3  0.196 |  11010 .174 |  11010  11020  11040
192 |   3  0.211 |  10920 .181 |  10910  10920  11050
193 |   3  0.233 |  17210 .221 |  17210  17220  19830
194 |   3  0.147 |  10300 .142 |  10300  10310  10320
195 |   3  0.131 |  15360 .117 |  15360  15370  15390
196 |   3  0.176 |  13600 .166 |  12240  13600  13610
197 |   3  0.167 |   2210 .148 |   2190   2200   2210
198 |   3  0.208 |   7110 .180 |   7080   7110   7120
199 |   3  0.191 |   2000 .162 |   1990   2000   2010
200 |   3  0.165 |  17750 .136 |  17740  17750  17760
201 |   2  0.166 |   3710 .166 |   3710   3720
202 |   2  0.197 |   5890 .197 |   5890   5910
203 |   2  0.184 |   7560 .184 |   7560   7570
204 |   2  0.143 |   3180 .143 |   3180   3190
205 |   2  0.220 |   5590 .220 |   5590   5640
206 |   2  0.142 |   7210 .142 |   7210   7220
207 |   2  0.128 |   9000 .128 |   9000   9010
208 |   2  0.109 |   9560 .109 |   9560   9590
209 |   2  0.138 |  16850 .138 |  16850  16860
210 |   2  0.174 |   4100 .174 |   4100   4120
211 |   2  0.219 |  14310 .219 |  14310  14380
212 |   2  0.164 |  12580 .164 |  12580  12590
213 |   2  0.181 |  10670 .181 |  10670  10690
214 |   2  0.179 |  12920 .179 |  12920  12930
215 |   2  0.244 |  17460 .244 |  17460  17500
216 |   2  0.186 |  11130 .186 |  11130  11160
217 |   2  0.236 |   2480 .236 |   2480   2530
218 |   2  0.129 |   5810 .129 |   5810   5840
219 |   2  0.171 |  11850 .171 |  11850  11870
220 |   2  0.127 |  10480 .127 |  10480  10510
221 |   2  0.113 |   1460 .113 |   1460   1470
222 |   2  0.148 |   2640 .148 |   2640   2780
223 |   2  0.195 |  16520 .195 |  16520  16790
224 |   2  0.100 |  19330 .100 |  19330  19340
225 |   2  0.114 |  12140 .114 |  12140  12150
226 |   2  0.251 |   1130 .251 |   1130   1280
227 |   2  0.136 |   8300 .136 |   8300   8320
228 |   2  0.217 |  11230 .217 |  11230  11330
229 |   2  0.111 |   1600 .111 |   1600   1610
230 |   2  0.151 |    800 .151 |    800    810
231 |   2  0.112 |  16500 .112 |  16500  16510
232 |   2  0.272 |   8860 .272 |   8860   9160
233 |   2  0.165 |  19640 .165 |  19640  19650
234 |   2  0.118 |    940 .118 |    940    950
235 |   2  0.265 |  12200 .265 |  12200  13770
236 |   2  0.174 |    520 .174 |    520    530
237 |   2  0.215 |    230 .215 |    230    250
238 |   2  0.232 |  17980 .232 |  17980  18000
239 |   2  0.238 |   6940 .238 |   6940   6970
240 |   2  0.230 |  12780 .230 |  12780  12800
241 |   2  0.121 |  14810 .121 |  14810  14820
242 |   2  0.127 |   1900 .127 |   1900   1910
243 |   2  0.163 |  10580 .163 |  10580  10590
244 |   2  0.144 |  11680 .144 |  11680  11690
245 |   2  0.184 |  17250 .184 |  17250  17260
246 |   2  0.251 |    120 .251 |    120    210
247 |   2  0.125 |   2040 .125 |   2040   2050
248 |   2  0.158 |   9230 .158 |   9230   9240
249 |   2  0.282 |   9090 .282 |   9090   9410
250 |   2  0.219 |   8380 .219 |   8380   8430
251 |   2  0.201 |  12020 .201 |  12020  12030
252 |   1       |   5000      |   5000
253 |   1       |  18720      |  18720
254 |   1       |  14370      |  14370
255 |   1       |   3890      |   3890
256 |   1       |   2500      |   2500
257 |   1       |  18310      |  18310
258 |   1       |   7450      |   7450
259 |   1       |  11190      |  11190
260 |   1       |   6090      |   6090
261 |   1       |  17510      |  17510
262 |   1       |   6200      |   6200
263 |   1       |  19770      |  19770
264 |   1       |  17730      |  17730
265 |   1       |  19800      |  19800
266 |   1       |  15810      |  15810
267 |   1       |  16270      |  16270
268 |   1       |  18830      |  18830
269 |   1       |   1730      |   1730
270 |   1       |   9720      |   9720
271 |   1       |  16090      |  16090
272 |   1       |    780      |    780
273 |   1       |  11730      |  11730
274 |   1       |  15030      |  15030
275 |   1       |   9050      |   9050
276 |   1       |  14930      |  14930
277 |   1       |  18190      |  18190
278 |   1       |   2970      |   2970
279 |   1       |  11430      |  11430
280 |   1       |  13990      |  13990
281 |   1       |  13410      |  13410
282 |   1       |   7250      |   7250
283 |   1       |   1810      |   1810
284 |   1       |    960      |    960
285 |   1       |  13390      |  13390
286 |   1       |   7240      |   7240
287 |   1       |  19870      |  19870
288 |   1       |  19440      |  19440
289 |   1       |   7290      |   7290
290 |   1       |   8920      |   8920
291 |   1       |   7860      |   7860
292 |   1       |  19020      |  19020
293 |   1       |   1420      |   1420
294 |   1       |   8670      |   8670
295 |   1       |   4890      |   4890
296 |   1       |  19240      |  19240
297 |   1       |   3560      |   3560
298 |   1       |   3460      |   3460
299 |   1       |   9130      |   9130
300 |   1       |   4360      |   4360
301 |   1       |  17970      |  17970
302 |   1       |  17890      |  17890
303 |   1       |   4650      |   4650
304 |   1       |    110      |    110
305 |   1       |  12350      |  12350
306 |   1       |   8710      |   8710
307 |   1       |   4430      |   4430
308 |   1       |  13950      |  13950
309 |   1       |   6880      |   6880
310 |   1       |   9390      |   9390
311 |   1       |   4020      |   4020
312 |   1       |  15850      |  15850
313 |   1       |  13050      |  13050
314 |   1       |   3270      |   3270
315 |   1       |   2470      |   2470
316 |   1       |   2700      |   2700
317 |   1       |  13460      |  13460
318 |   1       |  17830      |  17830
319 |   1       |   8280      |   8280
320 |   1       |   6000      |   6000
321 |   1       |  19550      |  19550
322 |   1       |   9730      |   9730
323 |   1       |  14890      |  14890
324 |   1       |    970      |    970
325 |   1       |   7000      |   7000
326 |   1       |  15170      |  15170
327 |   1       |  10370      |  10370
328 |   1       |  12600      |  12600
329 |   1       |  11580      |  11580
330 |   1       |   2380      |   2380
