                 :-) GROMACS - gmx wham, 2026.0-conda_forge (-:

Executable:   /home/jackieeelin929/opt/lisper_gmx_env/bin.AVX2_256/gmx
Data prefix:  /home/jackieeelin929/opt/lisper_gmx_env
Working dir:  /mnt/lisper_data/LiSPER_remote/LiSPER_8cand_LiCl/systems/LiDA-1/gromacs/umbrella_sampling_binding_site_v2/pmf_wham_v2_20260701_1048
Command line:
  gmx wham -it tpr-files.dat -if pullf-files.dat -o safe_boundary_diagnostic_20260701_1050/clip_max2p22/profile_b500.xvg -hist safe_boundary_diagnostic_20260701_1050/clip_max2p22/histo_b500.xvg -unit kJ -b 500 -min 5.214237e-02 -max 2.22

Reading file /mnt/lisper_data/LiSPER_remote/LiSPER_8cand_LiCl/systems/LiDA-1/gromacs/umbrella_sampling_binding_site_v2/window_000_0.13nm/umbrella.tpr, VERSION 2026.0-conda_forge (single precision)
Reading file /mnt/lisper_data/LiSPER_remote/LiSPER_8cand_LiCl/systems/LiDA-1/gromacs/umbrella_sampling_binding_site_v2/window_001_0.20nm/umbrella.tpr, VERSION 2026.0-conda_forge (single precision)
Reading file /mnt/lisper_data/LiSPER_remote/LiSPER_8cand_LiCl/systems/LiDA-1/gromacs/umbrella_sampling_binding_site_v2/window_002_0.28nm/umbrella.tpr, VERSION 2026.0-conda_forge (single precision)
Reading file /mnt/lisper_data/LiSPER_remote/LiSPER_8cand_LiCl/systems/LiDA-1/gromacs/umbrella_sampling_binding_site_v2/window_003_0.35nm/umbrella.tpr, VERSION 2026.0-conda_forge (single precision)
Reading file /mnt/lisper_data/LiSPER_remote/LiSPER_8cand_LiCl/systems/LiDA-1/gromacs/umbrella_sampling_binding_site_v2/window_004_0.43nm/umbrella.tpr, VERSION 2026.0-conda_forge (single precision)
Reading file /mnt/lisper_data/LiSPER_remote/LiSPER_8cand_LiCl/systems/LiDA-1/gromacs/umbrella_sampling_binding_site_v2/window_005_0.50nm/umbrella.tpr, VERSION 2026.0-conda_forge (single precision)
Reading file /mnt/lisper_data/LiSPER_remote/LiSPER_8cand_LiCl/systems/LiDA-1/gromacs/umbrella_sampling_binding_site_v2/window_006_0.58nm/umbrella.tpr, VERSION 2026.0-conda_forge (single precision)
Reading file /mnt/lisper_data/LiSPER_remote/LiSPER_8cand_LiCl/systems/LiDA-1/gromacs/umbrella_sampling_binding_site_v2/window_007_0.65nm/umbrella.tpr, VERSION 2026.0-conda_forge (single precision)
Reading file /mnt/lisper_data/LiSPER_remote/LiSPER_8cand_LiCl/systems/LiDA-1/gromacs/umbrella_sampling_binding_site_v2/window_008_0.73nm/umbrella.tpr, VERSION 2026.0-conda_forge (single precision)
Reading file /mnt/lisper_data/LiSPER_remote/LiSPER_8cand_LiCl/systems/LiDA-1/gromacs/umbrella_sampling_binding_site_v2/window_009_0.80nm/umbrella.tpr, VERSION 2026.0-conda_forge (single precision)
Reading file /mnt/lisper_data/LiSPER_remote/LiSPER_8cand_LiCl/systems/LiDA-1/gromacs/umbrella_sampling_binding_site_v2/window_010_0.88nm/umbrella.tpr, VERSION 2026.0-conda_forge (single precision)
Reading file /mnt/lisper_data/LiSPER_remote/LiSPER_8cand_LiCl/systems/LiDA-1/gromacs/umbrella_sampling_binding_site_v2/window_011_0.95nm/umbrella.tpr, VERSION 2026.0-conda_forge (single precision)
Reading file /mnt/lisper_data/LiSPER_remote/LiSPER_8cand_LiCl/systems/LiDA-1/gromacs/umbrella_sampling_binding_site_v2/window_012_1.03nm/umbrella.tpr, VERSION 2026.0-conda_forge (single precision)
Reading file /mnt/lisper_data/LiSPER_remote/LiSPER_8cand_LiCl/systems/LiDA-1/gromacs/umbrella_sampling_binding_site_v2/window_013_1.10nm/umbrella.tpr, VERSION 2026.0-conda_forge (single precision)
Reading file /mnt/lisper_data/LiSPER_remote/LiSPER_8cand_LiCl/systems/LiDA-1/gromacs/umbrella_sampling_binding_site_v2/window_014_1.18nm/umbrella.tpr, VERSION 2026.0-conda_forge (single precision)
Reading file /mnt/lisper_data/LiSPER_remote/LiSPER_8cand_LiCl/systems/LiDA-1/gromacs/umbrella_sampling_binding_site_v2/window_015_1.25nm/umbrella.tpr, VERSION 2026.0-conda_forge (single precision)
Reading file /mnt/lisper_data/LiSPER_remote/LiSPER_8cand_LiCl/systems/LiDA-1/gromacs/umbrella_sampling_binding_site_v2/window_016_1.33nm/umbrella.tpr, VERSION 2026.0-conda_forge (single precision)
Reading file /mnt/lisper_data/LiSPER_remote/LiSPER_8cand_LiCl/systems/LiDA-1/gromacs/umbrella_sampling_binding_site_v2/window_017_1.40nm/umbrella.tpr, VERSION 2026.0-conda_forge (single precision)
Reading file /mnt/lisper_data/LiSPER_remote/LiSPER_8cand_LiCl/systems/LiDA-1/gromacs/umbrella_sampling_binding_site_v2/window_018_1.48nm/umbrella.tpr, VERSION 2026.0-conda_forge (single precision)
Reading file /mnt/lisper_data/LiSPER_remote/LiSPER_8cand_LiCl/systems/LiDA-1/gromacs/umbrella_sampling_binding_site_v2/window_019_1.55nm/umbrella.tpr, VERSION 2026.0-conda_forge (single precision)
Reading file /mnt/lisper_data/LiSPER_remote/LiSPER_8cand_LiCl/systems/LiDA-1/gromacs/umbrella_sampling_binding_site_v2/window_020_1.63nm/umbrella.tpr, VERSION 2026.0-conda_forge (single precision)
Reading file /mnt/lisper_data/LiSPER_remote/LiSPER_8cand_LiCl/systems/LiDA-1/gromacs/umbrella_sampling_binding_site_v2/window_021_1.70nm/umbrella.tpr, VERSION 2026.0-conda_forge (single precision)
Reading file /mnt/lisper_data/LiSPER_remote/LiSPER_8cand_LiCl/systems/LiDA-1/gromacs/umbrella_sampling_binding_site_v2/window_022_1.78nm/umbrella.tpr, VERSION 2026.0-conda_forge (single precision)
Reading file /mnt/lisper_data/LiSPER_remote/LiSPER_8cand_LiCl/systems/LiDA-1/gromacs/umbrella_sampling_binding_site_v2/window_023_1.85nm/umbrella.tpr, VERSION 2026.0-conda_forge (single precision)
Reading file /mnt/lisper_data/LiSPER_remote/LiSPER_8cand_LiCl/systems/LiDA-1/gromacs/umbrella_sampling_binding_site_v2/window_024_1.93nm/umbrella.tpr, VERSION 2026.0-conda_forge (single precision)
Reading file /mnt/lisper_data/LiSPER_remote/LiSPER_8cand_LiCl/systems/LiDA-1/gromacs/umbrella_sampling_binding_site_v2/window_025_2.00nm/umbrella.tpr, VERSION 2026.0-conda_forge (single precision)
Reading file /mnt/lisper_data/LiSPER_remote/LiSPER_8cand_LiCl/systems/LiDA-1/gromacs/umbrella_sampling_binding_site_v2/window_026_2.08nm/umbrella.tpr, VERSION 2026.0-conda_forge (single precision)

WARNING, no data point in bin 0 (z=0.057562) !
You may not get a reasonable profile. Check your histograms!
Note: min and max given, switching off -auto.
Found 27 tpr and 27 pull force files in tpr-files.dat and pullf-files.dat, respectively
Reading 27 tpr and pullx/pullf files

File /mnt/lisper_data/LiSPER_remote/LiSPER_8cand_LiCl/systems/LiDA-1/gromacs/umbrella_sampling_binding_site_v2/window_000_0.13nm/umbrella.tpr, 1 coordinates, with these options:
	Geometry distance   k = 1000      position = 0.1291    dimensions [Y Y Y] (3 dimensions). Used: Yes
	Pull group coordinates of 0 groups expected in pullx files.
	Reference value of the coordinate not expected in pullx files.
	Use option -v to see this output for all input tpr files


Reading pull force file /mnt/lisper_data/LiSPER_remote/LiSPER_8cand_LiCl/systems/LiDA-1/gromacs/umbrella_sampling_binding_site_v2/window_000_0.13nm/umbrella_pullf.xvg, expecting 2 columns:
	Column for time: 1
	Column(s) with data for pull coordinate 1 are
		reaction coordinate:             2
		center-of-mass of groups:        No
		reference position column:       No
	Found 10001 times in /mnt/lisper_data/LiSPER_remote/LiSPER_8cand_LiCl/systems/LiDA-1/gromacs/umbrella_sampling_binding_site_v2/window_000_0.13nm/umbrella_pullf.xvg
Wrote safe_boundary_diagnostic_20260701_1050/clip_max2p22/histo_b500.xvg
Getting initial potential by integration.
Initialized rapid wham stuff (contrib tolerance 3.7037e-08)
Evaluating only 1871 of 5400 expressions.

	   1) Maximum change 2.169426e+00
	 100) Maximum change 2.314480e-03
	 200) Maximum change 1.006562e-03
	 300) Maximum change 5.278784e-04
	 400) Maximum change 2.963263e-04
	 500) Maximum change 1.698002e-04
	 600) Maximum change 9.787355e-05
	 700) Maximum change 5.650990e-05
	 800) Maximum change 3.264368e-05
	 900) Maximum change 1.885998e-05
	1000) Maximum change 1.089699e-05
	1100) Maximum change 6.296240e-06
	1200) Maximum change 3.637978e-06
	1300) Maximum change 2.102040e-06
	1400) Maximum change 1.214571e-06
Switched to exact iteration in iteration 1436
Converged in 1437 iterations. Final maximum change 9.91478e-07
Wrote safe_boundary_diagnostic_20260701_1050/clip_max2p22/profile_b500.xvg

In case you use results from gmx wham for a publication, please cite:

++++ PLEASE READ AND CITE THE FOLLOWING REFERENCE ++++
J. S. Hub, B. L. de Groot, D. van der Spoel
g_wham - A free weighted histogram analysis implementation including robust
error and autocorrelation estimates
J. Chem. Theory Comput. (2010)
https://doi.org/10.1021/ct100494z
-------- -------- --- Thank You --- -------- --------


GROMACS reminds you: "C has the power of assembly language and the convenience of... assembly language." (Dennis Ritchie)

