                :-) GROMACS - gmx grompp, 2026.0-conda_forge (-:

Executable:   /root/miniconda3/envs/lisper-gmx/bin.AVX2_256/gmx
Data prefix:  /root/miniconda3/envs/lisper-gmx
Working dir:  /root/LiSPER_remote/LiSPER_LiCl/systems/StrongBind-Li/gromacs
Command line:
  gmx grompp -f /root/LiSPER_remote/LiSPER_LiCl/systems/StrongBind-Li/gromacs/run_prod_20ns/step5_production_20ns.mdp -o /root/LiSPER_remote/LiSPER_LiCl/systems/StrongBind-Li/gromacs/run_prod_20ns/step5_production_20ns.tpr -c /root/LiSPER_remote/LiSPER_LiCl/systems/StrongBind-Li/gromacs/run_eq/step4.1_equilibration.gro -p /root/LiSPER_remote/LiSPER_LiCl/systems/StrongBind-Li/gromacs/topol_clean_attempt1.top -n /root/LiSPER_remote/LiSPER_LiCl/systems/StrongBind-Li/gromacs/run_eq/index_clean.ndx -maxwarn 1

Generating 1-4 interactions: fudge = 1
Number of degrees of freedom in T-Coupling group SOLU is 436.00
Number of degrees of freedom in T-Coupling group SOLV is 102117.00

GROMACS reminds you: "Somewhere, something incredible is waiting to be known." (Carl Sagan)

Setting the LD random seed to 805289966

Generated 275 of the 276 non-bonded parameter combinations

Generated 105 of the 276 1-4 parameter combinations

Excluding 3 bonded neighbours molecule type 'PROA'

turning H bonds into constraints...

Excluding 1 bonded neighbours molecule type 'LIT'

turning H bonds into constraints...

Excluding 1 bonded neighbours molecule type 'CLA'

turning H bonds into constraints...

Excluding 2 bonded neighbours molecule type 'TIP3'

turning H bonds into constraints...

Taking velocities from '/root/LiSPER_remote/LiSPER_LiCl/systems/StrongBind-Li/gromacs/run_eq/step4.1_equilibration.gro'

The largest distance between excluded atoms is 0.398 nm between atom 38 and 41

Determining Verlet buffer for a tolerance of 0.005 kJ/mol/ps at 298.15 K

Calculated rlist for 1x1 atom pair-list as 1.296 nm, buffer size 0.096 nm

Set rlist, assuming 4x4 atom pair-list, to 1.224 nm, buffer size 0.024 nm

Note that mdrun will redetermine rlist based on the actual pair-list setup
Calculating fourier grid dimensions for X Y Z
Using a fourier grid of 80x80x80, spacing 0.111 0.111 0.111

Estimate for the relative computational load of the PME mesh part: 0.21

This run will generate roughly 500 Mb of data
