bash: warning: setlocale: LC_ALL: cannot change locale (en_US.UTF-8): No such file or directory
bash: warning: setlocale: LC_ALL: cannot change locale (en_US.UTF-8): No such file or directory
               :-) GROMACS - gmx trjconv, 2026.0-conda_forge (-:

Executable:   /home/jackieeelin929/opt/lisper_gmx_env/bin.AVX2_256/gmx
Data prefix:  /home/jackieeelin929/opt/lisper_gmx_env
Working dir:  /mnt/lisper_data/LiSPER_remote/LiSPER_8cand_NaCl_overflow_workerA/systems/LiN3-Core/gromacs
Command line:
  gmx trjconv -s /mnt/lisper_data/LiSPER_remote/LiSPER_8cand_NaCl_overflow_workerA/systems/LiN3-Core/gromacs/run_prod_20ns/step5_production_20ns.tpr -f /mnt/lisper_data/LiSPER_remote/LiSPER_8cand_NaCl_overflow_workerA/systems/LiN3-Core/gromacs/run_prod_20ns/step5_production_20ns.gro -o /mnt/lisper_data/LiSPER_remote/LiSPER_8cand_NaCl_overflow_workerA/systems/LiN3-Core/gromacs/cluster_20ns/final_solu_reference.gro -n /mnt/lisper_data/LiSPER_remote/LiSPER_8cand_NaCl_overflow_workerA/systems/LiN3-Core/gromacs/run_eq/index_clean.ndx

Will write gro: Coordinate file in Gromos-87 format
Reading file /mnt/lisper_data/LiSPER_remote/LiSPER_8cand_NaCl_overflow_workerA/systems/LiN3-Core/gromacs/run_prod_20ns/step5_production_20ns.tpr, VERSION 2026.0-conda_forge (single precision)
Reading file /mnt/lisper_data/LiSPER_remote/LiSPER_8cand_NaCl_overflow_workerA/systems/LiN3-Core/gromacs/run_prod_20ns/step5_production_20ns.tpr, VERSION 2026.0-conda_forge (single precision)
Group     0 (           SOLU) has   171 elements
Group     1 (           SOLV) has 44331 elements
Group     2 (         SYSTEM) has 44503 elements
Select a group: Reading frames from gro file 'Title', 44502 atoms.

Reading frame       0 time    0.000   
Precision of /mnt/lisper_data/LiSPER_remote/LiSPER_8cand_NaCl_overflow_workerA/systems/LiN3-Core/gromacs/run_prod_20ns/step5_production_20ns.gro is 0.001 (nm)

Last frame          0 time    0.000   
 ->  frame      0 time    0.000      
Last written: frame      0 time    0.000


GROMACS reminds you: "It is not critical to add the next quote to a patch release" (Paul Bauer)

Note that major changes are planned in future for trjconv, to improve usability and utility.
Select group for output
Selected 0: 'SOLU'
