Worker A cleanup 20260629_1000
BEFORE
Filesystem      Size  Used Avail Use% Mounted on
overlay          30G   27G  3.7G  88% /
ACTIVE_CWDS
/root/LiSPER_remote/LiSPER_8cand_NaCl_overflow_workerA/systems/LiN3-Core/gromacs/run_prod_20ns
/root/LiSPER_remote/LiSPER_8cand_NaCl_overflow_workerA/systems/LiND-Hybrid/gromacs/run_prod_20ns
/root/LiSPER_remote/LiSPER_8cand_LiCl/systems/LiD3-Core/gromacs/umbrella_sampling_binding_site_v2/pull
/root/LiSPER_remote/LiSPER_8cand_LiCl/systems/LiD3-Flex/gromacs/umbrella_sampling_binding_site_v2/window_003_0.48nm
/root/LiSPER_remote/LiSPER_8cand_LiCl/systems/LiD3-Flex/gromacs/umbrella_sampling_binding_site_v2/window_000_0.25nm
/root/LiSPER_remote/LiSPER_8cand_LiCl/systems/LiD3-Flex/gromacs/umbrella_sampling_binding_site_v2/window_002_0.40nm
/root/LiSPER_remote/LiSPER_8cand_LiCl/systems/LiD3-Flex/gromacs/umbrella_sampling_binding_site_v2/window_001_0.33nm
/root/LiSPER_remote/LiSPER_8cand_LiCl/systems/LiDS-1/gromacs/umbrella_sampling_binding_site_v2/window_012_1.28nm
/root/LiSPER_remote/LiSPER_8cand_LiCl/systems/LiDS-1/gromacs/umbrella_sampling_binding_site_v2/window_013_1.35nm
/root/LiSPER_remote/LiSPER_8cand_LiCl/systems/LiDS-1/gromacs/umbrella_sampling_binding_site_v2/window_014_1.43nm
/root/LiSPER_remote/LiSPER_8cand_LiCl/systems/LiDA-1/gromacs/umbrella_sampling_binding_site_v2/window_015_1.25nm
/root/LiSPER_remote/LiSPER_8cand_LiCl/systems/LiDS-1/gromacs/umbrella_sampling_binding_site_v2/window_015_1.50nm
/root/LiSPER_remote/LiSPER_8cand_LiCl/systems/LiDA-1/gromacs/umbrella_sampling_binding_site_v2/window_016_1.33nm
/root/LiSPER_remote/LiSPER_8cand_LiCl/systems/LiDA-1/gromacs/umbrella_sampling_binding_site_v2/window_017_1.40nm
/root/LiSPER_remote/LiSPER_8cand_LiCl/systems/LiDA-1/gromacs/umbrella_sampling_binding_site_v2/window_018_1.48nm
SKIP active dir /root/LiSPER_remote/LiSPER_8cand_NaCl
180M	/root/LiSPER_remote/LiSPER_8cand_NaCl_addon_LiN3Core
REMOVED dir /root/LiSPER_remote/LiSPER_8cand_NaCl_addon_LiN3Core
OLD_DEFAULT_XTC_SIZE
7.0G	total
V2_COMPLETED_XTC_SIZE
5.5G	total
V2_COMPLETED_PULL_XTC_SIZE
405M	total
AFTER
Filesystem      Size  Used Avail Use% Mounted on
overlay          30G   14G   17G  47% /
