                :-) GROMACS - gmx grompp, 2026.0-conda_forge (-:

Executable:   /root/miniconda3/envs/lisper-gmx/bin.AVX2_256/gmx
Data prefix:  /root/miniconda3/envs/lisper-gmx
Working dir:  /root/LiSPER_remote/LiSPER_NaCl/systems/LiD3-1/gromacs
Command line:
  gmx grompp -f step4.1_equilibration.mdp -o /root/LiSPER_remote/LiSPER_NaCl/systems/LiD3-1/gromacs/run_eq/step4.1_equilibration.tpr -c /root/LiSPER_remote/LiSPER_NaCl/systems/LiD3-1/gromacs/run_min/step4.0_minimization.gro -r /root/LiSPER_remote/LiSPER_NaCl/systems/LiD3-1/gromacs/run_min/step3_input_cleaned.gro -p /root/LiSPER_remote/LiSPER_NaCl/systems/LiD3-1/gromacs/topol.top -n /root/LiSPER_remote/LiSPER_NaCl/systems/LiD3-1/gromacs/run_eq/index_clean.ndx -maxwarn 1

Generating 1-4 interactions: fudge = 1
Number of degrees of freedom in T-Coupling group SOLU is 510.00
Number of degrees of freedom in T-Coupling group SOLV is 136146.00

NOTE 1 [file step4.1_equilibration.mdp]:
  Removing center of mass motion in the presence of position restraints
  might cause artifacts. When you are using position restraints to
  equilibrate a macro-molecule, the artifacts are usually negligible.


There was 1 NOTE

GROMACS reminds you: "There's an old saying among scientific guys: “You can't make an omelet without breaking eggs, ideally by dropping a cement truck on them from a crane." (Dave Barry)

Setting the LD random seed to 2045180415

Generated 274 of the 276 non-bonded parameter combinations

Generated 105 of the 276 1-4 parameter combinations

Excluding 3 bonded neighbours molecule type 'PROA'

turning H bonds into constraints...

Excluding 1 bonded neighbours molecule type 'SOD'

turning H bonds into constraints...

Excluding 1 bonded neighbours molecule type 'CLA'

turning H bonds into constraints...

Excluding 2 bonded neighbours molecule type 'TIP3'

turning H bonds into constraints...

Setting gen_seed to 345977834

Velocities were taken from a Maxwell distribution at 298.15 K

The largest distance between excluded atoms is 0.395 nm between atom 38 and 41

Determining Verlet buffer for a tolerance of 0.005 kJ/mol/ps at 298.15 K

Calculated rlist for 1x1 atom pair-list as 1.238 nm, buffer size 0.038 nm

Set rlist, assuming 4x4 atom pair-list, to 1.200 nm, buffer size 0.000 nm

Note that mdrun will redetermine rlist based on the actual pair-list setup
Calculating fourier grid dimensions for X Y Z
Using a fourier grid of 84x84x84, spacing 0.117 0.117 0.117

Estimate for the relative computational load of the PME mesh part: 0.20

This run will generate roughly 14 Mb of data
