                :-) GROMACS - gmx grompp, 2026.0-conda_forge (-:

Executable:   /root/miniconda3/envs/lisper-gmx/bin.AVX2_256/gmx
Data prefix:  /root/miniconda3/envs/lisper-gmx
Working dir:  /root/LiSPER_remote/LiSPER_8cand_LiCl/systems/LiLC-1/gromacs
Command line:
  gmx grompp -f /root/LiSPER_remote/LiSPER_8cand_LiCl/systems/LiLC-1/gromacs/umbrella_sampling/window_001_1.11nm/umbrella.mdp -c /root/LiSPER_remote/LiSPER_8cand_LiCl/systems/LiLC-1/gromacs/umbrella_sampling/window_001_1.11nm/start.gro -p /root/LiSPER_remote/LiSPER_8cand_LiCl/systems/LiLC-1/gromacs/topol_clean_attempt1.top -n /root/LiSPER_remote/LiSPER_8cand_LiCl/systems/LiLC-1/gromacs/umbrella_sampling/umbrella_index.ndx -o /root/LiSPER_remote/LiSPER_8cand_LiCl/systems/LiLC-1/gromacs/umbrella_sampling/window_001_1.11nm/umbrella.tpr -maxwarn 1

Generating 1-4 interactions: fudge = 1
Pull group 1 'SOLU' has 161 atoms
Pull group 2 'TARGET_ION' has 1 atoms
Number of degrees of freedom in T-Coupling group SOLU is 408.00
Number of degrees of freedom in T-Coupling group SOLV is 88629.00
Pull group  natoms  pbc atom  distance at start  reference at t=0
       1       161        81
       2         1         0       1.177 nm          1.111 nm

GROMACS reminds you: "The absence of real intelligence doesn't prove you're using AI" (Magnus Lundborg)

Setting the LD random seed to -1477067397

Generated 299 of the 300 non-bonded parameter combinations

Generated 120 of the 300 1-4 parameter combinations

Excluding 3 bonded neighbours molecule type 'PROA'

turning H bonds into constraints...

Excluding 1 bonded neighbours molecule type 'LIT'

turning H bonds into constraints...

Excluding 1 bonded neighbours molecule type 'CLA'

turning H bonds into constraints...

Excluding 2 bonded neighbours molecule type 'TIP3'

turning H bonds into constraints...

Setting gen_seed to -151272513

Velocities were taken from a Maxwell distribution at 298.15 K

The largest distance between excluded atoms is 0.391 nm between atom 84 and 100

Determining Verlet buffer for a tolerance of 0.005 kJ/mol/ps at 298.15 K

Calculated rlist for 1x1 atom pair-list as 1.297 nm, buffer size 0.097 nm

Set rlist, assuming 4x4 atom pair-list, to 1.226 nm, buffer size 0.026 nm

Note that mdrun will redetermine rlist based on the actual pair-list setup
Calculating fourier grid dimensions for X Y Z
Using a fourier grid of 72x72x72, spacing 0.115 0.115 0.115

Estimate for the relative computational load of the PME mesh part: 0.18

This run will generate roughly 220 Mb of data
