Using gromos method for clustering
Using RMSD cutoff 0.2 nm
The RMSD ranges from 0.0686905 to 0.9803 nm
Average RMSD is 0.47285
Number of structures for matrix 2001
Energy of the matrix is 44.0823.

Found 248 clusters

Writing middle structure for each cluster to /root/LiSPER_remote/LiSPER_8cand_LiCl/systems/LiLC-1/gromacs/cluster_20ns/representative_top_cluster.pdb

cl. | #st  rmsd | middle rmsd | cluster members
  1 |  83  0.218 |   4470 .175 |    790   2220   2230   2240   2270   2280   2490
    |           |             |   2500   3810   3840   3860   3880   3930   3960
    |           |             |   3970   3980   4080   4160   4170   4180   4250
    |           |             |   4260   4270   4280   4290   4300   4310   4320
    |           |             |   4340   4400   4410   4430   4440   4460   4470
    |           |             |   4480   4490   4500   4510   4540   4560   4570
    |           |             |   4580   4690   4700   4730   4960   4970   4980
    |           |             |   5200   5420   5430   5440   5450   5490   5660
    |           |             |   5670   5680   5690   5700   5820   6190   6670
    |           |             |   6680   6700   6710   6760   6780   6790   6810
    |           |             |   6820   6830   6840   6850   6860   6870   6880
    |           |             |   6910   6930   6940   7050   7070   7130
  2 |  60  0.216 |  15670 .171 |  13190  13270  14870  14880  14890  14900  14910
    |           |             |  14920  14930  14940  14950  14960  14970  14980
    |           |             |  15000  15020  15040  15050  15060  15070  15080
    |           |             |  15160  15170  15180  15190  15200  15210  15220
    |           |             |  15230  15240  15250  15380  15390  15520  15530
    |           |             |  15540  15550  15560  15570  15620  15640  15650
    |           |             |  15660  15670  15680  15690  15700  15710  15720
    |           |             |  15730  15750  15770  15800  15850  15860  15870
    |           |             |  15880  15890  15900  15910
  3 |  59  0.209 |   4810 .171 |   1960   1970   1980   2330   2340   2350   2360
    |           |             |   3990   4760   4770   4780   4790   4800   4810
    |           |             |   4820   4830   4840   4850   4860   4870   4880
    |           |             |   4890   4900   4920   4930   4940   5280   5310
    |           |             |   5320   5330   5340   5350   5360   5370   5710
    |           |             |   5720   5730   5750   5760   5770   5780   5790
    |           |             |   5800   5880   5890   5910   5970   5990   6050
    |           |             |   6060   6110   6130   6150   6160   6170   6180
    |           |             |   6210   6230   6250
  4 |  52  0.210 |  16970 .167 |  15990  16030  16060  16070  16080  16090  16110
    |           |             |  16220  16230  16300  16520  16560  16660  16670
    |           |             |  16740  16820  16830  16840  16850  16870  16880
    |           |             |  16890  16900  16910  16920  16930  16940  16950
    |           |             |  16960  16970  16980  16990  17000  17010  17020
    |           |             |  17030  17040  17050  17060  17070  17080  17090
    |           |             |  17100  17110  17180  17240  17260  17270  17280
    |           |             |  17290  17300  17310
  5 |  43  0.221 |   2830 .169 |   2670   2680   2690   2700   2710   2720   2730
    |           |             |   2790   2810   2820   2830   2840   2850   2860
    |           |             |   2870   2880   2900   2970   2990   3000   3010
    |           |             |   3030   3040   3100   3120   3130   3140   3150
    |           |             |   3160   3170   3200   3210   3260   3270   3290
    |           |             |   3300   3310   4130   4140   4620  11400  11410
    |           |             |  11420
  6 |  39  0.224 |   5170 .176 |    650    760   2250   2260   2370   2380   2390
    |           |             |   2400   2430   2440   2450   2470   3790   4090
    |           |             |   4100   4110   4120   4330   4350   4360   4370
    |           |             |   4710   4720   4740   4990   5000   5010   5030
    |           |             |   5040   5130   5150   5160   5170   5180   5190
    |           |             |   5210   5250   5270   5380
  7 |  36  0.219 |   5860 .178 |     30   2090   2100   2110   2160   2310   2480
    |           |             |   3940   3950   4450   5390   5410   5470   5810
    |           |             |   5830   5840   5850   5860   5870   5900   6260
    |           |             |   6270   6290   6300   6310   6320   6330   6360
    |           |             |   6370   6380   6400   6640   6650   6660   6890
    |           |             |   6900
  8 |  32  0.217 |  18650 .172 |  18620  18630  18640  18650  18660  18700  18710
    |           |             |  18720  18730  18820  18830  18840  18850  18900
    |           |             |  18910  18920  18930  19180  19190  19200  19210
    |           |             |  19250  19270  19370  19390  19400  19410  19420
    |           |             |  19430  19440  19450  19460
  9 |  30  0.203 |    510 .172 |    370    380    390    400    410    420    480
    |           |             |    490    500    510    520    550    580    590
    |           |             |    610    620    660    670    680    690    700
    |           |             |    710    730    740    750   1740   1750   1760
    |           |             |   6550   6590
 10 |  28  0.210 |   2510 .184 |   2510   2520   2530   2540   2550   2600   2610
    |           |             |   4150   4200   4230   4240   4420   4520   4530
    |           |             |   4550   4590   4600   4610   4630   4640   4650
    |           |             |   6690   6750   6770   6800   7160   9300  11350
 11 |  28  0.215 |  14570 .179 |  14230  14240  14290  14300  14310  14330  14340
    |           |             |  14360  14370  14380  14390  14420  14430  14440
    |           |             |  14470  14540  14550  14560  14570  14580  14590
    |           |             |  14600  14620  14640  14650  14660  14710  14760
 12 |  28  0.199 |  11860 .170 |   9150  11660  11670  11680  11690  11700  11710
    |           |             |  11740  11760  11770  11780  11790  11800  11810
    |           |             |  11820  11830  11840  11850  11860  11870  11880
    |           |             |  11890  11910  11920  11990  12010  12020  12230
 13 |  28  0.213 |   5640 .168 |   3800   5500   5510   5530   5540   5550   5560
    |           |             |   5570   5580   5590   5600   5610   5620   5630
    |           |             |   5640   5650   7180   7240   7250   7260   7270
    |           |             |   7280   7290  11310  11320  11330  11340  11360
 14 |  25  0.198 |   8260 .163 |   7890   8210   8230   8240   8250   8260   8270
    |           |             |   8280   8290   8300   8310   8320   8330   8340
    |           |             |   8350   8360   8370   8380   8390   8400   8410
    |           |             |   8420   8430   8450   8470
 15 |  25  0.199 |  13050 .163 |  12920  12930  12940  12950  12960  12970  12980
    |           |             |  12990  13000  13010  13020  13030  13040  13050
    |           |             |  13060  13070  13080  13090  13100  13110  13740
    |           |             |  13760  13790  13800  17330
 16 |  24  0.199 |   9660 .168 |   9580   9590   9600   9610   9620   9630   9640
    |           |             |   9650   9660   9670   9680   9700   9730   9740
    |           |             |   9760   9770   9780   9820   9840   9850   9860
    |           |             |   9870   9890   9900
 17 |  23  0.215 |  16730 .189 |  12590  15280  16020  16050  16190  16200  16550
    |           |             |  16570  16580  16610  16620  16640  16650  16680
    |           |             |  16690  16700  16710  16720  16730  16760  16790
    |           |             |  16800  16810
 18 |  22  0.211 |   8660 .170 |   7650   7660   7670   7680   7710   7720   7850
    |           |             |   7860   8600   8650   8660   8670   8680   8700
    |           |             |  10100  10110  10120  10130  11930  11940  11960
    |           |             |  11980
 19 |  22  0.213 |      0 .166 |      0     10     20     70    100    120    130
    |           |             |    140    160    170    180    200    210    220
    |           |             |    230    240   1310   1660   1670   1680   6480
    |           |             |   6620
 20 |  21  0.193 |  10210 .162 |   8200  10140  10150  10160  10170  10180  10190
    |           |             |  10200  10210  10220  10230  10240  10250  10260
    |           |             |  10270  10290  10300  10310  10320  10350  10360
 21 |  21  0.210 |  10850 .169 |   9120   9310   9350  10660  10670  10820  10830
    |           |             |  10840  10850  10860  10870  10880  10890  11950
    |           |             |  12080  12090  12140  12160  12170  17750  17760
 22 |  21  0.206 |  19290 .166 |  18990  19000  19020  19030  19040  19070  19080
    |           |             |  19090  19100  19120  19130  19280  19290  19300
    |           |             |  19310  19320  19330  19340  19350  19360  19380
 23 |  20  0.219 |  11160 .178 |   7750   7760   7770  10420  10440  10450  10790
    |           |             |  11160  11170  11180  11190  11200  11210  11220
    |           |             |  11230  11240  11390  11520  11530  11560
 24 |  20  0.189 |  19650 .159 |  19590  19600  19610  19620  19630  19640  19650
    |           |             |  19660  19670  19680  19700  19710  19720  19730
    |           |             |  19740  19750  19760  19780  19790  19800
 25 |  20  0.201 |   8480 .167 |   7420   7440   7450   7460   7470   7480   7490
    |           |             |   7500   7540   7570   7590   7870   8440   8460
    |           |             |   8480   8490   8500   8510   8520   8530
 26 |  19  0.204 |  13680 .165 |  13170  13180  13200  13560  13610  13620  13630
    |           |             |  13640  13650  13660  13670  13680  13690  13700
    |           |             |  13710  13720  13730  13750  15630
 27 |  19  0.199 |   1040 .170 |    930    940    950    960    970    980    990
    |           |             |   1000   1010   1020   1030   1040   1060   1070
    |           |             |   1080   1090   1100   1120   6610
 28 |  19  0.212 |  12370 .173 |  11120  11130  11150  12250  12270  12280  12290
    |           |             |  12300  12310  12320  12330  12350  12360  12370
    |           |             |  12380  12390  12400  12410  12430
 29 |  18  0.211 |  18440 .172 |  18180  18190  18200  18210  18240  18250  18260
    |           |             |  18270  18280  18290  18300  18390  18410  18420
    |           |             |  18430  18440  18450  18460
 30 |  17  0.202 |   3700 .166 |   3340   3410   3420   3430   3460   3470   3660
    |           |             |   3670   3680   3690   3700   3710   3720   3730
    |           |             |   3740   3750   3760
 31 |  17  0.216 |  17580 .174 |  11100  11110  17480  17490  17500  17570  17580
    |           |             |  17590  17600  17610  17620  17630  17640  17660
    |           |             |  17670  17680  17720
 32 |  17  0.206 |   6500 .171 |   1780   5400   6410   6420   6440   6450   6460
    |           |             |   6470   6490   6500   6510   6520   6530   6540
    |           |             |   6570   6580   6600
 33 |  17  0.200 |   2210 .168 |   2120   2130   2140   2150   2170   2180   2190
    |           |             |   2200   2210   3850   5920   6280   6720   6730
    |           |             |   6740   6960   7140
 34 |  17  0.205 |  15470 .178 |  15030  15260  15270  15360  15370  15400  15410
    |           |             |  15420  15430  15460  15470  15480  15490  15580
    |           |             |  15590  15600  15920
 35 |  16  0.193 |   8080 .152 |   8000   8010   8020   8040   8050   8060   8070
    |           |             |   8080   8090   8100   8110   8120   8130   8140
    |           |             |   8150   8160
 36 |  16  0.189 |  11000 .155 |  10720  10730  10740  10900  10910  10920  10930
    |           |             |  10940  10950  10960  10980  10990  11000  11010
    |           |             |  11020  11030
 37 |  16  0.205 |  16290 .175 |  16260  16270  16280  16290  16310  16340  16350
    |           |             |  16360  16370  16380  16400  16410  16420  16430
    |           |             |  17220  17250
 38 |  15  0.192 |  17970 .161 |  17920  17930  17940  17950  17960  17970  17980
    |           |             |  17990  18000  18500  18520  18530  18540  18560
    |           |             |  18570
 39 |  15  0.199 |  14250 .165 |  13390  13400  14250  14260  14270  14280  14480
    |           |             |  14490  14500  14510  14520  14530  14730  14740
    |           |             |  14750
 40 |  15  0.197 |  15130 .175 |  14840  14860  14990  15010  15090  15100  15110
    |           |             |  15120  15130  15140  15150  15760  15780  15830
    |           |             |  15840
 41 |  15  0.216 |  12060 .174 |   9180   9200   9210   9230   9250   9260   9280
    |           |             |  12030  12040  12050  12060  12070  12100  17730
    |           |             |  17740
 42 |  14  0.219 |    810 .186 |    250    280    290    310    770    780    800
    |           |             |    810    840    920   1170   2460   4750   6220
 43 |  14  0.167 |  18100 .143 |  18010  18020  18030  18040  18050  18060  18070
    |           |             |  18080  18090  18100  18110  18120  18130  18140
 44 |  14  0.192 |  19910 .159 |  19870  19880  19890  19900  19910  19920  19930
    |           |             |  19940  19950  19960  19970  19980  19990  20000
 45 |  13  0.179 |  14070 .143 |  14010  14020  14030  14040  14050  14060  14070
    |           |             |  14080  14090  14100  14110  14120  14170
 46 |  13  0.210 |   7020 .175 |   5940   5960   6200   6240   6990   7000   7010
    |           |             |   7020   7030   7060   7080   7090   7120
 47 |  13  0.205 |   9710 .171 |   9420   9450   9470   9480   9490   9500   9510
    |           |             |   9520   9530   9540   9710   9720   9750
 48 |  13  0.209 |   1900 .172 |   1790   1800   1810   1820   1840   1850   1860
    |           |             |   1890   1900   1910   1920   1930   1940
 49 |  12  0.208 |  18740 .184 |  18150  18160  18170  18580  18590  18600  18610
    |           |             |  18670  18680  18690  18740  18750
 50 |  12  0.189 |  10050 .158 |   8580   8610   9990  10000  10010  10020  10030
    |           |             |  10040  10050  10070  10080  10090
 51 |  12  0.188 |  12820 .163 |  12600  12610  12620  12630  12640  12650  12660
    |           |             |  12810  12820  12830  12840  12850
 52 |  11  0.201 |  10490 .164 |  10370  10380  10390  10460  10480  10490  10500
    |           |             |  10510  10540  10610  10620
 53 |  11  0.187 |  13210 .154 |  13120  13130  13140  13150  13210  13220  13230
    |           |             |  13240  13250  13260  13320
 54 |  11  0.210 |  18940 .169 |  18780  18790  18800  18940  18950  18960  18970
    |           |             |  18980  19480  19490  19500
 55 |  11  0.192 |    470 .164 |    430    440    450    460    470    530    540
    |           |             |    560    630    640    720
 56 |  11  0.210 |  19140 .172 |  18320  18330  18340  18350  18370  18380  19110
    |           |             |  19140  19150  19160  19170
 57 |  11  0.185 |  13370 .174 |  13350  13360  13370  13380  13410  13420  13430
    |           |             |  13450  13460  13470  13480
 58 |  10  0.202 |   7820 .174 |   7810   7820   7830   7840   7880   7910   8550
    |           |             |   8560   8570   8590
 59 |  10  0.206 |  16130 .170 |   9430  16040  16120  16130  16140  16150  16160
    |           |             |  16170  16210  17120
 60 |  10  0.211 |   4020 .182 |   4000   4010   4020   4030   4040   4050   6090
    |           |             |   6100   6120   6140
 61 |  10  0.189 |  19540 .161 |  19470  19510  19520  19530  19540  19550  19560
    |           |             |  19570  19580  19690
 62 |  10  0.197 |   1640 .179 |     50     60   1580   1590   1600   1610   1620
    |           |             |   1630   1640   6390
 63 |  10  0.166 |   3500 .150 |   3480   3490   3500   3510   3520   3530   3540
    |           |             |   3550   3560   3570
 64 |  10  0.194 |   9930 .165 |   9550   9560   9570   9830   9910   9920   9930
    |           |             |   9940   9950   9980
 65 |  10  0.198 |   7330 .169 |   7150   7190   7200   7210   7220   7310   7320
    |           |             |   7330   7340   7350
 66 |  10  0.223 |  12750 .187 |  12510  12580  12680  12690  12700  12730  12740
    |           |             |  12750  12760  12770
 67 |   9  0.203 |  17810 .169 |   9100   9130  17770  17780  17790  17800  17810
    |           |             |  17820  17840
 68 |   9  0.211 |  14800 .187 |  14670  14680  14700  14720  14770  14780  14790
    |           |             |  14800  14820
 69 |   9  0.190 |   2040 .159 |   2000   2010   2020   2030   2040   2050   2060
    |           |             |   2070   5950
 70 |   9  0.192 |  13550 .160 |  13510  13520  13530  13540  13550  13570  13580
    |           |             |  13590  13600
 71 |   9  0.187 |  11600 .158 |  11550  11570  11580  11590  11600  11610  11620
    |           |             |  11630  11640
 72 |   9  0.235 |  16770 .225 |  15940  15950  16010  16240  16540  16630  16750
    |           |             |  16770  16780
 73 |   9  0.188 |    870 .161 |    820    830    850    860    870    880    900
    |           |             |    910   1950
 74 |   8  0.201 |   8780 .167 |   2290   4950   8740   8760   8770   8780   8790
    |           |             |   8800
 75 |   8  0.223 |   2890 .188 |   2750   2760   2770   2780   2890   2910   2920
    |           |             |   3050
 76 |   8  0.190 |   5120 .167 |   5050   5060   5070   5080   5100   5110   5120
    |           |             |   5140
 77 |   8  0.185 |   1530 .155 |   1480   1490   1500   1510   1520   1530   1540
    |           |             |   1550
 78 |   7  0.218 |  12150 .189 |   9320  10800  10810  12130  12150  12180  12190
 79 |   7  0.196 |   7610 .164 |   7550   7560   7580   7600   7610   7620   8640
 80 |   7  0.186 |  17470 .154 |  17440  17450  17460  17470  17540  17550  17560
 81 |   7  0.173 |   7900 .159 |   7900   7920   7930   7940   7950   7960   7970
 82 |   7  0.200 |   9070 .171 |   8620   9040   9050   9060   9070   9080   9090
 83 |   7  0.188 |  10580 .173 |   7700  10550  10560  10570  10580  10590  10600
 84 |   7  0.163 |  12570 .148 |  12500  12520  12530  12540  12550  12560  12570
 85 |   7  0.177 |   8850 .154 |   8830   8840   8850   8860   8870   8880   8890
 86 |   7  0.183 |   2640 .160 |   2560   2570   2620   2630   2640   2650   2660
 87 |   7  0.199 |   6000 .173 |   5290   5740   6000   6010   6020   6030   6040
 88 |   7  0.201 |  12450 .172 |  12210  12440  12450  12460  12470  12480  12490
 89 |   7  0.219 |   4210 .173 |   1150   2420   4190   4210   4220   4660  11380
 90 |   7  0.200 |   1440 .170 |   1410   1420   1430   1440   1450   1460   1470
 91 |   6  0.179 |  19820 .152 |  19770  19810  19820  19830  19840  19850
 92 |   6  0.193 |  13830 .158 |  13810  13820  13830  13840  13850  13890
 93 |   6  0.213 |   3330 .198 |   3320   3330   3780   3820   3830   4680
 94 |   6  0.186 |  17870 .152 |  17850  17860  17870  17880  17890  17900
 95 |   6  0.214 |  14460 .175 |  14400  14410  14450  14460  14610  14630
 96 |   6  0.184 |  17390 .157 |  17380  17390  17400  17410  17420  17430
 97 |   6  0.175 |  14130 .148 |  14130  14140  14150  14160  14180  14200
 98 |   6  0.195 |   7390 .168 |   7360   7370   7380   7390   7400   7410
 99 |   6  0.170 |  13290 .154 |  13280  13290  13300  13310  13330  13340
100 |   6  0.212 |  16440 .181 |  16390  16440  16450  16460  16500  16860
101 |   6  0.209 |   1700 .195 |     40   1700   1720   1730   6340   6350
102 |   6  0.205 |  10690 .191 |   9330   9340   9360   9370  10680  10690
103 |   6  0.185 |  15310 .150 |  15300  15310  15320  15330  15340  15350
104 |   6  0.161 |  11280 .142 |  11250  11260  11270  11280  11290  11300
105 |   6  0.189 |   3350 .172 |   3350   3360   3370   3380   3390   3770
106 |   6  0.203 |  18470 .171 |  17910  18470  18480  18870  18880  18890
107 |   6  0.188 |   2960 .174 |   2930   2940   2950   2960   2980   3020
108 |   6  0.196 |   3640 .168 |   3630   3640   3650   5220   5230   5240
109 |   5  0.145 |   3600 .132 |   3580   3590   3600   3610   3620
110 |   5  0.154 |  17150 .148 |  17130  17140  17150  17160  17170
111 |   5  0.160 |  12870 .146 |  12860  12870  12880  12890  12900
112 |   5  0.180 |   1350 .161 |   1350   1360   1380   1390   1400
113 |   5  0.196 |  11070 .171 |  10750  11050  11060  11070  11080
114 |   5  0.175 |   1230 .144 |   1220   1230   1240   1250   1260
115 |   5  0.160 |   8990 .133 |   8970   8980   8990   9000   9010
116 |   5  0.231 |   1300 .225 |    260   1290   1300   1320   1340
117 |   5  0.180 |  13930 .164 |  13910  13920  13930  13940  13950
118 |   5  0.196 |   7800 .178 |   7730   7740   7780   7790   7800
119 |   5  0.200 |   9400 .173 |   9390   9400   9410   9440   9460
120 |   5  0.176 |  11450 .168 |  11430  11440  11450  11460  11470
121 |   5  0.206 |  10640 .182 |   9290  10630  10640  10650  11970
122 |   5  0.194 |   8190 .170 |   7980   7990   8170   8180   8190
123 |   5  0.211 |  12220 .183 |  11140  12200  12220  12240  12260
124 |   4  0.178 |  15980 .153 |  15960  15970  15980  16530
125 |   4  0.187 |   8710 .159 |   8690   8710   8720   8730
126 |   4  0.215 |  16320 .197 |  16320  16330  17190  17200
127 |   4  0.185 |  17700 .173 |  12340  17650  17690  17700
128 |   4  0.176 |  13990 .159 |  13970  13980  13990  14000
129 |   4  0.168 |   3240 .138 |   3220   3230   3240   3250
130 |   4  0.267 |   3920 .259 |   3920   4380   5520   7170
131 |   4  0.163 |  11490 .138 |  11480  11490  11500  11510
132 |   4  0.215 |   3890 .193 |     90   3890   3910   6970
133 |   4  0.223 |   4060 .202 |   2410   4060   4070   5260
134 |   4  0.179 |   8930 .162 |   8910   8920   8930   8940
135 |   4  0.195 |  19230 .173 |  19220  19230  19240  19260
136 |   4  0.181 |  10400 .176 |  10330  10340  10400  10410
137 |   4  0.231 |   1190 .199 |   1160   1180   1190   1210
138 |   4  0.191 |  15820 .157 |  15740  15790  15810  15820
139 |   4  0.192 |   1130 .156 |   1050   1110   1130   1140
140 |   4  0.167 |  16480 .152 |  16470  16480  16490  16510
141 |   4  0.217 |   5480 .178 |   4910   5460   5480   6920
142 |   4  0.263 |   2080 .243 |   1990   2080   2320   5930
143 |   4  0.219 |    320 .179 |    300    320    330    340
144 |   3  0.152 |  12800 .141 |  12780  12790  12800
145 |   3  0.226 |  10760 .216 |  10760  10780  17710
146 |   3  0.192 |   8540 .171 |   7430   8540   8630
147 |   3  0.160 |  13870 .144 |  13860  13870  13880
148 |   3  0.224 |  18360 .210 |  18310  18360  18400
149 |   3  0.158 |  19050 .143 |  19010  19050  19060
150 |   3  0.195 |   3450 .181 |   3400   3440   3450
151 |   3  0.180 |   7100 .161 |   7040   7100   7110
152 |   3  0.191 |  17340 .176 |  17320  17340  17350
153 |   3  0.199 |   9220 .187 |   9190   9220   9240
154 |   3  0.207 |   1880 .181 |   1830   1870   1880
155 |   3  0.163 |   3090 .150 |   3080   3090   3110
156 |   3  0.169 |   7640 .147 |   7630   7640  11650
157 |   3  0.266 |   6560 .251 |   1770   6560   6630
158 |   3  0.231 |   9970 .199 |   8960   9960   9970
159 |   3  0.287 |   2800 .274 |   2740   2800   3180
160 |   3  0.145 |   7510 .139 |   7510   7520   7530
161 |   3  0.151 |   9800 .143 |   9790   9800   9810
162 |   3  0.118 |  17520 .109 |  17510  17520  17530
163 |   3  0.218 |  12110 .193 |  10970  12110  12120
164 |   3  0.189 |   2590 .161 |   2580   2590   6950
165 |   3  0.192 |  18510 .171 |  18490  18510  18550
166 |   3  0.221 |  18770 .185 |  18760  18770  18810
167 |   3  0.189 |  13500 .172 |  13490  13500  15930
168 |   3  0.202 |  11730 .173 |  11720  11730  11750
169 |   3  0.180 |  14220 .166 |  14190  14210  14220
170 |   2  0.223 |  16100 .223 |  16100  16250
171 |   2  0.240 |  10470 .240 |  10470  10520
172 |   2  0.187 |   2300 .187 |   2300   3870
173 |   2  0.122 |  16590 .122 |  16590  16600
174 |   2  0.198 |   7690 .198 |   7690  11540
175 |   2  0.175 |  15500 .175 |  15500  15510
176 |   2  0.167 |   9020 .167 |   9020   9030
177 |   2  0.187 |   1690 .187 |   1690   1710
178 |   2  0.226 |    190 .226 |    190   1650
179 |   2  0.154 |  12710 .154 |  12710  12720
180 |   2  0.167 |  18220 .167 |  18220  18230
181 |   2  0.281 |    360 .281 |    360    570
182 |   2  0.133 |   6070 .133 |   6070   6080
183 |   2  0.209 |  17360 .209 |  17360  17370
184 |   2  0.184 |  15440 .184 |  15440  15450
185 |   2  0.130 |   9160 .130 |   9160   9170
186 |   2  0.141 |   3060 .141 |   3060   3070
187 |   2  0.179 |  14810 .179 |  14810  14830
188 |   2  0.171 |   1560 .171 |   1560   1570
189 |   2  0.133 |   1270 .133 |   1270   1280
190 |   2  0.153 |   8810 .153 |   8810   8820
191 |   2  0.198 |  14320 .198 |  14320  14350
192 |   2  0.193 |  17210 .193 |  17210  17230
193 |   2  0.144 |  10700 .144 |  10700  10710
194 |   2  0.135 |  13770 .135 |  13770  13780
195 |   2  0.252 |   9110 .252 |   9110  11900
196 |   2  0.247 |   8950 .247 |   8950   9880
197 |   2  0.217 |   5020 .217 |   5020   5300
198 |   2  0.269 |   7230 .269 |   7230   7300
199 |   2  0.228 |   4670 .228 |   4670   5090
200 |   2  0.243 |  10770 .243 |  10770  11090
201 |   1       |    350      |    350
202 |   1       |  13960      |  13960
203 |   1       |  10430      |  10430
204 |   1       |   5980      |   5980
205 |   1       |    600      |    600
206 |   1       |  10060      |  10060
207 |   1       |   9140      |   9140
208 |   1       |  14690      |  14690
209 |   1       |   8750      |   8750
210 |   1       |   3280      |   3280
211 |   1       |  11370      |  11370
212 |   1       |  12420      |  12420
213 |   1       |    150      |    150
214 |   1       |   9380      |   9380
215 |   1       |   6430      |   6430
216 |   1       |   9690      |   9690
217 |   1       |     80      |     80
218 |   1       |    890      |    890
219 |   1       |  12000      |  12000
220 |   1       |  11040      |  11040
221 |   1       |  13440      |  13440
222 |   1       |  17830      |  17830
223 |   1       |   8220      |   8220
224 |   1       |   3900      |   3900
225 |   1       |   9270      |   9270
226 |   1       |  18860      |  18860
227 |   1       |  10280      |  10280
228 |   1       |   1200      |   1200
229 |   1       |  12670      |  12670
230 |   1       |   8900      |   8900
231 |   1       |  14850      |  14850
232 |   1       |  12910      |  12910
233 |   1       |   3190      |   3190
234 |   1       |   8030      |   8030
235 |   1       |  16000      |  16000
236 |   1       |   6980      |   6980
237 |   1       |  15610      |  15610
238 |   1       |    110      |    110
239 |   1       |   1330      |   1330
240 |   1       |  16180      |  16180
241 |   1       |  19860      |  19860
242 |   1       |  10530      |  10530
243 |   1       |  13160      |  13160
244 |   1       |    270      |    270
245 |   1       |   1370      |   1370
246 |   1       |  13900      |  13900
247 |   1       |   4390      |   4390
248 |   1       |  15290      |  15290
