Using gromos method for clustering
Using RMSD cutoff 0.2 nm
The RMSD ranges from 0.0644146 to 1.54083 nm
Average RMSD is 0.666472
Number of structures for matrix 2001
Energy of the matrix is 46.4371.

Found 355 clusters

Writing middle structure for each cluster to /root/LiSPER_remote/LiSPER_8cand_LiCl/systems/LiD3-Flex/gromacs/cluster_20ns/representative_top_cluster.pdb

cl. | #st  rmsd | middle rmsd | cluster members
  1 |  88  0.169 |  16660 .132 |  16260  16460  16470  16480  16490  16500  16510
    |           |             |  16520  16530  16540  16550  16560  16570  16580
    |           |             |  16590  16600  16610  16620  16630  16640  16650
    |           |             |  16660  16670  16680  16690  16700  16710  16720
    |           |             |  16730  16740  16750  16760  16770  16780  16790
    |           |             |  16800  16810  16820  16830  16840  16850  16860
    |           |             |  16870  16880  16890  16900  16910  16920  16930
    |           |             |  16940  16950  16960  16970  16980  16990  17000
    |           |             |  17010  17020  17030  17040  17050  17060  17070
    |           |             |  17080  17090  17100  17110  17120  17130  17140
    |           |             |  17150  17160  17170  17180  17190  17200  17210
    |           |             |  17220  17230  17240  17250  17530  17540  17550
    |           |             |  17560  17570  17580  17590
  2 |  36  0.201 |  16320 .169 |  16010  16100  16110  16120  16130  16140  16150
    |           |             |  16160  16170  16180  16190  16230  16240  16250
    |           |             |  16280  16300  16310  16320  16330  16340  17300
    |           |             |  17310  17330  17340  17360  17370  17380  17390
    |           |             |  17400  17420  17450  17460  17470  17480  17490
    |           |             |  17720
  3 |  33  0.201 |  18270 .169 |  17910  17920  18040  18050  18060  18070  18080
    |           |             |  18090  18110  18130  18140  18150  18160  18170
    |           |             |  18190  18200  18210  18220  18230  18240  18250
    |           |             |  18260  18270  18280  18290  18300  18310  18320
    |           |             |  18330  18340  18670  18680  18690
  4 |  29  0.213 |  15190 .172 |  14910  15120  15130  15140  15150  15160  15170
    |           |             |  15180  15190  15200  15210  15230  15240  15260
    |           |             |  15270  15290  15300  15310  15380  15500  15530
    |           |             |  15540  15570  15710  15720  15730  15740  15750
    |           |             |  15760
  5 |  29  0.219 |   5880 .176 |   5390   5400   5410   5420   5440   5570   5580
    |           |             |   5610   5620   5690   5700   5720   5730   5740
    |           |             |   5770   5780   5790   5800   5810   5820   5830
    |           |             |   5840   5850   5860   5870   5880   5890   5920
    |           |             |   5930
  6 |  25  0.220 |   9400 .179 |   8330   8360   8370   8390   8400   8660   8710
    |           |             |   8720   8730   8760   8770   8780   8800   8810
    |           |             |   9010   9020   9030   9050   9230   9240   9250
    |           |             |   9380   9400   9410   9420
  7 |  24  0.199 |   9140 .165 |   8640   9070   9080   9090   9100   9110   9120
    |           |             |   9130   9140   9150   9160   9170   9260   9270
    |           |             |   9280   9290   9310   9320   9330   9340   9350
    |           |             |   9360   9580   9610
  8 |  24  0.205 |  11090 .166 |  10900  10910  10920  10940  10950  10960  10970
    |           |             |  11000  11010  11020  11030  11040  11060  11070
    |           |             |  11080  11090  11100  11110  11120  11130  11280
    |           |             |  11290  11300  11340
  9 |  23  0.204 |   5060 .165 |   4830   4840   4850   4860   4870   4890   4900
    |           |             |   4910   4920   4930   4940   4950   4990   5010
    |           |             |   5020   5030   5040   5050   5060   5070   5080
    |           |             |   5090   5100
 10 |  23  0.212 |   9980 .173 |   9950   9960   9970   9980   9990  10000  10010
    |           |             |  10040  10050  10070  10080  10120  10130  10140
    |           |             |  10150  10160  10180  10190  10230  10240  10250
    |           |             |  10260  10560
 11 |  20  0.195 |  18550 .162 |  18180  18350  18480  18490  18500  18510  18520
    |           |             |  18530  18540  18550  18560  18570  18580  18590
    |           |             |  18600  18610  18620  18630  18640  18650
 12 |  20  0.207 |  15050 .169 |  14940  14950  14960  14970  14980  15000  15010
    |           |             |  15020  15030  15040  15050  15060  15070  15350
    |           |             |  15400  15410  15420  15460  15470  15580
 13 |  20  0.214 |  13830 .172 |  13630  13640  13670  13680  13690  13750  13760
    |           |             |  13770  13790  13810  13820  13830  13840  13850
    |           |             |  13860  13870  13880  13890  13900  13920
 14 |  17  0.207 |  17500 .171 |  17280  17290  17320  17350  17410  17430  17440
    |           |             |  17500  17510  17520  17670  17730  17740  17750
    |           |             |  17760  17770  17780
 15 |  16  0.201 |   6800 .164 |   6780   6790   6800   6810   6820   6830   6840
    |           |             |   6850   6860   6870   6890   6900   6910   6920
    |           |             |   6940   6950
 16 |  16  0.209 |  10550 .170 |   9800   9810   9820   9830   9850   9860   9890
    |           |             |   9900   9910   9920   9930  10500  10540  10550
    |           |             |  10570  10580
 17 |  16  0.205 |   4360 .168 |   4210   4290   4310   4320   4330   4340   4350
    |           |             |   4360   4370   4380   4390   4400   4410   4420
    |           |             |   4540   4580
 18 |  15  0.219 |   1150 .181 |      0     10     70    100    980    990   1030
    |           |             |   1040   1050   1060   1120   1130   1140   1150
    |           |             |   1400
 19 |  15  0.202 |   7830 .170 |   7710   7720   7730   7740   7750   7790   7810
    |           |             |   7820   7830   7840   7850   7870   7880   7900
    |           |             |   7910
 20 |  15  0.204 |   2110 .166 |   2020   2040   2050   2060   2070   2080   2090
    |           |             |   2100   2110   2120   2180   2230   2240   2250
    |           |             |   2260
 21 |  14  0.214 |  11550 .182 |  11470  11520  11530  11540  11550  11560  11570
    |           |             |  11590  11680  11690  11700  11710  11730  11770
 22 |  14  0.201 |  19190 .171 |  19130  19140  19150  19160  19170  19180  19190
    |           |             |  19200  19210  19220  19230  19240  19250  19260
 23 |  14  0.212 |    440 .174 |    200    270    280    430    440    450   1450
    |           |             |   1470   1480   1500   1510   1520   1530   1540
 24 |  14  0.201 |  14510 .171 |  14320  14330  14340  14350  14370  14390  14400
    |           |             |  14410  14420  14480  14490  14500  14510  14520
 25 |  14  0.194 |  19480 .163 |  19390  19400  19410  19420  19450  19460  19470
    |           |             |  19480  19490  19500  19510  19520  19530  19590
 26 |  14  0.215 |   9570 .170 |   8630   9490   9500   9510   9520   9530   9540
    |           |             |   9560   9570   9590   9600   9630   9640   9650
 27 |  13  0.183 |  15950 .159 |  15810  15880  15890  15900  15910  15920  15930
    |           |             |  15940  15950  15960  15970  15980  15990
 28 |  13  0.185 |  17880 .150 |  17810  17820  17830  17840  17850  17860  17870
    |           |             |  17880  17890  17900  17930  17940  17950
 29 |  13  0.193 |   6050 .167 |   5970   6010   6020   6030   6040   6050   6060
    |           |             |   6070   6080   6090   6100   6120   6130
 30 |  13  0.190 |  11840 .160 |  11800  11810  11820  11830  11840  11850  11860
    |           |             |  11870  11880  11890  11900  12120  12130
 31 |  13  0.215 |   8350 .175 |   8020   8030   8040   8300   8310   8320   8340
    |           |             |   8350   8380   8820   8940   8950   8960
 32 |  13  0.186 |  10370 .158 |  10310  10320  10330  10340  10350  10360  10370
    |           |             |  10380  10390  10400  10410  10420  10430
 33 |  12  0.200 |   6220 .168 |   6200   6210   6220   6230   6260   6270   6280
    |           |             |   6300   6310   6320   6330   6340
 34 |  12  0.198 |   8500 .166 |   8430   8440   8450   8460   8470   8480   8490
    |           |             |   8500   8510   8520   8530   8540
 35 |  11  0.202 |  15560 .181 |  15320  15330  15340  15360  15480  15490  15510
    |           |             |  15520  15550  15560  15800
 36 |  11  0.187 |   6360 .170 |   6150   6160   6170   6180   6350   6360   6370
    |           |             |   6380   6390   6400   6450
 37 |  11  0.207 |   3570 .164 |   3570   3580   3590   3600   3620   3630   3650
    |           |             |   3660   3680   3690   3910
 38 |  11  0.203 |    340 .174 |    290    320    330    340    350    360    370
    |           |             |    380    390    820    830
 39 |  11  0.207 |   4640 .174 |   4620   4630   4640   4650   4660   4670   4680
    |           |             |   4720   4740   4750   4760
 40 |  11  0.193 |   7380 .168 |   7260   7270   7280   7360   7370   7380   7390
    |           |             |   7400   7410   7420   7430
 41 |  11  0.199 |   2300 .168 |   2280   2290   2300   2310   2320   2330   2340
    |           |             |   2380   2390   2420   2440
 42 |  11  0.198 |   7170 .169 |   7070   7120   7130   7140   7150   7160   7170
    |           |             |   7180   7190   7200   7210
 43 |  11  0.204 |   8210 .178 |   8110   8130   8170   8180   8190   8200   8210
    |           |             |   8220   8230   8250   8290
 44 |  11  0.189 |  18390 .163 |  18360  18370  18380  18390  18400  18410  18420
    |           |             |  18440  18450  18460  18470
 45 |  11  0.199 |   3050 .169 |   3030   3040   3050   3060   3070   3080   3120
    |           |             |   3130   3140   3150   3160
 46 |  11  0.202 |  14050 .177 |  13990  14000  14010  14020  14030  14040  14050
    |           |             |  14060  14070  14080  14090
 47 |  10  0.183 |  10780 .160 |  10710  10720  10750  10760  10770  10780  10790
    |           |             |  10810  10820  10830
 48 |  10  0.194 |  12960 .161 |  12920  12930  12940  12950  12960  12970  12980
    |           |             |  12990  13000  13650
 49 |  10  0.194 |  11630 .164 |  11600  11610  11620  11630  11640  11650  11670
    |           |             |  11720  11740  11760
 50 |  10  0.189 |  15630 .162 |  15610  15620  15630  15640  15650  15660  15670
    |           |             |  15680  15690  15700
 51 |  10  0.198 |   1330 .170 |    110    120   1190   1200   1210   1230   1320
    |           |             |   1330   1340   1360
 52 |  10  0.186 |   5160 .160 |   5130   5150   5160   5170   5180   5200   5210
    |           |             |   5220   5230   5240
 53 |  10  0.203 |  12370 .167 |  12300  12320  12330  12340  12370  12380  12390
    |           |             |  12400  12410  12430
 54 |  10  0.176 |  19330 .150 |  19280  19290  19300  19310  19320  19330  19340
    |           |             |  19350  19360  19370
 55 |  10  0.211 |  10640 .176 |  10590  10600  10620  10630  10640  10650  10660
    |           |             |  10670  10680  10690
 56 |   9  0.189 |   1660 .157 |   1610   1620   1630   1640   1650   1660   1670
    |           |             |   1680   1760
 57 |   9  0.194 |  12740 .163 |  12640  12650  12720  12730  12740  12750  12760
    |           |             |  12770  12870
 58 |   9  0.187 |  12150 .164 |  12100  12110  12140  12150  12160  12170  12180
    |           |             |  12190  12200
 59 |   9  0.191 |   7520 .158 |   7440   7450   7490   7500   7510   7520   7530
    |           |             |   7550   7560
 60 |   9  0.177 |  10470 .150 |  10440  10450  10460  10470  10480  10490  10510
    |           |             |  10520  10530
 61 |   9  0.193 |   4230 .167 |   4190   4200   4220   4230   4240   4250   4260
    |           |             |   4270   4280
 62 |   9  0.216 |  13060 .174 |  13030  13040  13050  13060  13070  13080  13090
    |           |             |  13100  13230
 63 |   9  0.203 |   8410 .183 |   8410   8420   8650   8670   8680   8700   8790
    |           |             |   9040   9060
 64 |   9  0.183 |  16420 .160 |  16370  16380  16390  16400  16410  16420  16430
    |           |             |  16440  16450
 65 |   9  0.214 |   1410 .177 |    160    170    180    190    210    900   1410
    |           |             |   1420   1460
 66 |   9  0.198 |   2730 .166 |   2670   2680   2690   2700   2710   2720   2730
    |           |             |   2740   2750
 67 |   9  0.198 |   5450 .175 |   5430   5450   5460   5520   5530   5540   5550
    |           |             |   5560   5590
 68 |   9  0.211 |   8910 .171 |   8050   8870   8880   8890   8900   8910   8920
    |           |             |   8930   9390
 69 |   9  0.192 |  11200 .159 |  11140  11160  11170  11180  11190  11200  11210
    |           |             |  11220  11230
 70 |   9  0.206 |    610 .175 |    520    530    540    550    590    600    610
    |           |             |    620    630
 71 |   9  0.182 |   7640 .153 |   7620   7630   7640   7650   7660   7670   7680
    |           |             |   7690   7700
 72 |   9  0.202 |   3430 .169 |   3270   3280   3320   3400   3410   3420   3430
    |           |             |   3440   3450
 73 |   9  0.183 |  12560 .155 |  12520  12530  12540  12550  12560  12570  12580
    |           |             |  12590  12600
 74 |   8  0.212 |   1010 .179 |    850    920    930    940    950   1000   1010
    |           |             |   1020
 75 |   8  0.189 |  19690 .164 |  19670  19680  19690  19700  19710  19720  19730
    |           |             |  19740
 76 |   8  0.195 |  13490 .161 |  13440  13460  13470  13480  13490  13500  13510
    |           |             |  13560
 77 |   8  0.189 |  14150 .153 |  14100  14120  14130  14140  14150  14160  14170
    |           |             |  14180
 78 |   8  0.181 |  19020 .150 |  18990  19000  19010  19020  19030  19040  19050
    |           |             |  19060
 79 |   8  0.176 |  19900 .147 |  19850  19860  19870  19880  19890  19900  19910
    |           |             |  19930
 80 |   8  0.174 |  16060 .152 |  16000  16020  16030  16040  16050  16060  16070
    |           |             |  16080
 81 |   8  0.185 |   2900 .157 |   2870   2880   2890   2900   2910   2920   2930
    |           |             |   2940
 82 |   8  0.191 |  14650 .158 |  14620  14630  14640  14650  14660  14670  14680
    |           |             |  14690
 83 |   8  0.177 |  17970 .160 |  17960  17970  17980  17990  18000  18010  18020
    |           |             |  18030
 84 |   8  0.219 |    770 .181 |    680    690    750    760    770    780    810
    |           |             |   1180
 85 |   8  0.198 |   9760 .165 |   9720   9730   9740   9750   9760   9770   9780
    |           |             |   9790
 86 |   8  0.206 |   7600 .177 |   7300   7310   7480   7570   7580   7590   7600
    |           |             |   7610
 87 |   7  0.199 |   1800 .172 |   1770   1780   1790   1800   1810   1820   1840
 88 |   7  0.164 |  19620 .149 |  19600  19610  19620  19630  19640  19650  19660
 89 |   7  0.184 |    890 .158 |    860    870    880    890    910   1430   1440
 90 |   7  0.203 |   1910 .176 |   1850   1860   1870   1880   1900   1910   1920
 91 |   7  0.193 |  18790 .163 |  18760  18770  18780  18790  18800  18810  18950
 92 |   7  0.184 |   4030 .163 |   4000   4010   4020   4030   4040   4050   4060
 93 |   7  0.197 |  14880 .167 |  14850  14860  14870  14880  14890  14900  14920
 94 |   7  0.211 |   2830 .182 |   2810   2820   2830   2840   2850   2860   3110
 95 |   7  0.188 |  12820 .150 |  12620  12630  12790  12800  12810  12820  12830
 96 |   7  0.212 |  17710 .186 |  17630  17650  17660  17680  17690  17700  17710
 97 |   7  0.186 |   6560 .169 |   6550   6560   6570   6580   6590   6600   6610
 98 |   7  0.217 |  10110 .190 |  10060  10090  10100  10110  10290  10300  10700
 99 |   7  0.199 |   2160 .177 |   2130   2140   2150   2160   2170   2190   2200
100 |   7  0.171 |  19960 .139 |  19940  19950  19960  19970  19980  19990  20000
101 |   7  0.192 |  11380 .170 |  11350  11360  11370  11380  11390  11400  11410
102 |   6  0.169 |  15870 .145 |  15820  15830  15840  15850  15860  15870
103 |   6  0.184 |   8590 .171 |   8570   8580   8590   8600   8610   8620
104 |   6  0.170 |  14810 .139 |  14780  14790  14800  14810  14820  14830
105 |   6  0.214 |     90 .200 |     80     90    130    140    970   1070
106 |   6  0.180 |  16210 .155 |  16200  16210  16220  16270  16290  16360
107 |   6  0.184 |   7020 .155 |   7000   7010   7020   7030   7040   7050
108 |   6  0.186 |  13950 .157 |  13910  13930  13940  13950  13960  13970
109 |   6  0.180 |   3210 .158 |   3200   3210   3220   3230   3240   3250
110 |   6  0.197 |   1980 .164 |   1960   1970   1980   1990   2000   2010
111 |   6  0.210 |   6770 .187 |   6720   6730   6740   6750   6760   6770
112 |   6  0.185 |  19090 .162 |  19070  19080  19090  19100  19110  19120
113 |   6  0.184 |  18850 .149 |  18820  18830  18840  18850  18860  18870
114 |   6  0.170 |   1710 .151 |   1690   1700   1710   1720   1730   1740
115 |   6  0.201 |  13150 .182 |  13130  13140  13150  13160  13170  13180
116 |   6  0.195 |  12460 .165 |  12450  12460  12470  12490  12500  12510
117 |   6  0.189 |   7950 .164 |   7920   7930   7940   7950   7960   7970
118 |   6  0.188 |   5300 .159 |   5270   5280   5290   5300   5310   5320
119 |   6  0.180 |  12250 .175 |  12240  12250  12260  12270  12280  12290
120 |   6  0.176 |  12670 .159 |  12660  12670  12680  12690  12700  12710
121 |   6  0.204 |  13340 .169 |  13310  13320  13330  13340  13350  13370
122 |   6  0.193 |   6630 .173 |   6620   6630   6640   6650   6660   6670
123 |   5  0.178 |  14540 .162 |  14530  14540  14550  14560  14570
124 |   5  0.175 |   9690 .157 |   9660   9670   9680   9690   9700
125 |   5  0.184 |   3800 .172 |   3770   3780   3790   3800   3810
126 |   5  0.176 |   4960 .159 |   4880   4960   4970   4980   5110
127 |   5  0.203 |    250 .175 |    220    230    240    250    260
128 |   5  0.176 |  19760 .150 |  19750  19760  19770  19780  19790
129 |   5  0.184 |  11330 .163 |  10930  10980  10990  11320  11330
130 |   5  0.172 |   5990 .167 |   5950   5960   5980   5990   6000
131 |   5  0.188 |   4110 .169 |   4090   4100   4110   4120   4130
132 |   5  0.182 |  14720 .167 |  14700  14710  14720  14730  14740
133 |   5  0.171 |  13580 .149 |  13570  13580  13590  13600  13610
134 |   5  0.203 |  10870 .165 |  10850  10860  10870  10880  10890
135 |   5  0.168 |  14450 .152 |  14430  14440  14450  14460  14470
136 |   5  0.179 |  12060 .156 |  12050  12060  12070  12080  12090
137 |   5  0.169 |  18910 .157 |  18900  18910  18920  18930  18940
138 |   5  0.141 |  19560 .132 |  19540  19550  19560  19570  19580
139 |   5  0.191 |   5360 .159 |   5340   5350   5360   5370   5380
140 |   5  0.181 |   5480 .155 |   5470   5480   5490   5500   5510
141 |   5  0.190 |   9190 .162 |   9180   9190   9200   9210   9220
142 |   5  0.211 |  15590 .173 |  15090  15370  15390  15590  15600
143 |   5  0.176 |  11960 .159 |  11950  11960  11970  11980  12020
144 |   5  0.185 |   6480 .170 |   6470   6480   6490   6500   6530
145 |   5  0.159 |  19820 .129 |  19800  19810  19820  19830  19840
146 |   5  0.172 |  13720 .146 |  13700  13710  13720  13730  13740
147 |   5  0.196 |  14260 .165 |  14240  14250  14260  14270  14280
148 |   5  0.187 |   4450 .158 |   4430   4440   4450   4460   4530
149 |   5  0.167 |   2780 .147 |   2760   2770   2780   2790   3090
150 |   5  0.180 |   1260 .162 |   1240   1250   1260   1270   1280
151 |   5  0.178 |   5670 .151 |   5640   5650   5660   5670   5680
152 |   5  0.190 |   3360 .166 |   3350   3360   3370   3380   3390
153 |   5  0.199 |   3700 .172 |   3670   3700   3710   3720   3750
154 |   5  0.187 |  12880 .169 |  12860  12880  12890  12900  12910
155 |   5  0.187 |   3540 .169 |   3520   3530   3540   3550   3880
156 |   5  0.181 |   4560 .166 |   4550   4560   4570   4590   4600
157 |   4  0.197 |   3470 .180 |   3460   3470   3480   3490
158 |   4  0.194 |   2610 .168 |   2600   2610   2620   2630
159 |   4  0.171 |   4700 .147 |   4690   4700   4710   4730
160 |   4  0.190 |  17610 .165 |  17600  17610  17620  17640
161 |   4  0.172 |    480 .160 |    470    480    490    500
162 |   4  0.200 |  13200 .166 |  13190  13200  13210  13220
163 |   4  0.191 |   6960 .170 |   6930   6960   6970   6990
164 |   4  0.165 |   7770 .145 |   7760   7770   7780   7800
165 |   4  0.175 |   2970 .161 |   2960   2970   2980   2990
166 |   4  0.172 |   8140 .153 |   8120   8140   8150   8160
167 |   4  0.169 |   1390 .159 |   1350   1370   1380   1390
168 |   4  0.151 |  11490 .140 |  11480  11490  11500  11510
169 |   4  0.168 |    660 .145 |    640    650    660    670
170 |   4  0.188 |  11920 .172 |  11910  11920  11930  11940
171 |   4  0.184 |   4800 .156 |   4790   4800   4810   4820
172 |   4  0.183 |  14200 .164 |  14190  14200  14210  14220
173 |   4  0.227 |   7990 .191 |   7980   7990   8000   8010
174 |   4  0.182 |   2520 .162 |   2510   2520   2530   2540
175 |   4  0.140 |   8990 .130 |   8970   8980   8990   9000
176 |   4  0.157 |   7090 .139 |   7080   7090   7100   7110
177 |   4  0.173 |   6690 .157 |   6680   6690   6700   6710
178 |   4  0.190 |  13530 .170 |  13520  13530  13540  13550
179 |   4  0.190 |   3290 .175 |   3260   3290   3300   3310
180 |   4  0.201 |   8070 .177 |   8060   8070   8080   8090
181 |   4  0.206 |   2480 .173 |   2460   2470   2480   2490
182 |   4  0.204 |  10210 .178 |  10030  10200  10210  10220
183 |   4  0.204 |    740 .181 |    310    710    730    740
184 |   4  0.177 |  11260 .164 |  11240  11250  11260  11270
185 |   4  0.184 |   3830 .145 |   3820   3830   3840   3850
186 |   4  0.204 |   7330 .186 |   7320   7330   7340   7350
187 |   4  0.210 |   5900 .190 |   5600   5710   5900   5910
188 |   4  0.195 |   6440 .174 |   6420   6430   6440   6460
189 |   4  0.184 |  13270 .166 |  13250  13260  13270  13280
190 |   4  0.210 |   2430 .184 |   2400   2410   2430   2450
191 |   4  0.180 |     40 .162 |     30     40     50     60
192 |   4  0.191 |   3950 .184 |   3940   3950   3960   3970
193 |   3  0.231 |  19430 .203 |  19380  19430  19440
194 |   3  0.134 |  15430 .126 |  15430  15440  15450
195 |   3  0.209 |  12420 .185 |  12350  12420  12440
196 |   3  0.195 |  15100 .168 |  15080  15100  15110
197 |   3  0.152 |   1940 .134 |   1930   1940   1950
198 |   3  0.173 |  12030 .147 |  12010  12030  12040
199 |   3  0.185 |  12220 .155 |  12210  12220  12230
200 |   3  0.175 |   8840 .158 |   8830   8840   8850
201 |   3  0.179 |   8280 .172 |   8260   8270   8280
202 |   3  0.158 |   3010 .145 |   3000   3010   3020
203 |   3  0.161 |  14760 .150 |  14750  14760  14770
204 |   3  0.170 |   1550 .164 |   1550   1560   1570
205 |   3  0.184 |    420 .171 |    400    410    420
206 |   3  0.168 |  14610 .146 |  14590  14600  14610
207 |   3  0.201 |   9450 .181 |   9440   9450   9460
208 |   3  0.166 |   4480 .156 |   4470   4480   4490
209 |   3  0.179 |   3180 .174 |   3170   3180   3190
210 |   3  0.164 |   2350 .158 |   2350   2360   2370
211 |   3  0.146 |   4510 .134 |   4500   4510   4520
212 |   3  0.203 |  18730 .188 |  18720  18730  18740
213 |   3  0.146 |  11450 .129 |  11440  11450  11460
214 |   3  0.182 |  18970 .172 |  18960  18970  18980
215 |   3  0.162 |   7240 .143 |   7230   7240   7250
216 |   3  0.191 |   1090 .179 |   1080   1090   1100
217 |   3  0.243 |  13010 .215 |  13010  13020  13660
218 |   3  0.179 |  13400 .159 |  13380  13390  13400
219 |   3  0.197 |   4780 .169 |   4770   4780   5000
220 |   3  0.177 |    570 .159 |    560    570    580
221 |   3  0.140 |   2650 .130 |   2640   2650   2660
222 |   3  0.257 |  15220 .253 |  15220  15250  15280
223 |   3  0.182 |   4160 .155 |   4150   4160   4170
224 |   3  0.185 |   9870 .176 |   9840   9870   9880
225 |   3  0.157 |  14300 .134 |  14290  14300  14310
226 |   3  0.247 |   8690 .234 |   8690   9430   9480
227 |   3  0.196 |  15780 .160 |  15770  15780  15790
228 |   3  0.179 |   2580 .155 |   2570   2580   2590
229 |   3  0.188 |   1300 .166 |   1290   1300   1310
230 |   2  0.120 |  17260 .120 |  17260  17270
231 |   2  0.139 |  17790 .139 |  17790  17800
232 |   2  0.193 |   4300 .193 |   4300   5120
233 |   2  0.178 |  11780 .178 |  11780  11790
234 |   2  0.128 |   4070 .128 |   4070   4080
235 |   2  0.138 |  18100 .138 |  18100  18120
236 |   2  0.227 |  13780 .227 |  13780  13800
237 |   2  0.170 |   6240 .170 |   6240   6250
238 |   2  0.132 |  12840 .132 |  12840  12850
239 |   2  0.146 |   3890 .146 |   3890   3900
240 |   2  0.143 |   2210 .143 |   2210   2220
241 |   2  0.135 |   3330 .135 |   3330   3340
242 |   2  0.187 |  18700 .187 |  18700  18710
243 |   2  0.181 |   3730 .181 |   3730   3740
244 |   2  0.140 |   2550 .140 |   2550   2560
245 |   2  0.253 |  11580 .253 |  11580  11660
246 |   2  0.141 |   7460 .141 |   7460   7470
247 |   2  0.209 |  14360 .209 |  14360  14380
248 |   2  0.168 |  11990 .168 |  11990  12000
249 |   2  0.168 |  10270 .168 |  10270  10280
250 |   2  0.157 |   6510 .157 |   6510   6520
251 |   2  0.205 |   7860 .205 |   7860   7890
252 |   2  0.131 |   3860 .131 |   3860   3870
253 |   2  0.200 |  18880 .200 |  18880  18890
254 |   2  0.146 |  13110 .146 |  13110  13120
255 |   2  0.162 |   3920 .162 |   3920   3930
256 |   2  0.176 |  13410 .176 |  13410  13420
257 |   2  0.170 |   5750 .170 |   5750   5760
258 |   2  0.175 |    790 .175 |    790    960
259 |   2  0.174 |   8550 .174 |   8550   8560
260 |   2  0.097 |  13290 .097 |  13290  13300
261 |   2  0.205 |   3980 .205 |   3980   3990
262 |   2  0.257 |   7060 .257 |   7060   7220
263 |   2  0.148 |  10730 .148 |  10730  10740
264 |   2  0.260 |   3610 .260 |   3610   3640
265 |   2  0.187 |   8740 .187 |   8740   8750
266 |   2  0.213 |   6110 .213 |   6110   6140
267 |   2  0.224 |  13430 .224 |  13430  13450
268 |   2  0.143 |   1580 .143 |   1580   1590
269 |   2  0.187 |   5250 .187 |   5250   5260
270 |   2  0.220 |  14930 .220 |  14930  14990
271 |   1       |  11150      |  11150
272 |   1       |  18430      |  18430
273 |   1       |  11750      |  11750
274 |   1       |   8860      |   8860
275 |   1       |   8240      |   8240
276 |   1       |  11050      |  11050
277 |   1       |  19270      |  19270
278 |   1       |   7540      |   7540
279 |   1       |    840      |    840
280 |   1       |   1490      |   1490
281 |   1       |   1890      |   1890
282 |   1       |  18750      |  18750
283 |   1       |   2030      |   2030
284 |   1       |  11310      |  11310
285 |   1       |   1750      |   1750
286 |   1       |    800      |    800
287 |   1       |   6190      |   6190
288 |   1       |  16090      |  16090
289 |   1       |  19920      |  19920
290 |   1       |   6540      |   6540
291 |   1       |  13980      |  13980
292 |   1       |  13360      |  13360
293 |   1       |   6290      |   6290
294 |   1       |   9940      |   9940
295 |   1       |  13620      |  13620
296 |   1       |    510      |    510
297 |   1       |   2270      |   2270
298 |   1       |  14840      |  14840
299 |   1       |  12360      |  12360
300 |   1       |  12610      |  12610
301 |   1       |  16350      |  16350
302 |   1       |   5190      |   5190
303 |   1       |  10170      |  10170
304 |   1       |   9710      |   9710
305 |   1       |  14580      |  14580
306 |   1       |  12310      |  12310
307 |   1       |   4140      |   4140
308 |   1       |  10020      |  10020
309 |   1       |   3510      |   3510
310 |   1       |    720      |    720
311 |   1       |   4610      |   4610
312 |   1       |    700      |    700
313 |   1       |   5330      |   5330
314 |   1       |  10800      |  10800
315 |   1       |   8100      |   8100
316 |   1       |   2800      |   2800
317 |   1       |  10610      |  10610
318 |   1       |  12780      |  12780
319 |   1       |    300      |    300
320 |   1       |   5940      |   5940
321 |   1       |   6410      |   6410
322 |   1       |   6880      |   6880
323 |   1       |   9300      |   9300
324 |   1       |   9470      |   9470
325 |   1       |    460      |    460
326 |   1       |   3100      |   3100
327 |   1       |    150      |    150
328 |   1       |     20      |     20
329 |   1       |  14230      |  14230
330 |   1       |   5630      |   5630
331 |   1       |   1170      |   1170
332 |   1       |   3760      |   3760
333 |   1       |   9550      |   9550
334 |   1       |  13240      |  13240
335 |   1       |   1110      |   1110
336 |   1       |  14110      |  14110
337 |   1       |   1600      |   1600
338 |   1       |   3560      |   3560
339 |   1       |  12480      |  12480
340 |   1       |   6980      |   6980
341 |   1       |   1220      |   1220
342 |   1       |   9370      |   9370
343 |   1       |   2950      |   2950
344 |   1       |   4180      |   4180
345 |   1       |  18660      |  18660
346 |   1       |   5140      |   5140
347 |   1       |   7290      |   7290
348 |   1       |  11420      |  11420
349 |   1       |  10840      |  10840
350 |   1       |   3500      |   3500
351 |   1       |   1830      |   1830
352 |   1       |   9620      |   9620
353 |   1       |  11430      |  11430
354 |   1       |   2500      |   2500
355 |   1       |   1160      |   1160
