                :-) GROMACS - gmx mdrun, 2026.0-conda_forge (-:

Executable:   /root/miniconda3/envs/lisper-gmx/bin.AVX2_256/gmx
Data prefix:  /root/miniconda3/envs/lisper-gmx
Working dir:  /root/LiSPER_remote/LiSPER_LiCl/systems/LiD3-1/gromacs/run_prod_20ns
Command line:
  gmx mdrun -deffnm step5_production_20ns -ntmpi 1 -ntomp 16

Compiled SIMD is AVX2_256, but CPU also supports AVX_512 (see log).
The current CPU can measure timings more accurately than the code in
gmx mdrun was configured to use. This might affect your simulation
speed as accurate timings are needed for load-balancing.
Please consider rebuilding gmx mdrun with the GMX_USE_RDTSCP=ON CMake option.
Reading file step5_production_20ns.tpr, VERSION 2026.0-conda_forge (single precision)
Changing nstlist from 20 to 80, rlist from 1.224 to 1.324


Using 1 MPI thread
Using 16 OpenMP threads 


NOTE: OS CPU limit is lower than logical cpu count, thread pinning disabled.
starting mdrun 'Title'
10000000 steps,  20000.0 ps.

Writing final coordinates.

               Core t (s)   Wall t (s)        (%)
       Time:  1441478.107    90092.382     1600.0
                         1d01h01:32
                 (ns/day)    (hour/ns)    (ms/step)  (Matom*steps/s) 
Performance:       19.180        1.251        9.009            7.574 

GROMACS reminds you: "Yeah, a Wuzz, Or a Jerk" (F. Black)

