                :-) GROMACS - gmx grompp, 2026.0-conda_forge (-:

Executable:   /root/miniconda3/envs/lisper-gmx/bin.AVX2_256/gmx
Data prefix:  /root/miniconda3/envs/lisper-gmx
Working dir:  /root/LiSPER_remote/LiSPER_8cand_LiCl/systems/LiD3-Core/gromacs
Command line:
  gmx grompp -f step4.0_minimization.mdp -o /root/LiSPER_remote/LiSPER_8cand_LiCl/systems/LiD3-Core/gromacs/run_min/min_attempt1.tpr -c /root/LiSPER_remote/LiSPER_8cand_LiCl/systems/LiD3-Core/gromacs/run_min/clean_attempt1.gro -r /root/LiSPER_remote/LiSPER_8cand_LiCl/systems/LiD3-Core/gromacs/run_min/clean_attempt1.gro -p /root/LiSPER_remote/LiSPER_8cand_LiCl/systems/LiD3-Core/gromacs/topol_clean_attempt1.top -n index.ndx -maxwarn 1

Generating 1-4 interactions: fudge = 1
Number of degrees of freedom in T-Coupling group rest is 89101.00
The integrator does not provide a ensemble temperature, there is no system ensemble temperature

NOTE 1 [file step4.0_minimization.mdp]:
  Removing center of mass motion in the presence of position restraints
  might cause artifacts. When you are using position restraints to
  equilibrate a macro-molecule, the artifacts are usually negligible.


There was 1 NOTE

GROMACS reminds you: "We should change the code to FORTRAN, so it would be all caps, same as the name." (Paul Bauer, while discussing the spelling of GROMACS)

Setting the LD random seed to -806486154

Generated 252 of the 253 non-bonded parameter combinations

Generated 91 of the 253 1-4 parameter combinations

Excluding 3 bonded neighbours molecule type 'PROA'

turning H bonds into constraints...

Excluding 1 bonded neighbours molecule type 'LIT'

turning H bonds into constraints...

Excluding 1 bonded neighbours molecule type 'CLA'

turning H bonds into constraints...

Excluding 2 bonded neighbours molecule type 'TIP3'

turning H bonds into constraints...

The largest distance between excluded atoms is 0.390 nm between atom 5 and 14
Calculating fourier grid dimensions for X Y Z
Using a fourier grid of 72x72x72, spacing 0.118 0.118 0.118

Estimate for the relative computational load of the PME mesh part: 0.18

This run will generate roughly 3 Mb of data
