             :-) GROMACS - gmx convert-tpr, 2026.0-conda_forge (-:

Executable:   /home/jackieeelin929/opt/lisper_gmx_env/bin.AVX2_256/gmx
Data prefix:  /home/jackieeelin929/opt/lisper_gmx_env
Working dir:  /mnt/lisper_data/LiSPER_remote/LiSPER_8cand_LiCl/systems/LiDA-1/gromacs/umbrella_sampling_binding_site_v2/v4_tail_repair_20260702_0256/window_026_extend_to_6ns
Command line:
  gmx convert-tpr -s /mnt/lisper_data/LiSPER_remote/LiSPER_8cand_LiCl/systems/LiDA-1/gromacs/umbrella_sampling_binding_site_v2/v3_tail_repair_20260701_1105/window_026_extend_2ns/umbrella_ext.tpr -extend 2000 -o umbrella_v4.tpr

Reading file /mnt/lisper_data/LiSPER_remote/LiSPER_8cand_LiCl/systems/LiDA-1/gromacs/umbrella_sampling_binding_site_v2/v3_tail_repair_20260701_1105/window_026_extend_2ns/umbrella_ext.tpr, VERSION 2026.0-conda_forge (single precision)

GROMACS reminds you: "You Crashed Into the Swamps" (Silicon Graphics)

Input file:
  Run start step                                     0     
  Run start time                                     0 ps  
  Step to be made during run                   2000000     
  Runtime for the run                             4000 ps  
  Run end step                                 2000000     
  Run end time                                    4000 ps  

Extending remaining runtime by 2000 ps

Output file:
  Run start step                                     0     
  Run start time                                     0 ps  
  Step to be made during run                   3000000     
  Runtime for the run                             6000 ps  
  Run end step                                 3000000     
  Run end time                                    6000 ps  

