Using gromos method for clustering
Using RMSD cutoff 0.2 nm
The RMSD ranges from 0.0693709 to 1.48407 nm
Average RMSD is 0.689612
Number of structures for matrix 2001
Energy of the matrix is 47.2356.

Found 344 clusters

Writing middle structure for each cluster to /root/LiSPER_remote/LiSPER_8cand_NaCl_prod_worker/systems/LiD3-Flex/gromacs/cluster_20ns/representative_top_cluster.pdb

cl. | #st  rmsd | middle rmsd | cluster members
  1 |  76  0.205 |  13010 .167 |  12080  12250  12260  12270  12320  12330  12340
    |           |             |  12360  12370  12380  12390  12400  12410  12750
    |           |             |  12760  12770  12780  12790  12800  12810  12820
    |           |             |  12830  12840  12850  12870  12930  12950  12960
    |           |             |  12980  12990  13000  13010  13020  13030  13040
    |           |             |  13050  13060  13070  13080  13090  13110  13160
    |           |             |  13170  13180  13190  13210  13390  13400  13410
    |           |             |  13420  13430  13440  13450  13460  13470  13480
    |           |             |  13490  13500  13510  13520  13530  13540  13550
    |           |             |  13560  13570  13580  13610  13650  13670  18220
    |           |             |  18240  18250  18260  18270  18280  18290
  2 |  42  0.215 |  15070 .169 |  14210  14330  14340  14350  14360  14370  14380
    |           |             |  14390  14400  14410  14420  14430  14480  14490
    |           |             |  14520  14550  14560  14570  14580  14590  14940
    |           |             |  14960  14970  14980  14990  15020  15030  15040
    |           |             |  15050  15060  15070  15080  15150  15160  15170
    |           |             |  15190  15200  15210  15230  15240  15250  18090
  3 |  37  0.211 |  17250 .169 |  15970  15980  16000  16010  16080  16090  16100
    |           |             |  16220  16230  16240  16300  17010  17020  17030
    |           |             |  17040  17050  17060  17070  17090  17100  17110
    |           |             |  17120  17130  17160  17170  17180  17190  17200
    |           |             |  17210  17220  17230  17240  17250  17260  17270
    |           |             |  17280  17290
  4 |  32  0.206 |  16750 .163 |  16550  16560  16580  16590  16600  16610  16620
    |           |             |  16630  16640  16650  16680  16690  16700  16710
    |           |             |  16720  16730  16740  16750  16760  16860  16870
    |           |             |  16880  16890  16920  16930  16940  16950  16960
    |           |             |  16970  16980  16990  17000
  5 |  26  0.217 |  14740 .174 |  12280  12300  13910  14080  14500  14540  14730
    |           |             |  14740  14750  14760  14770  14800  18040  18050
    |           |             |  18060  18070  18080  18210  18230  18300  18310
    |           |             |  18320  18330  18350  18360  18380
  6 |  25  0.195 |   2450 .161 |   2140   2150   2300   2310   2320   2330   2340
    |           |             |   2350   2360   2370   2380   2390   2400   2410
    |           |             |   2420   2430   2440   2450   2460   2470   2480
    |           |             |   7070   7080   7090   7100
  7 |  23  0.192 |  12540 .161 |  12510  12520  12530  12540  12550  12560  12570
    |           |             |  12580  12590  12600  12610  12620  12630  12640
    |           |             |  12650  12660  12670  12680  12690  12700  12710
    |           |             |  12720  12730
  8 |  22  0.211 |  10150 .172 |  10050  10100  10120  10130  10140  10150  10160
    |           |             |  10170  10180  10190  10200  10210  10260  10270
    |           |             |  10280  10310  10320  10330  10490  10520  10680
    |           |             |  10700
  9 |  22  0.214 |   8890 .170 |   8830   8840   8850   8860   8870   8880   8890
    |           |             |   8900   8910   8920   8930   8940   8950   8960
    |           |             |   8980   8990   9000   9090   9100   9110   9120
    |           |             |   9160
 10 |  21  0.206 |  15600 .161 |  15530  15550  15560  15570  15580  15590  15600
    |           |             |  15610  15620  15630  15640  15650  15660  15670
    |           |             |  15680  15690  15700  15730  16830  16840  16850
 11 |  19  0.213 |  11910 .169 |  11870  11880  11900  11910  11920  11930  11940
    |           |             |  11950  11960  11970  13850  14110  14130  14140
    |           |             |  14790  14810  14820  14830  14840
 12 |  18  0.196 |  18750 .164 |  18670  18690  18700  18710  18720  18740  18750
    |           |             |  18760  18770  18780  18790  18800  18810  18860
    |           |             |  19030  19040  19050  19060
 13 |  18  0.199 |   7470 .160 |   7280   7290   7300   7310   7450   7460   7470
    |           |             |   7480   7490   7500   7510   7520   7540   7550
    |           |             |   7560   7570   7850   7880
 14 |  18  0.200 |   5560 .168 |   5500   5510   5520   5530   5540   5550   5560
    |           |             |   5570   5580   5590   5650   5660   5700   5710
    |           |             |   5720   5730   5740   5750
 15 |  18  0.207 |  13590 .170 |  12040  12090  12130  12140  12180  12190  12860
    |           |             |  12880  12890  12900  12910  12920  12940  13590
    |           |             |  13600  13620  13630  13640
 16 |  17  0.169 |  11160 .140 |  11110  11120  11130  11140  11150  11160  11170
    |           |             |  11180  11190  11200  11210  11220  11230  11240
    |           |             |  11250  11260  11270
 17 |  16  0.184 |  17330 .158 |  17140  17150  17300  17310  17320  17330  17340
    |           |             |  17350  17360  17370  17400  17410  17420  17430
    |           |             |  17440  17450
 18 |  16  0.208 |     90 .164 |     80     90    100    110    120    130    170
    |           |             |    180    190    200    210    220    340    350
    |           |             |    360    380
 19 |  16  0.207 |   4340 .174 |    410    420    430   4320   4330   4340   4350
    |           |             |   4360   4370   4380   4390   4400   4410   4420
    |           |             |   4440   4480
 20 |  16  0.195 |  13130 .160 |  12420  12430  12440  12450  12460  12470  12480
    |           |             |  13100  13120  13130  13140  13150  13200  13220
    |           |             |  13230  13240
 21 |  15  0.201 |  10030 .161 |   9960   9970   9980   9990  10000  10010  10020
    |           |             |  10030  10040  10060  10070  10450  10460  10470
    |           |             |  10510
 22 |  15  0.194 |  11650 .165 |  11600  11610  11620  11630  11640  11650  11660
    |           |             |  11670  11680  11690  11700  11740  11750  11760
    |           |             |  11770
 23 |  14  0.222 |  17750 .178 |  11990  12010  17730  17740  17750  17760  17780
    |           |             |  17800  17840  17930  17940  17950  17980  17990
 24 |  14  0.194 |  10610 .171 |  10380  10390  10410  10530  10540  10550  10560
    |           |             |  10570  10580  10590  10600  10610  10620  10730
 25 |  14  0.213 |  13700 .175 |  12070  12100  12110  13660  13680  13690  13700
    |           |             |  13710  13730  13740  13750  13760  13770  13780
 26 |  14  0.194 |   3580 .166 |   3280   3290   3300   3310   3320   3540   3550
    |           |             |   3560   3570   3580   3590   3600   3610   3620
 27 |  13  0.198 |  11470 .166 |  11350  11380  11410  11420  11430  11440  11450
    |           |             |  11460  11470  11480  11490  11500  11570
 28 |  13  0.206 |  14190 .172 |  14010  14030  14160  14170  14180  14190  14200
    |           |             |  14220  14230  14240  14260  14600  15260
 29 |  13  0.186 |  13290 .160 |  13250  13260  13270  13280  13290  13300  13310
    |           |             |  13320  13330  13340  13350  13360  13370
 30 |  12  0.193 |  16310 .168 |  16250  16260  16270  16290  16310  16320  16330
    |           |             |  16340  16350  16360  16370  16380
 31 |  12  0.198 |   8270 .160 |   8030   8110   8120   8160   8230   8240   8250
    |           |             |   8260   8270   8280   8290   8300
 32 |  12  0.204 |   6850 .171 |   6690   6700   6710   6720   6790   6800   6810
    |           |             |   6840   6850   6860   6890   6900
 33 |  12  0.179 |   9800 .155 |   9780   9790   9800   9810   9820   9830   9840
    |           |             |   9850   9860   9870   9880   9900
 34 |  12  0.208 |   7780 .173 |   7650   7660   7670   7680   7690   7720   7740
    |           |             |   7770   7780   7790   7800   7810
 35 |  12  0.193 |   4650 .164 |   2840   2850   4580   4590   4600   4610   4620
    |           |             |   4630   4640   4650   4660   4670
 36 |  12  0.196 |   2290 .161 |   2160   2170   2180   2190   2240   2250   2260
    |           |             |   2270   2280   2290   7060   7150
 37 |  12  0.201 |   9200 .167 |   8770   8780   8810   9180   9190   9200   9210
    |           |             |   9220   9240   9250   9270   9280
 38 |  12  0.201 |   1330 .169 |   1180   1210   1270   1300   1310   1320   1330
    |           |             |   1340   1350   1360   2650   2660
 39 |  12  0.226 |  18370 .185 |  14780  14850  14860  15180  15220  18100  18180
    |           |             |  18190  18200  18370  18390  18540
 40 |  12  0.213 |    560 .181 |    230    240    250    270    530    540    550
    |           |             |    560    570    580    890    900
 41 |  12  0.191 |   9690 .166 |   9650   9670   9680   9690   9700   9710   9720
    |           |             |   9730   9740   9750   9760   9770
 42 |  12  0.205 |   1420 .166 |   1390   1400   1410   1420   1430   1470   1480
    |           |             |   1490   1500   1510   1520   1530
 43 |  12  0.200 |   3760 .173 |   3650   3660   3670   3680   3690   3700   3710
    |           |             |   3730   3750   3760   3780   3790
 44 |  12  0.199 |   6260 .174 |   6170   6200   6210   6220   6230   6240   6250
    |           |             |   6260   6270   6280   6310   6320
 45 |  12  0.203 |  19560 .170 |  19460  19470  19480  19490  19500  19510  19520
    |           |             |  19540  19550  19560  19570  19580
 46 |  11  0.189 |   9370 .158 |   9290   9300   9320   9330   9340   9350   9360
    |           |             |   9370   9380   9400   9410
 47 |  11  0.189 |   4050 .164 |   3990   4000   4010   4020   4030   4040   4050
    |           |             |   4060   4070   4080   4100
 48 |  11  0.188 |   3840 .175 |   3820   3830   3840   3850   3860   3870   3880
    |           |             |   3890   3900   3910   3930
 49 |  11  0.199 |  15300 .177 |  15270  15280  15290  15300  15310  15330  15340
    |           |             |  15350  15360  15370  15390
 50 |  11  0.207 |   1690 .174 |   1550   1570   1580   1590   1600   1610   1650
    |           |             |   1670   1680   1690   1700
 51 |  11  0.202 |  18420 .166 |  18400  18410  18420  18430  18440  18450  18510
    |           |             |  18530  18560  18570  18580
 52 |  11  0.195 |  15850 .169 |  15800  15820  15830  15840  15850  15860  15870
    |           |             |  15880  15890  15900  15920
 53 |  11  0.203 |  14660 .168 |  13980  14610  14620  14630  14640  14650  14660
    |           |             |  14670  14680  14700  15090
 54 |  10  0.193 |   4740 .169 |   4680   4690   4700   4710   4720   4730   4740
    |           |             |   4750   4790   4800
 55 |  10  0.194 |  12230 .158 |  12170  12210  12220  12230  12240  12290  12350
    |           |             |  14090  14510  14530
 56 |  10  0.197 |    740 .165 |    720    730    740    750    760    770    780
    |           |             |    790    800    830
 57 |  10  0.199 |   2080 .162 |   2020   2050   2060   2070   2080   2090   2100
    |           |             |   2110   2120   2130
 58 |  10  0.201 |  16770 .177 |  15710  15720  16500  16510  16530  16540  16770
    |           |             |  16780  16790  16800
 59 |  10  0.215 |  14910 .189 |  14440  14450  14460  14880  14900  14910  14920
    |           |             |  14930  15010  18110
 60 |  10  0.194 |  18990 .158 |  18940  18950  18960  18970  18980  18990  19000
    |           |             |  19010  19020  19180
 61 |   9  0.190 |  13940 .163 |  13880  13890  13900  13920  13930  13940  13950
    |           |             |  18140  18150
 62 |   9  0.192 |   3050 .160 |   2990   3000   3010   3020   3030   3040   3050
    |           |             |   3060   3070
 63 |   9  0.184 |   1760 .168 |   1720   1730   1740   1750   1760   1770   1780
    |           |             |   1790   1810
 64 |   9  0.195 |   1910 .163 |   1710   1860   1880   1890   1900   1910   1920
    |           |             |   1930   1940
 65 |   9  0.217 |   7010 .180 |   6930   6950   6970   6980   6990   7000   7010
    |           |             |   7020   7030
 66 |   9  0.208 |   6480 .176 |   6390   6410   6420   6450   6460   6470   6480
    |           |             |   6490   6500
 67 |   9  0.181 |   5150 .159 |   5130   5140   5150   5160   5170   5180   5190
    |           |             |   5200   5210
 68 |   9  0.191 |  17880 .168 |  17810  17820  17830  17850  17860  17870  17880
    |           |             |  17890  17910
 69 |   9  0.188 |   8630 .167 |   8560   8580   8590   8600   8610   8620   8630
    |           |             |   8640   8650
 70 |   9  0.186 |  18830 .163 |  18820  18830  18840  18850  18870  18880  18890
    |           |             |  18900  18910
 71 |   8  0.190 |   5420 .162 |   5410   5420   5430   5440   5460   5470   5480
    |           |             |   5490
 72 |   8  0.177 |   5940 .152 |   5870   5880   5890   5910   5920   5930   5940
    |           |             |   5950
 73 |   8  0.199 |   1090 .173 |    920   1050   1060   1070   1080   1090   1100
    |           |             |   1110
 74 |   8  0.187 |  19600 .169 |  19600  19610  19620  19630  19650  19660  19670
    |           |             |  19680
 75 |   8  0.205 |   1190 .174 |   1170   1190   1200   1280   1290   1370   2670
    |           |             |   2680
 76 |   8  0.198 |  15120 .171 |  14040  14060  14070  15100  15110  15120  15130
    |           |             |  15140
 77 |   8  0.194 |  19820 .171 |  19770  19780  19790  19800  19810  19820  19830
    |           |             |  19840
 78 |   8  0.165 |  19950 .146 |  19930  19940  19950  19960  19970  19980  19990
    |           |             |  20000
 79 |   8  0.197 |   6520 .170 |   6370   6380   6510   6520   6530   6540   6550
    |           |             |   6560
 80 |   8  0.177 |   2920 .158 |   2860   2870   2880   2890   2900   2910   2920
    |           |             |   2930
 81 |   8  0.219 |   8050 .179 |   8020   8040   8050   8060   8070   8080   8390
    |           |             |   8400
 82 |   8  0.208 |  13800 .183 |  11980  12000  13790  13800  13810  17710  17720
    |           |             |  18000
 83 |   8  0.185 |  15480 .159 |  15450  15460  15470  15480  15490  15500  15510
    |           |             |  16490
 84 |   8  0.187 |   7410 .163 |   7230   7380   7390   7400   7410   7420   7430
    |           |             |   7440
 85 |   8  0.199 |    990 .172 |     20     40    960    970    980    990   1000
    |           |             |   1010
 86 |   8  0.195 |    620 .162 |    590    600    610    620    630    640    650
    |           |             |    840
 87 |   8  0.207 |  17530 .173 |  16280  17500  17520  17530  17540  17550  17570
    |           |             |  17650
 88 |   7  0.185 |  19230 .170 |  19190  19210  19220  19230  19240  19250  19260
 89 |   7  0.205 |   4170 .169 |   4140   4150   4160   4170   4180   4190   4200
 90 |   7  0.194 |   5810 .170 |   5760   5770   5780   5790   5800   5810   5820
 91 |   7  0.191 |   5280 .178 |   5260   5270   5280   5290   5300   5310   5320
 92 |   7  0.206 |  16400 .178 |  16050  16060  16070  16390  16400  16410  16430
 93 |   7  0.179 |   9630 .162 |   9580   9590   9600   9610   9620   9630   9640
 94 |   7  0.193 |  10670 .158 |  10480  10500  10630  10660  10670  10690  10710
 95 |   7  0.186 |   2730 .166 |   2690   2700   2710   2720   2730   2740   2750
 96 |   7  0.212 |  10860 .177 |  10790  10840  10850  10860  10870  10880  10890
 97 |   7  0.220 |   7860 .196 |   7340   7530   7820   7830   7840   7860   7870
 98 |   6  0.176 |    480 .164 |    470    480    490    500    510    520
 99 |   6  0.172 |  18640 .158 |  18610  18620  18630  18640  18650  18660
100 |   6  0.196 |   4260 .171 |   4230   4240   4250   4260   4270   4280
101 |   6  0.166 |  16460 .153 |  16420  16440  16450  16460  16470  16480
102 |   6  0.210 |   9080 .191 |   9050   9060   9070   9080   9140   9530
103 |   6  0.194 |   3100 .165 |   3090   3100   3110   3120   3210   3230
104 |   6  0.193 |   7130 .176 |   7110   7120   7130   7140   7160   7170
105 |   6  0.187 |  19140 .162 |  19100  19110  19120  19130  19140  19150
106 |   6  0.177 |  11530 .149 |  11510  11520  11530  11540  11550  11560
107 |   6  0.158 |  11820 .141 |  11790  11800  11810  11820  11830  11840
108 |   6  0.196 |   4500 .178 |    450   4490   4500   4510   4520   4530
109 |   6  0.179 |   7620 .152 |   7590   7600   7610   7620   7630   7640
110 |   6  0.210 |   4900 .175 |   4870   4880   4890   4900   4910   4930
111 |   6  0.187 |   4840 .164 |   4810   4820   4830   4840   4850   4860
112 |   6  0.193 |   8350 .167 |   8330   8340   8350   8360   8370   8380
113 |   6  0.212 |  11080 .184 |  11050  11060  11070  11080  11090  11100
114 |   6  0.206 |   2580 .176 |   2560   2570   2580   2590   2600   2610
115 |   6  0.197 |   1030 .173 |   1020   1030   1040   2640   7040   7050
116 |   6  0.198 |   7980 .176 |   7950   7970   7980   7990   8000   8010
117 |   6  0.223 |   5680 .204 |   5600   5620   5640   5670   5680   5690
118 |   6  0.181 |  15770 .156 |  15750  15760  15770  15780  15790  15810
119 |   6  0.193 |  19280 .156 |  19270  19280  19290  19300  19320  19330
120 |   6  0.190 |  19400 .174 |  19370  19380  19390  19400  19410  19430
121 |   5  0.171 |  18460 .142 |  18460  18470  18480  18490  18500
122 |   5  0.181 |  15930 .153 |  15910  15930  15940  15950  15960
123 |   5  0.175 |   6000 .156 |   5980   5990   6000   6010   6020
124 |   5  0.164 |   7890 .155 |   7890   7900   7910   7920   7930
125 |   5  0.188 |  19910 .157 |  19880  19890  19900  19910  19920
126 |   5  0.178 |   2800 .158 |   2790   2800   2810   2820   2830
127 |   5  0.186 |   6740 .172 |   6730   6740   6750   6820   6830
128 |   5  0.180 |   8710 .154 |   8700   8710   8720   8730   8740
129 |   5  0.170 |   8540 .146 |   8510   8520   8530   8540   8550
130 |   5  0.188 |    870 .168 |    850    860    870    880    910
131 |   5  0.194 |   4110 .164 |   3980   4090   4110   4120   4130
132 |   5  0.195 |   3410 .163 |   3390   3400   3410   3420   3460
133 |   5  0.171 |  10960 .158 |  10930  10940  10950  10960  10970
134 |   5  0.197 |   3350 .174 |   3330   3350   3360   3370   3380
135 |   5  0.167 |  15410 .139 |  15380  15400  15410  15420  15430
136 |   5  0.188 |  19710 .169 |  19700  19710  19720  19730  19740
137 |   5  0.195 |   8470 .182 |   8460   8470   8480   8490   8500
138 |   5  0.190 |  10770 .164 |  10750  10760  10770  10780  10810
139 |   5  0.182 |   9930 .164 |   9910   9920   9930   9940   9950
140 |   5  0.207 |   1980 .174 |   1970   1980   1990   2000   2030
141 |   5  0.197 |  17590 .184 |  17580  17590  17600  17610  17620
142 |   5  0.174 |   6670 .141 |   6640   6650   6660   6670   6680
143 |   5  0.195 |   6160 .168 |   6140   6150   6160   6180   6190
144 |   5  0.180 |   9010 .152 |   8970   9010   9020   9030   9040
145 |   5  0.211 |  11390 .187 |  11330  11340  11370  11390  11400
146 |   5  0.178 |  11030 .164 |  11000  11010  11020  11030  11040
147 |   5  0.210 |    160 .203 |    150    160    370    390    400
148 |   5  0.183 |   1850 .162 |   1660   1820   1830   1840   1850
149 |   5  0.181 |   6090 .154 |   6070   6080   6090   6100   6110
150 |   5  0.196 |  17480 .161 |  17460  17470  17480  17490  17510
151 |   5  0.207 |   4460 .186 |   4310   4430   4450   4460   4470
152 |   4  0.166 |   1240 .153 |   1230   1240   1250   1260
153 |   4  0.220 |    690 .189 |    680    690    700    710
154 |   4  0.174 |  13830 .149 |  13820  13830  13840  18010
155 |   4  0.185 |   8210 .173 |   8180   8200   8210   8220
156 |   4  0.172 |  17690 .147 |  17670  17680  17690  17700
157 |   4  0.129 |  10230 .121 |  10220  10230  10240  10250
158 |   4  0.161 |   9550 .139 |   9520   9540   9550   9560
159 |   4  0.167 |   5850 .156 |   5830   5840   5850   5860
160 |   4  0.167 |   9490 .146 |   9470   9480   9490   9500
161 |   4  0.203 |   6910 .175 |   6870   6880   6910   6920
162 |   4  0.170 |    320 .144 |    300    310    320    330
163 |   4  0.175 |   5380 .166 |   5370   5380   5390   5400
164 |   4  0.166 |   6580 .148 |   6570   6580   6590   6600
165 |   4  0.190 |  14290 .153 |  14270  14280  14290  14300
166 |   4  0.175 |   3950 .159 |   3920   3940   3950   3960
167 |   4  0.156 |   3160 .146 |   3150   3160   3170   3180
168 |   4  0.199 |    950 .185 |     60     70    940    950
169 |   4  0.204 |  13970 .173 |  13960  13970  13990  14720
170 |   4  0.182 |   3470 .178 |   3470   3480   3490   3500
171 |   4  0.183 |   5100 .163 |   5090   5100   5110   5120
172 |   4  0.190 |   8410 .167 |   8320   8410   8420   8440
173 |   4  0.164 |   9450 .139 |   9430   9440   9450   9460
174 |   4  0.139 |   2220 .133 |   2200   2210   2220   2230
175 |   4  0.152 |   7270 .139 |   7240   7250   7260   7270
176 |   4  0.242 |  16120 .217 |  15990  16120  16130  16210
177 |   4  0.189 |   6050 .162 |   6030   6040   6050   6060
178 |   4  0.231 |   3810 .217 |   3720   3770   3800   3810
179 |   4  0.205 |   8790 .182 |   8790   8800   8820   9170
180 |   4  0.208 |   7350 .180 |   7320   7330   7350   7360
181 |   4  0.161 |   4560 .146 |   4540   4550   4560   4570
182 |   4  0.178 |  12060 .164 |  12020  12030  12050  12060
183 |   4  0.252 |  15000 .233 |  14120  14470  14870  15000
184 |   4  0.188 |  16660 .167 |  16020  16660  16670  17080
185 |   4  0.190 |   1140 .177 |   1120   1130   1140   1150
186 |   4  0.200 |  10340 .188 |  10290  10300  10340  10350
187 |   4  0.192 |   5000 .160 |   4990   5000   5010   5020
188 |   4  0.189 |   5050 .163 |   5040   5050   5060   5070
189 |   4  0.229 |     10 .214 |      0     10     30     50
190 |   4  0.209 |  19070 .190 |  18590  19070  19080  19090
191 |   3  0.179 |   3440 .163 |   3430   3440   3450
192 |   3  0.237 |  14000 .212 |  14000  14020  14250
193 |   3  0.190 |  11290 .164 |  11280  11290  11300
194 |   3  0.160 |   6620 .138 |   6610   6620   6630
195 |   3  0.200 |   4940 .170 |   4920   4940   4950
196 |   3  0.159 |  12160 .149 |  12150  12160  12200
197 |   3  0.123 |   1620 .116 |   1620   1630   1640
198 |   3  0.181 |   8150 .162 |   8130   8140   8150
199 |   3  0.165 |   5240 .150 |   5230   5240   5250
200 |   3  0.129 |  11720 .118 |  11710  11720  11730
201 |   3  0.182 |  12490 .170 |  12490  12500  13380
202 |   3  0.162 |  19860 .147 |  19850  19860  19870
203 |   3  0.227 |   7710 .205 |   7710   7730   7750
204 |   3  0.163 |  10430 .153 |  10420  10430  10440
205 |   3  0.173 |  19340 .154 |  19310  19340  19350
206 |   3  0.180 |   2500 .167 |   2490   2500   2510
207 |   3  0.189 |   2970 .165 |   2960   2970   2980
208 |   3  0.151 |   6360 .146 |   6340   6350   6360
209 |   3  0.166 |  10080 .146 |  10080  10090  10110
210 |   3  0.193 |   2530 .174 |   2520   2530   2540
211 |   3  0.199 |   8680 .182 |   8670   8680   8690
212 |   3  0.205 |   1450 .181 |   1440   1450   1460
213 |   3  0.234 |  11890 .219 |  11860  11890  13860
214 |   3  0.161 |   6290 .141 |   6290   6300   6330
215 |   3  0.191 |   5970 .172 |   5900   5960   5970
216 |   3  0.202 |   3250 .185 |   3240   3250   3260
217 |   3  0.197 |  16170 .172 |  16160  16170  16180
218 |   3  0.199 |   3520 .195 |   3510   3520   3530
219 |   3  0.214 |   6430 .188 |   6400   6430   6440
220 |   3  0.218 |  18120 .193 |  18120  18130  18160
221 |   3  0.202 |  10910 .169 |  10900  10910  10920
222 |   3  0.213 |   3200 .186 |   3190   3200   3220
223 |   3  0.224 |    280 .192 |    260    280    290
224 |   3  0.203 |   4970 .180 |   4960   4970   4980
225 |   3  0.175 |   5340 .161 |   5330   5340   5350
226 |   3  0.184 |  16820 .162 |  15740  16810  16820
227 |   3  0.263 |  14100 .257 |  14100  18170  19170
228 |   3  0.176 |   4770 .144 |   4760   4770   4780
229 |   2  0.176 |   4210 .176 |   4210   4220
230 |   2  0.117 |  15520 .117 |  15520  15540
231 |   2  0.218 |  11850 .218 |  11850  12120
232 |   2  0.146 |   6120 .146 |   6120   6130
233 |   2  0.155 |  12310 .155 |  12310  12740
234 |   2  0.285 |  17770 .285 |  17770  17790
235 |   2  0.113 |   6760 .113 |   6760   6770
236 |   2  0.167 |  14690 .167 |  14690  14710
237 |   2  0.143 |  16030 .143 |  16030  16040
238 |   2  0.119 |  18920 .119 |  18920  18930
239 |   2  0.146 |   3130 .146 |   3130   3140
240 |   2  0.147 |   2940 .147 |   2940   2950
241 |   2  0.149 |  16140 .149 |  16140  16150
242 |   2  0.160 |  18020 .160 |  18020  18030
243 |   2  0.133 |  16190 .133 |  16190  16200
244 |   2  0.147 |  17380 .147 |  17380  17390
245 |   2  0.225 |   1160 .225 |   1160   1220
246 |   2  0.164 |   2620 .164 |   2620   2630
247 |   2  0.165 |  11580 .165 |  11580  11590
248 |   2  0.142 |  17960 .142 |  17960  17970
249 |   2  0.201 |   9230 .201 |   9230   9260
250 |   2  0.167 |  16900 .167 |  16900  16910
251 |   2  0.161 |   3630 .161 |   3630   3640
252 |   2  0.253 |  19590 .253 |  19590  19690
253 |   2  0.144 |  17630 .144 |  17630  17640
254 |   2  0.180 |  19750 .180 |  19750  19760
255 |   2  0.130 |   8750 .130 |   8750   8760
256 |   2  0.140 |   1950 .140 |   1950   1960
257 |   2  0.135 |  10640 .135 |  10640  10650
258 |   2  0.140 |   7190 .140 |   7190   7200
259 |   2  0.159 |    810 .159 |    810    820
260 |   2  0.163 |   4290 .163 |   4290   4300
261 |   2  0.199 |   6940 .199 |   6940   6960
262 |   2  0.108 |   9130 .108 |   9130   9150
263 |   2  0.149 |  19440 .149 |  19440  19450
264 |   2  0.153 |  10820 .153 |  10820  10830
265 |   2  0.157 |  18520 .157 |  18520  18550
266 |   2  0.211 |   3080 .211 |   3080   3270
267 |   2  0.199 |  17900 .199 |  17900  17920
268 |   2  0.164 |  11310 .164 |  11310  11320
269 |   2  0.245 |  10360 .245 |  10360  10400
270 |   2  0.154 |   7210 .154 |   7210   7220
271 |   2  0.163 |    660 .163 |    660    670
272 |   2  0.159 |   5610 .159 |   5610   5630
273 |   2  0.144 |  14310 .144 |  14310  14320
274 |   2  0.135 |   2760 .135 |   2760   2770
275 |   2  0.279 |   8100 .279 |   8100   8170
276 |   2  0.203 |    440 .203 |    440    460
277 |   2  0.205 |  10720 .205 |  10720  10740
278 |   2  0.229 |   9390 .229 |   9390   9420
279 |   2  0.178 |  10980 .178 |  10980  10990
280 |   2  0.256 |  16520 .256 |  16520  16570
281 |   2  0.235 |   7940 .235 |   7940   7960
282 |   1       |  18680      |  18680
283 |   1       |  18600      |  18600
284 |   1       |   9510      |   9510
285 |   1       |  19640      |  19640
286 |   1       |   2550      |   2550
287 |   1       |   8450      |   8450
288 |   1       |  14050      |  14050
289 |   1       |   8190      |   8190
290 |   1       |  14890      |  14890
291 |   1       |  11360      |  11360
292 |   1       |    930      |    930
293 |   1       |  15320      |  15320
294 |   1       |   2010      |   2010
295 |   1       |   5030      |   5030
296 |   1       |  19200      |  19200
297 |   1       |   6780      |   6780
298 |   1       |  18730      |  18730
299 |   1       |  15440      |  15440
300 |   1       |   9570      |   9570
301 |   1       |  16110      |  16110
302 |   1       |  19530      |  19530
303 |   1       |  14150      |  14150
304 |   1       |   8310      |   8310
305 |   1       |   3340      |   3340
306 |   1       |   1870      |   1870
307 |   1       |  10800      |  10800
308 |   1       |   9310      |   9310
309 |   1       |  17660      |  17660
310 |   1       |   1380      |   1380
311 |   1       |   3740      |   3740
312 |   1       |  17560      |  17560
313 |   1       |  13870      |  13870
314 |   1       |  19160      |  19160
315 |   1       |   7370      |   7370
316 |   1       |   7700      |   7700
317 |   1       |  14950      |  14950
318 |   1       |  10370      |  10370
319 |   1       |  11780      |  11780
320 |   1       |   5450      |   5450
321 |   1       |   1560      |   1560
322 |   1       |   1540      |   1540
323 |   1       |   5360      |   5360
324 |   1       |  19360      |  19360
325 |   1       |   8430      |   8430
326 |   1       |   3970      |   3970
327 |   1       |   5080      |   5080
328 |   1       |  19420      |  19420
329 |   1       |   9660      |   9660
330 |   1       |  13720      |  13720
331 |   1       |  18340      |  18340
332 |   1       |   8570      |   8570
333 |   1       |   7760      |   7760
334 |   1       |   7580      |   7580
335 |   1       |    140      |    140
336 |   1       |  12970      |  12970
337 |   1       |   8090      |   8090
338 |   1       |   5220      |   5220
339 |   1       |   1800      |   1800
340 |   1       |   7180      |   7180
341 |   1       |   9890      |   9890
342 |   1       |   2040      |   2040
343 |   1       |   8660      |   8660
344 |   1       |   2780      |   2780
