                :-) GROMACS - gmx mdrun, 2026.0-conda_forge (-:

Executable:   /root/miniconda3/envs/lisper-gmx/bin.AVX2_256/gmx
Data prefix:  /root/miniconda3/envs/lisper-gmx
Working dir:  /root/LiSPER_remote/LiSPER_8cand_NaCl_prod_worker/systems/LiDA-1/gromacs/umbrella_sampling/pmf_wham_repair_edge_extend_20260624_101516/windows/window_013_2.62nm_extend
Command line:
  gmx mdrun -deffnm umbrella_ext -ntmpi 1 -ntomp 1

Compiled SIMD is AVX2_256, but CPU also supports AVX_512 (see log).
The current CPU can measure timings more accurately than the code in
gmx mdrun was configured to use. This might affect your simulation
speed as accurate timings are needed for load-balancing.
Please consider rebuilding gmx mdrun with the GMX_USE_RDTSCP=ON CMake option.
Reading file umbrella_ext.tpr, VERSION 2026.0-conda_forge (single precision)
Changing nstlist from 20 to 80, rlist from 1.225 to 1.326


Using 1 MPI thread
Using 1 OpenMP thread 


NOTE: OS CPU limit is lower than logical cpu count, thread pinning disabled.
starting mdrun 'Title'
500000 steps,   1000.0 ps.

Writing final coordinates.

               Core t (s)   Wall t (s)        (%)
       Time:    16740.410    16740.410      100.0
                         4h39:00
                 (ns/day)    (hour/ns)    (ms/step)  (Matom*steps/s) 
Performance:        5.161        4.650       33.481            0.595 

GROMACS reminds you: "Studying expands knowledge. Knowledge is power. Power corrupts. Corruption is a crime. Crime doesn't pay." (Anonymous)

