                :-) GROMACS - gmx mdrun, 2026.0-conda_forge (-:

Executable:   /root/miniconda3/envs/lisper-gmx/bin.AVX2_256/gmx
Data prefix:  /root/miniconda3/envs/lisper-gmx
Working dir:  /root/LiSPER_remote/LiSPER_8cand_NaCl_prod_worker/systems/LiDA-1/gromacs/umbrella_sampling/pull
Command line:
  gmx mdrun -deffnm pull -ntmpi 1 -ntomp 1

Compiled SIMD is AVX2_256, but CPU also supports AVX_512 (see log).
The current CPU can measure timings more accurately than the code in
gmx mdrun was configured to use. This might affect your simulation
speed as accurate timings are needed for load-balancing.
Please consider rebuilding gmx mdrun with the GMX_USE_RDTSCP=ON CMake option.
Reading file pull.tpr, VERSION 2026.0-conda_forge (single precision)
Changing nstlist from 20 to 80, rlist from 1.226 to 1.326


Using 1 MPI thread
Using 1 OpenMP thread 


NOTE: OS CPU limit is lower than logical cpu count, thread pinning disabled.
starting mdrun 'Title'
250000 steps,    500.0 ps.

Writing final coordinates.

               Core t (s)   Wall t (s)        (%)
       Time:     7742.623     7742.623      100.0
                         2h09:02
                 (ns/day)    (hour/ns)    (ms/step)  (Matom*steps/s) 
Performance:        5.580        4.301       30.970            0.643 

GROMACS reminds you: "My husband was on the Internet everyday when I got the Turing award, and one day he saw a quote by someone who said 'Why did she get the award? Everyone already knows this!'" (Barbara Liskov)

