               :-) GROMACS - gmx trjconv, 2026.0-conda_forge (-:

Executable:   /root/miniconda3/envs/lisper-gmx/bin.AVX2_256/gmx
Data prefix:  /root/miniconda3/envs/lisper-gmx
Working dir:  /root/LiSPER_remote/LiSPER_8cand_NaCl_prod_worker/systems/LiA3-Ref/gromacs
Command line:
  gmx trjconv -s /root/LiSPER_remote/LiSPER_8cand_NaCl_prod_worker/systems/LiA3-Ref/gromacs/run_prod_20ns/step5_production_20ns.tpr -f /root/LiSPER_remote/LiSPER_8cand_NaCl_prod_worker/systems/LiA3-Ref/gromacs/run_prod_20ns/step5_production_20ns.xtc -dump 10780.000 -o /root/LiSPER_remote/LiSPER_8cand_NaCl_prod_worker/systems/LiA3-Ref/gromacs/umbrella_sampling/representative_full_system.gro -pbc mol

Will write gro: Coordinate file in Gromos-87 format
Reading file /root/LiSPER_remote/LiSPER_8cand_NaCl_prod_worker/systems/LiA3-Ref/gromacs/run_prod_20ns/step5_production_20ns.tpr, VERSION 2026.0-conda_forge (single precision)
Reading file /root/LiSPER_remote/LiSPER_8cand_NaCl_prod_worker/systems/LiA3-Ref/gromacs/run_prod_20ns/step5_production_20ns.tpr, VERSION 2026.0-conda_forge (single precision)
Group     0 (         System) has 46100 elements
Group     1 (        Protein) has   159 elements
Group     2 (      Protein-H) has    82 elements
Group     3 (        C-alpha) has    15 elements
Group     4 (       Backbone) has    45 elements
Group     5 (      MainChain) has    59 elements
Group     6 (   MainChain+Cb) has    68 elements
Group     7 (    MainChain+H) has    67 elements
Group     8 (      SideChain) has    92 elements
Group     9 (    SideChain-H) has    23 elements
Group    10 (    Prot-Masses) has   159 elements
Group    11 (    non-Protein) has 45941 elements
Group    12 (          Other) has 45941 elements
Group    13 (            SOD) has    43 elements
Group    14 (            CLA) has    43 elements
Group    15 (           TIP3) has 45855 elements
Select a group: 
Reading frame       0 time    0.000   
Precision of /root/LiSPER_remote/LiSPER_8cand_NaCl_prod_worker/systems/LiA3-Ref/gromacs/run_prod_20ns/step5_production_20ns.xtc is 0.001 (nm)

Reading frame       1 time   10.000   
Reading frame       2 time   20.000   
Reading frame       3 time   30.000   
Reading frame       4 time   40.000   
Reading frame       5 time   50.000   
Reading frame       6 time   60.000   
Reading frame       7 time   70.000   
Reading frame       8 time   80.000   
Reading frame       9 time   90.000   
Reading frame      10 time  100.000   
Reading frame      11 time  110.000   
Reading frame      12 time  120.000   
Reading frame      13 time  130.000   
Reading frame      14 time  140.000   
Reading frame      15 time  150.000   
Reading frame      16 time  160.000   
Reading frame      17 time  170.000   
Reading frame      18 time  180.000   
Reading frame      19 time  190.000   
Reading frame      20 time  200.000   
Reading frame      30 time  300.000   
Reading frame      40 time  400.000   
Reading frame      50 time  500.000   
Reading frame      60 time  600.000   
Reading frame      70 time  700.000   
Reading frame      80 time  800.000   
Reading frame      90 time  900.000   
Reading frame     100 time 1000.000   
Reading frame     110 time 1100.000   
Reading frame     120 time 1200.000   
Reading frame     130 time 1300.000   
Reading frame     140 time 1400.000   
Reading frame     150 time 1500.000   
Reading frame     160 time 1600.000   
Reading frame     170 time 1700.000   
Reading frame     180 time 1800.000   
Reading frame     190 time 1900.000   
Reading frame     200 time 2000.000   
Reading frame     300 time 3000.000   
Reading frame     400 time 4000.000   
Reading frame     500 time 5000.000   
Reading frame     600 time 6000.000   
Reading frame     700 time 7000.000   
Reading frame     800 time 8000.000   
Reading frame     900 time 9000.000   
Reading frame    1000 time 10000.000   
Dumping frame at t= 10780 ps

Last written: frame      0 time 10780.000


GROMACS reminds you: "It Was My Pleasure" (Pulp Fiction)

Note that major changes are planned in future for trjconv, to improve usability and utility.
Select group for output
Selected 0: 'System'
