               :-) GROMACS - gmx trjconv, 2026.0-conda_forge (-:

Executable:   /root/miniconda3/envs/lisper-gmx/bin.AVX2_256/gmx
Data prefix:  /root/miniconda3/envs/lisper-gmx
Working dir:  /root/LiSPER_remote/LiSPER_8cand_LiCl/systems/LiDS-1/gromacs
Command line:
  gmx trjconv -s /root/LiSPER_remote/LiSPER_8cand_LiCl/systems/LiDS-1/gromacs/umbrella_sampling/pull/pull.tpr -f /root/LiSPER_remote/LiSPER_8cand_LiCl/systems/LiDS-1/gromacs/umbrella_sampling/pull/pull.xtc -dump 1.800 -o /root/LiSPER_remote/LiSPER_8cand_LiCl/systems/LiDS-1/gromacs/umbrella_sampling/window_000_0.62nm/start.gro -n /root/LiSPER_remote/LiSPER_8cand_LiCl/systems/LiDS-1/gromacs/umbrella_sampling/umbrella_index.ndx

Will write gro: Coordinate file in Gromos-87 format
Reading file /root/LiSPER_remote/LiSPER_8cand_LiCl/systems/LiDS-1/gromacs/umbrella_sampling/pull/pull.tpr, VERSION 2026.0-conda_forge (single precision)
Reading file /root/LiSPER_remote/LiSPER_8cand_LiCl/systems/LiDS-1/gromacs/umbrella_sampling/pull/pull.tpr, VERSION 2026.0-conda_forge (single precision)
Group     0 (           SOLU) has   114 elements
Group     1 (           SOLV) has 29098 elements
Group     2 (         SYSTEM) has 29212 elements
Group     3 (     TARGET_ION) has     1 elements
Select a group: 
Reading frame       0 time    0.000   
Precision of /root/LiSPER_remote/LiSPER_8cand_LiCl/systems/LiDS-1/gromacs/umbrella_sampling/pull/pull.xtc is 0.001 (nm)

Reading frame       1 time    1.000   
Reading frame       2 time    2.000   
Reading frame       3 time    3.000   
Dumping frame at t= 2 ps
 ->  frame      0 time    2.000      
Last written: frame      0 time    2.000


GROMACS reminds you: "Right Now My Job is Eating These Doughnuts" (Bodycount)

Note that major changes are planned in future for trjconv, to improve usability and utility.
Select group for output
Selected 2: 'SYSTEM'
