                :-) GROMACS - gmx mdrun, 2026.0-conda_forge (-:

Executable:   /root/miniconda3/envs/lisper-gmx/bin.AVX2_256/gmx
Data prefix:  /root/miniconda3/envs/lisper-gmx
Working dir:  /root/LiSPER_remote/LiSPER_8cand_NaCl/systems/LiDA-1/gromacs/run_min
Command line:
  gmx mdrun -deffnm min_attempt0 -ntmpi 1 -ntomp 16

Compiled SIMD is AVX2_256, but CPU also supports AVX_512 (see log).
The current CPU can measure timings more accurately than the code in
gmx mdrun was configured to use. This might affect your simulation
speed as accurate timings are needed for load-balancing.
Please consider rebuilding gmx mdrun with the GMX_USE_RDTSCP=ON CMake option.
Reading file min_attempt0.tpr, VERSION 2026.0-conda_forge (single precision)

Using 1 MPI thread
Using 16 OpenMP threads 


NOTE: OS CPU limit is lower than logical cpu count, thread pinning disabled.

Steepest Descents:
   Tolerance (Fmax)   =  1.00000e+03
   Number of steps    =         5000

step 27: One or more water molecules can not be settled.
Check for bad contacts and/or reduce the timestep if appropriate.
Wrote pdb files with previous and current coordinates

step 31: One or more water molecules can not be settled.
Check for bad contacts and/or reduce the timestep if appropriate.
Wrote pdb files with previous and current coordinates

writing lowest energy coordinates.

Steepest Descents converged to Fmax < 1000 in 265 steps
Potential Energy  = -3.2032188e+05
Maximum force     =  9.9891455e+02 on atom 101
Norm of force     =  3.7971746e+01

GROMACS reminds you: "Even the *healthy* people move in clouds of cigarette smoke, women straining polyester, men in raggedly cutoffs slathering mayonnaise on foot-long hot dogs. It's as if the hotel were hosting a conference on adult onset diabetes" (Jess Walter)

