                :-) GROMACS - gmx grompp, 2026.0-conda_forge (-:

Executable:   /root/miniconda3/envs/lisper-gmx/bin.AVX2_256/gmx
Data prefix:  /root/miniconda3/envs/lisper-gmx
Working dir:  /root/LiSPER_remote/LiSPER_8cand_NaCl/systems/LiDA-1/gromacs
Command line:
  gmx grompp -f step4.0_minimization.mdp -o /root/LiSPER_remote/LiSPER_8cand_NaCl/systems/LiDA-1/gromacs/run_min/min_attempt0.tpr -c /root/LiSPER_remote/LiSPER_8cand_NaCl/systems/LiDA-1/gromacs/step3_input.gro -r /root/LiSPER_remote/LiSPER_8cand_NaCl/systems/LiDA-1/gromacs/step3_input.gro -p /root/LiSPER_remote/LiSPER_8cand_NaCl/systems/LiDA-1/gromacs/topol.top -n index.ndx -maxwarn 1

Generating 1-4 interactions: fudge = 1
Number of degrees of freedom in T-Coupling group rest is 39960.00
The integrator does not provide a ensemble temperature, there is no system ensemble temperature

NOTE 1 [file step4.0_minimization.mdp]:
  Removing center of mass motion in the presence of position restraints
  might cause artifacts. When you are using position restraints to
  equilibrate a macro-molecule, the artifacts are usually negligible.


There was 1 NOTE

GROMACS reminds you: "I Am a Wonderful Thing" (Kid Creole)

Setting the LD random seed to -1610632194

Generated 298 of the 300 non-bonded parameter combinations

Generated 105 of the 300 1-4 parameter combinations

Excluding 3 bonded neighbours molecule type 'PROA'

turning H bonds into constraints...

Excluding 1 bonded neighbours molecule type 'SOD'

turning H bonds into constraints...

Excluding 1 bonded neighbours molecule type 'CLA'

turning H bonds into constraints...

Excluding 2 bonded neighbours molecule type 'TIP3'

turning H bonds into constraints...

The largest distance between excluded atoms is 0.409 nm between atom 60 and 67
Calculating fourier grid dimensions for X Y Z
Using a fourier grid of 56x56x56, spacing 0.116 0.116 0.116

Estimate for the relative computational load of the PME mesh part: 0.18

This run will generate roughly 2 Mb of data
