Using gromos method for clustering
Using RMSD cutoff 0.2 nm
The RMSD ranges from 0.0464298 to 0.954307 nm
Average RMSD is 0.414326
Number of structures for matrix 2001
Energy of the matrix is 33.4293.

Found 86 clusters

Writing middle structure for each cluster to /root/LiSPER_remote/LiSPER_8cand_NaCl_prod_worker/systems/LiDA-1/gromacs/cluster_20ns/representative_top_cluster.pdb

cl. | #st  rmsd | middle rmsd | cluster members
  1 | 359  0.207 |  18360 .168 |   4770   4780   5410   5420   5430   5440   5510
    |           |             |   5530   5560   5700   5730   5740   5750   5760
    |           |             |   5780   5810   5820   5830   5840   5850   5860
    |           |             |   5890   5900   5910   5920   5930   5940   5960
    |           |             |   5990   6000   6170   6180   6190   6200   6210
    |           |             |   6230   6250   6270   6360   6400   6410   6420
    |           |             |   6430   6670   6680   6690   6700   6710   6720
    |           |             |   6730   6740   6750   6770   6800   6810   6830
    |           |             |   6840   6850   6880   6890   6900   6920   6930
    |           |             |   6940   6950   6960   7030   7040   7050   7060
    |           |             |   7070   7080   7090   7110   7120   7130   7140
    |           |             |   7150   7170   7240   7260   7380   7390   7410
    |           |             |   7420   7490   7570   7580   7590   7600   7610
    |           |             |   7620   7630   7640   7660   7670   8490   8500
    |           |             |   8540   8550   8560   8570   8580   8590   8610
    |           |             |   8620   8640   8650   8660   9040   9050   9060
    |           |             |   9070   9080   9090   9100   9110   9120   9130
    |           |             |   9140   9150   9160   9170   9180   9190   9200
    |           |             |   9210   9220   9230   9240   9250   9260   9270
    |           |             |   9280   9290   9300   9310   9340   9350   9360
    |           |             |   9370   9380   9390   9400   9410   9420   9480
    |           |             |   9490   9500   9510   9520   9530   9540   9550
    |           |             |   9560   9570   9580   9620   9630   9640   9650
    |           |             |   9690   9710   9720   9730   9910   9930   9950
    |           |             |   9960   9970   9980   9990  10040  10050  10060
    |           |             |  10070  10280  10310  10340  10350  10370  10390
    |           |             |  10400  10410  10420  10430  10440  16930  16940
    |           |             |  16950  16960  16970  16980  16990  17000  17010
    |           |             |  17020  17030  17040  17050  17060  17070  17080
    |           |             |  17090  17100  17110  17120  17130  17160  17170
    |           |             |  17180  17280  17290  17300  17310  17320  17330
    |           |             |  17340  17350  17360  17370  17480  17490  17570
    |           |             |  17580  17590  17660  17670  17680  17690  17710
    |           |             |  17720  17840  17850  17860  17870  17880  17890
    |           |             |  17910  17920  17930  17970  18000  18010  18020
    |           |             |  18030  18040  18050  18060  18070  18080  18090
    |           |             |  18100  18110  18140  18150  18160  18170  18210
    |           |             |  18220  18230  18240  18250  18260  18270  18280
    |           |             |  18290  18310  18320  18330  18340  18350  18360
    |           |             |  18370  18380  18390  18400  18410  18430  18460
    |           |             |  18470  18480  18550  18560  18570  18580  18590
    |           |             |  18600  18610  18620  18630  18640  18650  18660
    |           |             |  18670  18680  18690  18700  18720  18730  18740
    |           |             |  18750  18760  18770  18780  18790  18800  18820
    |           |             |  18850  18860  18870  18890  18900  18920  18930
    |           |             |  18940  18950  19040  19070  19120  19160  19240
    |           |             |  19250  19260  19300  19320  19330  19360  19390
    |           |             |  19400  19420  19430  19440  19460  19480  19490
    |           |             |  19510  19520  19570  19580  19590  19600  19610
    |           |             |  19620  19630  19640  19650  19790  19800  19810
    |           |             |  19820  19830  19840  19850  19860  19870  19880
    |           |             |  19890  19940
  2 | 136  0.214 |   9870 .173 |   4790   4810   4820   4830   5080   5100   5120
    |           |             |   5140   5160   5190   5200   5280   5290   5300
    |           |             |   5390   5490   5570   5580   5600   5610   5620
    |           |             |   5630   5670   5680   5690   5710   5720   6150
    |           |             |   6340   6350   6440   6450   6460   6470   6480
    |           |             |   6490   6500   6510   6520   6540   6550   6820
    |           |             |   6860   6910   6980   7160   7270   7280   7290
    |           |             |   7830   7850   7910   7920   7930   8210   8230
    |           |             |   8350   8390   8400   8410   8630   8680   8720
    |           |             |   8770   8800   8810   8820   8840   8860   8870
    |           |             |   8880   8890   8900   8910   8930   9010   9020
    |           |             |   9320   9330   9660   9670   9680   9780   9790
    |           |             |   9800   9810   9820   9830   9840   9850   9860
    |           |             |   9870   9880   9890   9900   9940  10000  10120
    |           |             |  10130  10170  10180  10190  10200  10210  10240
    |           |             |  10250  10260  10270  10320  10330  10360  10380
    |           |             |  10450  10460  17420  17430  17440  17450  17460
    |           |             |  17470  17500  17560  17730  17740  17750  17830
    |           |             |  17960  17980  17990  18180  18190  18420  18440
    |           |             |  19220  19230  19780
  3 | 106  0.205 |   3000 .170 |   1600   1610   1620   1630   1640   1650   1660
    |           |             |   1670   1690   1910   1920   1930   1940   1950
    |           |             |   2040   2050   2060   2070   2250   2260   2270
    |           |             |   2280   2290   2300   2320   2330   2340   2350
    |           |             |   2380   2390   2400   2410   2420   2430   2450
    |           |             |   2470   2480   2490   2500   2510   2520   2530
    |           |             |   2540   2550   2560   2570   2580   2590   2600
    |           |             |   2610   2620   2630   2640   2650   2660   2670
    |           |             |   2680   2690   2700   2710   2720   2730   2760
    |           |             |   2770   2780   2790   2800   2820   2880   2890
    |           |             |   2910   2920   2930   2940   2950   2960   2970
    |           |             |   2980   2990   3000   3010   3020   3040   3050
    |           |             |   3060   3070   3200   3210   3220   3230   3240
    |           |             |   3250   3260   3320   3330   3340   3350   3360
    |           |             |   3370   3380   3390   3400   3430   3470   3480
    |           |             |   3490
  4 | 100  0.196 |  16540 .160 |  15160  15170  15180  15190  15200  15230  15240
    |           |             |  15250  15260  15270  15280  15300  15330  15430
    |           |             |  15440  15450  15460  15850  15890  15910  15920
    |           |             |  15930  15940  15950  15960  15970  15980  15990
    |           |             |  16000  16010  16020  16040  16060  16070  16080
    |           |             |  16130  16140  16150  16160  16170  16180  16190
    |           |             |  16230  16240  16250  16260  16280  16290  16300
    |           |             |  16310  16320  16330  16340  16350  16360  16370
    |           |             |  16400  16410  16420  16430  16440  16450  16460
    |           |             |  16470  16480  16490  16500  16510  16520  16530
    |           |             |  16540  16550  16560  16570  16580  16590  16600
    |           |             |  16610  16640  16650  16660  16680  16690  16700
    |           |             |  16710  16720  16730  16740  16750  16760  16770
    |           |             |  16780  16790  16800  16810  16820  16830  16840
    |           |             |  16850  16870
  5 |  99  0.209 |  13940 .166 |  13120  13130  13140  13210  13220  13230  13240
    |           |             |  13310  13400  13410  13420  13430  13440  13450
    |           |             |  13470  13480  13510  13530  13540  13550  13560
    |           |             |  13570  13580  13590  13600  13610  13620  13630
    |           |             |  13640  13650  13660  13670  13680  13690  13700
    |           |             |  13710  13720  13730  13740  13750  13760  13770
    |           |             |  13780  13790  13800  13810  13900  13910  13920
    |           |             |  13930  13940  13950  13960  13970  13980  13990
    |           |             |  14000  14010  14050  14060  14070  14080  14090
    |           |             |  14100  14110  14120  14130  14140  14150  14160
    |           |             |  14170  14180  14190  14200  14210  14220  14230
    |           |             |  14300  14310  14320  14330  14340  14350  14360
    |           |             |  14370  14380  14410  14420  14430  14440  14450
    |           |             |  14540  14570  14730  14760  14770  14790  14800
    |           |             |  14810
  6 |  83  0.214 |   6260 .177 |   4540   4680   4690   4700   4710   4870   4880
    |           |             |   4920   4940   5010   5020   5030   5040   5060
    |           |             |   5370   5380   5400   6220   6240   6260   6280
    |           |             |   6370   6380   6390   6630   6640   6650   6660
    |           |             |   6760   6780   6790   6990   7010   7020   7360
    |           |             |   7430   7470   7530   7540   7550   7560   7680
    |           |             |   7690   7700   7750   7820   8420   8430   8460
    |           |             |   8470   8510   8520   8530   9590   9610  10290
    |           |             |  17200  17380  17400  18130  18200  18530  18540
    |           |             |  18710  18830  19050  19060  19080  19090  19100
    |           |             |  19110  19150  19170  19180  19190  19200  19210
    |           |             |  19530  19550  19560  19730  19740  19920
  7 |  73  0.208 |  12160 .170 |  12120  12130  12140  12150  12160  12170  12180
    |           |             |  12200  12220  12230  12240  12260  12270  12280
    |           |             |  12290  12300  12310  12320  12330  12340  12410
    |           |             |  12440  12450  12460  12470  12480  12490  12500
    |           |             |  12510  12520  12530  12540  12550  12560  12570
    |           |             |  12580  12590  12600  12610  12620  12630  12650
    |           |             |  12660  12670  12690  12700  12710  12730  12740
    |           |             |  12750  12880  12920  12930  12940  12950  12960
    |           |             |  12970  12980  12990  13000  13040  13050  13100
    |           |             |  13200  13270  13280  13290  13300  13320  13330
    |           |             |  13340  13350  13360
  8 |  71  0.207 |   3770 .172 |    440    450    460    480    490    550    560
    |           |             |    670    690    700    810    820    860    890
    |           |             |    990   1020   1030   1050   1060   1070   1140
    |           |             |   1150   1160   3500   3510   3530   3540   3550
    |           |             |   3580   3590   3600   3610   3620   3630   3640
    |           |             |   3650   3680   3690   3710   3720   3730   3740
    |           |             |   3750   3760   3770   3780   3790   3800   3810
    |           |             |   3820   3830   3840   3850   3860   3870   3880
    |           |             |   3890   3900   4020   4030   4040   4050   4060
    |           |             |   4070   4080   4150   4170   4220   4230   4240
    |           |             |   4300
  9 |  69  0.199 |  11520 .165 |  10690  10700  10710  10720  10730  10740  10750
    |           |             |  10760  10810  10850  10870  10880  10890  10900
    |           |             |  10910  10920  10930  10940  10950  10960  10970
    |           |             |  10980  10990  11000  11010  11020  11030  11040
    |           |             |  11050  11060  11070  11080  11090  11100  11110
    |           |             |  11120  11140  11150  11220  11230  11410  11420
    |           |             |  11440  11450  11470  11480  11490  11510  11520
    |           |             |  11530  11540  11550  11560  11570  11580  11590
    |           |             |  11600  11610  11620  11630  11640  11650  11660
    |           |             |  11670  11680  11700  11710  12070  12080
 10 |  68  0.203 |   5970 .164 |   3080   5450   5460   5470   5500   5520   5540
    |           |             |   5550   5590   5770   5970   5980   6010   6030
    |           |             |   6040   6050   6070   6080   6090   6100   6110
    |           |             |   6120   6130   6140   6160   7180   7190   7200
    |           |             |   7210   7220   7230   7300   7990   8270   8280
    |           |             |   8290   8300   8310   8320   8700   8710   9700
    |           |             |   9740   9750   9760   9770   9920  10020  10030
    |           |             |  10080  10090  10110  10140  10150  10160  17510
    |           |             |  17520  17540  17550  17600  17610  17620  17700
    |           |             |  17900  17950  18450  19270  19280
 11 |  48  0.209 |   9470 .179 |   4760   5790   5870   5880   6300   7250   7450
    |           |             |   7480   7500   8600   9450   9460   9470   9600
    |           |             |  16200  16220  16860  16880  16920  17210  17220
    |           |             |  17230  17240  17250  17260  17270  18300  18490
    |           |             |  18500  18510  18520  18880  19010  19020  19030
    |           |             |  19340  19350  19370  19380  19410  19450  19470
    |           |             |  19660  19690  19900  19930  19950  19960
 12 |  46  0.198 |  15840 .166 |  15120  15150  15310  15320  15340  15350  15370
    |           |             |  15380  15390  15400  15410  15420  15470  15480
    |           |             |  15490  15540  15550  15560  15570  15580  15590
    |           |             |  15600  15610  15620  15660  15670  15680  15690
    |           |             |  15700  15710  15720  15730  15740  15750  15760
    |           |             |  15770  15780  15790  15800  15810  15820  15830
    |           |             |  15840  15860  16100  16120
 13 |  42  0.209 |   8100 .183 |   4930   4960   5070   5090   7350   7710   7810
    |           |             |   7880   8020   8030   8040   8050   8060   8070
    |           |             |   8080   8090   8100   8120   8130   8140   8150
    |           |             |   8160   8200   8220   8240   8250   8260   8330
    |           |             |   8340   8360   8370   8380   8440   8790   8830
    |           |             |   8850   8940   8950   8960   8970   8980   8990
 14 |  42  0.194 |  11760 .160 |  11200  11210  11240  11250  11270  11280  11290
    |           |             |  11300  11310  11320  11330  11340  11350  11360
    |           |             |  11500  11690  11720  11730  11740  11750  11760
    |           |             |  11770  11780  11790  11800  11810  11820  11830
    |           |             |  11840  11850  11970  11980  11990  12000  12010
    |           |             |  12020  12030  12040  12050  12060  12090  12100
 15 |  39  0.190 |    530 .162 |     10     20     30     40     50     60     70
    |           |             |     80    410    420    430    470    510    520
    |           |             |    530    540    570    580    590    600    610
    |           |             |    620    630    640    650    660    680    710
    |           |             |    720    730    740    790    800    830    850
    |           |             |    880    900    910    920
 16 |  32  0.190 |   1320 .162 |   1280   1290   1300   1310   1320   1330   1340
    |           |             |   1350   1360   1370   1380   1390   1400   1410
    |           |             |   1420   1430   1440   1450   1460   1470   1500
    |           |             |   1510   1530   1540   1550   1560   1760   1810
    |           |             |   1830   1850   1860   1890
 17 |  31  0.213 |   2120 .186 |    240   1970   1980   2010   2020   2030   2080
    |           |             |   2100   2110   2120   2130   2140   2150   2160
    |           |             |   2190   2200   2210   2220   2230   2240   2360
    |           |             |   2370   3130   3140   3150   3160   3170   3190
    |           |             |   3300   3310   3410
 18 |  28  0.198 |   4890 .167 |   4530   4660   4670   4720   4730   4740   4800
    |           |             |   4840   4850   4860   4890   4900   4910   4950
    |           |             |   4970   4980   4990   5000   5180   5210   5220
    |           |             |   5230   5240   5260   5270   6580   8450   9030
 19 |  28  0.203 |  10490 .173 |   5330   6970   7000   7730   7760   7770  10220
    |           |             |  10470  10480  10490  10500  10510  10520  10530
    |           |             |  10560  10580  10590  10620  10630  10640  10650
    |           |             |  10660  10680  17390  17410  19750  19760  19770
 20 |  27  0.203 |  14740 .181 |  14020  14030  14040  14460  14470  14480  14520
    |           |             |  14530  14550  14560  14580  14600  14670  14680
    |           |             |  14690  14700  14710  14720  14740  14750  14780
    |           |             |  14820  14830  14840  14850  14860  14870
 21 |  25  0.219 |   1710 .178 |    290    300    310    320    330    340    350
    |           |             |    360    370   1490   1570   1590   1680   1700
    |           |             |   1710   1720   1730   1740   1900   1960   3270
    |           |             |   3280   3290   3420   3460
 22 |  24  0.210 |  12420 .191 |  12110  12190  12210  12250  12350  12360  12370
    |           |             |  12380  12400  12420  12430  13020  13030  13060
    |           |             |  13070  13110  13150  13160  13170  13180  13190
    |           |             |  13250  13370  14620
 23 |  23  0.203 |   4370 .170 |   4250   4280   4310   4320   4330   4340   4350
    |           |             |   4360   4370   4380   4390   4400   4410   4420
    |           |             |   4430   4440   4450   4470   4480   4490   4500
    |           |             |   4560   4570
 24 |  22  0.194 |   1010 .161 |    500    760    930    940    950    960    970
    |           |             |    980   1000   1010   1040   1080   1090   1100
    |           |             |   1110   1120   1130   1170   1180   1190   1200
    |           |             |   1210
 25 |  22  0.222 |   8760 .199 |   5480   7310   8170   8180   8190   8670   8690
    |           |             |   8730   8740   8750   8760   8780   9430   9440
    |           |             |  10010  17790  17800  17820  17940  18120  18910
    |           |             |  19500
 26 |  21  0.206 |   4210 .168 |   3570   3670   3700   3990   4000   4010   4090
    |           |             |   4100   4110   4120   4130   4140   4160   4180
    |           |             |   4190   4200   4210   4290   4620   4630   4640
 27 |  19  0.209 |   7370 .187 |   5110   5130   5310   5350   5360   6870   7340
    |           |             |   7370   7720   7740   7790   7840   8480  10300
    |           |             |  17140  17150  17770  18840  19540
 28 |  18  0.112 |  12850 .090 |  12640  12680  12720  12760  12770  12780  12790
    |           |             |  12800  12810  12820  12830  12840  12850  12860
    |           |             |  12870  12890  12900  12910
 29 |  16  0.189 |    190 .161 |     90    100    110    120    140    150    160
    |           |             |    170    180    190    200    210    220    230
    |           |             |    400    840
 30 |  15  0.220 |  19000 .193 |   7400   7440   7460   7510   7520  15290  16380
    |           |             |  16890  16900  18980  18990  19000  19670  19710
    |           |             |  19720
 31 |  14  0.190 |  15000 .156 |  14940  14960  14970  14980  14990  15000  15010
    |           |             |  15020  15030  15040  15050  15060  15070  15100
 32 |  13  0.181 |  10820 .148 |  10770  10780  10790  10800  10820  10830  10840
    |           |             |  10860  11130  11160  11170  11180  11190
 33 |  13  0.165 |  11920 .137 |  11370  11380  11860  11870  11880  11890  11900
    |           |             |  11910  11920  11930  11940  11950  11960
 34 |  11  0.201 |  19970 .179 |   5800   5950  17630  17640  17650  18960  18970
    |           |             |  19290  19310  19970  19980
 35 |  11  0.211 |   2870 .183 |   2310   2440   2460   2740   2750   2810   2830
    |           |             |   2850   2870   2900  17780
 36 |  10  0.177 |   1800 .154 |   1750   1770   1780   1790   1800   1820   1840
    |           |             |   1870   1880   4460
 37 |  10  0.183 |   3950 .148 |   3520   3560   3910   3920   3930   3940   3950
    |           |             |   3960   3970   3980
 38 |   9  0.228 |  13500 .209 |  13460  13490  13500  13520  13840  14390  14400
    |           |             |  14880  14890
 39 |   9  0.231 |   6600 .222 |   5650   6320   6330   6530   6560   6600   6620
    |           |             |   9000  18810
 40 |   8  0.211 |   7940 .177 |   7870   7890   7940   7950   7960   7970   8000
    |           |             |   8010
 41 |   8  0.165 |  15520 .140 |  15360  15500  15510  15520  15530  15630  15640
    |           |             |  15650
 42 |   8  0.203 |   4580 .181 |   4520   4550   4580   4590   4600   4610  19130
    |           |             |  19140
 43 |   8  0.215 |  13380 .195 |  13010  13080  13090  13380  13390  14630  14640
    |           |             |  14650
 44 |   8  0.223 |    390 .200 |    250    260    270    380    390    750    770
    |           |             |   1230
 45 |   7  0.178 |  14250 .152 |  13260  14240  14250  14260  14270  14280  14290
 46 |   7  0.238 |  16630 .219 |  16030  16050  16090  16210  16620  16630  16910
 47 |   7  0.186 |  13850 .160 |  13820  13830  13850  13860  13870  13880  13890
 48 |   6  0.217 |   6570 .202 |   6570   6590   6610   7780   7800   8110
 49 |   6  0.210 |   3100 .187 |   3030   3090   3100   3110   3440   3450
 50 |   6  0.179 |  10600 .155 |   5340  10540  10550  10570  10600  10610
 51 |   5  0.213 |   1260 .184 |   1240   1260   1270   1480   1520
 52 |   5  0.176 |  11390 .147 |  11260  11390  11400  11430  11460
 53 |   5  0.232 |   7320 .209 |   7320   7330   7650  17760  17810
 54 |   5  0.215 |  15880 .190 |  15870  15880  15900  16270  16390
 55 |   5  0.212 |  15140 .172 |  14930  15110  15130  15140  15220
 56 |   4  0.147 |  14920 .126 |  14900  14910  14920  14950
 57 |   4  0.191 |   7860 .164 |   7860   7900   8920  10230
 58 |   4  0.214 |   2170 .197 |   2000   2170   2180   3180
 59 |   4  0.187 |   5660 .177 |   5640   5660  17530  19990
 60 |   4  0.225 |  14590 .191 |  14510  14590  14610  14660
 61 |   4  0.190 |  19680 .163 |   4510  19680  19700  19910
 62 |   3  0.237 |   5050 .220 |   5050   5170   5320
 63 |   3  0.261 |  16110 .242 |   7100  16110  17190
 64 |   3  0.216 |   6060 .188 |   6020   6060  10100
 65 |   3  0.252 |   2090 .216 |   1990   2090   3120
 66 |   2  0.139 |   6290 .139 |   6290   6310
 67 |   2  0.153 |   2840 .153 |   2840   2860
 68 |   2  0.152 |   1220 .152 |   1220   1250
 69 |   2  0.114 |  15080 .114 |  15080  15090
 70 |   2  0.129 |  14490 .129 |  14490  14500
 71 |   2  0.096 |   4260 .096 |   4260   4270
 72 |   2  0.269 |    780 .269 |    780    870
 73 |   2  0.257 |   4650 .257 |   4650   5250
 74 |   1       |   1580      |   1580
 75 |   1       |   7980      |   7980
 76 |   1       |  20000      |  20000
 77 |   1       |   3660      |   3660
 78 |   1       |  12390      |  12390
 79 |   1       |  16670      |  16670
 80 |   1       |   4750      |   4750
 81 |   1       |      0      |      0
 82 |   1       |    280      |    280
 83 |   1       |   5150      |   5150
 84 |   1       |  15210      |  15210
 85 |   1       |    130      |    130
 86 |   1       |  10670      |  10670
