               :-) GROMACS - gmx trjconv, 2026.0-conda_forge (-:

Executable:   /root/miniconda3/envs/lisper-gmx/bin.AVX2_256/gmx
Data prefix:  /root/miniconda3/envs/lisper-gmx
Working dir:  /root/LiSPER_remote/LiSPER_8cand_NaCl_prod_worker/systems/LiDA-1/gromacs
Command line:
  gmx trjconv -s /root/LiSPER_remote/LiSPER_8cand_NaCl_prod_worker/systems/LiDA-1/gromacs/run_prod_20ns/step5_production_20ns.tpr -f /root/LiSPER_remote/LiSPER_8cand_NaCl_prod_worker/systems/LiDA-1/gromacs/run_prod_20ns/step5_production_20ns.xtc -o /root/LiSPER_remote/LiSPER_8cand_NaCl_prod_worker/systems/LiDA-1/gromacs/cluster_20ns/production_20ns_solu_centered.xtc -n /root/LiSPER_remote/LiSPER_8cand_NaCl_prod_worker/systems/LiDA-1/gromacs/run_eq/index_clean.ndx -pbc mol -center

Will write xtc: Compressed trajectory (portable xdr format): xtc
Reading file /root/LiSPER_remote/LiSPER_8cand_NaCl_prod_worker/systems/LiDA-1/gromacs/run_prod_20ns/step5_production_20ns.tpr, VERSION 2026.0-conda_forge (single precision)
Reading file /root/LiSPER_remote/LiSPER_8cand_NaCl_prod_worker/systems/LiDA-1/gromacs/run_prod_20ns/step5_production_20ns.tpr, VERSION 2026.0-conda_forge (single precision)
Group     0 (           SOLU) has   120 elements
Group     1 (           SOLV) has 19807 elements
Group     2 (         SYSTEM) has 19928 elements
Select a group: Group     0 (           SOLU) has   120 elements
Group     1 (           SOLV) has 19807 elements
Group     2 (         SYSTEM) has 19928 elements
Select a group: 
Reading frame       0 time    0.000   
Precision of /root/LiSPER_remote/LiSPER_8cand_NaCl_prod_worker/systems/LiDA-1/gromacs/run_prod_20ns/step5_production_20ns.xtc is 0.001 (nm)
Using output precision of 0.001 (nm)

Reading frame       1 time   10.000    ->  frame      0 time    0.000      

Reading frame       2 time   20.000    ->  frame      1 time   10.000      

Reading frame       3 time   30.000    ->  frame      2 time   20.000      

Reading frame       4 time   40.000    ->  frame      3 time   30.000      

Reading frame       5 time   50.000    ->  frame      4 time   40.000      

Reading frame       6 time   60.000    ->  frame      5 time   50.000      

Reading frame       7 time   70.000    ->  frame      6 time   60.000      

Reading frame       8 time   80.000    ->  frame      7 time   70.000      

Reading frame       9 time   90.000    ->  frame      8 time   80.000      

Reading frame      10 time  100.000    ->  frame      9 time   90.000      

Reading frame      11 time  110.000    ->  frame     10 time  100.000      

Reading frame      12 time  120.000    ->  frame     11 time  110.000      

Reading frame      13 time  130.000    ->  frame     12 time  120.000      

Reading frame      14 time  140.000    ->  frame     13 time  130.000      

Reading frame      15 time  150.000    ->  frame     14 time  140.000      

Reading frame      16 time  160.000    ->  frame     15 time  150.000      

Reading frame      17 time  170.000    ->  frame     16 time  160.000      

Reading frame      18 time  180.000    ->  frame     17 time  170.000      

Reading frame      19 time  190.000    ->  frame     18 time  180.000      

Reading frame      20 time  200.000    ->  frame     19 time  190.000      

Reading frame      30 time  300.000    ->  frame     29 time  290.000      

Reading frame      40 time  400.000    ->  frame     39 time  390.000      

Reading frame      50 time  500.000    ->  frame     49 time  490.000      

Reading frame      60 time  600.000    ->  frame     59 time  590.000      

Reading frame      70 time  700.000    ->  frame     69 time  690.000      

Reading frame      80 time  800.000    ->  frame     79 time  790.000      

Reading frame      90 time  900.000    ->  frame     89 time  890.000      

Reading frame     100 time 1000.000    ->  frame     99 time  990.000      

Reading frame     110 time 1100.000    ->  frame    109 time 1090.000      

Reading frame     120 time 1200.000    ->  frame    119 time 1190.000      

Reading frame     130 time 1300.000    ->  frame    129 time 1290.000      

Reading frame     140 time 1400.000    ->  frame    139 time 1390.000      

Reading frame     150 time 1500.000    ->  frame    149 time 1490.000      

Reading frame     160 time 1600.000    ->  frame    159 time 1590.000      

Reading frame     170 time 1700.000    ->  frame    169 time 1690.000      

Reading frame     180 time 1800.000    ->  frame    179 time 1790.000      

Reading frame     190 time 1900.000    ->  frame    189 time 1890.000      

Reading frame     200 time 2000.000    ->  frame    199 time 1990.000      

Reading frame     300 time 3000.000    ->  frame    299 time 2990.000      

Reading frame     400 time 4000.000    ->  frame    399 time 3990.000      

Reading frame     500 time 5000.000    ->  frame    499 time 4990.000      

Reading frame     600 time 6000.000    ->  frame    599 time 5990.000      

Reading frame     700 time 7000.000    ->  frame    699 time 6990.000      

Reading frame     800 time 8000.000    ->  frame    799 time 7990.000      

Reading frame     900 time 9000.000    ->  frame    899 time 8990.000      

Reading frame    1000 time 10000.000    ->  frame    999 time 9990.000      

Reading frame    1100 time 11000.000    ->  frame   1099 time 10990.000      

Reading frame    1200 time 12000.000    ->  frame   1199 time 11990.000      

Reading frame    1300 time 13000.000    ->  frame   1299 time 12990.000      

Reading frame    1400 time 14000.000    ->  frame   1399 time 13990.000      

Reading frame    1500 time 15000.000    ->  frame   1499 time 14990.000      

Reading frame    1600 time 16000.000    ->  frame   1599 time 15990.000      

Reading frame    1700 time 17000.000    ->  frame   1699 time 16990.000      

Reading frame    1800 time 18000.000    ->  frame   1799 time 17990.000      

Reading frame    1900 time 19000.000    ->  frame   1899 time 18990.000      

Reading frame    2000 time 20000.000    ->  frame   1999 time 19990.000      

Last frame       2000 time 20000.000   
 ->  frame   2000 time 20000.000      
Last written: frame   2000 time 20000.000


GROMACS reminds you: "If at one time or another I have brushed a few colleagues the wrong way, I must apologize: I had not realized that they were covered with fur." (Edwin Chargaff)

Note that major changes are planned in future for trjconv, to improve usability and utility.
Select group for centering
Selected 0: 'SOLU'
Select group for output
Selected 0: 'SOLU'
