                :-) GROMACS - gmx grompp, 2026.0-conda_forge (-:

Executable:   /root/miniconda3/envs/lisper-gmx/bin.AVX2_256/gmx
Data prefix:  /root/miniconda3/envs/lisper-gmx
Working dir:  /root/LiSPER_remote/LiSPER_8cand_LiCl/systems/LiDS-1/gromacs
Command line:
  gmx grompp -f /root/LiSPER_remote/LiSPER_8cand_LiCl/systems/LiDS-1/gromacs/run_prod_20ns/step5_production_20ns.mdp -o /root/LiSPER_remote/LiSPER_8cand_LiCl/systems/LiDS-1/gromacs/run_prod_20ns/step5_production_20ns.tpr -c /root/LiSPER_remote/LiSPER_8cand_LiCl/systems/LiDS-1/gromacs/run_eq/step4.1_equilibration.gro -p /root/LiSPER_remote/LiSPER_8cand_LiCl/systems/LiDS-1/gromacs/topol_cleaned_for_prod.top -n /root/LiSPER_remote/LiSPER_8cand_LiCl/systems/LiDS-1/gromacs/run_eq/index_clean.ndx -maxwarn 1

Generating 1-4 interactions: fudge = 1
Number of degrees of freedom in T-Coupling group SOLU is 292.00
Number of degrees of freedom in T-Coupling group SOLV is 58251.00

GROMACS reminds you: "Nothing is more anarchic than power." (Pier Paolo Pasolini)

Setting the LD random seed to -25437718

Generated 252 of the 253 non-bonded parameter combinations

Generated 91 of the 253 1-4 parameter combinations

Excluding 3 bonded neighbours molecule type 'PROA'

turning H bonds into constraints...

Excluding 1 bonded neighbours molecule type 'LIT'

turning H bonds into constraints...

Excluding 1 bonded neighbours molecule type 'CLA'

turning H bonds into constraints...

Excluding 2 bonded neighbours molecule type 'TIP3'

turning H bonds into constraints...

Taking velocities from '/root/LiSPER_remote/LiSPER_8cand_LiCl/systems/LiDS-1/gromacs/run_eq/step4.1_equilibration.gro'

The largest distance between excluded atoms is 0.399 nm between atom 10 and 13

Determining Verlet buffer for a tolerance of 0.005 kJ/mol/ps at 298.15 K

Calculated rlist for 1x1 atom pair-list as 1.295 nm, buffer size 0.095 nm

Set rlist, assuming 4x4 atom pair-list, to 1.223 nm, buffer size 0.023 nm

Note that mdrun will redetermine rlist based on the actual pair-list setup
Calculating fourier grid dimensions for X Y Z
Using a fourier grid of 64x64x64, spacing 0.116 0.116 0.116

Estimate for the relative computational load of the PME mesh part: 0.20

This run will generate roughly 289 Mb of data
