                :-) GROMACS - gmx grompp, 2026.0-conda_forge (-:

Executable:   /root/miniconda3/envs/lisper-gmx/bin.AVX2_256/gmx
Data prefix:  /root/miniconda3/envs/lisper-gmx
Working dir:  /root/LiSPER_remote/LiSPER_8cand_LiCl/systems/LiN3-Core/gromacs
Command line:
  gmx grompp -f /root/LiSPER_remote/LiSPER_8cand_LiCl/systems/LiN3-Core/gromacs/umbrella_sampling/window_000_0.71nm/umbrella.mdp -c /root/LiSPER_remote/LiSPER_8cand_LiCl/systems/LiN3-Core/gromacs/umbrella_sampling/window_000_0.71nm/start.gro -p /root/LiSPER_remote/LiSPER_8cand_LiCl/systems/LiN3-Core/gromacs/topol_clean_attempt1.top -n /root/LiSPER_remote/LiSPER_8cand_LiCl/systems/LiN3-Core/gromacs/umbrella_sampling/umbrella_index.ndx -o /root/LiSPER_remote/LiSPER_8cand_LiCl/systems/LiN3-Core/gromacs/umbrella_sampling/window_000_0.71nm/umbrella.tpr -maxwarn 1

Generating 1-4 interactions: fudge = 1
Pull group 1 'SOLU' has 171 atoms
Pull group 2 'TARGET_ION' has 1 atoms
Number of degrees of freedom in T-Coupling group SOLU is 430.00
Number of degrees of freedom in T-Coupling group SOLV is 88677.00
Pull group  natoms  pbc atom  distance at start  reference at t=0
       1       171        86
       2         1         0       0.680 nm          0.711 nm

GROMACS reminds you: "Theoretical chemistry has of course always been important and useful ... at least to theoretical chemists" (Sven Lidin)

Setting the LD random seed to -1744836657

Generated 252 of the 253 non-bonded parameter combinations

Generated 105 of the 253 1-4 parameter combinations

Excluding 3 bonded neighbours molecule type 'PROA'

turning H bonds into constraints...

Excluding 1 bonded neighbours molecule type 'LIT'

turning H bonds into constraints...

Excluding 1 bonded neighbours molecule type 'CLA'

turning H bonds into constraints...

Excluding 2 bonded neighbours molecule type 'TIP3'

turning H bonds into constraints...

Setting gen_seed to 1066270399

Velocities were taken from a Maxwell distribution at 298.15 K

The largest distance between excluded atoms is 0.394 nm between atom 38 and 43

Determining Verlet buffer for a tolerance of 0.005 kJ/mol/ps at 298.15 K

Calculated rlist for 1x1 atom pair-list as 1.297 nm, buffer size 0.097 nm

Set rlist, assuming 4x4 atom pair-list, to 1.226 nm, buffer size 0.026 nm

Note that mdrun will redetermine rlist based on the actual pair-list setup
Calculating fourier grid dimensions for X Y Z
Using a fourier grid of 72x72x72, spacing 0.115 0.115 0.115

Estimate for the relative computational load of the PME mesh part: 0.18

This run will generate roughly 220 Mb of data
