                :-) GROMACS - gmx mdrun, 2026.0-conda_forge (-:

Copyright 1991-2026 The GROMACS Authors.
GROMACS is free software; you can redistribute it and/or modify it
under the terms of the GNU Lesser General Public License
as published by the Free Software Foundation; either version 2.1
of the License, or (at your option) any later version.

                         Current GROMACS contributors:
       Mark Abraham           Andrey Alekseenko           Brian Andrews       
        Paul Bauer              Cathrine Bergh              Hugh Bird         
      Eliane Briand               Ania Brown                Yiqi Chen         
      Mahesh Doijade            Giacomo Fiorin          Stefan Fleischmann    
      Sergey Gorelov         Gilles Gouaillardet            Alan Gray         
   Farzaneh Jalalypour         Petter Johansson          Carsten Kutzner      
    Grzegorz Łazarski         Justin A. Lemkul          Magnus Lundborg      
        Julio Maia               Pascal Merz             Vedran Miletić      
      Dmitry Morozov           Lukas Müllender           Szilárd Páll      
 Andrea Pasquadibisceglie     Michele Pellegrino         Nicola Piasentin     
     Daniele Rapetti         Muhammad Umair Sadiq         Hubert Santuz       
      Michael Shirts           Tatiana Shugaeva          Alexey Shvetsov      
     Bálint Soproni            Philip Turner            Alessandra Villa     
        Yang Zhang        

                         Previous GROMACS contributors:
        Emile Apol             Rossen Apostolov           James Barnett       
      Vladimir Basov        Herman J.C. Berendsen          Par Bjelkmar       
      Christian Blau          Viacheslav Bolnykh            Kevin Boyd        
    Aldert van Buuren          Carlo Camilloni           Rudi van Drunen      
      Anton Feenstra           Oliver Fleetwood            Vytas Gapsys       
       Gaurav Garg             Gerrit Groenhof            Bert de Groot       
      Anca Hamuraru           Vincent Hindriksen          Victor Holanda      
     M. Eric Irrgang           Aleksei Iupinov              Joe Jordan        
    Christoph Junghans        Prashanth Kanduri        Dimitrios Karkoulis    
       Peter Kasson             Sebastian Kehl           Sebastian Keller     
        Jiri Kraus               Per Larsson              Viveca Lindahl      
      Erik Marklund           Pieter Meulenhoff           Teemu Murtola       
       Julien Nabet              Sander Pronk             Roland Schulz       
      Alfons Sijbers         David van der Spoel          Peter Tieleman      
      Carsten Uphoff             Jon Vincent             Teemu Virolainen     
    Christian Wennberg     Sebastian Wingbermühle         Maarten Wolf       
      Artem Zhmurov       

                  Coordinated by the GROMACS project leaders:
                           Berk Hess and Erik Lindahl

GROMACS:      gmx mdrun, version 2026.0-conda_forge
Executable:   /root/miniconda3/envs/lisper-gmx/bin.AVX2_256/gmx
Data prefix:  /root/miniconda3/envs/lisper-gmx
Working dir:  /root/LiSPER_remote/LiSPER_8cand_NaCl_prod_worker/systems/LiND-Hybrid/gromacs/run_prod_20ns
Process ID:   2263
Command line:
  gmx mdrun -deffnm step5_production_20ns -ntmpi 1 -ntomp 16

GROMACS version:     2026.0-conda_forge
Precision:           mixed
Memory model:        64 bit
MPI library:         thread_mpi
MPI version:         built in
OpenMP support:      enabled (GMX_OPENMP_MAX_THREADS = 128)
GPU support:         OpenCL
NBNxM GPU setup:     super-cluster 2x2x2 / cluster 8 (cluster-pair splitting on)
SIMD instructions:   AVX2_256
CPU FFT library:     fftw-3.3.11-sse2-avx
GPU FFT library:     clFFT
Multi-GPU FFT:       none
RDTSCP:              disabled
TNG support:         enabled
Hwloc support:       disabled
Tracing support:     disabled
Colvars support:     enabled (version 2025-10-13)
CP2K support:        disabled
Torch support:       disabled
Plumed support:      enabled
C compiler:          /home/conda/feedstock_root/build_artifacts/gromacs_1770909732141/_build_env/bin/x86_64-conda-linux-gnu-cc GNU 14.3.0
C compiler flags:    -fexcess-precision=fast -funroll-all-loops -mavx2 -mfma -Wno-missing-field-initializers -O3 -DNDEBUG
C++ compiler:        /home/conda/feedstock_root/build_artifacts/gromacs_1770909732141/_build_env/bin/x86_64-conda-linux-gnu-c++ GNU 14.3.0
C++ compiler flags:  -fexcess-precision=fast -funroll-all-loops -mavx2 -mfma -Wno-missing-field-initializers -Wno-stringop-truncation -Wno-cast-function-type-strict SHELL:-fopenmp -O3 -DNDEBUG
BLAS library:        Internal
LAPACK library:      Internal
OpenCL include dir:  /root/miniconda3/envs/lisper-gmx/include
OpenCL library:      /root/miniconda3/envs/lisper-gmx/lib/libOpenCL.so
OpenCL version:      3.0


Running on 1 node with total 64 cores, 128 processing units (GPU detection failed: No valid OpenCL driver found)
Hardware detected on host autodl-container-bfyudw2wgy-8d615e07:
  CPU info:
    Vendor: Intel
    Brand:  Intel(R) Xeon(R) Platinum 8352V CPU @ 2.10GHz
    Family: 6   Model: 106   Stepping: 6
    Features: aes apic avx avx2 avx512f avx512cd avx512bw avx512vl avx512secondFMA clfsh cmov cx8 cx16 f16c fma htt intel lahf mmx msr nonstop_tsc pcid pclmuldq pdcm pdpe1gb popcnt pse rdrnd rdtscp sha sse2 sse3 sse4.1 sse4.2 ssse3 tdt x2apic
    Number of AVX-512 FMA units: 2
  Hardware topology: Basic
    Packages, cores, and logical processors:
    [indices refer to OS logical processors]
      Package  0: [   0  64] [   1  65] [   2  66] [   3  67] [   4  68] [   5  69] [   6  70] [   7  71] [   8  72] [   9  73] [  10  74] [  11  75] [  12  76] [  13  77] [  14  78] [  15  79] [  16  80] [  17  81] [  18  82] [  19  83] [  20  84] [  21  85] [  22  86] [  23  87] [  24  88] [  25  89] [  26  90] [  27  91] [  28  92] [  29  93] [  30  94] [  31  95]
      Package  1: [  32  96] [  33  97] [  34  98] [  35  99] [  36 100] [  37 101] [  38 102] [  39 103] [  40 104] [  41 105] [  42 106] [  43 107] [  44 108] [  45 109] [  46 110] [  47 111] [  48 112] [  49 113] [  50 114] [  51 115] [  52 116] [  53 117] [  54 118] [  55 119] [  56 120] [  57 121] [  58 122] [  59 123] [  60 124] [  61 125] [  62 126] [  63 127]
    CPU limit set by OS: 12   Recommended max number of threads: 12

Likely fastest SIMD instructions supported by all nodes: AVX_512
SIMD instructions selected at compile time:              AVX2_256
Merely a note: it is unfortunately hard to know for sure which SIMD
instructions will perform best on this hardware. For non-GPU runs
on Intel CPUs with dual AVX-512 units, using AVX-512 can be good,
while AVX2 is often better for runs also using a GPU. Typically
this is just a few percent, so don't worry unless you are tuning.

The current CPU can measure timings more accurately than the code in
gmx mdrun was configured to use. This might affect your simulation
speed as accurate timings are needed for load-balancing.
Please consider rebuilding gmx mdrun with the GMX_USE_RDTSCP=ON CMake option.

++++ PLEASE READ AND CITE THE FOLLOWING REFERENCE ++++
M. J. Abraham, T. Murtola, R. Schulz, S. Páll, J. C. Smith, B. Hess, E.
Lindahl
GROMACS: High performance molecular simulations through multi-level
parallelism from laptops to supercomputers
SoftwareX (2015)
https://doi.org/10.1016/j.softx.2015.06.001
-------- -------- --- Thank You --- -------- --------


++++ PLEASE READ AND CITE THE FOLLOWING REFERENCE ++++
S. Páll, M. J. Abraham, C. Kutzner, B. Hess, E. Lindahl
Tackling Exascale Software Challenges in Molecular Dynamics Simulations with
GROMACS
In S. Markidis & E. Laure (Eds.), Solving Software Challenges for Exascale (2015)
https://doi.org/10.1007/978-3-319-15976-8_1
-------- -------- --- Thank You --- -------- --------


++++ PLEASE READ AND CITE THE FOLLOWING REFERENCE ++++
S. Pronk, S. Páll, R. Schulz, P. Larsson, P. Bjelkmar, R. Apostolov, M. R.
Shirts, J. C. Smith, P. M. Kasson, D. van der Spoel, B. Hess, E. Lindahl
GROMACS 4.5: a high-throughput and highly parallel open source molecular
simulation toolkit
Bioinformatics (2013)
https://doi.org/10.1093/bioinformatics/btt055
-------- -------- --- Thank You --- -------- --------


++++ PLEASE READ AND CITE THE FOLLOWING REFERENCE ++++
B. Hess, C. Kutzner, D. van der Spoel, E. Lindahl
GROMACS 4: Algorithms for highly efficient, load-balanced, and scalable
molecular simulation
J. Chem. Theory Comput. (2008)
https://doi.org/10.1021/ct700301q
-------- -------- --- Thank You --- -------- --------


++++ PLEASE READ AND CITE THE FOLLOWING REFERENCE ++++
D. van der Spoel, E. Lindahl, B. Hess, G. Groenhof, A. E. Mark, H. J. C.
Berendsen
GROMACS: Fast, Flexible and Free
J. Comp. Chem. (2005)
https://doi.org/10.1002/jcc.20291
-------- -------- --- Thank You --- -------- --------


++++ PLEASE READ AND CITE THE FOLLOWING REFERENCE ++++
E. Lindahl, B. Hess, D. van der Spoel
GROMACS 3.0: A package for molecular simulation and trajectory analysis
J. Mol. Mod. (2001)
https://doi.org/10.1007/s008940100045
-------- -------- --- Thank You --- -------- --------


++++ PLEASE READ AND CITE THE FOLLOWING REFERENCE ++++
H. J. C. Berendsen, D. van der Spoel and R. van Drunen
GROMACS: A message-passing parallel molecular dynamics implementation
Comp. Phys. Comm. (1995)
https://doi.org/10.1016/0010-4655(95)00042-E
-------- -------- --- Thank You --- -------- --------


The number of OpenMP threads was set by environment variable OMP_NUM_THREADS to 16 (and the command-line setting agreed with that)

Input Parameters:
   integrator                     = md
   tinit                          = 0
   dt                             = 0.002
   nsteps                         = 10000000
   init-step                      = 0
   simulation-part                = 1
   mts                            = false
   mass-repartition-factor        = 1
   comm-mode                      = Linear
   nstcomm                        = 100
   bd-fric                        = 0
   ld-seed                        = -1115948490
   emtol                          = 10
   emstep                         = 0.01
   niter                          = 20
   fcstep                         = 0
   nstcgsteep                     = 1000
   nbfgscorr                      = 10
   rtpi                           = 0.05
   nstxout                        = 0
   nstvout                        = 0
   nstfout                        = 0
   nstlog                         = 5000
   nstcalcenergy                  = 100
   nstenergy                      = 5000
   nstxout-compressed             = 5000
   compressed-x-precision         = 1000
   cutoff-scheme                  = Verlet
   nstlist                        = 20
   pbc                            = xyz
   periodic-molecules             = false
   verlet-buffer-tolerance        = 0.005
   verlet-buffer-pressure-tolerance = 0.5
   rlist                          = 1.224
   coulombtype                    = PME
   coulomb-modifier               = Potential-shift
   rcoulomb-switch                = 0
   rcoulomb                       = 1.2
   epsilon-r                      = 1
   epsilon-rf                     = inf
   vdw-type                       = Cut-off
   vdw-modifier                   = Force-switch
   rvdw-switch                    = 1
   rvdw                           = 1.2
   DispCorr                       = No
   table-extension                = 1
   fourierspacing                 = 0.12
   fourier-nx                     = 84
   fourier-ny                     = 84
   fourier-nz                     = 84
   pme-order                      = 4
   ewald-rtol                     = 1e-05
   ewald-rtol-lj                  = 0.001
   lj-pme-comb-rule               = Geometric
   ewald-geometry                 = 3d
   epsilon-surface                = 0
   ensemble-temperature-setting   = constant
   ensemble-temperature           = 298.15
   tcoupl                         = V-rescale
   nsttcouple                     = 100
   nh-chain-length                = 0
   print-nose-hoover-chain-variables = false
   pcoupl                         = C-rescale
   pcoupltype                     = Isotropic
   nstpcouple                     = 100
   tau-p                          = 5
   compressibility (3x3):
      compressibility[    0]={ 4.50000e-05,  0.00000e+00,  0.00000e+00}
      compressibility[    1]={ 0.00000e+00,  4.50000e-05,  0.00000e+00}
      compressibility[    2]={ 0.00000e+00,  0.00000e+00,  4.50000e-05}
   ref-p (3x3):
      ref-p[    0]={ 1.00000e+00,  0.00000e+00,  0.00000e+00}
      ref-p[    1]={ 0.00000e+00,  1.00000e+00,  0.00000e+00}
      ref-p[    2]={ 0.00000e+00,  0.00000e+00,  1.00000e+00}
   refcoord-scaling               = No
   posres-com: not available
   posres-comB: not available
   QMMM                           = false
qm-opts:
   ngQM                           = 0
   constraint-algorithm           = Lincs
   continuation                   = true
   Shake-SOR                      = false
   shake-tol                      = 0.0001
   lincs-order                    = 4
   lincs-iter                     = 1
   lincs-warnangle                = 30
   nwall                          = 0
   wall-type                      = 9-3
   wall-r-linpot                  = -1
   wall-atomtype[0]               = -1
   wall-atomtype[1]               = -1
   wall-density[0]                = 0
   wall-density[1]                = 0
   wall-ewald-zfac                = 3
   pull                           = false
   awh                            = false
   rotation                       = false
   interactiveMD                  = false
   disre                          = No
   disre-weighting                = Conservative
   disre-mixed                    = false
   dr-fc                          = 1000
   dr-tau                         = 0
   nstdisreout                    = 100
   orire-fc                       = 0
   orire-tau                      = 0
   nstorireout                    = 100
   free-energy                    = no
   cos-acceleration               = 0
   deform (3x3):
      deform[    0]={ 0.00000e+00,  0.00000e+00,  0.00000e+00}
      deform[    1]={ 0.00000e+00,  0.00000e+00,  0.00000e+00}
      deform[    2]={ 0.00000e+00,  0.00000e+00,  0.00000e+00}
   simulated-tempering            = false
   swapcoords                     = no
   userint1                       = 0
   userint2                       = 0
   userint3                       = 0
   userint4                       = 0
   userreal1                      = 0
   userreal2                      = 0
   userreal3                      = 0
   userreal4                      = 0
   applied-forces:
     electric-field:
       x:
         E0                       = 0
         omega                    = 0
         t0                       = 0
         sigma                    = 0
       y:
         E0                       = 0
         omega                    = 0
         t0                       = 0
         sigma                    = 0
       z:
         E0                       = 0
         omega                    = 0
         t0                       = 0
         sigma                    = 0
     density-guided-simulation:
       active                     = false
       group                      = protein
       similarity-measure         = inner-product
       atom-spreading-weight      = unity
       force-constant             = 1e+09
       gaussian-transform-spreading-width = 0.2
       gaussian-transform-spreading-range-in-multiples-of-width = 4
       reference-density-filename = reference.mrc
       nst                        = 1
       normalize-densities        = true
       adaptive-force-scaling     = false
       adaptive-force-scaling-time-constant = 4
       shift-vector               = 
       transformation-matrix      = 
     qmmm-cp2k:
       active                     = false
       qmgroup                    = System
       qmmethod                   = PBE
       qmfilenames                = 
       qmcharge                   = 0
       qmmultiplicity             = 1
     colvars:
       active                     = false
       configfile                 = 
       seed                       = -1
     nnpot:
       active                     = false
       modelfile                  = model.pt
       input-group                = System
       link-type                  = H
       link-distance              = 0.1
       pair-cutoff                = 0
       embedding                  = mechanical
       nnp-charge                 = 0
       model-input1               = 
       model-input2               = 
       model-input3               = 
       model-input4               = 
       model-input5               = 
       model-input6               = 
       model-input7               = 
       model-input8               = 
       model-input9               = 
   fast-multipole-method:
     fmm:
       backend                    = inactive
       exafmm-order               = 6
       exafmm-direct-range        = 2
       exafmm-direct-provider     = GROMACS
       exafmm-tree-type           = uniform
       exafmm-tree-depth          = 0
       exafmm-max-particles-per-cell = 0
       fmsolvr-order              = 8
       fmsolvr-direct-range       = 1
       fmsolvr-direct-provider    = FMM
       fmsolvr-dipole-compensation = true
       fmsolvr-tree-depth         = 3
       fmsolvr-sparse             = false
grpopts:
   nrdf:         518      136212
   ref-t:      298.15      298.15
   tau-t:           1           1
annealing:          No          No
annealing-npoints:           0           0
   acc:	           0           0           0
   nfreeze:           N           N           N
   energygrp-flags[  0]: 0

Changing nstlist from 20 to 80, rlist from 1.224 to 1.324


Initializing Domain Decomposition on 1 ranks
Dynamic load balancing: auto
Using update groups, nr 22879, average size 3.0 atoms, max. radius 0.130 nm
Minimum cell size due to atom displacement: 0.523 nm
Initial maximum distances in bonded interactions:
    two-body bonded interactions: 0.395 nm, LJ-14, atoms 100 107
  multi-body bonded interactions: 0.449 nm, CMAP Dih., atoms 147 156
Minimum cell size due to bonded interactions: 0.494 nm
Using 0 separate PME ranks because: there are too few total ranks for efficient splitting
Optimizing the DD grid for 1 cells with a minimum initial size of 0.523 nm
The maximum allowed number of cells is: X 15 Y 15 Z 15
Domain decomposition grid 1 x 1 x 1, separate PME ranks 0
PME domain decomposition: 1 x 1 x 1

The initial number of communication pulses is:
The initial domain decomposition cell size is:

The maximum allowed distance for atom groups involved in interactions is:
                 non-bonded interactions           1.584 nm
(the following are initial values, they could change due to box deformation)
            two-body bonded interactions  (-rdd)   1.584 nm
          multi-body bonded interactions  (-rdd)   1.584 nm

When dynamic load balancing gets turned on, these settings will change to:
The maximum number of communication pulses is:
The minimum size for domain decomposition cells is 1.584 nm
The requested allowed shrink of DD cells (option -dds) is: 0.80
The allowed shrink of domain decomposition cells is:
The maximum allowed distance for atom groups involved in interactions is:
                 non-bonded interactions           1.584 nm
            two-body bonded interactions  (-rdd)   1.584 nm
          multi-body bonded interactions  (-rdd)   1.584 nm

Local state does not use filler particles

Using 1 MPI thread
Using 16 OpenMP threads 


WARNING: Oversubscribing the recommended max load of 12 logical CPUs with 16 threads.
         This will cause considerable performance loss.
System total charge: 0.000
Will do PME sum in reciprocal space for electrostatic interactions.

++++ PLEASE READ AND CITE THE FOLLOWING REFERENCE ++++
U. Essmann, L. Perera, M. L. Berkowitz, T. Darden, H. Lee, L. G. Pedersen 
A smooth particle mesh Ewald method
J. Chem. Phys. (1995)
https://doi.org/10.1063/1.470117
-------- -------- --- Thank You --- -------- --------

Using a Gaussian width (1/beta) of 0.384195 nm for Ewald
Potential shift: LJ r^-12: -2.648e-01 r^-6: -5.349e-01, Ewald -8.333e-06
Initialized non-bonded Coulomb Ewald tables, spacing: 1.02e-03 size: 1176

Generated table with 1162 data points for 1-4 COUL.
Tabscale = 500 points/nm
Generated table with 1162 data points for 1-4 LJ6.
Tabscale = 500 points/nm
Generated table with 1162 data points for 1-4 LJ12.
Tabscale = 500 points/nm


Using SIMD4xM 4x8 nonbonded short-range kernels

Using a dual 4x8 pair-list setup updated with dynamic pruning:
  outer list: updated every 80 steps, buffer 0.124 nm, rlist 1.324 nm
  inner list: updated every 12 steps, buffer 0.001 nm, rlist 1.201 nm
At tolerance 0.005 kJ/mol/ps per atom, equivalent classical 1x1 list would be:
  outer list: updated every 80 steps, buffer 0.268 nm, rlist 1.468 nm
  inner list: updated every 12 steps, buffer 0.046 nm, rlist 1.246 nm

The average pressure is off by at most 0.11 bar due to missing LJ interactions

Linking all bonded interactions to atoms


NOTE: OS CPU limit is lower than logical cpu count, thread pinning disabled.

Initializing LINear Constraint Solver

++++ PLEASE READ AND CITE THE FOLLOWING REFERENCE ++++
B. Hess, H. Bekker, H. J. C. Berendsen, J. G. E. M. Fraaije
LINCS: A Linear Constraint Solver for molecular simulations
J. Comp. Chem. (1997)
https://doi.org/10.1002/(sici)1096-987x(199709)18:12<1463::aid-jcc4>3.0.co;2-h
-------- -------- --- Thank You --- -------- --------

The number of constraints is 94

++++ PLEASE READ AND CITE THE FOLLOWING REFERENCE ++++
S. Miyamoto, P. A. Kollman
SETTLE: An Analytical Version of the SHAKE and RATTLE Algorithms for Rigid
Water Models
J. Comp. Chem. (1992)
https://doi.org/10.1002/jcc.540130805
-------- -------- --- Thank You --- -------- --------


++++ PLEASE READ AND CITE THE FOLLOWING REFERENCE ++++
G. Bussi, D. Donadio, M. Parrinello
Canonical sampling through velocity rescaling
J. Chem. Phys. (2007)
https://doi.org/10.1063/1.2408420
-------- -------- --- Thank You --- -------- --------


++++ PLEASE READ AND CITE THE FOLLOWING REFERENCE ++++
M. Bernetti, G. Bussi
Pressure control using stochastic cell rescaling
J. Chem. Phys. (2020)
https://doi.org/10.1063/5.0020514
-------- -------- --- Thank You --- -------- --------

There are: 68247 Atoms

Atom distribution over 1 domains: av 68247 stddev 0 min 68247 max 68247
Center of mass motion removal mode is Linear
We have the following groups for center of mass motion removal:
  0:  SOLU
  1:  SOLV

Started mdrun on rank 0 Thu Jun 18 14:10:47 2026

           Step           Time
              0        0.00000

   Energies (kJ/mol)
           Bond            U-B    Proper Dih.  Improper Dih.      CMAP Dih.
    2.13347e+02    6.15593e+02    4.77040e+02    2.66460e+01   -6.33755e+01
          LJ-14     Coulomb-14        LJ (SR)   Coulomb (SR)   Coul. recip.
    1.55720e+02    4.69101e+03    1.03250e+05   -1.08534e+06    3.30451e+03
      Potential    Kinetic En.   Total Energy  Conserved En.    Temperature
   -9.72674e+05    1.71839e+05   -8.00835e+05   -8.00762e+05    3.02311e+02
 Pressure (bar)   Constr. rmsd
   -2.54238e+02    3.86819e-06

Writing checkpoint, step 880 at Thu Jun 18 14:27:14 2026


Writing checkpoint, step 1760 at Thu Jun 18 14:42:05 2026


Writing checkpoint, step 2720 at Thu Jun 18 14:56:06 2026


Writing checkpoint, step 3840 at Thu Jun 18 15:12:41 2026


Writing checkpoint, step 4720 at Thu Jun 18 15:27:09 2026


           Step           Time
           5000       10.00000

   Energies (kJ/mol)
           Bond            U-B    Proper Dih.  Improper Dih.      CMAP Dih.
    2.02375e+02    6.76703e+02    5.30567e+02    3.18173e+01   -6.61742e+01
          LJ-14     Coulomb-14        LJ (SR)   Coulomb (SR)   Coul. recip.
    1.25763e+02    4.62360e+03    1.03901e+05   -1.08913e+06    3.18468e+03
      Potential    Kinetic En.   Total Energy  Conserved En.    Temperature
   -9.75924e+05    1.69679e+05   -8.06246e+05   -7.97226e+05    2.98510e+02
 Pressure (bar)   Constr. rmsd
   -3.26356e+02    3.74352e-06

Writing checkpoint, step 5680 at Thu Jun 18 15:42:39 2026


Writing checkpoint, step 6560 at Thu Jun 18 15:56:54 2026


Writing checkpoint, step 7520 at Thu Jun 18 16:12:13 2026


Writing checkpoint, step 8480 at Thu Jun 18 16:27:39 2026


Writing checkpoint, step 9360 at Thu Jun 18 16:42:12 2026


           Step           Time
          10000       20.00000

   Energies (kJ/mol)
           Bond            U-B    Proper Dih.  Improper Dih.      CMAP Dih.
    1.90935e+02    6.36641e+02    4.72967e+02    3.91938e+01   -7.56459e+00
          LJ-14     Coulomb-14        LJ (SR)   Coulomb (SR)   Coul. recip.
    1.36764e+02    4.65810e+03    1.03627e+05   -1.09048e+06    3.10302e+03
      Potential    Kinetic En.   Total Energy  Conserved En.    Temperature
   -9.77618e+05    1.69600e+05   -8.08018e+05   -7.94754e+05    2.98372e+02
 Pressure (bar)   Constr. rmsd
   -2.77642e+02    3.00832e-06

Writing checkpoint, step 10240 at Thu Jun 18 16:56:52 2026


Writing checkpoint, step 11040 at Thu Jun 18 17:11:33 2026


Writing checkpoint, step 12080 at Thu Jun 18 17:28:10 2026


Writing checkpoint, step 12960 at Thu Jun 18 17:42:24 2026


Writing checkpoint, step 13920 at Thu Jun 18 17:58:08 2026


Writing checkpoint, step 14560 at Thu Jun 18 18:12:44 2026


           Step           Time
          15000       30.00000

   Energies (kJ/mol)
           Bond            U-B    Proper Dih.  Improper Dih.      CMAP Dih.
    1.73414e+02    5.99409e+02    4.71138e+02    3.79706e+01   -1.98019e+01
          LJ-14     Coulomb-14        LJ (SR)   Coulomb (SR)   Coul. recip.
    1.51587e+02    4.65987e+03    1.04850e+05   -1.09330e+06    3.04937e+03
      Potential    Kinetic En.   Total Energy  Conserved En.    Temperature
   -9.79328e+05    1.69196e+05   -8.10132e+05   -7.93712e+05    2.97661e+02
 Pressure (bar)   Constr. rmsd
   -5.22668e+01    3.01709e-06

Writing checkpoint, step 15280 at Thu Jun 18 18:28:23 2026


Writing checkpoint, step 16080 at Thu Jun 18 18:42:12 2026


Writing checkpoint, step 16960 at Thu Jun 18 18:57:24 2026


Writing checkpoint, step 17840 at Thu Jun 18 19:12:42 2026


Writing checkpoint, step 18640 at Thu Jun 18 19:27:25 2026


Writing checkpoint, step 19440 at Thu Jun 18 19:41:56 2026


           Step           Time
          20000       40.00000

   Energies (kJ/mol)
           Bond            U-B    Proper Dih.  Improper Dih.      CMAP Dih.
    2.31102e+02    6.44794e+02    5.21826e+02    4.01614e+01   -8.84126e+01
          LJ-14     Coulomb-14        LJ (SR)   Coulomb (SR)   Coul. recip.
    1.37926e+02    4.61808e+03    1.05120e+05   -1.09571e+06    3.03574e+03
      Potential    Kinetic En.   Total Energy  Conserved En.    Temperature
   -9.81445e+05    1.70037e+05   -8.11408e+05   -7.93056e+05    2.99141e+02
 Pressure (bar)   Constr. rmsd
    1.41202e+01    2.84342e-06

Writing checkpoint, step 20480 at Thu Jun 18 19:57:50 2026


Writing checkpoint, step 21440 at Thu Jun 18 20:11:41 2026


Writing checkpoint, step 22480 at Thu Jun 18 20:28:38 2026


Writing checkpoint, step 23360 at Thu Jun 18 20:42:35 2026


Writing checkpoint, step 24320 at Thu Jun 18 20:56:43 2026


           Step           Time
          25000       50.00000

   Energies (kJ/mol)
           Bond            U-B    Proper Dih.  Improper Dih.      CMAP Dih.
    1.99053e+02    6.04774e+02    5.03763e+02    3.73540e+01   -4.60795e+01
          LJ-14     Coulomb-14        LJ (SR)   Coulomb (SR)   Coul. recip.
    1.31901e+02    4.66701e+03    1.04593e+05   -1.09555e+06    2.96715e+03
      Potential    Kinetic En.   Total Energy  Conserved En.    Temperature
   -9.81893e+05    1.69265e+05   -8.12628e+05   -7.93511e+05    2.97782e+02
 Pressure (bar)   Constr. rmsd
   -8.69772e+01    2.68745e-06

Writing checkpoint, step 25360 at Thu Jun 18 21:11:51 2026


Writing checkpoint, step 26480 at Thu Jun 18 21:28:12 2026


Writing checkpoint, step 27120 at Thu Jun 18 21:41:29 2026


Writing checkpoint, step 28080 at Thu Jun 18 21:58:27 2026


Writing checkpoint, step 28720 at Thu Jun 18 22:11:28 2026


Writing checkpoint, step 29760 at Thu Jun 18 22:28:20 2026


           Step           Time
          30000       60.00000

   Energies (kJ/mol)
           Bond            U-B    Proper Dih.  Improper Dih.      CMAP Dih.
    1.92786e+02    6.39223e+02    5.00812e+02    2.69301e+01   -5.81477e+01
          LJ-14     Coulomb-14        LJ (SR)   Coulomb (SR)   Coul. recip.
    1.21348e+02    4.66734e+03    1.04910e+05   -1.09711e+06    3.09712e+03
      Potential    Kinetic En.   Total Energy  Conserved En.    Temperature
   -9.83010e+05    1.69048e+05   -8.13962e+05   -7.93508e+05    2.97400e+02
 Pressure (bar)   Constr. rmsd
   -8.89005e+01    2.76740e-06

Writing checkpoint, step 30640 at Thu Jun 18 22:43:05 2026


Writing checkpoint, step 31520 at Thu Jun 18 22:57:02 2026


Writing checkpoint, step 32480 at Thu Jun 18 23:12:48 2026


Writing checkpoint, step 33360 at Thu Jun 18 23:28:51 2026


Writing checkpoint, step 34160 at Thu Jun 18 23:43:01 2026


           Step           Time
          35000       70.00000

   Energies (kJ/mol)
           Bond            U-B    Proper Dih.  Improper Dih.      CMAP Dih.
    1.74248e+02    6.31898e+02    4.75659e+02    2.93963e+01   -3.61212e+01
          LJ-14     Coulomb-14        LJ (SR)   Coulomb (SR)   Coul. recip.
    1.52115e+02    4.66174e+03    1.06926e+05   -1.09921e+06    3.08028e+03
      Potential    Kinetic En.   Total Energy  Conserved En.    Temperature
   -9.83110e+05    1.69875e+05   -8.13235e+05   -7.93354e+05    2.98856e+02
 Pressure (bar)   Constr. rmsd
    8.26925e+01    2.47954e-06

Writing checkpoint, step 35040 at Thu Jun 18 23:58:04 2026


Writing checkpoint, step 35920 at Fri Jun 19 00:11:59 2026


Writing checkpoint, step 36960 at Fri Jun 19 00:27:25 2026


Writing checkpoint, step 37920 at Fri Jun 19 00:41:58 2026


Writing checkpoint, step 38960 at Fri Jun 19 00:57:22 2026


Writing checkpoint, step 39920 at Fri Jun 19 01:12:33 2026


           Step           Time
          40000       80.00000

   Energies (kJ/mol)
           Bond            U-B    Proper Dih.  Improper Dih.      CMAP Dih.
    2.18734e+02    6.50765e+02    4.55236e+02    3.68039e+01   -4.13144e+00
          LJ-14     Coulomb-14        LJ (SR)   Coulomb (SR)   Coul. recip.
    1.17457e+02    4.61972e+03    1.05240e+05   -1.09590e+06    3.14612e+03
      Potential    Kinetic En.   Total Energy  Conserved En.    Temperature
   -9.81418e+05    1.70225e+05   -8.11194e+05   -7.93523e+05    2.99471e+02
 Pressure (bar)   Constr. rmsd
   -4.84610e+01    2.59209e-06

Writing checkpoint, step 40880 at Fri Jun 19 01:27:29 2026


Writing checkpoint, step 41840 at Fri Jun 19 01:42:02 2026


Writing checkpoint, step 42880 at Fri Jun 19 01:57:34 2026


Writing checkpoint, step 43840 at Fri Jun 19 02:11:49 2026


Writing checkpoint, step 44960 at Fri Jun 19 02:27:03 2026


           Step           Time
          45000       90.00000

   Energies (kJ/mol)
           Bond            U-B    Proper Dih.  Improper Dih.      CMAP Dih.
    2.03229e+02    6.10953e+02    5.01795e+02    2.99580e+01   -7.15518e+01
          LJ-14     Coulomb-14        LJ (SR)   Coulomb (SR)   Coul. recip.
    1.27232e+02    4.59035e+03    1.06551e+05   -1.09736e+06    3.08140e+03
      Potential    Kinetic En.   Total Energy  Conserved En.    Temperature
   -9.81738e+05    1.69525e+05   -8.12213e+05   -7.93433e+05    2.98240e+02
 Pressure (bar)   Constr. rmsd
    6.26045e+01    2.71260e-06

Writing checkpoint, step 46080 at Fri Jun 19 02:42:25 2026


Writing checkpoint, step 47120 at Fri Jun 19 02:56:24 2026


Writing checkpoint, step 48240 at Fri Jun 19 03:11:42 2026


Writing checkpoint, step 49360 at Fri Jun 19 03:26:26 2026


           Step           Time
          50000      100.00000

   Energies (kJ/mol)
           Bond            U-B    Proper Dih.  Improper Dih.      CMAP Dih.
    2.17715e+02    6.20661e+02    5.04559e+02    3.82787e+01   -2.38245e+01
          LJ-14     Coulomb-14        LJ (SR)   Coulomb (SR)   Coul. recip.
    1.36631e+02    4.61246e+03    1.04580e+05   -1.09478e+06    3.08843e+03
      Potential    Kinetic En.   Total Energy  Conserved En.    Temperature
   -9.81005e+05    1.69355e+05   -8.11651e+05   -7.93716e+05    2.97940e+02
 Pressure (bar)   Constr. rmsd
   -7.75923e+01    2.84539e-06

Writing checkpoint, step 50880 at Fri Jun 19 03:42:14 2026


Writing checkpoint, step 52240 at Fri Jun 19 03:56:47 2026


Writing checkpoint, step 53680 at Fri Jun 19 04:12:11 2026


           Step           Time
          55000      110.00000

   Energies (kJ/mol)
           Bond            U-B    Proper Dih.  Improper Dih.      CMAP Dih.
    2.00738e+02    6.88334e+02    5.00913e+02    2.77447e+01   -3.22950e+01
          LJ-14     Coulomb-14        LJ (SR)   Coulomb (SR)   Coul. recip.
    1.32176e+02    4.61235e+03    1.06268e+05   -1.09722e+06    3.11202e+03
      Potential    Kinetic En.   Total Energy  Conserved En.    Temperature
   -9.81707e+05    1.69651e+05   -8.12056e+05   -7.93592e+05    2.98462e+02
 Pressure (bar)   Constr. rmsd
    4.10162e+01    3.09067e-06

Writing checkpoint, step 55040 at Fri Jun 19 04:26:48 2026


Writing checkpoint, step 56480 at Fri Jun 19 04:41:59 2026


Writing checkpoint, step 57840 at Fri Jun 19 04:56:29 2026


Writing checkpoint, step 59360 at Fri Jun 19 05:11:46 2026


           Step           Time
          60000      120.00000

   Energies (kJ/mol)
           Bond            U-B    Proper Dih.  Improper Dih.      CMAP Dih.
    1.72734e+02    6.01547e+02    5.09986e+02    2.54535e+01   -2.26139e+01
          LJ-14     Coulomb-14        LJ (SR)   Coulomb (SR)   Coul. recip.
    1.36190e+02    4.68373e+03    1.05736e+05   -1.09692e+06    3.08645e+03
      Potential    Kinetic En.   Total Energy  Conserved En.    Temperature
   -9.81990e+05    1.69314e+05   -8.12676e+05   -7.93507e+05    2.97869e+02
 Pressure (bar)   Constr. rmsd
    6.35158e+00    2.44467e-06

Writing checkpoint, step 60720 at Fri Jun 19 05:26:03 2026


Writing checkpoint, step 62320 at Fri Jun 19 05:41:46 2026


Writing checkpoint, step 63760 at Fri Jun 19 05:56:48 2026


           Step           Time
          65000      130.00000

   Energies (kJ/mol)
           Bond            U-B    Proper Dih.  Improper Dih.      CMAP Dih.
    2.35287e+02    6.30133e+02    5.14264e+02    3.74585e+01   -3.31059e+01
          LJ-14     Coulomb-14        LJ (SR)   Coulomb (SR)   Coul. recip.
    1.20436e+02    4.64175e+03    1.05820e+05   -1.09678e+06    3.10712e+03
      Potential    Kinetic En.   Total Energy  Conserved En.    Temperature
   -9.81707e+05    1.69859e+05   -8.11848e+05   -7.93802e+05    2.98827e+02
 Pressure (bar)   Constr. rmsd
   -1.37933e+01    3.55459e-06

Writing checkpoint, step 65280 at Fri Jun 19 06:11:58 2026


Writing checkpoint, step 66720 at Fri Jun 19 06:26:38 2026


Writing checkpoint, step 68160 at Fri Jun 19 06:41:52 2026


Writing checkpoint, step 69680 at Fri Jun 19 06:57:05 2026


           Step           Time
          70000      140.00000

   Energies (kJ/mol)
           Bond            U-B    Proper Dih.  Improper Dih.      CMAP Dih.
    2.21611e+02    6.59641e+02    5.07277e+02    2.39126e+01   -2.42688e+01
          LJ-14     Coulomb-14        LJ (SR)   Coulomb (SR)   Coul. recip.
    1.26887e+02    4.61916e+03    1.05380e+05   -1.09513e+06    3.06308e+03
      Potential    Kinetic En.   Total Energy  Conserved En.    Temperature
   -9.80556e+05    1.69800e+05   -8.10756e+05   -7.93726e+05    2.98724e+02
 Pressure (bar)   Constr. rmsd
    3.26393e+01    2.79266e-06

Writing checkpoint, step 71040 at Fri Jun 19 07:11:33 2026


Writing checkpoint, step 72560 at Fri Jun 19 07:27:17 2026


Writing checkpoint, step 74080 at Fri Jun 19 07:42:34 2026


           Step           Time
          75000      150.00000

   Energies (kJ/mol)
           Bond            U-B    Proper Dih.  Improper Dih.      CMAP Dih.
    1.81332e+02    6.04449e+02    5.07138e+02    4.50064e+01   -6.31666e+01
          LJ-14     Coulomb-14        LJ (SR)   Coulomb (SR)   Coul. recip.
    1.29084e+02    4.59540e+03    1.05638e+05   -1.09554e+06    3.11430e+03
      Potential    Kinetic En.   Total Energy  Conserved En.    Temperature
   -9.80790e+05    1.68897e+05   -8.11892e+05   -7.94056e+05    2.97136e+02
 Pressure (bar)   Constr. rmsd
   -5.06122e+01    2.59874e-06

Writing checkpoint, step 75520 at Fri Jun 19 07:57:06 2026


Writing checkpoint, step 76960 at Fri Jun 19 08:12:03 2026


Writing checkpoint, step 78320 at Fri Jun 19 08:26:05 2026


Writing checkpoint, step 79840 at Fri Jun 19 08:41:43 2026


           Step           Time
          80000      160.00000

   Energies (kJ/mol)
           Bond            U-B    Proper Dih.  Improper Dih.      CMAP Dih.
    1.87768e+02    6.78709e+02    5.26190e+02    3.12168e+01   -4.00721e+01
          LJ-14     Coulomb-14        LJ (SR)   Coulomb (SR)   Coul. recip.
    1.26868e+02    4.60683e+03    1.04669e+05   -1.09418e+06    3.20994e+03
      Potential    Kinetic En.   Total Energy  Conserved En.    Temperature
   -9.80184e+05    1.69126e+05   -8.11058e+05   -7.93610e+05    2.97538e+02
 Pressure (bar)   Constr. rmsd
    5.23426e+00    3.57245e-06

Writing checkpoint, step 81360 at Fri Jun 19 08:57:11 2026




Received the INT signal, stopping within 200 steps

           Step           Time
          81680      163.36000

Writing checkpoint, step 81680 at Fri Jun 19 08:59:37 2026



Reading checkpoint file /root/LiSPER_remote/LiSPER_8cand_NaCl_overflow_workerA/systems/LiND-Hybrid/gromacs/run_prod_20ns/step5_production_20ns.cpt
  file generated by:     /root/miniconda3/envs/lisper-gmx/bin.AVX2_256/gmx
  file generated at:     Fri Jun 19 08:59:37 2026

  GROMACS double prec.:  0
  simulation part #:     1
  step:                  81680
  time:                  163.360000



-----------------------------------------------------------
Restarting from checkpoint, appending to previous log file.

                :-) GROMACS - gmx mdrun, 2026.0-conda_forge (-:

Executable:   /root/miniconda3/envs/lisper-gmx/bin.AVX2_256/gmx
Data prefix:  /root/miniconda3/envs/lisper-gmx
Working dir:  /root/LiSPER_remote/LiSPER_8cand_NaCl_overflow_workerA/systems/LiND-Hybrid/gromacs/run_prod_20ns
Process ID:   84640
Command line:
  gmx mdrun -deffnm step5_production_20ns -cpi /root/LiSPER_remote/LiSPER_8cand_NaCl_overflow_workerA/systems/LiND-Hybrid/gromacs/run_prod_20ns/step5_production_20ns.cpt -append -ntmpi 1 -ntomp 1

GROMACS version:     2026.0-conda_forge
Precision:           mixed
Memory model:        64 bit
MPI library:         thread_mpi
MPI version:         built in
OpenMP support:      enabled (GMX_OPENMP_MAX_THREADS = 128)
GPU support:         OpenCL
NBNxM GPU setup:     super-cluster 2x2x2 / cluster 8 (cluster-pair splitting on)
SIMD instructions:   AVX2_256
CPU FFT library:     fftw-3.3.11-sse2-avx
GPU FFT library:     clFFT
Multi-GPU FFT:       none
RDTSCP:              disabled
TNG support:         enabled
Hwloc support:       disabled
Tracing support:     disabled
Colvars support:     enabled (version 2025-10-13)
CP2K support:        disabled
Torch support:       disabled
Plumed support:      enabled
C compiler:          /home/conda/feedstock_root/build_artifacts/gromacs_1770909732141/_build_env/bin/x86_64-conda-linux-gnu-cc GNU 14.3.0
C compiler flags:    -fexcess-precision=fast -funroll-all-loops -mavx2 -mfma -Wno-missing-field-initializers -O3 -DNDEBUG
C++ compiler:        /home/conda/feedstock_root/build_artifacts/gromacs_1770909732141/_build_env/bin/x86_64-conda-linux-gnu-c++ GNU 14.3.0
C++ compiler flags:  -fexcess-precision=fast -funroll-all-loops -mavx2 -mfma -Wno-missing-field-initializers -Wno-stringop-truncation -Wno-cast-function-type-strict SHELL:-fopenmp -O3 -DNDEBUG
BLAS library:        Internal
LAPACK library:      Internal
OpenCL include dir:  /root/miniconda3/envs/lisper-gmx/include
OpenCL library:      /root/miniconda3/envs/lisper-gmx/lib/libOpenCL.so
OpenCL version:      3.0


Changing rlist from 1.224 to 1.226 for non-bonded 4x4 atom kernels

Changing nstlist from 20 to 80, rlist from 1.226 to 1.327


Initializing Domain Decomposition on 1 ranks
Dynamic load balancing: auto
Using update groups, nr 22879, average size 3.0 atoms, max. radius 0.130 nm
Minimum cell size due to atom displacement: 0.523 nm
Initial maximum distances in bonded interactions:
    two-body bonded interactions: 0.400 nm, LJ-14, atoms 179 195
  multi-body bonded interactions: 0.463 nm, CMAP Dih., atoms 129 138
Minimum cell size due to bonded interactions: 0.509 nm
Using 0 separate PME ranks because: there are too few total ranks for efficient splitting
Optimizing the DD grid for 1 cells with a minimum initial size of 0.523 nm
The maximum allowed number of cells is: X 14 Y 14 Z 14
Domain decomposition grid 1 x 1 x 1, separate PME ranks 0
PME domain decomposition: 1 x 1 x 1

The initial number of communication pulses is:
The initial domain decomposition cell size is:

The maximum allowed distance for atom groups involved in interactions is:
                 non-bonded interactions           1.587 nm
(the following are initial values, they could change due to box deformation)
            two-body bonded interactions  (-rdd)   1.587 nm
          multi-body bonded interactions  (-rdd)   1.587 nm

When dynamic load balancing gets turned on, these settings will change to:
The maximum number of communication pulses is:
The minimum size for domain decomposition cells is 1.587 nm
The requested allowed shrink of DD cells (option -dds) is: 0.80
The allowed shrink of domain decomposition cells is:
The maximum allowed distance for atom groups involved in interactions is:
                 non-bonded interactions           1.587 nm
            two-body bonded interactions  (-rdd)   1.587 nm
          multi-body bonded interactions  (-rdd)   1.587 nm

Local state does not use filler particles

Using 1 MPI thread
Using 1 OpenMP thread 

System total charge: 0.000
Will do PME sum in reciprocal space for electrostatic interactions.

++++ PLEASE READ AND CITE THE FOLLOWING REFERENCE ++++
U. Essmann, L. Perera, M. L. Berkowitz, T. Darden, H. Lee, L. G. Pedersen 
A smooth particle mesh Ewald method
J. Chem. Phys. (1995)
https://doi.org/10.1063/1.470117
-------- -------- --- Thank You --- -------- --------

Using a Gaussian width (1/beta) of 0.384195 nm for Ewald
Potential shift: LJ r^-12: -2.648e-01 r^-6: -5.349e-01, Ewald -8.333e-06
Initialized non-bonded Coulomb Ewald tables, spacing: 1.02e-03 size: 1176

Generated table with 1163 data points for 1-4 COUL.
Tabscale = 500 points/nm
Generated table with 1163 data points for 1-4 LJ6.
Tabscale = 500 points/nm
Generated table with 1163 data points for 1-4 LJ12.
Tabscale = 500 points/nm


Using SIMD4xM 4x8 nonbonded short-range kernels

Using a dual 4x8 pair-list setup updated with dynamic pruning:
  outer list: updated every 80 steps, buffer 0.127 nm, rlist 1.327 nm
  inner list: updated every 12 steps, buffer 0.001 nm, rlist 1.201 nm
At tolerance 0.005 kJ/mol/ps per atom, equivalent classical 1x1 list would be:
  outer list: updated every 80 steps, buffer 0.270 nm, rlist 1.470 nm
  inner list: updated every 12 steps, buffer 0.047 nm, rlist 1.247 nm

The average pressure is off by at most 0.12 bar due to missing LJ interactions

Linking all bonded interactions to atoms


NOTE: OS CPU limit is lower than logical cpu count, thread pinning disabled.

Initializing LINear Constraint Solver

++++ PLEASE READ AND CITE THE FOLLOWING REFERENCE ++++
B. Hess, H. Bekker, H. J. C. Berendsen, J. G. E. M. Fraaije
LINCS: A Linear Constraint Solver for molecular simulations
J. Comp. Chem. (1997)
https://doi.org/10.1002/(sici)1096-987x(199709)18:12<1463::aid-jcc4>3.0.co;2-h
-------- -------- --- Thank You --- -------- --------

The number of constraints is 94

++++ PLEASE READ AND CITE THE FOLLOWING REFERENCE ++++
S. Miyamoto, P. A. Kollman
SETTLE: An Analytical Version of the SHAKE and RATTLE Algorithms for Rigid
Water Models
J. Comp. Chem. (1992)
https://doi.org/10.1002/jcc.540130805
-------- -------- --- Thank You --- -------- --------

There are: 68247 Atoms

Atom distribution over 1 domains: av 68247 stddev 0 min 68247 max 68247
Center of mass motion removal mode is Linear
We have the following groups for center of mass motion removal:
  0:  SOLU
  1:  SOLV

Started mdrun on rank 0 Sat Jun 20 17:28:53 2026

           Step           Time
          85000      170.00000

   Energies (kJ/mol)
           Bond            U-B    Proper Dih.  Improper Dih.      CMAP Dih.
    1.89904e+02    6.07377e+02    5.18390e+02    2.47425e+01   -2.92476e+01
          LJ-14     Coulomb-14        LJ (SR)   Coulomb (SR)   Coul. recip.
    1.22374e+02    4.66771e+03    1.05156e+05   -1.09619e+06    3.09671e+03
      Potential    Kinetic En.   Total Energy  Conserved En.    Temperature
   -9.81833e+05    1.69430e+05   -8.12403e+05   -7.94656e+05    2.98072e+02
 Pressure (bar)   Constr. rmsd
   -3.07836e+01    3.28335e-06

           Step           Time
          90000      180.00000

   Energies (kJ/mol)
           Bond            U-B    Proper Dih.  Improper Dih.      CMAP Dih.
    1.90552e+02    5.84654e+02    5.10643e+02    3.26831e+01   -5.56020e+01
          LJ-14     Coulomb-14        LJ (SR)   Coulomb (SR)   Coul. recip.
    1.19412e+02    4.67504e+03    1.04958e+05   -1.09681e+06    3.07402e+03
      Potential    Kinetic En.   Total Energy  Conserved En.    Temperature
   -9.82725e+05    1.69919e+05   -8.12806e+05   -7.94730e+05    2.98932e+02
 Pressure (bar)   Constr. rmsd
   -9.06279e+01    2.78980e-06

Writing checkpoint, step 90160 at Sat Jun 20 17:44:10 2026


           Step           Time
          95000      190.00000

   Energies (kJ/mol)
           Bond            U-B    Proper Dih.  Improper Dih.      CMAP Dih.
    1.59568e+02    6.30215e+02    5.00821e+02    3.98369e+01   -5.93351e+01
          LJ-14     Coulomb-14        LJ (SR)   Coulomb (SR)   Coul. recip.
    1.23995e+02    4.63948e+03    1.04120e+05   -1.09335e+06    3.11977e+03
      Potential    Kinetic En.   Total Energy  Conserved En.    Temperature
   -9.80074e+05    1.69056e+05   -8.11018e+05   -7.94639e+05    2.97415e+02
 Pressure (bar)   Constr. rmsd
   -9.60713e+01    3.08075e-06

Writing checkpoint, step 98320 at Sat Jun 20 17:58:58 2026


           Step           Time
         100000      200.00000

   Energies (kJ/mol)
           Bond            U-B    Proper Dih.  Improper Dih.      CMAP Dih.
    2.39425e+02    6.51078e+02    4.92786e+02    4.38900e+01   -4.42073e+01
          LJ-14     Coulomb-14        LJ (SR)   Coulomb (SR)   Coul. recip.
    1.16410e+02    4.62930e+03    1.05695e+05   -1.09625e+06    3.14074e+03
      Potential    Kinetic En.   Total Energy  Conserved En.    Temperature
   -9.81282e+05    1.69768e+05   -8.11514e+05   -7.94823e+05    2.98668e+02
 Pressure (bar)   Constr. rmsd
   -4.87127e+00    3.04584e-06

           Step           Time
         105000      210.00000

   Energies (kJ/mol)
           Bond            U-B    Proper Dih.  Improper Dih.      CMAP Dih.
    1.66182e+02    6.61004e+02    4.83473e+02    3.58885e+01   -2.96859e+01
          LJ-14     Coulomb-14        LJ (SR)   Coulomb (SR)   Coul. recip.
    1.22517e+02    4.64080e+03    1.05007e+05   -1.09665e+06    3.02635e+03
      Potential    Kinetic En.   Total Energy  Conserved En.    Temperature
   -9.82532e+05    1.69960e+05   -8.12572e+05   -7.94740e+05    2.99006e+02
 Pressure (bar)   Constr. rmsd
   -6.20497e+01    3.40032e-06

Writing checkpoint, step 106640 at Sat Jun 20 18:14:04 2026


           Step           Time
         110000      220.00000

   Energies (kJ/mol)
           Bond            U-B    Proper Dih.  Improper Dih.      CMAP Dih.
    1.66877e+02    6.06372e+02    5.12931e+02    3.24599e+01   -5.23219e+01
          LJ-14     Coulomb-14        LJ (SR)   Coulomb (SR)   Coul. recip.
    1.32654e+02    4.67121e+03    1.03208e+05   -1.09399e+06    3.09610e+03
      Potential    Kinetic En.   Total Energy  Conserved En.    Temperature
   -9.81614e+05    1.70040e+05   -8.11574e+05   -7.94735e+05    2.99145e+02
 Pressure (bar)   Constr. rmsd
   -1.88283e+02    2.54672e-06

Writing checkpoint, step 114960 at Sat Jun 20 18:29:03 2026


           Step           Time
         115000      230.00000

   Energies (kJ/mol)
           Bond            U-B    Proper Dih.  Improper Dih.      CMAP Dih.
    2.16296e+02    6.18049e+02    5.15838e+02    3.70133e+01   -7.66498e+01
          LJ-14     Coulomb-14        LJ (SR)   Coulomb (SR)   Coul. recip.
    1.17015e+02    4.63617e+03    1.05589e+05   -1.09733e+06    3.04418e+03
      Potential    Kinetic En.   Total Energy  Conserved En.    Temperature
   -9.82632e+05    1.69323e+05   -8.13309e+05   -7.94712e+05    2.97884e+02
 Pressure (bar)   Constr. rmsd
    1.10320e+01    3.88948e-06

           Step           Time
         120000      240.00000

   Energies (kJ/mol)
           Bond            U-B    Proper Dih.  Improper Dih.      CMAP Dih.
    1.74686e+02    6.03730e+02    5.22940e+02    5.71116e+01   -5.39149e+01
          LJ-14     Coulomb-14        LJ (SR)   Coulomb (SR)   Coul. recip.
    1.40976e+02    4.64773e+03    1.06002e+05   -1.09629e+06    3.10659e+03
      Potential    Kinetic En.   Total Energy  Conserved En.    Temperature
   -9.81084e+05    1.69365e+05   -8.11719e+05   -7.95333e+05    2.97959e+02
 Pressure (bar)   Constr. rmsd
    1.32012e+01    2.49630e-06

Writing checkpoint, step 123360 at Sat Jun 20 18:44:01 2026


           Step           Time
         125000      250.00000

   Energies (kJ/mol)
           Bond            U-B    Proper Dih.  Improper Dih.      CMAP Dih.
    2.09359e+02    6.44448e+02    5.07626e+02    4.27735e+01   -5.59887e+01
          LJ-14     Coulomb-14        LJ (SR)   Coulomb (SR)   Coul. recip.
    1.06282e+02    4.69662e+03    1.04149e+05   -1.09446e+06    3.08405e+03
      Potential    Kinetic En.   Total Energy  Conserved En.    Temperature
   -9.81075e+05    1.69201e+05   -8.11873e+05   -7.94836e+05    2.97670e+02
 Pressure (bar)   Constr. rmsd
   -1.03948e+02    2.66783e-06

           Step           Time
         130000      260.00000

   Energies (kJ/mol)
           Bond            U-B    Proper Dih.  Improper Dih.      CMAP Dih.
    1.79193e+02    6.16791e+02    5.02639e+02    3.06920e+01   -6.25179e+01
          LJ-14     Coulomb-14        LJ (SR)   Coulomb (SR)   Coul. recip.
    1.02842e+02    4.68759e+03    1.05658e+05   -1.09821e+06    3.06837e+03
      Potential    Kinetic En.   Total Energy  Conserved En.    Temperature
   -9.83430e+05    1.69181e+05   -8.14249e+05   -7.94613e+05    2.97635e+02
 Pressure (bar)   Constr. rmsd
   -7.49853e+00    3.52507e-06

Writing checkpoint, step 131680 at Sat Jun 20 18:59:07 2026


           Step           Time
         135000      270.00000

   Energies (kJ/mol)
           Bond            U-B    Proper Dih.  Improper Dih.      CMAP Dih.
    1.76407e+02    5.79557e+02    4.85773e+02    2.55687e+01   -2.86956e+01
          LJ-14     Coulomb-14        LJ (SR)   Coulomb (SR)   Coul. recip.
    1.29015e+02    4.71778e+03    1.05381e+05   -1.09729e+06    3.10435e+03
      Potential    Kinetic En.   Total Energy  Conserved En.    Temperature
   -9.82721e+05    1.69170e+05   -8.13552e+05   -7.94863e+05    2.97615e+02
 Pressure (bar)   Constr. rmsd
   -7.55591e+00    3.69847e-06

           Step           Time
         140000      280.00000

   Energies (kJ/mol)
           Bond            U-B    Proper Dih.  Improper Dih.      CMAP Dih.
    2.01437e+02    6.62237e+02    4.99818e+02    3.47634e+01   -6.64969e+01
          LJ-14     Coulomb-14        LJ (SR)   Coulomb (SR)   Coul. recip.
    1.22264e+02    4.64440e+03    1.07316e+05   -1.09915e+06    3.10104e+03
      Potential    Kinetic En.   Total Energy  Conserved En.    Temperature
   -9.82630e+05    1.69942e+05   -8.12688e+05   -7.94812e+05    2.98973e+02
 Pressure (bar)   Constr. rmsd
    1.76531e+02    3.39002e-06

Writing checkpoint, step 140080 at Sat Jun 20 19:14:09 2026


           Step           Time
         145000      290.00000

   Energies (kJ/mol)
           Bond            U-B    Proper Dih.  Improper Dih.      CMAP Dih.
    1.77382e+02    6.08619e+02    4.87803e+02    4.50701e+01   -5.16628e+01
          LJ-14     Coulomb-14        LJ (SR)   Coulomb (SR)   Coul. recip.
    1.19885e+02    4.73251e+03    1.04704e+05   -1.09722e+06    3.13644e+03
      Potential    Kinetic En.   Total Energy  Conserved En.    Temperature
   -9.83256e+05    1.69583e+05   -8.13673e+05   -7.94613e+05    2.98342e+02
 Pressure (bar)   Constr. rmsd
   -6.35481e+01    4.99977e-06

Writing checkpoint, step 148320 at Sat Jun 20 19:29:01 2026


           Step           Time
         150000      300.00000

   Energies (kJ/mol)
           Bond            U-B    Proper Dih.  Improper Dih.      CMAP Dih.
    2.31010e+02    6.71999e+02    4.91671e+02    3.15442e+01   -1.43943e+01
          LJ-14     Coulomb-14        LJ (SR)   Coulomb (SR)   Coul. recip.
    1.13351e+02    4.62338e+03    1.03140e+05   -1.09429e+06    3.04682e+03
      Potential    Kinetic En.   Total Energy  Conserved En.    Temperature
   -9.81954e+05    1.69186e+05   -8.12768e+05   -7.95224e+05    2.97644e+02
 Pressure (bar)   Constr. rmsd
   -2.70492e+02    2.60645e-06

           Step           Time
         155000      310.00000

   Energies (kJ/mol)
           Bond            U-B    Proper Dih.  Improper Dih.      CMAP Dih.
    2.13329e+02    6.99588e+02    4.87084e+02    4.38069e+01   -4.07433e+01
          LJ-14     Coulomb-14        LJ (SR)   Coulomb (SR)   Coul. recip.
    1.22242e+02    4.60042e+03    1.03492e+05   -1.09360e+06    3.04082e+03
      Potential    Kinetic En.   Total Energy  Conserved En.    Temperature
   -9.80939e+05    1.69870e+05   -8.11069e+05   -7.95450e+05    2.98847e+02
 Pressure (bar)   Constr. rmsd
   -1.93625e+02    4.02496e-06

Writing checkpoint, step 156880 at Sat Jun 20 19:44:12 2026


           Step           Time
         160000      320.00000

   Energies (kJ/mol)
           Bond            U-B    Proper Dih.  Improper Dih.      CMAP Dih.
    1.68377e+02    6.77878e+02    4.92060e+02    3.29022e+01   -7.09991e+01
          LJ-14     Coulomb-14        LJ (SR)   Coulomb (SR)   Coul. recip.
    1.34496e+02    4.58799e+03    1.06821e+05   -1.09852e+06    3.11560e+03
      Potential    Kinetic En.   Total Energy  Conserved En.    Temperature
   -9.82559e+05    1.69097e+05   -8.13462e+05   -7.94843e+05    2.97487e+02
 Pressure (bar)   Constr. rmsd
    1.35966e+02    3.07876e-06

           Step           Time
         165000      330.00000

   Energies (kJ/mol)
           Bond            U-B    Proper Dih.  Improper Dih.      CMAP Dih.
    2.18083e+02    7.12657e+02    4.81734e+02    6.18865e+01   -4.20086e+01
          LJ-14     Coulomb-14        LJ (SR)   Coulomb (SR)   Coul. recip.
    1.11560e+02    4.63518e+03    1.05443e+05   -1.09679e+06    3.05072e+03
      Potential    Kinetic En.   Total Energy  Conserved En.    Temperature
   -9.82118e+05    1.68743e+05   -8.13375e+05   -7.95021e+05    2.96864e+02
 Pressure (bar)   Constr. rmsd
    1.34346e+01    3.10025e-06

Writing checkpoint, step 165120 at Sat Jun 20 19:59:04 2026


           Step           Time
         170000      340.00000

   Energies (kJ/mol)
           Bond            U-B    Proper Dih.  Improper Dih.      CMAP Dih.
    1.80713e+02    6.10806e+02    5.08766e+02    3.53976e+01   -3.25496e+01
          LJ-14     Coulomb-14        LJ (SR)   Coulomb (SR)   Coul. recip.
    1.20555e+02    4.62096e+03    1.04755e+05   -1.09465e+06    3.14500e+03
      Potential    Kinetic En.   Total Energy  Conserved En.    Temperature
   -9.80701e+05    1.68781e+05   -8.11920e+05   -7.95494e+05    2.96931e+02
 Pressure (bar)   Constr. rmsd
   -1.03384e+02    2.77271e-06

Writing checkpoint, step 173440 at Sat Jun 20 20:14:06 2026


           Step           Time
         175000      350.00000

   Energies (kJ/mol)
           Bond            U-B    Proper Dih.  Improper Dih.      CMAP Dih.
    2.05641e+02    6.78987e+02    4.92515e+02    2.65320e+01   -2.97850e+01
          LJ-14     Coulomb-14        LJ (SR)   Coulomb (SR)   Coul. recip.
    1.26762e+02    4.63448e+03    1.05152e+05   -1.09610e+06    3.12422e+03
      Potential    Kinetic En.   Total Energy  Conserved En.    Temperature
   -9.81693e+05    1.70601e+05   -8.11093e+05   -7.95057e+05    3.00133e+02
 Pressure (bar)   Constr. rmsd
    4.00620e+01    3.67103e-06

           Step           Time
         180000      360.00000

   Energies (kJ/mol)
           Bond            U-B    Proper Dih.  Improper Dih.      CMAP Dih.
    1.52764e+02    6.32548e+02    5.03610e+02    4.94497e+01   -2.92303e+01
          LJ-14     Coulomb-14        LJ (SR)   Coulomb (SR)   Coul. recip.
    1.35240e+02    4.66080e+03    1.04858e+05   -1.09530e+06    3.11967e+03
      Potential    Kinetic En.   Total Energy  Conserved En.    Temperature
   -9.81217e+05    1.70650e+05   -8.10566e+05   -7.95599e+05    3.00220e+02
 Pressure (bar)   Constr. rmsd
   -7.56096e+01    3.28821e-06

Writing checkpoint, step 181680 at Sat Jun 20 20:29:10 2026


           Step           Time
         185000      370.00000

   Energies (kJ/mol)
           Bond            U-B    Proper Dih.  Improper Dih.      CMAP Dih.
    2.04420e+02    6.27796e+02    5.25116e+02    4.95013e+01   -4.81622e+01
          LJ-14     Coulomb-14        LJ (SR)   Coulomb (SR)   Coul. recip.
    1.21409e+02    4.75176e+03    1.06940e+05   -1.09675e+06    3.16939e+03
      Potential    Kinetic En.   Total Energy  Conserved En.    Temperature
   -9.80405e+05    1.68981e+05   -8.11424e+05   -7.95155e+05    2.97284e+02
 Pressure (bar)   Constr. rmsd
    1.89135e+02    2.51496e-06

Writing checkpoint, step 189840 at Sat Jun 20 20:44:01 2026


           Step           Time
         190000      380.00000

   Energies (kJ/mol)
           Bond            U-B    Proper Dih.  Improper Dih.      CMAP Dih.
    2.07069e+02    6.84105e+02    4.87465e+02    3.52947e+01   -5.29690e+01
          LJ-14     Coulomb-14        LJ (SR)   Coulomb (SR)   Coul. recip.
    1.19375e+02    4.62110e+03    1.06148e+05   -1.09618e+06    3.11931e+03
      Potential    Kinetic En.   Total Energy  Conserved En.    Temperature
   -9.80806e+05    1.69829e+05   -8.10977e+05   -7.95273e+05    2.98775e+02
 Pressure (bar)   Constr. rmsd
    8.44828e+01    2.62811e-06

