Using gromos method for clustering
Using RMSD cutoff 0.2 nm
The RMSD ranges from 0.0582192 to 1.14256 nm
Average RMSD is 0.482471
Number of structures for matrix 2001
Energy of the matrix is 40.025.

Found 162 clusters

Writing middle structure for each cluster to /root/LiSPER_remote/LiSPER_8cand_LiCl/systems/LiD3-Core/gromacs/cluster_20ns/representative_top_cluster.pdb

cl. | #st  rmsd | middle rmsd | cluster members
  1 | 254  0.211 |  16460 .163 |   7870   8790   8800   8810   8960  10320  11000
    |           |             |  11020  11140  11760  11770  11780  11790  11800
    |           |             |  11820  12440  12450  12470  12530  12560  12570
    |           |             |  12580  12590  12660  12670  12680  12690  12700
    |           |             |  12710  12720  12730  12740  12750  12760  12800
    |           |             |  12810  12820  12830  12840  12860  12940  12950
    |           |             |  12960  12970  12980  12990  13000  13010  13020
    |           |             |  13030  13410  13430  13440  13450  13460  13470
    |           |             |  13480  13490  13500  13520  13530  13540  13550
    |           |             |  13610  13620  13630  13640  13680  13700  13710
    |           |             |  13720  13730  13740  13750  13990  14000  14060
    |           |             |  14070  14080  14090  14110  14120  14150  14160
    |           |             |  14170  14180  14190  14240  14250  14280  14290
    |           |             |  14310  14320  14330  14340  14350  14390  14440
    |           |             |  14450  14920  14950  14970  14980  15000  15010
    |           |             |  15020  15040  15050  15060  15070  15080  15090
    |           |             |  15100  15120  15130  15230  15240  15250  15260
    |           |             |  15280  15290  15300  15310  15320  15330  15340
    |           |             |  15350  15360  15370  15380  15390  15400  15420
    |           |             |  15430  15440  15450  15460  15500  15510  15520
    |           |             |  15530  15540  15550  15560  15570  15580  15590
    |           |             |  15600  15610  15620  15630  15640  15650  15660
    |           |             |  15790  15800  15810  15870  15880  15890  15900
    |           |             |  15910  15920  15930  15940  15950  15960  15970
    |           |             |  15980  16030  16130  16140  16160  16170  16180
    |           |             |  16190  16200  16210  16220  16240  16260  16270
    |           |             |  16280  16290  16300  16400  16410  16420  16430
    |           |             |  16440  16450  16460  16470  16480  16490  16500
    |           |             |  16780  16790  16800  16820  16830  16840  16850
    |           |             |  16860  16870  17060  17070  17080  17090  17100
    |           |             |  17110  17120  17130  17140  17150  17170  17180
    |           |             |  17190  17200  17210  17220  17230  17240  17250
    |           |             |  17280  17300  17430  17450  17460  17470  17480
    |           |             |  19160  19170  19180  19270  19340  19350  19360
    |           |             |  19370  19380  19430  19480  19490  19500  19510
    |           |             |  19640  19650  19660  19670  19680  19700  19710
    |           |             |  19720  19740
  2 |  98  0.214 |  11090 .165 |   7810   7820   8270   8500   8510   8520   8530
    |           |             |   8580   8590   8600   8610   8620   8680   8720
    |           |             |   8730   8740   8760   8780   8840   8860   8900
    |           |             |   8910   8920   8930   8940   8950   8970   8980
    |           |             |   8990   9000   9010   9020   9060   9460   9470
    |           |             |   9940   9950   9970  10060  10100  10110  10120
    |           |             |  10170  10180  10190  10200  10210  10220  10230
    |           |             |  10240  10250  10260  10270  10290  10330  10350
    |           |             |  10360  10370  10880  10890  11060  11070  11080
    |           |             |  11090  11100  11110  11120  11130  13060  13110
    |           |             |  13360  13370  13380  13390  13400  14010  14900
    |           |             |  15820  15830  15840  15990  16010  16150  16880
    |           |             |  16950  16960  16970  16990  17020  17030  17050
    |           |             |  19150  19200  19210  19520  19530  19540  19550
  3 |  92  0.218 |  10940 .177 |   5840   5850   5860   5880   5890   5900   6290
    |           |             |   6300   6310   7640   7650   7660   7670   7680
    |           |             |   7700   8630   9050  10340  10500  10530  10560
    |           |             |  10570  10580  10590  10600  10610  10620  10640
    |           |             |  10650  10660  10670  10850  10910  10920  10930
    |           |             |  10940  10950  10960  10970  11470  11620  11630
    |           |             |  11640  11650  11660  11670  11730  11740  11750
    |           |             |  11830  11840  11860  11870  11910  11980  12010
    |           |             |  12020  12030  12040  12050  12060  12790  13050
    |           |             |  14300  15150  15160  15760  17640  17650  17660
    |           |             |  18160  18170  18180  18200  18210  18220  18320
    |           |             |  18400  18420  18440  18510  18520  18530  18550
    |           |             |  18560  18570  18580  18590  18600  18610  18880
    |           |             |  18890
  4 |  77  0.223 |   2010 .177 |    800    830    890    900   1330   1400   1950
    |           |             |   1960   1970   1980   1990   2000   2010   2020
    |           |             |   2030   2040   2170   2670   2680   2810   2820
    |           |             |   2830   2860   2870   2880   2890   2900   2910
    |           |             |   2930   2940   2950   2960   3090   3130   3190
    |           |             |   3200   3210   3280   3290   3440   3650   3660
    |           |             |   3690   3710   3720   3730   3770   3780   3790
    |           |             |   3800   3810   3820   3860   3870   3880   3910
    |           |             |   3930   3950   3960   4000   4010   4020   4050
    |           |             |   4060   4070   4100   4110   4140   4160   4170
    |           |             |   4270   4280   4400   4420   4460   4480   4490
  5 |  65  0.217 |  14520 .175 |   7720  10980  10990  12370  12380  12390  12400
    |           |             |  12410  12430  12460  12500  12510  12520  12600
    |           |             |  12640  12650  12870  12880  12890  12910  12920
    |           |             |  13580  13590  14140  14200  14210  14220  14230
    |           |             |  14260  14360  14370  14380  14400  14410  14460
    |           |             |  14470  14480  14490  14500  14510  14520  14530
    |           |             |  14540  14550  14570  14580  14960  14990  15030
    |           |             |  15190  15200  15210  15220  16670  16760  17310
    |           |             |  17330  17340  17350  17360  17370  17390  17400
    |           |             |  19410  19440
  6 |  62  0.201 |   1350 .163 |    400    420    430    460    470    480    490
    |           |             |    500    510    520    530    540    550    560
    |           |             |    570    670    680    690    700    710    720
    |           |             |    810    840    850    880    910    920    930
    |           |             |    950   1160   1170   1180   1190   1210   1220
    |           |             |   1230   1240   1280   1290   1300   1310   1320
    |           |             |   1340   1350   1360   1370   1380   1390   1410
    |           |             |   1420   1430   1440   1450   1460   1470   1480
    |           |             |   1490   1500   1510   1570   1580   3740
  7 |  59  0.217 |  19330 .173 |   7880   7900   7910   7950   7960   7970   7980
    |           |             |   7990   8000   8010   8030   8040   8080   8090
    |           |             |   8110   8120   8150   8260  12420  12900  13180
    |           |             |  13510  13560  13570  13600  13970  14650  16230
    |           |             |  16250  16320  16370  16380  16390  16510  16520
    |           |             |  16530  16550  16560  16570  16600  16810  17040
    |           |             |  17160  17260  19190  19240  19250  19260  19280
    |           |             |  19290  19300  19310  19320  19330  19470  19690
    |           |             |  19930  19950  19960
  8 |  51  0.212 |   3260 .169 |   1910   1920   1930   1940   2140   2970   3010
    |           |             |   3020   3030   3040   3070   3100   3110   3230
    |           |             |   3240   3250   3260   3270   3300   3310   3320
    |           |             |   3330   3340   3350   3360   3520   3530   3540
    |           |             |   3560   3570   3580   3890   4080   4090   4120
    |           |             |   4130   4150   4180   4190   4240   4250   4290
    |           |             |   4310   4320   4330   4340   4350   4360   4390
    |           |             |   4430   4440
  9 |  50  0.211 |   9500 .173 |   7520   8640   8650   8660   9070   9080   9090
    |           |             |   9100   9110   9130   9140   9150   9190   9200
    |           |             |   9230   9260   9270   9290   9300   9310   9320
    |           |             |   9330   9340   9350   9360   9370   9420   9430
    |           |             |   9440   9490   9500   9510   9520   9530   9540
    |           |             |   9550   9600   9610   9620   9640   9650   9660
    |           |             |   9670   9680   9690   9710  13290  15860  19800
    |           |             |  19860
 10 |  48  0.225 |  16120 .196 |   5820   5870   7610   7620  10310  10380  10390
    |           |             |  10400  10410  10430  10440  10450  10460  10470
    |           |             |  10480  10490  10820  10830  10840  10860  10870
    |           |             |  11520  11720  11880  11920  13040  13820  13830
    |           |             |  13840  13920  15410  16060  16080  16090  16100
    |           |             |  16120  18540  18620  18630  18820  18870  18900
    |           |             |  18910  18920  18940  18960  18970  18980
 11 |  45  0.216 |     10 .176 |      0     10     30     40     50    110    130
    |           |             |    150    190    210    220    250    260    270
    |           |             |    820    870    970    980    990   1000   1010
    |           |             |   1020   1030   1040   1050   1060   1070   1600
    |           |             |   1610   1620   1630   1640   1650   1690   1700
    |           |             |   1710   1720   1740   1750   1810   1820   1830
    |           |             |   1840   1850   4260
 12 |  35  0.186 |   6660 .154 |   6490   6500   6510   6520   6530   6540   6550
    |           |             |   6560   6570   6580   6590   6600   6610   6630
    |           |             |   6640   6650   6660   6680   6700   6710   6720
    |           |             |   6730   6740   6750   6760   6770   6780   6790
    |           |             |   6800   6810   6820   6910   6920   6930   7000
 13 |  34  0.211 |  18280 .166 |   5910   5990   6090   6100   6110   6120   6130
    |           |             |   6140   6180   6190   6200   6210   6260   6270
    |           |             |   6280   6360  11510  17550  17630  17930  17950
    |           |             |  17980  18120  18230  18240  18250  18260  18270
    |           |             |  18280  18290  18300  18310  18410  18430
 14 |  34  0.214 |  13120 .170 |   8290   8540   8550   9980  10030  10070  10080
    |           |             |  10090  13080  13090  13100  13120  13130  13150
    |           |             |  13160  13170  13190  13200  13210  13220  13340
    |           |             |  13350  16890  16900  16930  16940  16980  17000
    |           |             |  17010  19840  19850  19880  19890  19900
 15 |  32  0.225 |  19630 .187 |   6070   6080   7690   7800   7830   8690   8700
    |           |             |   9030   9040  10280  11040  11050  11160  11170
    |           |             |  11850  12850  13940  14050  15270  17440  17490
    |           |             |  17540  18330  19560  19570  19580  19590  19600
    |           |             |  19610  19620  19630  19750
 16 |  32  0.213 |  18800 .175 |  10630  11680  12270  12300  12310  12320  12330
    |           |             |  12350  12540  12550  12610  12620  15690  15710
    |           |             |  15740  15750  17740  17770  18690  18700  18710
    |           |             |  18730  18740  18750  18770  18780  18790  18800
    |           |             |  18810  18830  18840  18990
 17 |  31  0.204 |   3160 .167 |    370   1130   1150   2920   3060   3080   3120
    |           |             |   3140   3150   3160   3170   3370   3380   3390
    |           |             |   3400   3410   3420   3450   3460   3470   3480
    |           |             |   3490   3500   3510   3590   3600   3610   3620
    |           |             |   3640   3850   4370
 18 |  30  0.219 |   5330 .175 |   5030   5090   5150   5160   5170   5230   5240
    |           |             |   5250   5260   5270   5280   5290   5300   5310
    |           |             |   5320   5330   5340   5350   5360   5370   5390
    |           |             |   5400   5410   5470   5480   5500   5510   5670
    |           |             |   5680   5690
 19 |  26  0.217 |  17790 .177 |  17500  17510  17520  17530  17560  17570  17580
    |           |             |  17620  17670  17710  17780  17790  17800  17830
    |           |             |  17840  17850  17870  17880  17890  17920  18090
    |           |             |  18100  18110  18130  18140  18150
 20 |  25  0.215 |  11600 .172 |   6340   6390   6400   6410   6460  10420  10800
    |           |             |  11350  11360  11370  11380  11390  11420  11430
    |           |             |  11440  11450  11460  11530  11560  11570  11580
    |           |             |  11590  11600  11610  12000
 21 |  23  0.213 |   2350 .170 |   2260   2310   2320   2330   2340   2350   2360
    |           |             |   2370   2380   2400   2420   2430   2440   2450
    |           |             |   2460   2470   2480   2490   2560   2570   2580
    |           |             |   2590   2600
 22 |  23  0.226 |   3920 .196 |   2050   2060   2070   2160   2660   2690   2700
    |           |             |   2710   2740   2750   2760   2770   2800   2840
    |           |             |   3670   3680   3700   3900   3920   3940   3970
    |           |             |   3990   4030
 23 |  22  0.175 |   4960 .148 |   4780   4790   4800   4810   4820   4830   4840
    |           |             |   4850   4860   4870   4880   4890   4900   4910
    |           |             |   4920   4930   4940   4950   4960   4970   5000
    |           |             |   5430
 24 |  22  0.211 |   7790 .171 |   7730   7740   7750   7760   7770   7780   7790
    |           |             |   7850   7860   7920   7940   8020   8100   8140
    |           |             |   8210   8230   9790  11030  15170  15180  16610
    |           |             |  16620
 25 |  20  0.228 |  15470 .206 |   9920  10900  11900  13930  13950  13960  14030
    |           |             |  14910  14930  14940  15470  15480  15490  17270
    |           |             |  18950  19010  19020  19030  19220  19230
 26 |  18  0.216 |  11970 .189 |   5810   7710   7840   8830  10520  10550  11180
    |           |             |  11190  11200  11960  11970  11990  12070  12340
    |           |             |  12360  12780  15140  15780
 27 |  17  0.197 |    240 .171 |    120    140    200    230    240    280    290
    |           |             |    300    310    320    380    390    410   1080
    |           |             |   1090   1110   1140
 28 |  17  0.191 |   7350 .166 |   7280   7290   7300   7310   7320   7330   7340
    |           |             |   7350   7360   7370   7380   7390   7400   7410
    |           |             |   7420   7450   7470
 29 |  17  0.197 |  13270 .160 |   7550   8560   8570   8750   8770  13070  13230
    |           |             |  13240  13250  13260  13270  13280  13300  13310
    |           |             |  13320  13330  15850
 30 |  17  0.216 |  18460 .173 |   9280  11890  13860  13870  13880  13890  13900
    |           |             |  13910  18450  18460  18470  18480  18490  18500
    |           |             |  18650  18670  18680
 31 |  16  0.214 |  14640 .172 |  12490  14610  14620  14630  14640  14660  14670
    |           |             |  14680  14690  14700  16580  16590  16640  16720
    |           |             |  16730  17290
 32 |  16  0.190 |   8370 .158 |   8330   8340   8350   8360   8370   8380   8390
    |           |             |   8400   8410   8420   8430   8440   8450   8460
    |           |             |   8470   8490
 33 |  16  0.198 |   6040 .161 |   5920   5930   5940   5950   5960   5970   5980
    |           |             |   6000   6010   6040   6050   6060  11400  17910
    |           |             |  17940  18390
 34 |  15  0.218 |  18070 .197 |  11010  13650  13660  14020  14850  14860  14870
    |           |             |  14880  14890  17610  18030  18050  18060  18070
    |           |             |  19730
 35 |  15  0.216 |   9870 .174 |   9390   9400   9560   9570   9580   9840   9850
    |           |             |   9860   9870   9880   9890   9900   9930  19830
    |           |             |  19870
 36 |  15  0.195 |   5550 .166 |   5530   5540   5550   5560   5570   5580   5590
    |           |             |   5600   5610   5700   5710   5720   5740   5750
    |           |             |   5760
 37 |  13  0.227 |    640 .198 |    590    610    630    640    650    660    730
    |           |             |   1520   1530   1560   2220   2230   2640
 38 |  12  0.192 |   8170 .158 |   7930   8050   8060   8070   8130   8160   8170
    |           |             |   8180   8190   8200   8240   8250
 39 |  12  0.176 |   4680 .155 |   4640   4670   4680   4690   4700   4710   4720
    |           |             |   4730   4740   4750   4760   4770
 40 |  11  0.219 |  11480 .193 |   5800   5830   6320   6330   6350   7600   7630
    |           |             |  11480  11490  11500  11930
 41 |  11  0.241 |  17410 .218 |   7890  12480  12930  13690  13980  14100  16360
    |           |             |  17320  17410  17420  19420
 42 |  11  0.208 |   5070 .180 |   4990   5060   5070   5080   5100   5110   5130
    |           |             |   5140   5210   5220   5380
 43 |  11  0.236 |  14420 .219 |  14270  14420  14430  14560  16650  16660  16680
    |           |             |  16740  16750  16770  17380
 44 |  11  0.206 |   7190 .170 |   7140   7150   7160   7170   7180   7190   7200
    |           |             |   7210   7220   7260   7270
 45 |  11  0.230 |   9700 .210 |   9380   9410   9480   9590   9630   9700   9720
    |           |             |  16910  16920  19810  19820
 46 |  10  0.171 |  17730 .147 |  12080  14130  17680  17690  17700  17720  17730
    |           |             |  17750  17760  18190
 47 |  10  0.205 |   5460 .183 |   5010   5040   5440   5450   5460   5490   5520
    |           |             |   5630   5640   5650
 48 |  10  0.171 |  12140 .134 |  12130  12140  12150  12160  12170  12180  12190
    |           |             |  12200  12240  12250
 49 |   9  0.211 |  11810 .167 |   9220   9450   9740   9750   9760   9770  11810
    |           |             |  15670  15680
 50 |   9  0.181 |   2280 .158 |   2210   2240   2250   2270   2280   2290   2610
    |           |             |   2620   2630
 51 |   9  0.177 |  11270 .161 |  11230  11240  11250  11260  11270  11280  11290
    |           |             |  11300  11310
 52 |   9  0.198 |   6160 .169 |   6150   6160   6170   6230   6240   6250   6370
    |           |             |   6380   6480
 53 |   9  0.206 |  19120 .176 |   9960  16000  16330  16340  16350  19050  19120
    |           |             |  19130  19140
 54 |   9  0.223 |   6880 .204 |   6830   6850   6880   6890   6900   6940   6960
    |           |             |   7010   7020
 55 |   9  0.203 |  14730 .174 |  14710  14720  14730  14740  14750  14760  14770
    |           |             |  14780  14790
 56 |   8  0.191 |   4570 .154 |   4530   4540   4550   4560   4570   4580   4590
    |           |             |   4610
 57 |   8  0.227 |   2990 .199 |   2980   2990   3050   3220   4220   4230   4300
    |           |             |   4450
 58 |   8  0.195 |  10780 .164 |  10740  10760  10770  10780  10790  10810  11540
    |           |             |  11550
 59 |   8  0.225 |   8880 .207 |   8480   8670   8710   8820   8850   8870   8880
    |           |             |  11150
 60 |   7  0.208 |   3750 .173 |    940   2850   3430   3750   3830   3840   3980
 61 |   7  0.185 |     60 .158 |     20     60     70     80     90    100   1660
 62 |   7  0.209 |  13800 .194 |  13790  13800  13810  16050  18850  18860  19000
 63 |   7  0.156 |   2090 .141 |   2080   2090   2100   2110   2120   2130   2720
 64 |   7  0.202 |   9180 .170 |   7580   9160   9170   9180   9210   9240   9250
 65 |   7  0.220 |   1590 .193 |    440    580    860    960   1200   1590   1770
 66 |   7  0.217 |   1860 .185 |    180   1670   1680   1800   1860   1870   1880
 67 |   6  0.208 |  13770 .181 |  13420  13760  13770  13780  16070  16110
 68 |   6  0.178 |  10040 .159 |   8300   8310   9990  10020  10040  10050
 69 |   6  0.183 |  18380 .159 |  12770  18340  18350  18360  18370  18380
 70 |   6  0.200 |  19980 .181 |  19910  19920  19940  19970  19980  19990
 71 |   6  0.171 |   7050 .140 |   6980   6990   7030   7040   7050   7060
 72 |   6  0.159 |   2540 .139 |   2500   2510   2520   2530   2540   2550
 73 |   5  0.155 |  14820 .135 |  14800  14810  14820  14830  14840
 74 |   5  0.239 |  10160 .214 |   7530  10140  10160  10300  18930
 75 |   5  0.158 |   7480 .145 |   7430   7440   7460   7480   7490
 76 |   5  0.177 |  19780 .152 |  19760  19770  19780  19790  20000
 77 |   5  0.211 |  12280 .185 |  10510  11210  12260  12280  12290
 78 |   5  0.180 |   6430 .153 |   6420   6430   6440   6450   6470
 79 |   5  0.225 |  19390 .216 |  13670  19390  19400  19450  19460
 80 |   5  0.218 |  17590 .183 |  17590  17600  18020  18040  18080
 81 |   5  0.184 |   7570 .158 |   7540   7560   7570   7590   9120
 82 |   5  0.169 |  19090 .147 |  19070  19080  19090  19100  19110
 83 |   5  0.174 |   9810 .161 |   9780   9800   9810   9820   9830
 84 |   4  0.227 |   4500 .194 |   2150   4380   4500   4510
 85 |   4  0.256 |  11320 .232 |  10680  10710  11320  11340
 86 |   4  0.150 |   7090 .140 |   7070   7080   7090   7100
 87 |   4  0.225 |  15720 .208 |  15700  15720  18720  18760
 88 |   4  0.243 |   5200 .216 |   4980   5050   5190   5200
 89 |   4  0.158 |    340 .150 |    330    340    350    360
 90 |   4  0.211 |  18000 .201 |  17960  17970  17990  18000
 91 |   4  0.185 |  12100 .177 |  12090  12100  12110  12120
 92 |   4  0.205 |   4650 .177 |   4620   4630   4650   4660
 93 |   4  0.179 |   1900 .160 |   1890   1900   4200   4210
 94 |   4  0.202 |   2190 .179 |   2180   2190   2200   4040
 95 |   3  0.107 |  16710 .101 |  16690  16700  16710
 96 |   3  0.143 |   5780 .119 |   5770   5780   5790
 97 |   3  0.196 |   1260 .170 |   1250   1260   1270
 98 |   3  0.204 |   4470 .188 |   3180   4410   4470
 99 |   3  0.128 |  11700 .123 |  11690  11700  11710
100 |   3  0.246 |  15770 .222 |  12630  15730  15770
101 |   3  0.132 |   7240 .110 |   7230   7240   7250
102 |   3  0.144 |  12220 .130 |  12210  12220  12230
103 |   3  0.179 |    770 .159 |    760    770    780
104 |   3  0.268 |   1780 .256 |    450   1760   1780
105 |   3  0.209 |   6670 .185 |   6670   6690   6970
106 |   3  0.216 |   2780 .190 |   2730   2780   2790
107 |   3  0.184 |   6860 .170 |   6840   6860   6870
108 |   3  0.209 |  10720 .181 |  10700  10720  10730
109 |   3  0.169 |   7120 .145 |   7110   7120   7130
110 |   3  0.233 |  17860 .229 |  17810  17860  17900
111 |   2  0.192 |  19040 .192 |  19040  19060
112 |   2  0.156 |  10130 .156 |  10130  10150
113 |   2  0.186 |    740 .186 |    740    750
114 |   2  0.139 |   1100 .139 |   1100   1120
115 |   2  0.156 |  10000 .156 |  10000  10010
116 |   2  0.115 |   6020 .115 |   6020   6030
117 |   2  0.191 |   2390 .191 |   2390   2410
118 |   2  0.305 |  14040 .305 |  14040  15110
119 |   2  0.260 |    600 .260 |    600    620
120 |   2  0.255 |   8280 .255 |   8280  16310
121 |   2  0.169 |  11940 .169 |  11940  11950
122 |   2  0.152 |  14590 .152 |  14590  14600
123 |   2  0.208 |   5020 .208 |   5020   5420
124 |   2  0.161 |    160 .161 |    160    170
125 |   2  0.269 |   3550 .269 |   3550   3630
126 |   2  0.301 |  10540 .301 |  10540  11220
127 |   2  0.199 |  16020 .199 |  16020  16040
128 |   2  0.232 |  18640 .232 |  18640  18660
129 |   2  0.248 |   5120 .248 |   5120   5180
130 |   2  0.124 |   7500 .124 |   7500   7510
131 |   1       |   9730      |   9730
132 |   1       |   6220      |   6220
133 |   1       |   8890      |   8890
134 |   1       |   4600      |   4600
135 |   1       |  13850      |  13850
136 |   1       |  10690      |  10690
137 |   1       |   8220      |   8220
138 |   1       |  13140      |  13140
139 |   1       |    790      |    790
140 |   1       |  17820      |  17820
141 |   1       |  16630      |  16630
142 |   1       |   6950      |   6950
143 |   1       |   4520      |   4520
144 |   1       |   2300      |   2300
145 |   1       |  18010      |  18010
146 |   1       |   2650      |   2650
147 |   1       |  11410      |  11410
148 |   1       |   3000      |   3000
149 |   1       |  11330      |  11330
150 |   1       |   3760      |   3760
151 |   1       |   1790      |   1790
152 |   1       |   6620      |   6620
153 |   1       |  16540      |  16540
154 |   1       |   9910      |   9910
155 |   1       |   5620      |   5620
156 |   1       |   1540      |   1540
157 |   1       |   1730      |   1730
158 |   1       |   5660      |   5660
159 |   1       |  10750      |  10750
160 |   1       |   8320      |   8320
161 |   1       |   5730      |   5730
162 |   1       |   1550      |   1550
