                :-) GROMACS - gmx grompp, 2026.0-conda_forge (-:

Executable:   /root/miniconda3/envs/lisper-gmx/bin.AVX2_256/gmx
Data prefix:  /root/miniconda3/envs/lisper-gmx
Working dir:  /root/LiSPER_remote/LiSPER_8cand_NaCl_prod_worker/systems/LiDA-1/gromacs
Command line:
  gmx grompp -f /root/LiSPER_remote/LiSPER_8cand_NaCl_prod_worker/systems/LiDA-1/gromacs/run_prod_20ns/step5_production_20ns.mdp -o /root/LiSPER_remote/LiSPER_8cand_NaCl_prod_worker/systems/LiDA-1/gromacs/run_prod_20ns/step5_production_20ns.tpr -c /root/LiSPER_remote/LiSPER_8cand_NaCl_prod_worker/systems/LiDA-1/gromacs/run_eq/step4.1_equilibration.gro -p /root/LiSPER_remote/LiSPER_8cand_NaCl_prod_worker/systems/LiDA-1/gromacs/topol_cleaned_for_prod.top -n /root/LiSPER_remote/LiSPER_8cand_NaCl_prod_worker/systems/LiDA-1/gromacs/run_eq/index_clean.ndx -maxwarn 1

Generating 1-4 interactions: fudge = 1
Number of degrees of freedom in T-Coupling group SOLU is 306.00
Number of degrees of freedom in T-Coupling group SOLV is 39651.00

GROMACS reminds you: "How wonderful that we have met with a paradox. Now we have some hope of making progress." (Niels Bohr)

Setting the LD random seed to -1176522821

Generated 298 of the 300 non-bonded parameter combinations

Generated 105 of the 300 1-4 parameter combinations

Excluding 3 bonded neighbours molecule type 'PROA'

turning H bonds into constraints...

Excluding 1 bonded neighbours molecule type 'SOD'

turning H bonds into constraints...

Excluding 1 bonded neighbours molecule type 'CLA'

turning H bonds into constraints...

Excluding 2 bonded neighbours molecule type 'TIP3'

turning H bonds into constraints...

Taking velocities from '/root/LiSPER_remote/LiSPER_8cand_NaCl_prod_worker/systems/LiDA-1/gromacs/run_eq/step4.1_equilibration.gro'

The largest distance between excluded atoms is 0.406 nm between atom 32 and 35

Determining Verlet buffer for a tolerance of 0.005 kJ/mol/ps at 298.15 K

Calculated rlist for 1x1 atom pair-list as 1.295 nm, buffer size 0.095 nm

Set rlist, assuming 4x4 atom pair-list, to 1.223 nm, buffer size 0.023 nm

Note that mdrun will redetermine rlist based on the actual pair-list setup
Calculating fourier grid dimensions for X Y Z
Using a fourier grid of 56x56x56, spacing 0.116 0.116 0.116

Estimate for the relative computational load of the PME mesh part: 0.19

This run will generate roughly 200 Mb of data
