                :-) GROMACS - gmx mdrun, 2026.0-conda_forge (-:

Executable:   /root/miniconda3/envs/lisper-gmx/bin.AVX2_256/gmx
Data prefix:  /root/miniconda3/envs/lisper-gmx
Working dir:  /root/LiSPER_remote/LiSPER_8cand_NaCl_prod_worker/systems/LiDA-1/gromacs/run_prod_20ns
Command line:
  gmx mdrun -deffnm step5_production_20ns -cpi /root/LiSPER_remote/LiSPER_8cand_NaCl_prod_worker/systems/LiDA-1/gromacs/run_prod_20ns/step5_production_20ns.cpt -append -ntmpi 1 -ntomp 2

Compiled SIMD is AVX2_256, but CPU also supports AVX_512 (see log).
The current CPU can measure timings more accurately than the code in
gmx mdrun was configured to use. This might affect your simulation
speed as accurate timings are needed for load-balancing.
Please consider rebuilding gmx mdrun with the GMX_USE_RDTSCP=ON CMake option.
Reading file step5_production_20ns.tpr, VERSION 2026.0-conda_forge (single precision)
Changing nstlist from 20 to 80, rlist from 1.225 to 1.326

Using 1 MPI thread
Using 2 OpenMP threads 


NOTE: OS CPU limit is lower than logical cpu count, thread pinning disabled.
starting mdrun 'Title'
10000000 steps,  20000.0 ps (continuing from step 250880,    501.8 ps).

Writing final coordinates.

               Core t (s)   Wall t (s)        (%)
       Time:   350111.592   175055.801      200.0
                         2d00h37:35
                 (ns/day)    (hour/ns)    (ms/step)  (Matom*steps/s) 
Performance:        9.623        2.494       17.956            1.110 

GROMACS reminds you: "Make the Floor Burn" (2 Unlimited)

