                :-) GROMACS - gmx mdrun, 2026.0-conda_forge (-:

Executable:   /root/miniconda3/envs/lisper-gmx/bin.AVX2_256/gmx
Data prefix:  /root/miniconda3/envs/lisper-gmx
Working dir:  /root/LiSPER_remote/LiSPER_8cand_NaCl_prod_worker/systems/LiDA-1/gromacs/umbrella_sampling/window_014_2.72nm
Command line:
  gmx mdrun -deffnm umbrella -ntmpi 1 -ntomp 1

Compiled SIMD is AVX2_256, but CPU also supports AVX_512 (see log).
The current CPU can measure timings more accurately than the code in
gmx mdrun was configured to use. This might affect your simulation
speed as accurate timings are needed for load-balancing.
Please consider rebuilding gmx mdrun with the GMX_USE_RDTSCP=ON CMake option.
Reading file umbrella.tpr, VERSION 2026.0-conda_forge (single precision)

-------------------------------------------------------
Program:     gmx mdrun, version 2026.0-conda_forge
Source file: src/gromacs/mdlib/gmx_omp_nthreads.cpp (line 199)

Fatal error:
Environment variable OMP_NUM_THREADS (12) and the number of threads requested
on the command line (1) have different values. Either omit one, or set them
both to the same value.

For more information and tips for troubleshooting, please check the GROMACS
website at https://manual.gromacs.org/current/user-guide/run-time-errors.html
-------------------------------------------------------
