                :-) GROMACS - gmx grompp, 2026.0-conda_forge (-:

Executable:   /root/miniconda3/envs/lisper-gmx/bin.AVX2_256/gmx
Data prefix:  /root/miniconda3/envs/lisper-gmx
Working dir:  /root/LiSPER_remote/LiSPER_8cand_NaCl_prod_worker/systems/LiDA-1/gromacs
Command line:
  gmx grompp -f /root/LiSPER_remote/LiSPER_8cand_NaCl_prod_worker/systems/LiDA-1/gromacs/umbrella_sampling/window_002_1.52nm/umbrella.mdp -c /root/LiSPER_remote/LiSPER_8cand_NaCl_prod_worker/systems/LiDA-1/gromacs/umbrella_sampling/window_002_1.52nm/start.gro -p /root/LiSPER_remote/LiSPER_8cand_NaCl_prod_worker/systems/LiDA-1/gromacs/topol_cleaned_for_prod.top -n /root/LiSPER_remote/LiSPER_8cand_NaCl_prod_worker/systems/LiDA-1/gromacs/umbrella_sampling/umbrella_index.ndx -o /root/LiSPER_remote/LiSPER_8cand_NaCl_prod_worker/systems/LiDA-1/gromacs/umbrella_sampling/window_002_1.52nm/umbrella.tpr -maxwarn 1

Generating 1-4 interactions: fudge = 1
Pull group 1 'SOLU' has 120 atoms
Pull group 2 'TARGET_ION' has 1 atoms
Number of degrees of freedom in T-Coupling group SOLU is 306.00
Number of degrees of freedom in T-Coupling group SOLV is 39651.00
Pull group  natoms  pbc atom  distance at start  reference at t=0
       1       120        60
       2         1         0       1.509 nm          1.524 nm

GROMACS reminds you: "... yet the [economic] profession continued to churn out purely theoretical results without even knowing what facts needed to be explained." (Thomas Piketty)

Setting the LD random seed to -762093842

Generated 298 of the 300 non-bonded parameter combinations

Generated 105 of the 300 1-4 parameter combinations

Excluding 3 bonded neighbours molecule type 'PROA'

turning H bonds into constraints...

Excluding 1 bonded neighbours molecule type 'SOD'

turning H bonds into constraints...

Excluding 1 bonded neighbours molecule type 'CLA'

turning H bonds into constraints...

Excluding 2 bonded neighbours molecule type 'TIP3'

turning H bonds into constraints...

Setting gen_seed to -587825385

Velocities were taken from a Maxwell distribution at 298.15 K

The largest distance between excluded atoms is 0.399 nm between atom 72 and 75

Determining Verlet buffer for a tolerance of 0.005 kJ/mol/ps at 298.15 K

Calculated rlist for 1x1 atom pair-list as 1.297 nm, buffer size 0.097 nm

Set rlist, assuming 4x4 atom pair-list, to 1.226 nm, buffer size 0.026 nm

Note that mdrun will redetermine rlist based on the actual pair-list setup
Calculating fourier grid dimensions for X Y Z
Using a fourier grid of 56x56x56, spacing 0.113 0.113 0.113

Estimate for the relative computational load of the PME mesh part: 0.18

This run will generate roughly 101 Mb of data
