bash: warning: setlocale: LC_ALL: cannot change locale (en_US.UTF-8)
               :-) GROMACS - gmx trjconv, 2026.0-conda_forge (-:

Executable:   /root/miniconda3/envs/lisper-gmx/bin.AVX2_256/gmx
Data prefix:  /root/miniconda3/envs/lisper-gmx
Working dir:  /root/LiSPER_remote/LiSPER_8cand_LiCl/systems/LiDA-1/gromacs
Command line:
  gmx trjconv -s /root/LiSPER_remote/LiSPER_8cand_LiCl/systems/LiDA-1/gromacs/umbrella_sampling_binding_site_v2/pull/pull.tpr -f /root/LiSPER_remote/LiSPER_8cand_LiCl/systems/LiDA-1/gromacs/umbrella_sampling_binding_site_v2/pull/pull.xtc -dump 0.000 -o /root/LiSPER_remote/LiSPER_8cand_LiCl/systems/LiDA-1/gromacs/umbrella_sampling_binding_site_v2/window_000_0.13nm/start.gro -n /root/LiSPER_remote/LiSPER_8cand_LiCl/systems/LiDA-1/gromacs/umbrella_sampling_binding_site_v2/umbrella_index.ndx

Will write gro: Coordinate file in Gromos-87 format
Reading file /root/LiSPER_remote/LiSPER_8cand_LiCl/systems/LiDA-1/gromacs/umbrella_sampling_binding_site_v2/pull/pull.tpr, VERSION 2026.0-conda_forge (single precision)
Reading file /root/LiSPER_remote/LiSPER_8cand_LiCl/systems/LiDA-1/gromacs/umbrella_sampling_binding_site_v2/pull/pull.tpr, VERSION 2026.0-conda_forge (single precision)
Group     0 (           SOLU) has   120 elements
Group     1 (           SOLV) has 19822 elements
Group     2 (         SYSTEM) has 19942 elements
Group     3 (   BINDING_SITE) has     4 elements
Group     4 (     TARGET_ION) has     1 elements
Select a group: 
Reading frame       0 time    0.000   
Precision of /root/LiSPER_remote/LiSPER_8cand_LiCl/systems/LiDA-1/gromacs/umbrella_sampling_binding_site_v2/pull/pull.xtc is 0.001 (nm)

Reading frame       1 time    1.000   
Dumping frame at t= 0 ps
 ->  frame      0 time    0.000      
Last written: frame      0 time    0.000


GROMACS reminds you: "If You Don't Like Cool Quotes Check Your GMXRC File" (Your Sysadmin)

Note that major changes are planned in future for trjconv, to improve usability and utility.
Select group for output
Selected 2: 'SYSTEM'
