                :-) GROMACS - gmx mdrun, 2026.0-conda_forge (-:

Copyright 1991-2026 The GROMACS Authors.
GROMACS is free software; you can redistribute it and/or modify it
under the terms of the GNU Lesser General Public License
as published by the Free Software Foundation; either version 2.1
of the License, or (at your option) any later version.

                         Current GROMACS contributors:
       Mark Abraham           Andrey Alekseenko           Brian Andrews       
        Paul Bauer              Cathrine Bergh              Hugh Bird         
      Eliane Briand               Ania Brown                Yiqi Chen         
      Mahesh Doijade            Giacomo Fiorin          Stefan Fleischmann    
      Sergey Gorelov         Gilles Gouaillardet            Alan Gray         
   Farzaneh Jalalypour         Petter Johansson          Carsten Kutzner      
    Grzegorz Łazarski         Justin A. Lemkul          Magnus Lundborg      
        Julio Maia               Pascal Merz             Vedran Miletić      
      Dmitry Morozov           Lukas Müllender           Szilárd Páll      
 Andrea Pasquadibisceglie     Michele Pellegrino         Nicola Piasentin     
     Daniele Rapetti         Muhammad Umair Sadiq         Hubert Santuz       
      Michael Shirts           Tatiana Shugaeva          Alexey Shvetsov      
     Bálint Soproni            Philip Turner            Alessandra Villa     
        Yang Zhang        

                         Previous GROMACS contributors:
        Emile Apol             Rossen Apostolov           James Barnett       
      Vladimir Basov        Herman J.C. Berendsen          Par Bjelkmar       
      Christian Blau          Viacheslav Bolnykh            Kevin Boyd        
    Aldert van Buuren          Carlo Camilloni           Rudi van Drunen      
      Anton Feenstra           Oliver Fleetwood            Vytas Gapsys       
       Gaurav Garg             Gerrit Groenhof            Bert de Groot       
      Anca Hamuraru           Vincent Hindriksen          Victor Holanda      
     M. Eric Irrgang           Aleksei Iupinov              Joe Jordan        
    Christoph Junghans        Prashanth Kanduri        Dimitrios Karkoulis    
       Peter Kasson             Sebastian Kehl           Sebastian Keller     
        Jiri Kraus               Per Larsson              Viveca Lindahl      
      Erik Marklund           Pieter Meulenhoff           Teemu Murtola       
       Julien Nabet              Sander Pronk             Roland Schulz       
      Alfons Sijbers         David van der Spoel          Peter Tieleman      
      Carsten Uphoff             Jon Vincent             Teemu Virolainen     
    Christian Wennberg     Sebastian Wingbermühle         Maarten Wolf       
      Artem Zhmurov       

                  Coordinated by the GROMACS project leaders:
                           Berk Hess and Erik Lindahl

GROMACS:      gmx mdrun, version 2026.0-conda_forge
Executable:   /root/miniconda3/envs/lisper-gmx/bin.AVX2_256/gmx
Data prefix:  /root/miniconda3/envs/lisper-gmx
Working dir:  /root/LiSPER_remote/LiSPER_8cand_LiCl/systems/LiDA-1/gromacs/umbrella_sampling_binding_site_v2/window_000_0.13nm
Process ID:   65789
Command line:
  gmx mdrun -deffnm umbrella_eq -ntmpi 1 -ntomp 1

GROMACS version:     2026.0-conda_forge
Precision:           mixed
Memory model:        64 bit
MPI library:         thread_mpi
MPI version:         built in
OpenMP support:      enabled (GMX_OPENMP_MAX_THREADS = 128)
GPU support:         OpenCL
NBNxM GPU setup:     super-cluster 2x2x2 / cluster 8 (cluster-pair splitting on)
SIMD instructions:   AVX2_256
CPU FFT library:     fftw-3.3.11-sse2-avx
GPU FFT library:     clFFT
Multi-GPU FFT:       none
RDTSCP:              disabled
TNG support:         enabled
Hwloc support:       disabled
Tracing support:     disabled
Colvars support:     enabled (version 2025-10-13)
CP2K support:        disabled
Torch support:       disabled
Plumed support:      enabled
C compiler:          /home/conda/feedstock_root/build_artifacts/gromacs_1770909732141/_build_env/bin/x86_64-conda-linux-gnu-cc GNU 14.3.0
C compiler flags:    -fexcess-precision=fast -funroll-all-loops -mavx2 -mfma -Wno-missing-field-initializers -O3 -DNDEBUG
C++ compiler:        /home/conda/feedstock_root/build_artifacts/gromacs_1770909732141/_build_env/bin/x86_64-conda-linux-gnu-c++ GNU 14.3.0
C++ compiler flags:  -fexcess-precision=fast -funroll-all-loops -mavx2 -mfma -Wno-missing-field-initializers -Wno-stringop-truncation -Wno-cast-function-type-strict SHELL:-fopenmp -O3 -DNDEBUG
BLAS library:        Internal
LAPACK library:      Internal
OpenCL include dir:  /root/miniconda3/envs/lisper-gmx/include
OpenCL library:      /root/miniconda3/envs/lisper-gmx/lib/libOpenCL.so
OpenCL version:      3.0


Running on 1 node with total 128 cores, 256 processing units (GPU detection failed: No valid OpenCL driver found)
Hardware detected on host autodl-container-9eb44ab0a9-fe7fcabf:
  CPU info:
    Vendor: AMD
    Brand:  AMD EPYC 9754 128-Core Processor               
    Family: 25   Model: 160   Stepping: 2
    Features: aes amd apic avx avx2 avx512f avx512cd avx512bw avx512vl avx512bf16 avx512secondFMA clfsh cmov cx8 cx16 f16c fma htt lahf misalignsse mmx msr nonstop_tsc pcid pclmuldq pdpe1gb popcnt pse rdrnd rdtscp sha sse2 sse3 sse4a sse4.1 sse4.2 ssse3 x2apic
  Hardware topology: Basic
    Packages, cores, and logical processors:
    [indices refer to OS logical processors]
      Package  0: [   0 128] [   1 129] [   2 130] [   3 131] [   4 132] [   5 133] [   6 134] [   7 135] [   8 136] [   9 137] [  10 138] [  11 139] [  12 140] [  13 141] [  14 142] [  15 143] [  16 144] [  17 145] [  18 146] [  19 147] [  20 148] [  21 149] [  22 150] [  23 151] [  24 152] [  25 153] [  26 154] [  27 155] [  28 156] [  29 157] [  30 158] [  31 159] [  32 160] [  33 161] [  34 162] [  35 163] [  36 164] [  37 165] [  38 166] [  39 167] [  40 168] [  41 169] [  42 170] [  43 171] [  44 172] [  45 173] [  46 174] [  47 175] [  48 176] [  49 177] [  50 178] [  51 179] [  52 180] [  53 181] [  54 182] [  55 183] [  56 184] [  57 185] [  58 186] [  59 187] [  60 188] [  61 189] [  62 190] [  63 191] [  64 192] [  65 193] [  66 194] [  67 195] [  68 196] [  69 197] [  70 198] [  71 199] [  72 200] [  73 201] [  74 202] [  75 203] [  76 204] [  77 205] [  78 206] [  79 207] [  80 208] [  81 209] [  82 210] [  83 211] [  84 212] [  85 213] [  86 214] [  87 215] [  88 216] [  89 217] [  90 218] [  91 219] [  92 220] [  93 221] [  94 222] [  95 223] [  96 224] [  97 225] [  98 226] [  99 227] [ 100 228] [ 101 229] [ 102 230] [ 103 231] [ 104 232] [ 105 233] [ 106 234] [ 107 235] [ 108 236] [ 109 237] [ 110 238] [ 111 239] [ 112 240] [ 113 241] [ 114 242] [ 115 243] [ 116 244] [ 117 245] [ 118 246] [ 119 247] [ 120 248] [ 121 249] [ 122 250] [ 123 251] [ 124 252] [ 125 253] [ 126 254] [ 127 255]
    CPU limit set by OS: 18   Recommended max number of threads: 18

Likely fastest SIMD instructions supported by all nodes: AVX_512
SIMD instructions selected at compile time:              AVX2_256
On non-Intel hardware supporting AVX-512, you might gain a few percent
performance by recompiling to use it, at least for CPU-only runs.

The current CPU can measure timings more accurately than the code in
gmx mdrun was configured to use. This might affect your simulation
speed as accurate timings are needed for load-balancing.
Please consider rebuilding gmx mdrun with the GMX_USE_RDTSCP=ON CMake option.

++++ PLEASE READ AND CITE THE FOLLOWING REFERENCE ++++
M. J. Abraham, T. Murtola, R. Schulz, S. Páll, J. C. Smith, B. Hess, E.
Lindahl
GROMACS: High performance molecular simulations through multi-level
parallelism from laptops to supercomputers
SoftwareX (2015)
https://doi.org/10.1016/j.softx.2015.06.001
-------- -------- --- Thank You --- -------- --------


++++ PLEASE READ AND CITE THE FOLLOWING REFERENCE ++++
S. Páll, M. J. Abraham, C. Kutzner, B. Hess, E. Lindahl
Tackling Exascale Software Challenges in Molecular Dynamics Simulations with
GROMACS
In S. Markidis & E. Laure (Eds.), Solving Software Challenges for Exascale (2015)
https://doi.org/10.1007/978-3-319-15976-8_1
-------- -------- --- Thank You --- -------- --------


++++ PLEASE READ AND CITE THE FOLLOWING REFERENCE ++++
S. Pronk, S. Páll, R. Schulz, P. Larsson, P. Bjelkmar, R. Apostolov, M. R.
Shirts, J. C. Smith, P. M. Kasson, D. van der Spoel, B. Hess, E. Lindahl
GROMACS 4.5: a high-throughput and highly parallel open source molecular
simulation toolkit
Bioinformatics (2013)
https://doi.org/10.1093/bioinformatics/btt055
-------- -------- --- Thank You --- -------- --------


++++ PLEASE READ AND CITE THE FOLLOWING REFERENCE ++++
B. Hess, C. Kutzner, D. van der Spoel, E. Lindahl
GROMACS 4: Algorithms for highly efficient, load-balanced, and scalable
molecular simulation
J. Chem. Theory Comput. (2008)
https://doi.org/10.1021/ct700301q
-------- -------- --- Thank You --- -------- --------


++++ PLEASE READ AND CITE THE FOLLOWING REFERENCE ++++
D. van der Spoel, E. Lindahl, B. Hess, G. Groenhof, A. E. Mark, H. J. C.
Berendsen
GROMACS: Fast, Flexible and Free
J. Comp. Chem. (2005)
https://doi.org/10.1002/jcc.20291
-------- -------- --- Thank You --- -------- --------


++++ PLEASE READ AND CITE THE FOLLOWING REFERENCE ++++
E. Lindahl, B. Hess, D. van der Spoel
GROMACS 3.0: A package for molecular simulation and trajectory analysis
J. Mol. Mod. (2001)
https://doi.org/10.1007/s008940100045
-------- -------- --- Thank You --- -------- --------


++++ PLEASE READ AND CITE THE FOLLOWING REFERENCE ++++
H. J. C. Berendsen, D. van der Spoel and R. van Drunen
GROMACS: A message-passing parallel molecular dynamics implementation
Comp. Phys. Comm. (1995)
https://doi.org/10.1016/0010-4655(95)00042-E
-------- -------- --- Thank You --- -------- --------


The number of OpenMP threads was set by environment variable OMP_NUM_THREADS to 1 (and the command-line setting agreed with that)

Input Parameters:
   integrator                     = md
   tinit                          = 0
   dt                             = 0.002
   nsteps                         = 250000
   init-step                      = 0
   simulation-part                = 1
   mts                            = false
   mass-repartition-factor        = 1
   comm-mode                      = Linear
   nstcomm                        = 100
   bd-fric                        = 0
   ld-seed                        = -4227345
   emtol                          = 10
   emstep                         = 0.01
   niter                          = 20
   fcstep                         = 0
   nstcgsteep                     = 1000
   nbfgscorr                      = 10
   rtpi                           = 0.05
   nstxout                        = 0
   nstvout                        = 0
   nstfout                        = 0
   nstlog                         = 500
   nstcalcenergy                  = 100
   nstenergy                      = 500
   nstxout-compressed             = 500
   compressed-x-precision         = 1000
   cutoff-scheme                  = Verlet
   nstlist                        = 20
   pbc                            = xyz
   periodic-molecules             = false
   verlet-buffer-tolerance        = 0.005
   verlet-buffer-pressure-tolerance = 0.5
   rlist                          = 1.225
   coulombtype                    = PME
   coulomb-modifier               = Potential-shift
   rcoulomb-switch                = 0
   rcoulomb                       = 1.2
   epsilon-r                      = 1
   epsilon-rf                     = inf
   vdw-type                       = Cut-off
   vdw-modifier                   = Force-switch
   rvdw-switch                    = 1
   rvdw                           = 1.2
   DispCorr                       = No
   table-extension                = 1
   fourierspacing                 = 0.12
   fourier-nx                     = 56
   fourier-ny                     = 56
   fourier-nz                     = 56
   pme-order                      = 4
   ewald-rtol                     = 1e-05
   ewald-rtol-lj                  = 0.001
   lj-pme-comb-rule               = Geometric
   ewald-geometry                 = 3d
   epsilon-surface                = 0
   ensemble-temperature-setting   = constant
   ensemble-temperature           = 298.15
   tcoupl                         = V-rescale
   nsttcouple                     = 100
   nh-chain-length                = 0
   print-nose-hoover-chain-variables = false
   pcoupl                         = C-rescale
   pcoupltype                     = Isotropic
   nstpcouple                     = 100
   tau-p                          = 5
   compressibility (3x3):
      compressibility[    0]={ 4.50000e-05,  0.00000e+00,  0.00000e+00}
      compressibility[    1]={ 0.00000e+00,  4.50000e-05,  0.00000e+00}
      compressibility[    2]={ 0.00000e+00,  0.00000e+00,  4.50000e-05}
   ref-p (3x3):
      ref-p[    0]={ 1.00000e+00,  0.00000e+00,  0.00000e+00}
      ref-p[    1]={ 0.00000e+00,  1.00000e+00,  0.00000e+00}
      ref-p[    2]={ 0.00000e+00,  0.00000e+00,  1.00000e+00}
   refcoord-scaling               = No
   posres-com: not available
   posres-comB: not available
   QMMM                           = false
qm-opts:
   ngQM                           = 0
   constraint-algorithm           = Lincs
   continuation                   = false
   Shake-SOR                      = false
   shake-tol                      = 0.0001
   lincs-order                    = 4
   lincs-iter                     = 1
   lincs-warnangle                = 30
   nwall                          = 0
   wall-type                      = 9-3
   wall-r-linpot                  = -1
   wall-atomtype[0]               = -1
   wall-atomtype[1]               = -1
   wall-density[0]                = 0
   wall-density[1]                = 0
   wall-ewald-zfac                = 3
   pull                           = true
   pull-cylinder-r                = 1.5
   pull-constr-tol                = 1e-06
   pull-print-COM                 = false
   pull-print-ref-value           = false
   pull-print-components          = false
   pull-nstxout                   = 100
   pull-nstfout                   = 100
   pull-pbc-ref-prev-step-com     = false
   pull-xout-average              = false
   pull-fout-average              = false
   pull-ngroups                   = 3
   pull-group 0:
     atom: not available
     weight: not available
     pbcatom                        = -1
   pull-group 1:
     atom (4):
        atom[0]=72
        atom[1]=98
        atom[2]=73
        atom[3]=99
     weight: not available
     pbcatom                        = 98
   pull-group 2:
     atom (1):
        atom[0]=127
     weight: not available
     pbcatom                        = -1
   pull-ncoords                   = 1
   pull-coord 0:
   type                           = umbrella
   geometry                       = distance
   group[0]                       = 1
   group[1]                       = 2
   dim (3):
      dim[0]=1
      dim[1]=1
      dim[2]=1
   origin (3):
      origin[0]= 0.00000e+00
      origin[1]= 0.00000e+00
      origin[2]= 0.00000e+00
   vec (3):
      vec[0]= 0.00000e+00
      vec[1]= 0.00000e+00
      vec[2]= 0.00000e+00
   start                          = false
   init                           = 0.1291
   rate                           = 0
   k                              = 1000
   kB                             = 1000
   awh                            = false
   rotation                       = false
   interactiveMD                  = false
   disre                          = No
   disre-weighting                = Conservative
   disre-mixed                    = false
   dr-fc                          = 1000
   dr-tau                         = 0
   nstdisreout                    = 100
   orire-fc                       = 0
   orire-tau                      = 0
   nstorireout                    = 100
   free-energy                    = no
   cos-acceleration               = 0
   deform (3x3):
      deform[    0]={ 0.00000e+00,  0.00000e+00,  0.00000e+00}
      deform[    1]={ 0.00000e+00,  0.00000e+00,  0.00000e+00}
      deform[    2]={ 0.00000e+00,  0.00000e+00,  0.00000e+00}
   simulated-tempering            = false
   swapcoords                     = no
   userint1                       = 0
   userint2                       = 0
   userint3                       = 0
   userint4                       = 0
   userreal1                      = 0
   userreal2                      = 0
   userreal3                      = 0
   userreal4                      = 0
   applied-forces:
     electric-field:
       x:
         E0                       = 0
         omega                    = 0
         t0                       = 0
         sigma                    = 0
       y:
         E0                       = 0
         omega                    = 0
         t0                       = 0
         sigma                    = 0
       z:
         E0                       = 0
         omega                    = 0
         t0                       = 0
         sigma                    = 0
     density-guided-simulation:
       active                     = false
       group                      = protein
       similarity-measure         = inner-product
       atom-spreading-weight      = unity
       force-constant             = 1e+09
       gaussian-transform-spreading-width = 0.2
       gaussian-transform-spreading-range-in-multiples-of-width = 4
       reference-density-filename = reference.mrc
       nst                        = 1
       normalize-densities        = true
       adaptive-force-scaling     = false
       adaptive-force-scaling-time-constant = 4
       shift-vector               = 
       transformation-matrix      = 
     qmmm-cp2k:
       active                     = false
       qmgroup                    = System
       qmmethod                   = PBE
       qmfilenames                = 
       qmcharge                   = 0
       qmmultiplicity             = 1
     colvars:
       active                     = false
       configfile                 = 
       seed                       = -1
     nnpot:
       active                     = false
       modelfile                  = model.pt
       input-group                = System
       link-type                  = H
       link-distance              = 0.1
       pair-cutoff                = 0
       embedding                  = mechanical
       nnp-charge                 = 0
       model-input1               = 
       model-input2               = 
       model-input3               = 
       model-input4               = 
       model-input5               = 
       model-input6               = 
       model-input7               = 
       model-input8               = 
       model-input9               = 
   fast-multipole-method:
     fmm:
       backend                    = inactive
       exafmm-order               = 6
       exafmm-direct-range        = 2
       exafmm-direct-provider     = GROMACS
       exafmm-tree-type           = uniform
       exafmm-tree-depth          = 0
       exafmm-max-particles-per-cell = 0
       fmsolvr-order              = 8
       fmsolvr-direct-range       = 1
       fmsolvr-direct-provider    = FMM
       fmsolvr-dipole-compensation = true
       fmsolvr-tree-depth         = 3
       fmsolvr-sparse             = false
grpopts:
   nrdf:         306       39681
   ref-t:      298.15      298.15
   tau-t:           1           1
annealing:          No          No
annealing-npoints:           0           0
   acc:	           0           0           0
   nfreeze:           N           N           N
   energygrp-flags[  0]: 0

Changing nstlist from 20 to 80, rlist from 1.225 to 1.326


Initializing Domain Decomposition on 1 ranks
Dynamic load balancing: auto
Using update groups, nr 6703, average size 3.0 atoms, max. radius 0.139 nm
Minimum cell size due to atom displacement: 0.543 nm
Initial maximum distances in bonded interactions:
    two-body bonded interactions: 0.394 nm, LJ-14, atoms 67 81
  multi-body bonded interactions: 0.456 nm, CMAP Dih., atoms 35 44
Minimum cell size due to bonded interactions: 0.502 nm
Using 0 separate PME ranks because: there are too few total ranks for efficient splitting
Optimizing the DD grid for 1 cells with a minimum initial size of 0.543 nm
The maximum allowed number of cells is: X 9 Y 9 Z 9
Domain decomposition grid 1 x 1 x 1, separate PME ranks 0
PME domain decomposition: 1 x 1 x 1

The initial number of communication pulses is:
The initial domain decomposition cell size is:

The maximum allowed distance for atom groups involved in interactions is:
                 non-bonded interactions           1.604 nm
(the following are initial values, they could change due to box deformation)
            two-body bonded interactions  (-rdd)   1.604 nm
          multi-body bonded interactions  (-rdd)   1.604 nm

When dynamic load balancing gets turned on, these settings will change to:
The maximum number of communication pulses is:
The minimum size for domain decomposition cells is 1.604 nm
The requested allowed shrink of DD cells (option -dds) is: 0.80
The allowed shrink of domain decomposition cells is:
The maximum allowed distance for atom groups involved in interactions is:
                 non-bonded interactions           1.604 nm
            two-body bonded interactions  (-rdd)   1.604 nm
          multi-body bonded interactions  (-rdd)   1.604 nm

Local state does not use filler particles

Using 1 MPI thread
Using 1 OpenMP thread 

System total charge: 0.000
Will do PME sum in reciprocal space for electrostatic interactions.

++++ PLEASE READ AND CITE THE FOLLOWING REFERENCE ++++
U. Essmann, L. Perera, M. L. Berkowitz, T. Darden, H. Lee, L. G. Pedersen 
A smooth particle mesh Ewald method
J. Chem. Phys. (1995)
https://doi.org/10.1063/1.470117
-------- -------- --- Thank You --- -------- --------

Using a Gaussian width (1/beta) of 0.384195 nm for Ewald
Potential shift: LJ r^-12: -2.648e-01 r^-6: -5.349e-01, Ewald -8.333e-06
Initialized non-bonded Coulomb Ewald tables, spacing: 1.02e-03 size: 1176

Generated table with 1163 data points for 1-4 COUL.
Tabscale = 500 points/nm
Generated table with 1163 data points for 1-4 LJ6.
Tabscale = 500 points/nm
Generated table with 1163 data points for 1-4 LJ12.
Tabscale = 500 points/nm


Using SIMD4xM 4x8 nonbonded short-range kernels

Using a dual 4x8 pair-list setup updated with dynamic pruning:
  outer list: updated every 80 steps, buffer 0.126 nm, rlist 1.326 nm
  inner list: updated every 12 steps, buffer 0.001 nm, rlist 1.201 nm
At tolerance 0.005 kJ/mol/ps per atom, equivalent classical 1x1 list would be:
  outer list: updated every 80 steps, buffer 0.270 nm, rlist 1.470 nm
  inner list: updated every 12 steps, buffer 0.047 nm, rlist 1.247 nm

The average pressure is off by at most 0.12 bar due to missing LJ interactions
Removing pbc first time

Linking all bonded interactions to atoms


NOTE: OS CPU limit is lower than logical cpu count, thread pinning disabled.

Will apply potential COM pulling
with 1 pull coordinate and 2 groups
Pull group 1:     4 atoms, mass    63.998
Pull group 2:     1 atoms, mass     6.941

Initializing LINear Constraint Solver

++++ PLEASE READ AND CITE THE FOLLOWING REFERENCE ++++
B. Hess, H. Bekker, H. J. C. Berendsen, J. G. E. M. Fraaije
LINCS: A Linear Constraint Solver for molecular simulations
J. Comp. Chem. (1997)
https://doi.org/10.1002/(sici)1096-987x(199709)18:12<1463::aid-jcc4>3.0.co;2-h
-------- -------- --- Thank You --- -------- --------

The number of constraints is 51

++++ PLEASE READ AND CITE THE FOLLOWING REFERENCE ++++
S. Miyamoto, P. A. Kollman
SETTLE: An Analytical Version of the SHAKE and RATTLE Algorithms for Rigid
Water Models
J. Comp. Chem. (1992)
https://doi.org/10.1002/jcc.540130805
-------- -------- --- Thank You --- -------- --------


++++ PLEASE READ AND CITE THE FOLLOWING REFERENCE ++++
G. Bussi, D. Donadio, M. Parrinello
Canonical sampling through velocity rescaling
J. Chem. Phys. (2007)
https://doi.org/10.1063/1.2408420
-------- -------- --- Thank You --- -------- --------


++++ PLEASE READ AND CITE THE FOLLOWING REFERENCE ++++
M. Bernetti, G. Bussi
Pressure control using stochastic cell rescaling
J. Chem. Phys. (2020)
https://doi.org/10.1063/5.0020514
-------- -------- --- Thank You --- -------- --------

There are: 19942 Atoms

Atom distribution over 1 domains: av 19942 stddev 0 min 19942 max 19942

Constraining the starting coordinates (step 0)

Constraining the coordinates at t0-dt (step 0)
Center of mass motion removal mode is Linear
We have the following groups for center of mass motion removal:
  0:  SOLU
  1:  SOLV
RMS relative constraint deviation after constraining: 2.04e-06
Initial temperature: 298.463 K

Started mdrun on rank 0 Thu Jun 25 17:07:57 2026

           Step           Time
              0        0.00000

   Energies (kJ/mol)
           Bond            U-B    Proper Dih.  Improper Dih.      CMAP Dih.
    1.03050e+02    3.25707e+02    3.77273e+02    1.92501e+01    1.48861e+01
          LJ-14     Coulomb-14        LJ (SR)   Coulomb (SR)   Coul. recip.
    6.83093e+01    2.77617e+03    3.15490e+04   -3.27216e+05    9.60000e+02
   COM Pull En.      Potential    Kinetic En.   Total Energy  Conserved En.
    6.74348e-10   -2.91022e+05    5.01813e+04   -2.40841e+05   -2.40884e+05
    Temperature Pressure (bar)   Constr. rmsd
    3.01869e+02   -4.49739e+01    2.09348e-06

           Step           Time
            500        1.00000

   Energies (kJ/mol)
           Bond            U-B    Proper Dih.  Improper Dih.      CMAP Dih.
    9.84612e+01    3.05841e+02    3.79373e+02    4.47795e+01   -4.27890e+00
          LJ-14     Coulomb-14        LJ (SR)   Coulomb (SR)   Coul. recip.
    6.82902e+01    2.78322e+03    3.10321e+04   -3.26668e+05    8.85798e+02
   COM Pull En.      Potential    Kinetic En.   Total Energy  Conserved En.
    2.54833e-02   -2.91075e+05    4.97825e+04   -2.41292e+05   -2.40803e+05
    Temperature Pressure (bar)   Constr. rmsd
    2.99470e+02   -1.76074e+02    2.58901e-06

           Step           Time
           1000        2.00000

   Energies (kJ/mol)
           Bond            U-B    Proper Dih.  Improper Dih.      CMAP Dih.
    1.45316e+02    3.32727e+02    3.67118e+02    2.77024e+01    7.33960e+00
          LJ-14     Coulomb-14        LJ (SR)   Coulomb (SR)   Coul. recip.
    7.60963e+01    2.80981e+03    3.11930e+04   -3.26310e+05    9.56747e+02
   COM Pull En.      Potential    Kinetic En.   Total Energy  Conserved En.
    7.24446e-02   -2.90394e+05    4.94586e+04   -2.40936e+05   -2.40755e+05
    Temperature Pressure (bar)   Constr. rmsd
    2.97522e+02   -7.03457e+01    2.58790e-06

           Step           Time
           1500        3.00000

   Energies (kJ/mol)
           Bond            U-B    Proper Dih.  Improper Dih.      CMAP Dih.
    8.65612e+01    3.44687e+02    3.58431e+02    2.59698e+01    1.09177e+01
          LJ-14     Coulomb-14        LJ (SR)   Coulomb (SR)   Coul. recip.
    7.28119e+01    2.82789e+03    3.14201e+04   -3.27140e+05    9.13355e+02
   COM Pull En.      Potential    Kinetic En.   Total Energy  Conserved En.
    6.71879e-01   -2.91079e+05    4.98331e+04   -2.41246e+05   -2.40702e+05
    Temperature Pressure (bar)   Constr. rmsd
    2.99774e+02   -2.93246e+01    2.11580e-06

           Step           Time
           2000        4.00000

   Energies (kJ/mol)
           Bond            U-B    Proper Dih.  Improper Dih.      CMAP Dih.
    1.23629e+02    2.92268e+02    3.49866e+02    1.95179e+01    1.29014e+01
          LJ-14     Coulomb-14        LJ (SR)   Coulomb (SR)   Coul. recip.
    6.92039e+01    2.79162e+03    3.08436e+04   -3.25549e+05    9.07821e+02
   COM Pull En.      Potential    Kinetic En.   Total Energy  Conserved En.
    6.11323e-01   -2.90138e+05    4.95025e+04   -2.40635e+05   -2.40747e+05
    Temperature Pressure (bar)   Constr. rmsd
    2.97786e+02   -1.42656e+02    2.87844e-06

           Step           Time
           2500        5.00000

   Energies (kJ/mol)
           Bond            U-B    Proper Dih.  Improper Dih.      CMAP Dih.
    1.15964e+02    3.44475e+02    3.38155e+02    3.05906e+01    4.70641e-01
          LJ-14     Coulomb-14        LJ (SR)   Coulomb (SR)   Coul. recip.
    6.50028e+01    2.77189e+03    3.05811e+04   -3.26598e+05    8.64134e+02
   COM Pull En.      Potential    Kinetic En.   Total Energy  Conserved En.
    1.04065e+00   -2.91485e+05    4.96762e+04   -2.41809e+05   -2.40741e+05
    Temperature Pressure (bar)   Constr. rmsd
    2.98831e+02   -4.46293e+02    2.23473e-06

           Step           Time
           3000        6.00000

   Energies (kJ/mol)
           Bond            U-B    Proper Dih.  Improper Dih.      CMAP Dih.
    9.18621e+01    3.57292e+02    3.54912e+02    3.12116e+01    5.44842e+00
          LJ-14     Coulomb-14        LJ (SR)   Coulomb (SR)   Coul. recip.
    7.19649e+01    2.81318e+03    3.22847e+04   -3.28265e+05    8.76026e+02
   COM Pull En.      Potential    Kinetic En.   Total Energy  Conserved En.
    4.40702e-02   -2.91379e+05    4.91144e+04   -2.42264e+05   -2.40715e+05
    Temperature Pressure (bar)   Constr. rmsd
    2.95452e+02    2.65485e+02    2.89917e-06

           Step           Time
           3500        7.00000

   Energies (kJ/mol)
           Bond            U-B    Proper Dih.  Improper Dih.      CMAP Dih.
    1.11361e+02    3.57785e+02    3.53572e+02    2.64853e+01    1.73991e+01
          LJ-14     Coulomb-14        LJ (SR)   Coulomb (SR)   Coul. recip.
    6.64615e+01    2.81234e+03    3.15852e+04   -3.27740e+05    8.92214e+02
   COM Pull En.      Potential    Kinetic En.   Total Energy  Conserved En.
    7.65402e-02   -2.91517e+05    4.95977e+04   -2.41919e+05   -2.40637e+05
    Temperature Pressure (bar)   Constr. rmsd
    2.98359e+02    5.73275e+01    2.39930e-06

           Step           Time
           4000        8.00000

   Energies (kJ/mol)
           Bond            U-B    Proper Dih.  Improper Dih.      CMAP Dih.
    1.10611e+02    3.53973e+02    3.54692e+02    2.37327e+01    1.65524e+00
          LJ-14     Coulomb-14        LJ (SR)   Coulomb (SR)   Coul. recip.
    7.71629e+01    2.76759e+03    3.14732e+04   -3.26924e+05    9.14520e+02
   COM Pull En.      Potential    Kinetic En.   Total Energy  Conserved En.
    8.77665e-02   -2.90847e+05    4.91437e+04   -2.41704e+05   -2.40616e+05
    Temperature Pressure (bar)   Constr. rmsd
    2.95627e+02    9.83253e+01    2.35288e-06

           Step           Time
           4500        9.00000

   Energies (kJ/mol)
           Bond            U-B    Proper Dih.  Improper Dih.      CMAP Dih.
    9.76629e+01    3.10562e+02    3.99676e+02    2.36903e+01    8.82239e-02
          LJ-14     Coulomb-14        LJ (SR)   Coulomb (SR)   Coul. recip.
    8.40658e+01    2.81039e+03    3.13549e+04   -3.27011e+05    8.88693e+02
   COM Pull En.      Potential    Kinetic En.   Total Energy  Conserved En.
    4.33095e-02   -2.91041e+05    4.95899e+04   -2.41452e+05   -2.40705e+05
    Temperature Pressure (bar)   Constr. rmsd
    2.98312e+02    9.29622e+00    2.55831e-06

           Step           Time
           5000       10.00000

   Energies (kJ/mol)
           Bond            U-B    Proper Dih.  Improper Dih.      CMAP Dih.
    9.03659e+01    2.85367e+02    3.65492e+02    2.43270e+01    3.13711e+01
          LJ-14     Coulomb-14        LJ (SR)   Coulomb (SR)   Coul. recip.
    9.10111e+01    2.84594e+03    3.13412e+04   -3.26055e+05    9.28768e+02
   COM Pull En.      Potential    Kinetic En.   Total Energy  Conserved En.
    1.96903e-01   -2.90051e+05    4.92832e+04   -2.40768e+05   -2.40637e+05
    Temperature Pressure (bar)   Constr. rmsd
    2.96467e+02    1.07825e+02    2.56273e-06

           Step           Time
           5500       11.00000

   Energies (kJ/mol)
           Bond            U-B    Proper Dih.  Improper Dih.      CMAP Dih.
    8.69175e+01    3.36489e+02    3.38474e+02    2.11125e+01    2.69276e+01
          LJ-14     Coulomb-14        LJ (SR)   Coulomb (SR)   Coul. recip.
    6.07040e+01    2.81507e+03    3.17906e+04   -3.26624e+05    8.59972e+02
   COM Pull En.      Potential    Kinetic En.   Total Energy  Conserved En.
    1.80102e-01   -2.90288e+05    4.99729e+04   -2.40315e+05   -2.40554e+05
    Temperature Pressure (bar)   Constr. rmsd
    3.00616e+02    2.76555e+02    2.39429e-06

           Step           Time
           6000       12.00000

   Energies (kJ/mol)
           Bond            U-B    Proper Dih.  Improper Dih.      CMAP Dih.
    1.09896e+02    3.57334e+02    3.75041e+02    1.92675e+01    1.90516e+01
          LJ-14     Coulomb-14        LJ (SR)   Coulomb (SR)   Coul. recip.
    5.95376e+01    2.76955e+03    3.10949e+04   -3.25075e+05    9.01946e+02
   COM Pull En.      Potential    Kinetic En.   Total Energy  Conserved En.
    1.47594e-01   -2.89368e+05    4.96786e+04   -2.39690e+05   -2.40679e+05
    Temperature Pressure (bar)   Constr. rmsd
    2.98845e+02    1.02885e+02    3.03527e-06

           Step           Time
           6500       13.00000

   Energies (kJ/mol)
           Bond            U-B    Proper Dih.  Improper Dih.      CMAP Dih.
    1.06302e+02    3.62941e+02    3.50369e+02    2.28173e+01    5.00684e+00
          LJ-14     Coulomb-14        LJ (SR)   Coulomb (SR)   Coul. recip.
    7.67490e+01    2.76841e+03    3.07545e+04   -3.25211e+05    9.47045e+02
   COM Pull En.      Potential    Kinetic En.   Total Energy  Conserved En.
    2.60801e-02   -2.89817e+05    5.04231e+04   -2.39394e+05   -2.40683e+05
    Temperature Pressure (bar)   Constr. rmsd
    3.03324e+02   -1.01702e+02    3.55956e-06

           Step           Time
           7000       14.00000

   Energies (kJ/mol)
           Bond            U-B    Proper Dih.  Improper Dih.      CMAP Dih.
    1.04479e+02    3.63586e+02    3.40283e+02    3.70919e+01    1.61026e+01
          LJ-14     Coulomb-14        LJ (SR)   Coulomb (SR)   Coul. recip.
    7.17342e+01    2.83525e+03    2.98684e+04   -3.24444e+05    8.96439e+02
   COM Pull En.      Potential    Kinetic En.   Total Energy  Conserved En.
    2.14752e-01   -2.89910e+05    4.97119e+04   -2.40198e+05   -2.40611e+05
    Temperature Pressure (bar)   Constr. rmsd
    2.99046e+02   -3.14639e+02    3.43015e-06

           Step           Time
           7500       15.00000

   Energies (kJ/mol)
           Bond            U-B    Proper Dih.  Improper Dih.      CMAP Dih.
    1.12400e+02    3.63960e+02    3.48500e+02    2.02602e+01    7.27092e+00
          LJ-14     Coulomb-14        LJ (SR)   Coulomb (SR)   Coul. recip.
    7.02167e+01    2.78250e+03    3.08787e+04   -3.26217e+05    8.93194e+02
   COM Pull En.      Potential    Kinetic En.   Total Energy  Conserved En.
    6.43605e-04   -2.90740e+05    4.93430e+04   -2.41397e+05   -2.40635e+05
    Temperature Pressure (bar)   Constr. rmsd
    2.96826e+02   -8.42969e+01    2.88028e-06

           Step           Time
           8000       16.00000

   Energies (kJ/mol)
           Bond            U-B    Proper Dih.  Improper Dih.      CMAP Dih.
    1.00290e+02    3.74732e+02    3.81967e+02    2.99228e+01   -1.54988e+01
          LJ-14     Coulomb-14        LJ (SR)   Coulomb (SR)   Coul. recip.
    6.73664e+01    2.80007e+03    3.19475e+04   -3.27149e+05    9.39596e+02
   COM Pull En.      Potential    Kinetic En.   Total Energy  Conserved En.
    1.29491e-01   -2.90523e+05    4.93760e+04   -2.41147e+05   -2.40788e+05
    Temperature Pressure (bar)   Constr. rmsd
    2.97025e+02    1.43246e+02    2.70566e-06

           Step           Time
           8500       17.00000

   Energies (kJ/mol)
           Bond            U-B    Proper Dih.  Improper Dih.      CMAP Dih.
    9.36913e+01    3.81676e+02    3.50575e+02    2.12526e+01   -1.63179e+01
          LJ-14     Coulomb-14        LJ (SR)   Coulomb (SR)   Coul. recip.
    6.45617e+01    2.77528e+03    3.09848e+04   -3.26541e+05    8.73507e+02
   COM Pull En.      Potential    Kinetic En.   Total Energy  Conserved En.
    4.15194e-01   -2.91011e+05    4.92905e+04   -2.41721e+05   -2.40707e+05
    Temperature Pressure (bar)   Constr. rmsd
    2.96511e+02   -1.44852e+02    3.83594e-06

           Step           Time
           9000       18.00000

   Energies (kJ/mol)
           Bond            U-B    Proper Dih.  Improper Dih.      CMAP Dih.
    1.46678e+02    3.25924e+02    3.30941e+02    2.81336e+01   -1.64858e+01
          LJ-14     Coulomb-14        LJ (SR)   Coulomb (SR)   Coul. recip.
    7.45238e+01    2.75568e+03    3.13816e+04   -3.27472e+05    8.71803e+02
   COM Pull En.      Potential    Kinetic En.   Total Energy  Conserved En.
    6.19830e-01   -2.91573e+05    4.96441e+04   -2.41929e+05   -2.40737e+05
    Temperature Pressure (bar)   Constr. rmsd
    2.98638e+02   -3.43235e+01    3.33609e-06

           Step           Time
           9500       19.00000

   Energies (kJ/mol)
           Bond            U-B    Proper Dih.  Improper Dih.      CMAP Dih.
    1.19065e+02    3.45369e+02    3.65126e+02    2.41819e+01   -1.86073e+01
          LJ-14     Coulomb-14        LJ (SR)   Coulomb (SR)   Coul. recip.
    6.65600e+01    2.81453e+03    3.11493e+04   -3.27167e+05    9.25811e+02
   COM Pull En.      Potential    Kinetic En.   Total Energy  Conserved En.
    1.10251e-06   -2.91375e+05    4.97025e+04   -2.41673e+05   -2.40673e+05
    Temperature Pressure (bar)   Constr. rmsd
    2.98989e+02   -1.06447e+02    2.07441e-06

           Step           Time
          10000       20.00000

   Energies (kJ/mol)
           Bond            U-B    Proper Dih.  Improper Dih.      CMAP Dih.
    1.05170e+02    3.45415e+02    3.82406e+02    1.92642e+01    8.59591e-01
          LJ-14     Coulomb-14        LJ (SR)   Coulomb (SR)   Coul. recip.
    6.80979e+01    2.82083e+03    3.16186e+04   -3.27784e+05    9.24734e+02
   COM Pull En.      Potential    Kinetic En.   Total Energy  Conserved En.
    1.00868e-01   -2.91498e+05    5.01674e+04   -2.41331e+05   -2.40626e+05
    Temperature Pressure (bar)   Constr. rmsd
    3.01786e+02    1.34240e+02    2.18535e-06

           Step           Time
          10500       21.00000

   Energies (kJ/mol)
           Bond            U-B    Proper Dih.  Improper Dih.      CMAP Dih.
    1.09049e+02    3.53775e+02    3.50083e+02    3.47467e+01   -3.76448e-01
          LJ-14     Coulomb-14        LJ (SR)   Coulomb (SR)   Coul. recip.
    7.51324e+01    2.76072e+03    3.14436e+04   -3.26769e+05    8.37962e+02
   COM Pull En.      Potential    Kinetic En.   Total Energy  Conserved En.
    3.18710e-01   -2.90804e+05    4.91109e+04   -2.41693e+05   -2.40624e+05
    Temperature Pressure (bar)   Constr. rmsd
    2.95430e+02    1.17985e+02    4.63271e-06

           Step           Time
          11000       22.00000

   Energies (kJ/mol)
           Bond            U-B    Proper Dih.  Improper Dih.      CMAP Dih.
    9.54703e+01    3.08567e+02    3.80765e+02    2.40447e+01    7.29221e-03
          LJ-14     Coulomb-14        LJ (SR)   Coulomb (SR)   Coul. recip.
    7.25163e+01    2.76792e+03    3.24778e+04   -3.27951e+05    8.98038e+02
   COM Pull En.      Potential    Kinetic En.   Total Energy  Conserved En.
    2.20799e-01   -2.90925e+05    4.95618e+04   -2.41363e+05   -2.40661e+05
    Temperature Pressure (bar)   Constr. rmsd
    2.98143e+02    3.96485e+02    2.72286e-06

           Step           Time
          11500       23.00000

   Energies (kJ/mol)
           Bond            U-B    Proper Dih.  Improper Dih.      CMAP Dih.
    8.37381e+01    4.03949e+02    3.45355e+02    1.21869e+01   -1.06648e+01
          LJ-14     Coulomb-14        LJ (SR)   Coulomb (SR)   Coul. recip.
    6.40728e+01    2.78560e+03    3.22892e+04   -3.28242e+05    8.87557e+02
   COM Pull En.      Potential    Kinetic En.   Total Energy  Conserved En.
    2.77141e-01   -2.91381e+05    4.97061e+04   -2.41675e+05   -2.40741e+05
    Temperature Pressure (bar)   Constr. rmsd
    2.99011e+02    2.91690e+02    2.11539e-06

           Step           Time
          12000       24.00000

   Energies (kJ/mol)
           Bond            U-B    Proper Dih.  Improper Dih.      CMAP Dih.
    9.38339e+01    3.20421e+02    3.33746e+02    3.93365e+01    2.07642e+01
          LJ-14     Coulomb-14        LJ (SR)   Coulomb (SR)   Coul. recip.
    8.07693e+01    2.86773e+03    3.16808e+04   -3.26930e+05    9.08753e+02
   COM Pull En.      Potential    Kinetic En.   Total Energy  Conserved En.
    1.48475e-01   -2.90584e+05    4.96392e+04   -2.40945e+05   -2.40774e+05
    Temperature Pressure (bar)   Constr. rmsd
    2.98608e+02    1.70842e+02    3.71313e-06

           Step           Time
          12500       25.00000

   Energies (kJ/mol)
           Bond            U-B    Proper Dih.  Improper Dih.      CMAP Dih.
    1.06220e+02    3.17630e+02    3.64820e+02    2.49309e+01   -4.01062e+00
          LJ-14     Coulomb-14        LJ (SR)   Coulomb (SR)   Coul. recip.
    6.63409e+01    2.79637e+03    3.13654e+04   -3.26717e+05    9.21771e+02
   COM Pull En.      Potential    Kinetic En.   Total Energy  Conserved En.
    2.81723e-02   -2.90758e+05    4.92948e+04   -2.41463e+05   -2.40816e+05
    Temperature Pressure (bar)   Constr. rmsd
    2.96536e+02    5.49871e+01    2.11957e-06

           Step           Time
          13000       26.00000

   Energies (kJ/mol)
           Bond            U-B    Proper Dih.  Improper Dih.      CMAP Dih.
    9.68253e+01    3.70029e+02    3.29647e+02    3.41147e+01    3.79572e+00
          LJ-14     Coulomb-14        LJ (SR)   Coulomb (SR)   Coul. recip.
    7.23799e+01    2.80327e+03    3.07465e+04   -3.26616e+05    8.69420e+02
   COM Pull En.      Potential    Kinetic En.   Total Energy  Conserved En.
    4.56950e-02   -2.91290e+05    4.96950e+04   -2.41595e+05   -2.40819e+05
    Temperature Pressure (bar)   Constr. rmsd
    2.98944e+02   -1.90268e+02    2.17250e-06

           Step           Time
          13500       27.00000

   Energies (kJ/mol)
           Bond            U-B    Proper Dih.  Improper Dih.      CMAP Dih.
    9.93610e+01    3.46956e+02    3.55070e+02    3.21050e+01   -1.17241e+01
          LJ-14     Coulomb-14        LJ (SR)   Coulomb (SR)   Coul. recip.
    6.50646e+01    2.82786e+03    3.15981e+04   -3.27544e+05    9.77055e+02
   COM Pull En.      Potential    Kinetic En.   Total Energy  Conserved En.
    3.01729e-02   -2.91255e+05    4.93926e+04   -2.41862e+05   -2.40891e+05
    Temperature Pressure (bar)   Constr. rmsd
    2.97125e+02    4.69142e+01    2.06815e-06

           Step           Time
          14000       28.00000

   Energies (kJ/mol)
           Bond            U-B    Proper Dih.  Improper Dih.      CMAP Dih.
    8.78490e+01    3.31215e+02    3.48475e+02    2.59318e+01   -3.82944e+00
          LJ-14     Coulomb-14        LJ (SR)   Coulomb (SR)   Coul. recip.
    7.56885e+01    2.84275e+03    3.18068e+04   -3.27147e+05    9.36950e+02
   COM Pull En.      Potential    Kinetic En.   Total Energy  Conserved En.
    4.39805e-01   -2.90695e+05    4.90980e+04   -2.41597e+05   -2.40856e+05
    Temperature Pressure (bar)   Constr. rmsd
    2.95353e+02    2.04370e+02    1.86059e-06

           Step           Time
          14500       29.00000

   Energies (kJ/mol)
           Bond            U-B    Proper Dih.  Improper Dih.      CMAP Dih.
    1.10315e+02    3.41809e+02    3.52083e+02    1.32754e+01   -2.11437e+00
          LJ-14     Coulomb-14        LJ (SR)   Coulomb (SR)   Coul. recip.
    7.33366e+01    2.81798e+03    3.25632e+04   -3.29253e+05    9.50181e+02
   COM Pull En.      Potential    Kinetic En.   Total Energy  Conserved En.
    4.99834e-01   -2.92032e+05    5.04279e+04   -2.41604e+05   -2.40838e+05
    Temperature Pressure (bar)   Constr. rmsd
    3.03353e+02    3.21202e+02    2.34151e-06

           Step           Time
          15000       30.00000

   Energies (kJ/mol)
           Bond            U-B    Proper Dih.  Improper Dih.      CMAP Dih.
    9.33876e+01    3.64452e+02    3.54675e+02    2.53204e+01   -1.06341e+01
          LJ-14     Coulomb-14        LJ (SR)   Coulomb (SR)   Coul. recip.
    5.46699e+01    2.82242e+03    3.12336e+04   -3.26914e+05    9.20970e+02
   COM Pull En.      Potential    Kinetic En.   Total Energy  Conserved En.
    3.44796e-01   -2.91055e+05    4.87496e+04   -2.42305e+05   -2.40890e+05
    Temperature Pressure (bar)   Constr. rmsd
    2.93257e+02   -7.33074e+01    1.69701e-06

           Step           Time
          15500       31.00000

   Energies (kJ/mol)
           Bond            U-B    Proper Dih.  Improper Dih.      CMAP Dih.
    1.19850e+02    3.30083e+02    3.55538e+02    2.16035e+01   -1.38870e+00
          LJ-14     Coulomb-14        LJ (SR)   Coulomb (SR)   Coul. recip.
    6.45618e+01    2.84212e+03    3.12019e+04   -3.27598e+05    8.93782e+02
   COM Pull En.      Potential    Kinetic En.   Total Energy  Conserved En.
    1.22185e-01   -2.91770e+05    4.95166e+04   -2.42253e+05   -2.40887e+05
    Temperature Pressure (bar)   Constr. rmsd
    2.97870e+02   -8.16076e+01    1.59554e-06

           Step           Time
          16000       32.00000

   Energies (kJ/mol)
           Bond            U-B    Proper Dih.  Improper Dih.      CMAP Dih.
    1.09204e+02    3.22960e+02    3.38918e+02    2.74937e+01    1.86525e+01
          LJ-14     Coulomb-14        LJ (SR)   Coulomb (SR)   Coul. recip.
    6.23644e+01    2.78121e+03    3.14948e+04   -3.27274e+05    8.76253e+02
   COM Pull En.      Potential    Kinetic En.   Total Energy  Conserved En.
    1.45338e-01   -2.91242e+05    4.92457e+04   -2.41997e+05   -2.40867e+05
    Temperature Pressure (bar)   Constr. rmsd
    2.96241e+02    1.33540e+01    1.93780e-06

           Step           Time
          16500       33.00000

   Energies (kJ/mol)
           Bond            U-B    Proper Dih.  Improper Dih.      CMAP Dih.
    8.31306e+01    3.54582e+02    3.49661e+02    1.81428e+01   -1.28911e-02
          LJ-14     Coulomb-14        LJ (SR)   Coulomb (SR)   Coul. recip.
    6.37997e+01    2.79959e+03    3.13241e+04   -3.27302e+05    8.83904e+02
   COM Pull En.      Potential    Kinetic En.   Total Energy  Conserved En.
    2.46002e-01   -2.91424e+05    4.96464e+04   -2.41778e+05   -2.40903e+05
    Temperature Pressure (bar)   Constr. rmsd
    2.98651e+02   -1.62881e+01    2.86312e-06

           Step           Time
          17000       34.00000

   Energies (kJ/mol)
           Bond            U-B    Proper Dih.  Improper Dih.      CMAP Dih.
    9.89035e+01    3.09645e+02    3.52944e+02    4.10455e+01    9.53091e+00
          LJ-14     Coulomb-14        LJ (SR)   Coulomb (SR)   Coul. recip.
    8.71012e+01    2.83862e+03    3.11015e+04   -3.27150e+05    8.50685e+02
   COM Pull En.      Potential    Kinetic En.   Total Energy  Conserved En.
    8.12567e-02   -2.91460e+05    4.97431e+04   -2.41716e+05   -2.40986e+05
    Temperature Pressure (bar)   Constr. rmsd
    2.99233e+02   -1.61099e+02    3.09939e-06

           Step           Time
          17500       35.00000

   Energies (kJ/mol)
           Bond            U-B    Proper Dih.  Improper Dih.      CMAP Dih.
    7.37156e+01    3.24275e+02    3.53510e+02    2.15608e+01   -3.66482e+00
          LJ-14     Coulomb-14        LJ (SR)   Coulomb (SR)   Coul. recip.
    5.99681e+01    2.82307e+03    3.21072e+04   -3.28629e+05    8.75498e+02
   COM Pull En.      Potential    Kinetic En.   Total Energy  Conserved En.
    6.10745e-03   -2.91994e+05    4.91848e+04   -2.42809e+05   -2.40981e+05
    Temperature Pressure (bar)   Constr. rmsd
    2.95875e+02    1.12738e+02    3.21178e-06

           Step           Time
          18000       36.00000

   Energies (kJ/mol)
           Bond            U-B    Proper Dih.  Improper Dih.      CMAP Dih.
    1.19147e+02    3.09025e+02    3.58753e+02    1.67293e+01    1.43720e+01
          LJ-14     Coulomb-14        LJ (SR)   Coulomb (SR)   Coul. recip.
    6.83352e+01    2.78211e+03    3.04829e+04   -3.26134e+05    9.10307e+02
   COM Pull En.      Potential    Kinetic En.   Total Energy  Conserved En.
    4.77093e-01   -2.91072e+05    4.89094e+04   -2.42163e+05   -2.40866e+05
    Temperature Pressure (bar)   Constr. rmsd
    2.94218e+02   -2.31802e+02    2.42249e-06

           Step           Time
          18500       37.00000

   Energies (kJ/mol)
           Bond            U-B    Proper Dih.  Improper Dih.      CMAP Dih.
    9.80789e+01    3.38238e+02    3.58809e+02    3.78896e+01   -7.41655e+00
          LJ-14     Coulomb-14        LJ (SR)   Coulomb (SR)   Coul. recip.
    5.91134e+01    2.83451e+03    3.17122e+04   -3.27977e+05    9.07303e+02
   COM Pull En.      Potential    Kinetic En.   Total Energy  Conserved En.
    1.74184e-03   -2.91638e+05    4.94968e+04   -2.42141e+05   -2.40973e+05
    Temperature Pressure (bar)   Constr. rmsd
    2.97751e+02    8.31721e+01    2.21255e-06

