                :-) GROMACS - gmx grompp, 2026.0-conda_forge (-:

Executable:   /root/miniconda3/envs/lisper-gmx/bin.AVX2_256/gmx
Data prefix:  /root/miniconda3/envs/lisper-gmx
Working dir:  /root/LiSPER_remote/LiSPER_8cand_LiCl/systems/LiND-Hybrid/gromacs
Command line:
  gmx grompp -f step4.0_minimization.mdp -o /root/LiSPER_remote/LiSPER_8cand_LiCl/systems/LiND-Hybrid/gromacs/run_min/min_attempt0.tpr -c /root/LiSPER_remote/LiSPER_8cand_LiCl/systems/LiND-Hybrid/gromacs/step3_input.gro -r /root/LiSPER_remote/LiSPER_8cand_LiCl/systems/LiND-Hybrid/gromacs/step3_input.gro -p /root/LiSPER_remote/LiSPER_8cand_LiCl/systems/LiND-Hybrid/gromacs/topol.top -n index.ndx -maxwarn 1

Generating 1-4 interactions: fudge = 1
Number of degrees of freedom in T-Coupling group rest is 136655.00
The integrator does not provide a ensemble temperature, there is no system ensemble temperature

NOTE 1 [file step4.0_minimization.mdp]:
  Removing center of mass motion in the presence of position restraints
  might cause artifacts. When you are using position restraints to
  equilibrate a macro-molecule, the artifacts are usually negligible.


There was 1 NOTE

GROMACS reminds you: "The three principal virtues of a programmer are Laziness, Impatience, and Hubris" (Larry Wall)

Setting the LD random seed to -210391126

Generated 299 of the 300 non-bonded parameter combinations

Generated 120 of the 300 1-4 parameter combinations

Excluding 3 bonded neighbours molecule type 'PROA'

turning H bonds into constraints...

Excluding 1 bonded neighbours molecule type 'LIT'

turning H bonds into constraints...

Excluding 1 bonded neighbours molecule type 'CLA'

turning H bonds into constraints...

Excluding 2 bonded neighbours molecule type 'TIP3'

turning H bonds into constraints...

The largest distance between excluded atoms is 0.398 nm between atom 179 and 195
Calculating fourier grid dimensions for X Y Z
Using a fourier grid of 84x84x84, spacing 0.117 0.117 0.117

Estimate for the relative computational load of the PME mesh part: 0.19

This run will generate roughly 5 Mb of data
