               :-) GROMACS - gmx trjconv, 2026.0-conda_forge (-:

Executable:   /root/miniconda3/envs/lisper-gmx/bin.AVX2_256/gmx
Data prefix:  /root/miniconda3/envs/lisper-gmx
Working dir:  /root/LiSPER_remote/LiSPER_8cand_NaCl_prod_worker/systems/LiDA-1/gromacs
Command line:
  gmx trjconv -s /root/LiSPER_remote/LiSPER_8cand_NaCl_prod_worker/systems/LiDA-1/gromacs/umbrella_sampling/pull/pull.tpr -f /root/LiSPER_remote/LiSPER_8cand_NaCl_prod_worker/systems/LiDA-1/gromacs/umbrella_sampling/pull/pull.xtc -dump 0.600 -o /root/LiSPER_remote/LiSPER_8cand_NaCl_prod_worker/systems/LiDA-1/gromacs/umbrella_sampling/window_000_1.32nm/start.gro -n /root/LiSPER_remote/LiSPER_8cand_NaCl_prod_worker/systems/LiDA-1/gromacs/umbrella_sampling/umbrella_index.ndx

Will write gro: Coordinate file in Gromos-87 format
Reading file /root/LiSPER_remote/LiSPER_8cand_NaCl_prod_worker/systems/LiDA-1/gromacs/umbrella_sampling/pull/pull.tpr, VERSION 2026.0-conda_forge (single precision)
Reading file /root/LiSPER_remote/LiSPER_8cand_NaCl_prod_worker/systems/LiDA-1/gromacs/umbrella_sampling/pull/pull.tpr, VERSION 2026.0-conda_forge (single precision)
Group     0 (           SOLU) has   120 elements
Group     1 (           SOLV) has 19807 elements
Group     2 (         SYSTEM) has 19927 elements
Group     3 (     TARGET_ION) has     1 elements
Select a group: 
Reading frame       0 time    0.000   
Precision of /root/LiSPER_remote/LiSPER_8cand_NaCl_prod_worker/systems/LiDA-1/gromacs/umbrella_sampling/pull/pull.xtc is 0.001 (nm)

Reading frame       1 time    1.000   
Reading frame       2 time    2.000   
Dumping frame at t= 1 ps
 ->  frame      0 time    1.000      
Last written: frame      0 time    1.000


GROMACS reminds you: "Forcefields are like dating; things go fine for a while and then sometimes it goes really bad." (Alex MacKerell)

Note that major changes are planned in future for trjconv, to improve usability and utility.
Select group for output
Selected 2: 'SYSTEM'
