                :-) GROMACS - gmx mdrun, 2026.0-conda_forge (-:

Executable:   /home/jackieeelin929/opt/lisper_gmx_env/bin.AVX2_256/gmx
Data prefix:  /home/jackieeelin929/opt/lisper_gmx_env
Working dir:  /mnt/lisper_data/LiSPER_remote/LiSPER_8cand_LiCl/systems/LiDA-1/gromacs/umbrella_sampling_binding_site_v2/v3_tail_repair_20260701_1105/window_026_extend_2ns
Command line:
  gmx mdrun -s umbrella_ext.tpr -deffnm umbrella_ext -cpi /mnt/lisper_data/LiSPER_remote/LiSPER_8cand_LiCl/systems/LiDA-1/gromacs/umbrella_sampling_binding_site_v2/window_026_2.08nm/umbrella.cpt -noappend -ntmpi 1 -ntomp 1

The current CPU can measure timings more accurately than the code in
gmx mdrun was configured to use. This might affect your simulation
speed as accurate timings are needed for load-balancing.
Please consider rebuilding gmx mdrun with the GMX_USE_RDTSCP=ON CMake option.
Reading file umbrella_ext.tpr, VERSION 2026.0-conda_forge (single precision)
Changing nstlist from 20 to 80, rlist from 1.226 to 1.327


Using 1 MPI thread
Using 1 OpenMP thread 


NOTE: Thread affinity was not set.
starting mdrun 'Title'
2000000 steps,   4000.0 ps (continuing from step 1000000,   2000.0 ps).

Writing final coordinates.

               Core t (s)   Wall t (s)        (%)
       Time:    51541.760    51541.760      100.0
                         14h19:01
                 (ns/day)    (hour/ns)    (ms/step)  (Matom*steps/s) 
Performance:        3.353        7.159       51.542            0.387 

GROMACS reminds you: "Sitting on a rooftop watching molecules collide" (A Camp)

