                :-) GROMACS - gmx grompp, 2026.0-conda_forge (-:

Executable:   /root/miniconda3/envs/lisper-gmx/bin.AVX2_256/gmx
Data prefix:  /root/miniconda3/envs/lisper-gmx
Working dir:  /root/LiSPER_remote/LiSPER_8cand_NaCl_prod_worker/systems/LiDS-1/gromacs
Command line:
  gmx grompp -f /root/LiSPER_remote/LiSPER_8cand_NaCl_prod_worker/systems/LiDS-1/gromacs/umbrella_sampling/pull/pull.mdp -c /root/LiSPER_remote/LiSPER_8cand_NaCl_prod_worker/systems/LiDS-1/gromacs/umbrella_sampling/representative_full_system.gro -p /root/LiSPER_remote/LiSPER_8cand_NaCl_prod_worker/systems/LiDS-1/gromacs/topol.top -n /root/LiSPER_remote/LiSPER_8cand_NaCl_prod_worker/systems/LiDS-1/gromacs/umbrella_sampling/umbrella_index.ndx -o /root/LiSPER_remote/LiSPER_8cand_NaCl_prod_worker/systems/LiDS-1/gromacs/umbrella_sampling/pull/pull.tpr -maxwarn 1

Generating 1-4 interactions: fudge = 1

-------------------------------------------------------
Program:     gmx grompp, version 2026.0-conda_forge
Source file: src/gromacs/gmxpreprocess/grompp.cpp (line 750)

Fatal error:
number of coordinates in coordinate file
(/root/LiSPER_remote/LiSPER_8cand_NaCl_prod_worker/systems/LiDS-1/gromacs/umbrella_sampling/representative_full_system.gro,
29212)
             does not match topology
(/root/LiSPER_remote/LiSPER_8cand_NaCl_prod_worker/systems/LiDS-1/gromacs/topol.top,
29215)

For more information and tips for troubleshooting, please check the GROMACS
website at https://manual.gromacs.org/current/user-guide/run-time-errors.html
-------------------------------------------------------
Setting the LD random seed to 1056959997

Generated 251 of the 253 non-bonded parameter combinations

Generated 91 of the 253 1-4 parameter combinations

Excluding 3 bonded neighbours molecule type 'PROA'

turning H bonds into constraints...

Excluding 1 bonded neighbours molecule type 'SOD'

turning H bonds into constraints...

Excluding 1 bonded neighbours molecule type 'CLA'

turning H bonds into constraints...

Excluding 2 bonded neighbours molecule type 'TIP3'

turning H bonds into constraints...
