Using gromos method for clustering
Using RMSD cutoff 0.2 nm
The RMSD ranges from 0.0677089 to 1.09163 nm
Average RMSD is 0.447972
Number of structures for matrix 2001
Energy of the matrix is 45.219.

Found 187 clusters

Writing middle structure for each cluster to /root/LiSPER_remote/LiSPER_8cand_NaCl_prod_worker/systems/LiD3-Core/gromacs/cluster_20ns/representative_top_cluster.pdb

cl. | #st  rmsd | middle rmsd | cluster members
  1 | 207  0.218 |   6470 .173 |      0     90    340    350    360    370    880
    |           |             |    890    900    910    920    960    970   1630
    |           |             |   1640   2090   2590   2600   2680   2700   5810
    |           |             |   5830   5850   5860   5880   5890   5910   6040
    |           |             |   6050   6320   6340   6350   6360   6370   6380
    |           |             |   6390   6400   6410   6450   6460   6470   6480
    |           |             |   6490   6500   6530   6540   6640   6650   6660
    |           |             |   6670   6680   6690   6740   6750   6760   6770
    |           |             |   6780   6790   6800   6810   6820   6840   6850
    |           |             |   7330   7350   7360   7380   7390   7400   7410
    |           |             |   7420   7500   7510   7520   7530   7540   7570
    |           |             |   7580   8100   8110   8120   8150   8160   8170
    |           |             |   8180   8190   8320   8330   8340   8350   8360
    |           |             |   8380   8390   8400   8530   8550   8650   8660
    |           |             |   8700   8750   8840   8850   8870   8880   8900
    |           |             |   8910   8920   8960   8990   9040   9070   9080
    |           |             |   9090   9200   9210   9320   9350   9360   9410
    |           |             |   9540   9550   9560   9580   9590   9600   9610
    |           |             |   9620   9630   9660   9670   9690   9710   9720
    |           |             |   9740   9750   9760   9770   9790   9820   9830
    |           |             |   9840   9900   9920   9930   9940  10000  10370
    |           |             |  10650  11350  11360  11370  11470  12040  12050
    |           |             |  12060  12070  12620  13640  13670  13690  13700
    |           |             |  13710  13720  13740  13750  13760  13770  13780
    |           |             |  13800  14090  14280  14290  14300  14330  14640
    |           |             |  14650  14660  14670  14680  14690  14700  14710
    |           |             |  14720  14780  14870  14880  14890  14910  14920
    |           |             |  14950  14960  14970  14980  14990  15000  15010
    |           |             |  15030  15040  15050  15060  15070  15190  15240
    |           |             |  15270  15320  19330  19950
  2 | 102  0.211 |   7260 .175 |    740    750    760    770    780    790    800
    |           |             |    820    850    860    870    930    940    950
    |           |             |    980    990   1010   1020   1170   1180   1190
    |           |             |   2460   2470   6060   6290   6300   6330   6510
    |           |             |   7160   7170   7180   7200   7210   7240   7250
    |           |             |   7260   7270   7280   7290   7430   7440   7460
    |           |             |   7470   7480   7490   7560   7730   7750   7760
    |           |             |   7770   7780   7790   7850   7860   7880   8040
    |           |             |   8060   8080   8090   8200   8210   8290   8300
    |           |             |   8310   8370   8420   8670   8680   8690   8710
    |           |             |   8740   8760   8770   8780   8890   9220   9230
    |           |             |   9240   9250   9260   9270   9280   9290   9300
    |           |             |   9310   9340   9530   9570   9950   9960   9970
    |           |             |   9980   9990  10020  10510  15280  15290  15300
    |           |             |  15310  15330  15340  19960
  3 |  90  0.219 |   2040 .174 |    120    130    140    180    190    210    240
    |           |             |    260    270    380    390    400    410   1880
    |           |             |   1950   1960   1990   2000   2010   2020   2030
    |           |             |   2040   2050   2060   2080   2100   2110   2120
    |           |             |   2130   2140   2150   2160   2170   2180   2190
    |           |             |   2200   2210   2250   2270   2280   2290   2300
    |           |             |   2310   2320   2330   2340   2350   2360   2370
    |           |             |   2380   2940   2950   2970   2980   3030   3040
    |           |             |   3060   3070   3150   3160   3220   3230   3320
    |           |             |   3330   6420   8930   8950   9680   9780  10170
    |           |             |  10190  10680  10720  11380  11480  11490  11500
    |           |             |  11510  11520  11550  13790  14190  14210  14220
    |           |             |  14390  14400  15230  15250  19930  19940
  4 |  75  0.217 |  14100 .172 |     20     30     40     50     60   1500   1510
    |           |             |   1530   1540   1550   1560   1570   1580   1610
    |           |             |   1620   1650   1740   2430   2550   2560   2570
    |           |             |   2580   2610   2620   2640   2660   2670   2750
    |           |             |   2760   2770   2820   2920  10010  10070  10100
    |           |             |  10120  10130  10140  10150  10220  10250  10450
    |           |             |  10460  10470  10480  10490  10500  10520  10530
    |           |             |  10540  10550  10560  10640  11440  13870  13880
    |           |             |  13890  13910  13920  13930  13940  13950  14020
    |           |             |  14030  14040  14060  14070  14080  14100  14110
    |           |             |  14120  14320  15020  19270  19280
  5 |  58  0.202 |  16670 .168 |  16020  16030  16040  16050  16060  16130  16160
    |           |             |  16170  16200  16220  16230  16250  16260  16270
    |           |             |  16300  16310  16330  16340  16350  16360  16370
    |           |             |  16380  16390  16400  16410  16430  16440  16450
    |           |             |  16460  16470  16500  16510  16520  16530  16540
    |           |             |  16560  16570  16580  16590  16600  16610  16620
    |           |             |  16630  16640  16650  16660  16670  16680  16690
    |           |             |  16700  16710  16720  16730  16740  16750  16760
    |           |             |  16770  16780
  6 |  50  0.219 |   6030 .173 |    690    700   5820   5840   5870   5920   5950
    |           |             |   5960   5970   5980   6000   6010   6020   6030
    |           |             |   7310   7320   7370   7550   7590   7600   8230
    |           |             |   8240   8410   8980   9000   9020   9330   9370
    |           |             |   9640   9650   9700   9800   9810   9880   9890
    |           |             |  10660  12090  12150  14360  14370  14380  15120
    |           |             |  15170  15180  15200  15210  15220  19970  19990
    |           |             |  20000
  7 |  48  0.211 |   1870 .169 |     80    220    230    280    290    300    310
    |           |             |    320    330   1590   1720   1730   1800   1810
    |           |             |   1820   1830   1840   1850   1860   1870   1890
    |           |             |   1910   1920   1930   1940   3010   3020  10200
    |           |             |  10210  10260  10270  10280  10300  10310  10330
    |           |             |  10340  10350  10360  10380  10390  10440  11650
    |           |             |  11660  11710  13860  14000  14230  14270
  8 |  47  0.211 |  13260 .171 |   3690   3700   3750   3770   6610  12270  12280
    |           |             |  12290  12300  12310  12320  12330  12370  12380
    |           |             |  12390  12400  12410  12440  12480  12490  12500
    |           |             |  12510  12520  12530  12930  13040  13060  13070
    |           |             |  13150  13160  13170  13210  13240  13250  13260
    |           |             |  13270  13300  13310  13320  13330  13340  13350
    |           |             |  13400  13590  13600  13610  13620
  9 |  44  0.220 |   6270 .196 |   1430   6120   6150   6160   6180   6190   6250
    |           |             |   6260   6270   6310   6520   6550   6560   6570
    |           |             |   6580   6590   6630   6700   7190   8130   8500
    |           |             |   8510   8520   8570   8580   8590   8600   8630
    |           |             |   8640   8860   9100   9130   9140   9490   9500
    |           |             |   9510   9520  14850  14860  14900  15350  15360
    |           |             |  15430  15440
 10 |  40  0.219 |  18450 .175 |  17190  17200  17230  17520  17590  17630  17640
    |           |             |  17660  17670  17690  18050  18060  18070  18080
    |           |             |  18090  18100  18340  18420  18430  18440  18450
    |           |             |  18460  18470  18480  18490  18500  18510  18570
    |           |             |  18580  18590  18600  18610  18620  18630  18640
    |           |             |  18890  18920  18930  18940  18980
 11 |  35  0.212 |   4410 .168 |   2260   3350   3360   3370   3590   3930   3950
    |           |             |   4060   4090   4100   4110   4120   4130   4280
    |           |             |   4320   4330   4360   4380   4390   4400   4410
    |           |             |   4420   4430   4510   4520   4530   4550   4590
    |           |             |   4600   4610  13000  13010  13180  13220  14180
 12 |  33  0.214 |   1090 .170 |   1040   1050   1060   1070   1080   1090   1100
    |           |             |   1110   1120   1130   1140   1160   1290   1300
    |           |             |   1330   1340   1350   1360   1370   1380   1390
    |           |             |   1400   6200   6230   6240   7220   7230   7810
    |           |             |   7890   7910   7920   8720   8730
 13 |  29  0.221 |   7620 .191 |    160   2230   5750   5760   5780   5790   6430
    |           |             |   6830   7610   7620   7630   7640   7660   8940
    |           |             |  12080  12100  12120  12140  12160  12170  12180
    |           |             |  12190  12200  12890  13680  14410  15130  15260
    |           |             |  19920
 14 |  29  0.195 |  18000 .165 |  17610  17620  17650  17680  17700  17710  17900
    |           |             |  17910  17920  17930  17960  17970  17980  17990
    |           |             |  18000  18010  18020  18030  18040  18650  18660
    |           |             |  18670  18680  18810  18820  18840  18850  18860
    |           |             |  18870
 15 |  26  0.229 |   2690 .181 |   1670   1680   1690   1700   1750   1760   2690
    |           |             |   2710   2720   2730   2990   3270   3280   3300
    |           |             |   5030   6720   8560   9390   9400  10320  10400
    |           |             |  13840  13850  14130  14140  19340
 16 |  24  0.227 |   7840 .190 |   1440   1450   1460   1470   1480   1490   6080
    |           |             |   6880   6900   7700   7710   7740   7820   7830
    |           |             |   7840   7900   7940   8050   8270   8440   8450
    |           |             |  10030  10050  10630
 17 |  24  0.213 |   2450 .178 |    100    110    200    710    720    730   2390
    |           |             |   2400   2420   2440   2450   2480   2490   2500
    |           |             |   2930   3540   3550  10160  10670  10710  11940
    |           |             |  14240  14250  14260
 18 |  24  0.198 |  15730 .164 |  15530  15560  15570  15580  15590  15600  15610
    |           |             |  15620  15660  15670  15680  15690  15700  15710
    |           |             |  15720  15730  15740  15750  15760  15770  15780
    |           |             |  15790  15960  15970
 19 |  23  0.220 |   3610 .180 |   3380   3390   3440   3450   3460   3560   3570
    |           |             |   3580   3600   3610   3620   3630   3640   3650
    |           |             |   3730   4440   4450   4500   4540   4580  12910
    |           |             |  12960  13020
 20 |  23  0.217 |  12640 .180 |   9460   9470  12540  12550  12560  12580  12590
    |           |             |  12600  12630  12640  12650  12670  12680  13130
    |           |             |  19650  19660  19670  19730  19750  19760  19770
    |           |             |  19820  19830
 21 |  22  0.206 |  17010 .166 |   8140   9150   9160   9430   9440   9450  15410
    |           |             |  15420  16990  17000  17010  17020  17030  17040
    |           |             |  17050  17060  17070  17080  17110  19170  19870
    |           |             |  19880
 22 |  22  0.198 |   5300 .164 |   5250   5260   5270   5280   5290   5300   5310
    |           |             |   5320   5330   5340   5350   5360   5370   5390
    |           |             |   5400   5410   5420   5430   5440   5450   5500
    |           |             |   5510
 23 |  21  0.196 |  15820 .164 |  15630  15640  15650  15800  15810  15820  15830
    |           |             |  15840  15850  15860  15870  15880  15920  15930
    |           |             |  15940  16860  16870  16880  16890  16900  16910
 24 |  19  0.216 |   3170 .177 |    420    500    510    520   3100   3130   3140
    |           |             |   3170   3180   3190   3240   3250  10730  11530
    |           |             |  11540  11570  11580  11590  11600
 25 |  19  0.204 |   4310 .172 |   3840   3850   3860   3870   3900   4210   4220
    |           |             |   4230   4240   4250   4260   4270   4290   4300
    |           |             |   4310   4340   4370   4560  12360
 26 |  18  0.190 |   7040 .158 |   6940   6950   6960   6970   6980   6990   7010
    |           |             |   7020   7030   7040   7050   7060   7090   7100
    |           |             |   7110   7120   7130   7140
 27 |  18  0.237 |   7690 .215 |    810    830    840   1000   5800   6860   6870
    |           |             |   7670   7680   7690   8220   8250   8260   8280
    |           |             |   8430   8480   9910  19490
 28 |  18  0.225 |  14770 .184 |   1310   1320   6210   6220   6280   7450   7870
    |           |             |  10080  10110  14310  14730  14740  14750  14770
    |           |             |  14800  14810  14820  14830
 29 |  17  0.214 |  17500 .177 |  17240  17250  17450  17460  17470  17480  17490
    |           |             |  17500  17510  17550  17560  17570  17580  18190
    |           |             |  18210  18560  18910
 30 |  17  0.195 |  12900 .162 |   3670  12210  12220  12230  12240  12250  12260
    |           |             |  12460  12470  12870  12900  12920  12940  12950
    |           |             |  13030  13050  13230
 31 |  17  0.207 |  19240 .167 |   2650   2740   8610   8620  10410  10420  10430
    |           |             |  11870  11880  11890  11900  19190  19220  19230
    |           |             |  19240  19250  19260
 32 |  17  0.206 |  13280 .179 |  13280  13290  13360  13370  13380  13390  13410
    |           |             |  13420  13430  13440  13480  13490  13500  13510
    |           |             |  13540  13550  13580
 33 |  16  0.204 |  11980 .182 |  11640  11670  11680  11690  11700  11720  11730
    |           |             |  11750  11760  11930  11950  11960  11970  11980
    |           |             |  11990  12000
 34 |  15  0.209 |   9030 .184 |   9010   9030   9170   9190   9380   9420  13650
    |           |             |  14450  14460  14480  14490  14600  14940  19900
    |           |             |  19910
 35 |  15  0.196 |  10890 .166 |  10810  10820  10840  10850  10860  10870  10880
    |           |             |  10890  10900  10910  10920  10930  10970  11190
    |           |             |  11200
 36 |  15  0.214 |   4730 .172 |   4640   4690   4700   4710   4720   4730   4740
    |           |             |   4750   4760   4770   4830   4840   4880   4930
    |           |             |  14160
 37 |  15  0.211 |  16180 .179 |  15900  15910  16070  16080  16090  16140  16150
    |           |             |  16180  16190  16210  16320  16820  16830  16840
    |           |             |  16850
 38 |  14  0.214 |  11160 .168 |  10990  11000  11030  11110  11120  11130  11140
    |           |             |  11150  11160  11170  11180  11290  11300  11400
 39 |  14  0.219 |  18520 .196 |  17280  18110  18230  18240  18250  18350  18360
    |           |             |  18410  18520  18530  18540  18900  18990  19000
 40 |  13  0.220 |    640 .182 |    430    440    450    620    630    640    650
    |           |             |  10180  11610  11620  11630  13810  14350
 41 |  13  0.183 |   5140 .152 |   5090   5100   5110   5120   5130   5140   5150
    |           |             |   5160   5170   5180   5200   5210   5230
 42 |  13  0.208 |   4010 .180 |   3960   3970   3980   3990   4000   4010   4020
    |           |             |   4030   4040   4050   4070   4080   4350
 43 |  13  0.204 |  17170 .166 |  15450  15470  15490  17130  17140  17150  17160
    |           |             |  17170  17180  19040  19050  19060  19070
 44 |  13  0.211 |  12810 .175 |  12420  12660  12690  12740  12800  12810  12820
    |           |             |  12830  12840  13090  13100  13120  19640
 45 |  12  0.207 |  19350 .165 |   1660   3000  10230  11450  11460  19310  19320
    |           |             |  19350  19360  19370  19380  19400
 46 |  12  0.195 |  19510 .168 |  19470  19480  19500  19510  19520  19530  19540
    |           |             |  19560  19570  19580  19600  19980
 47 |  11  0.185 |  17350 .153 |  17260  17270  17290  17310  17320  17330  17340
    |           |             |  17350  17360  17370  17380
 48 |  11  0.176 |  18760 .147 |  18690  18700  18710  18720  18740  18750  18760
    |           |             |  18770  18780  18790  18800
 49 |  11  0.229 |   6440 .199 |   1970   6440  11320  14560  14570  14610  14620
    |           |             |  14630  15090  15100  15110
 50 |  11  0.192 |  11780 .156 |  11770  11780  11790  11800  11810  11820  11830
    |           |             |  11840  11850  11860  11910
 51 |  11  0.199 |   6090 .171 |   6070   6090   6100   6110   6130   6140   9120
    |           |             |  10570  10580  10590  10600
 52 |  10  0.211 |   5000 .174 |   4890   4900   4910   4920   4980   4990   5000
    |           |             |   5010   5020   5040
 53 |  10  0.212 |  19790 .181 |   4160  19630  19690  19700  19710  19720  19740
    |           |             |  19780  19790  19800
 54 |  10  0.188 |  17800 .155 |  17740  17750  17760  17770  17780  17790  17800
    |           |             |  17810  17820  17830
 55 |  10  0.199 |   3420 .178 |   3400   3410   3420   3430   3470   3480   3510
    |           |             |   3520   3530   3720
 56 |   9  0.169 |   2890 .148 |   2830   2840   2850   2860   2870   2880   2890
    |           |             |   2900   2910
 57 |   9  0.184 |  18140 .155 |  18120  18130  18140  18150  18160  18170  18180
    |           |             |  18200  18220
 58 |   9  0.194 |  10780 .161 |  10740  10750  10760  10770  10780  10790  10800
    |           |             |  14520  14540
 59 |   9  0.177 |   8020 .156 |   7950   7960   7970   7980   7990   8000   8010
    |           |             |   8020   8030
 60 |   9  0.239 |   3210 .220 |   1710   1900   1980   3080   3110   3120   3200
    |           |             |   3210  13630
 61 |   9  0.189 |   1210 .161 |   1150   1200   1210   1220   1230   1240   1250
    |           |             |   1260   1270
 62 |   8  0.205 |   5590 .171 |   5530   5560   5570   5590   5600   5610   5620
    |           |             |   5630
 63 |   8  0.193 |  11040 .157 |  11010  11020  11040  11050  11070  11080  11090
    |           |             |  11280
 64 |   8  0.196 |  14760 .170 |   5900   7340   8790   8800  14760  14790  14840
    |           |             |  15370
 65 |   7  0.234 |   4860 .221 |   4800   4810   4820   4850   4860   4870   4960
 66 |   7  0.210 |  16980 .173 |  15460  15500  16960  16970  16980  17090  17100
 67 |   7  0.202 |   5730 .170 |   5690   5710   5720   5730   5740  12110  12880
 68 |   7  0.241 |  19840 .226 |   1410   6170   9110  13900  14050  19430  19840
 69 |   7  0.198 |    480 .168 |    460    470    480    490    530    540    610
 70 |   7  0.204 |  17880 .172 |  17600  17720  17850  17860  17870  17880  17890
 71 |   7  0.223 |  14430 .198 |   9050  14420  14430  14440  14500  15380  15390
 72 |   7  0.188 |   3790 .167 |   3680   3710   3740   3760   3780   3790   3800
 73 |   7  0.183 |  18300 .171 |  18260  18270  18280  18290  18300  18310  18320
 74 |   6  0.221 |  19860 .175 |  19080  19140  19160  19810  19850  19860
 75 |   6  0.208 |   5930 .181 |   5930   5940   9860   9870  15150  15160
 76 |   6  0.213 |  11420 .194 |   2520   2530   2810  11410  11420  11430
 77 |   6  0.244 |   1790 .220 |    250   1770   1780   1790   3090  12020
 78 |   6  0.196 |   5470 .177 |   5460   5470   5480   5490   5540   5550
 79 |   6  0.215 |  12750 .177 |  12720  12730  12750  12760  12770  12780
 80 |   6  0.211 |   2780 .199 |   1520   2780  10040  10090  19290  19300
 81 |   5  0.232 |  12340 .223 |   6620  12340  12350  12610  13080
 82 |   5  0.193 |  17220 .189 |  17210  17220  18380  18390  18400
 83 |   5  0.193 |  19150 .171 |  16950  19110  19120  19130  19150
 84 |   5  0.238 |  16480 .208 |  16010  16420  16480  16490  16550
 85 |   5  0.200 |   5670 .167 |   5640   5660   5670   5680   5700
 86 |   5  0.183 |  17410 .174 |  17400  17410  17420  17430  17440
 87 |   5  0.164 |    570 .151 |    550    560    570    580    590
 88 |   5  0.212 |   2220 .198 |    150    170   2070   2220   3310
 89 |   5  0.198 |  19090 .172 |  19010  19020  19030  19090  19100
 90 |   5  0.191 |  11230 .155 |   5240  11210  11220  11230  11240
 91 |   5  0.175 |   5080 .146 |   5050   5060   5070   5080   8970
 92 |   5  0.191 |   4170 .170 |   4140   4150   4170   4180   4190
 93 |   5  0.243 |   7650 .227 |   2410   7650   9850  11920  12130
 94 |   4  0.241 |  14010 .226 |     10  10290  13990  14010
 95 |   4  0.143 |   4470 .125 |   4460   4470   4480   4490
 96 |   4  0.199 |  13560 .180 |  12570  13530  13560  13570
 97 |   4  0.247 |   9180 .239 |   9180  11340  14590  14930
 98 |   4  0.227 |  12970 .198 |  12450  12970  12980  13200
 99 |   4  0.214 |   8490 .183 |   8070   8460   8490  10620
100 |   4  0.203 |  13820 .191 |   3290  13820  13830  14340
101 |   4  0.254 |   6730 .237 |   6600   6730   8540   9060
102 |   4  0.204 |   3920 .171 |   3910   3920   3940  14170
103 |   4  0.169 |   4670 .150 |   4650   4660   4670   4680
104 |   4  0.232 |  15950 .224 |  15890  15950  16000  16100
105 |   4  0.165 |  16810 .140 |  16240  16790  16800  16810
106 |   4  0.187 |  13470 .169 |  13140  13450  13460  13470
107 |   4  0.222 |  19450 .182 |   1030  19440  19450  19460
108 |   4  0.189 |  19620 .168 |  19550  19590  19610  19620
109 |   4  0.230 |   4630 .198 |   3340   4570   4620   4630
110 |   3  0.223 |  12700 .196 |  12700  12710  12790
111 |   3  0.257 |    680 .227 |    660    680   2790
112 |   3  0.150 |  13960 .136 |  13960  13970  13980
113 |   3  0.139 |   4950 .128 |   4940   4950   4970
114 |   3  0.203 |  19420 .189 |     70  19410  19420
115 |   3  0.156 |  18970 .146 |  18950  18960  18970
116 |   3  0.247 |  11310 .217 |  11310  11330  14580
117 |   3  0.222 |  14200 .208 |   3050  13660  14200
118 |   3  0.142 |   6930 .128 |   6910   6920   6930
119 |   3  0.194 |  17300 .171 |  17300  17530  18550
120 |   3  0.118 |  10940 .112 |  10940  10950  10960
121 |   3  0.169 |  11260 .150 |  11250  11260  11270
122 |   3  0.224 |   7070 .200 |   7000   7070   7080
123 |   3  0.234 |  12010 .228 |   2960  11740  12010
124 |   3  0.221 |  10700 .192 |  10690  10700  11390
125 |   3  0.152 |   3810 .146 |   3810   3820   3830
126 |   3  0.150 |  19200 .138 |  19180  19200  19210
127 |   3  0.237 |   5990 .223 |    670   5990   9730
128 |   3  0.192 |  16930 .174 |  16920  16930  16940
129 |   3  0.173 |  15550 .150 |  15520  15540  15550
130 |   3  0.218 |  14510 .199 |  14510  14530  14550
131 |   2  0.095 |  16280 .095 |  16280  16290
132 |   2  0.283 |   6890 .283 |   6890  15080
133 |   2  0.201 |   2240 .201 |   2240  12030
134 |   2  0.254 |   5380 .254 |   5380   5520
135 |   2  0.219 |   5190 .219 |   5190   5220
136 |   2  0.237 |  15400 .237 |  15400  19890
137 |   2  0.104 |  12850 .104 |  12850  12860
138 |   2  0.101 |  17940 .101 |  17940  17950
139 |   2  0.119 |   3490 .119 |   3490   3500
140 |   2  0.172 |   2540 .172 |   2540  10610
141 |   2  0.198 |  15980 .198 |  15980  15990
142 |   2  0.212 |   6710 .212 |   6710  13730
143 |   2  0.145 |   3880 .145 |   3880   3890
144 |   2  0.240 |   7150 .240 |   7150   7800
145 |   2  0.135 |   8810 .135 |   8810   8820
146 |   2  0.115 |   4780 .115 |   4780   4790
147 |   2  0.226 |   1420 .226 |   1420   8470
148 |   2  0.226 |  18830 .226 |  18830  18880
149 |   2  0.234 |  15480 .234 |  15480  15510
150 |   2  0.161 |  16110 .161 |  16110  16120
151 |   2  0.217 |  17840 .217 |  17840  18370
152 |   2  0.263 |   5770 .263 |   5770  15140
153 |   2  0.263 |   7930 .263 |   7930  10060
154 |   2  0.283 |  12430 .283 |  12430  12990
155 |   2  0.239 |   9480 .239 |   9480  19680
156 |   1       |   3260      |   3260
157 |   1       |   1600      |   1600
158 |   1       |   2630      |   2630
159 |   1       |  17730      |  17730
160 |   1       |   2800      |   2800
161 |   1       |   1280      |   1280
162 |   1       |  13190      |  13190
163 |   1       |  10240      |  10240
164 |   1       |   2510      |   2510
165 |   1       |  17120      |  17120
166 |   1       |  13110      |  13110
167 |   1       |  11560      |  11560
168 |   1       |  10830      |  10830
169 |   1       |  10980      |  10980
170 |   1       |  11060      |  11060
171 |   1       |   3660      |   3660
172 |   1       |   5650      |   5650
173 |   1       |  13520      |  13520
174 |   1       |   4200      |   4200
175 |   1       |   7720      |   7720
176 |   1       |   8830      |   8830
177 |   1       |  11100      |  11100
178 |   1       |   5580      |   5580
179 |   1       |   7300      |   7300
180 |   1       |  18730      |  18730
181 |   1       |  17390      |  17390
182 |   1       |  18330      |  18330
183 |   1       |  14150      |  14150
184 |   1       |  17540      |  17540
185 |   1       |  19390      |  19390
186 |   1       |  14470      |  14470
187 |   1       |    600      |    600
