Using gromos method for clustering
Using RMSD cutoff 0.2 nm
The RMSD ranges from 0.0630742 to 0.984408 nm
Average RMSD is 0.462675
Number of structures for matrix 2001
Energy of the matrix is 46.4898.

Found 207 clusters

Writing middle structure for each cluster to /root/LiSPER_remote/LiSPER_8cand_NaCl_prod_worker/systems/LiA3-Ref/gromacs/cluster_20ns/representative_top_cluster.pdb

cl. | #st  rmsd | middle rmsd | cluster members
  1 | 147  0.211 |  10780 .164 |   9280  10070  10210  10260  10320  10350  10360
    |           |             |  10370  10380  10390  10400  10410  10430  10440
    |           |             |  10450  10460  10500  10510  10520  10540  10550
    |           |             |  10560  10570  10580  10590  10600  10610  10620
    |           |             |  10630  10640  10650  10730  10740  10750  10770
    |           |             |  10780  10790  10840  10850  10870  10880  10890
    |           |             |  10900  10910  11090  11100  11110  11120  11130
    |           |             |  11140  11150  11160  11170  11180  11190  11200
    |           |             |  11210  11220  11230  11240  11260  11270  11280
    |           |             |  11290  11300  11310  11320  11330  11340  11350
    |           |             |  11360  11370  11380  11390  11400  11410  11440
    |           |             |  11460  11500  11510  11520  11540  11550  11560
    |           |             |  11570  11620  11630  11640  11810  11820  11850
    |           |             |  11870  11880  11890  11900  11910  11920  11930
    |           |             |  11940  11950  11960  11970  11980  12040  12050
    |           |             |  12060  12070  12090  12100  12210  12220  12230
    |           |             |  12280  12290  12300  12310  12320  12330  12340
    |           |             |  12350  12360  12370  12380  12390  12400  12410
    |           |             |  12420  12430  12440  12450  12460  12670  12680
    |           |             |  12690  12700  12710  12720  12730  12780  12820
    |           |             |  13000  13010  13150  13160  13190  13290  13300
  2 | 145  0.219 |   2030 .171 |    100    110    130    140    150    160    170
    |           |             |    200   1100   1130   1160   1230   1240   1320
    |           |             |   1330   1350   1360   1370   1380   1440   1460
    |           |             |   1470   1480   1500   1550   1560   1570   1590
    |           |             |   1600   1760   1780   1790   1810   1820   1850
    |           |             |   1880   1890   1900   1910   1920   1930   1950
    |           |             |   1970   2020   2030   2040   2050   2060   2070
    |           |             |   2080   2310   2340   2360   2390   2400   2410
    |           |             |   2420   2430   2440   2450   2540   2550   2570
    |           |             |   2580   2590   2600   2610   2620   2630   2640
    |           |             |   2650   2660   2670   2680   2750   2810   2820
    |           |             |   2830   2840   2850   2870   2880   2890   2900
    |           |             |   2910   2920   2930   2950   2960   2970   2990
    |           |             |   3010   3030   3040   3050   3060   3070   3080
    |           |             |   3090   3100   3110   3180  16270  16450  16480
    |           |             |  16540  16550  16570  16610  16620  16690  16700
    |           |             |  16710  16930  17040  17050  17060  17070  17080
    |           |             |  17190  17200  17220  17250  17260  17270  17290
    |           |             |  17820  17840  17850  17860  17870  18160  18230
    |           |             |  19760  19770  19780  19790  19810  19820  19870
    |           |             |  19880  19900  19910  19920  19930
  3 |  74  0.223 |   1020 .187 |    180    190    900    960    970    980   1000
    |           |             |   1010   1020   1040   1050   1060   1070   1080
    |           |             |   1090   1120   1140   1450   1580   1860   1870
    |           |             |   2090   2100   2110   2260   2300   2320   2330
    |           |             |   2350   2460   2470   2480   2860   3000   3020
    |           |             |   3120   3130   3140   3150   3160   3170   3200
    |           |             |   3580   3590   3600   3610   8180   8190   8280
    |           |             |   8290  16200  16230  16260  16430  16440  16560
    |           |             |  16580  16590  16600  16630  16650  16890  17090
    |           |             |  17100  17160  17210  17660  17670  18050  19300
    |           |             |  19860  19890  19980  20000
  4 |  68  0.217 |   5680 .172 |   4550   4570   4590   4630   4690   4700   4710
    |           |             |   4730   4770   4780   4790   4840   4850   4860
    |           |             |   4910   4940   5360   5370   5450   5460   5470
    |           |             |   5510   5520   5530   5540   5550   5650   5660
    |           |             |   5670   5680   5690   5710   5720   5740   5760
    |           |             |   5770   5780   5810   5820   5830   5840   5860
    |           |             |   5870   5880   5900   5940   5950   5960   5990
    |           |             |   6020   6030   6040   6050   6060   6130   6150
    |           |             |   6200   6210  14680  14730  14780  14970  15070
    |           |             |  15080  15200  15210  15220  15300
  5 |  60  0.213 |   9670 .168 |   9220   9230   9250   9270   9610   9660   9670
    |           |             |   9680   9690   9700   9710   9720   9730   9740
    |           |             |   9750   9780   9810   9820   9850   9860   9870
    |           |             |   9880   9890   9900   9960   9970   9990  10000
    |           |             |  10010  10140  13390  13400  13410  13420  13440
    |           |             |  13470  13480  13490  13500  13510  13520  13550
    |           |             |  14040  14060  14070  14080  14090  14100  14110
    |           |             |  14310  14320  14330  14340  14350  14360  14370
    |           |             |  14380  14390  14410  14420
  6 |  49  0.214 |  19940 .174 |    230    240    260    810    830    840    850
    |           |             |    860    870    890    910    920    930    940
    |           |             |    950    990   1340   1840   1940   2120   2130
    |           |             |   2140   2150   2160   2170   2520   3620   3630
    |           |             |  16640  16660  16670  16940  16950  16970  16990
    |           |             |  17000  17010  17020  17030  17720  17740  19340
    |           |             |  19410  19800  19940  19950  19960  19970  19990
  7 |  45  0.219 |  14720 .172 |   9080   9090  14710  14720  14740  14790  14800
    |           |             |  14810  14830  14840  14850  14860  14870  14880
    |           |             |  14890  14910  15030  15090  15100  15110  15130
    |           |             |  15140  15150  15170  15180  15190  15230  15240
    |           |             |  15250  15310  15320  15440  15450  15460  15480
    |           |             |  15490  15500  15510  15530  15590  15600  15610
    |           |             |  15630  15690  15710
  8 |  39  0.202 |  11730 .162 |  10250  10300  10330  10340  10530  10860  11070
    |           |             |  11080  11480  11490  11590  11600  11610  11660
    |           |             |  11670  11710  11720  11730  11740  11750  11760
    |           |             |  11770  11780  11790  11800  11830  11840  11860
    |           |             |  12080  12110  12120  12200  12240  12250  12260
    |           |             |  12270  12800  12810  12990
  9 |  38  0.218 |  18040 .174 |  16100  16110  16130  16150  16380  16390  16460
    |           |             |  16470  16490  16520  16910  17620  17630  17640
    |           |             |  17650  17880  17900  17910  17920  17930  17950
    |           |             |  17960  18010  18020  18030  18040  18060  18170
    |           |             |  18180  18200  18210  18220  18260  18270  18290
    |           |             |  18690  18740  18750
 10 |  38  0.210 |   8200 .171 |   2370   2690   2760   2770   7720   8060   8090
    |           |             |   8120   8160   8170   8200   8210   8220   8230
    |           |             |   8300   8320   8330   8390   8400   8410   8420
    |           |             |   8430   8470   8480   8490   8500   8510   8520
    |           |             |   8530   8540   8550   8560   8570   8590   8600
    |           |             |   8610   8650   8700
 11 |  35  0.201 |  17380 .165 |   7380  16020  16040  17360  17370  17380  17390
    |           |             |  17400  17410  17420  17460  17480  17490  17500
    |           |             |  17510  17520  17540  17550  17560  17570  17580
    |           |             |  17590  17600  17610  18300  18540  18550  18560
    |           |             |  18570  18580  18590  18600  18610  18620  18680
 12 |  33  0.212 |   2490 .169 |    880   1030   2210   2220   2230   2250   2490
    |           |             |   2500   2510   3230   3280   3290   3300   3310
    |           |             |   3320   3330   3360   3400   3410   3470   3480
    |           |             |   3490   3500   3520   3530   3550   3560   3570
    |           |             |   7690  16880  16900  18280  19560
 13 |  30  0.214 |  10720 .180 |   9440  10470  10480  10490  10690  10700  10710
    |           |             |  10720  10760  11430  11450  11470  11530  12830
    |           |             |  12840  12850  12870  12970  12980  13100  13130
    |           |             |  13140  13210  13220  13230  13240  13250  13260
    |           |             |  13270  13280
 14 |  29  0.217 |   6140 .191 |   4560   4610   4680   4720   4750   4760   4810
    |           |             |   4830   4870   4920   4930   5260   5310   5340
    |           |             |   5350   5440   5790   5800   5850   5890   5910
    |           |             |   5970   5980   6000   6010   6140   6170   6180
    |           |             |  15260
 15 |  28  0.212 |   9200 .170 |   9100   9110   9190   9200   9210   9260   9640
    |           |             |   9760   9770  10040  10050  10060  10080  10090
    |           |             |  10100  10110  10120  10130  10150  10180  10810
    |           |             |  10830  10920  10930  10950  10990  12470  15760
 16 |  25  0.200 |     20 .167 |      0     10     20     30     70   3790   3800
    |           |             |   3810   3820   3840   3850   3860   3870   3880
    |           |             |   3890   3900   3960   3970   3990   4000   4010
    |           |             |   4020   4030   4040  19620
 17 |  25  0.212 |  16190 .172 |   1150   1170   1180   1190   1200   2980  16140
    |           |             |  16160  16170  16180  16190  16210  16220  16240
    |           |             |  16250  16330  16420  16530  16730  17890  18090
    |           |             |  18100  18110  18150  18190
 18 |  25  0.219 |  17120 .171 |   1110   1420   1430   1540   1730   2940   3190
    |           |             |   3210   3220   3340   3350   3710   8450  16720
    |           |             |  17110  17120  17130  17140  17150  17180  17230
    |           |             |  17240  17280  17300  18760
 19 |  24  0.215 |  14430 .172 |   8850   8990   9010   9040   9050   9060   9070
    |           |             |   9790   9830   9840  12530  12550  12560  13580
    |           |             |  13610  13620  13630  14400  14430  14440  14450
    |           |             |  14470  14500  14510
 20 |  23  0.198 |   6750 .167 |   6670   6680   6690   6710   6720   6730   6740
    |           |             |   6750   6760   6770   6780   6790   6800   6810
    |           |             |   6820   6830   6840   6850   6880   6890   6900
    |           |             |   6910   6940
 21 |  22  0.199 |   7930 .156 |   7390   7400   7410   7440   7450   7590   7600
    |           |             |   7610   7620   7630   7640   7650   7710   7920
    |           |             |   7930   7940   8000   8010   8020   8030   8040
    |           |             |   8050
 22 |  19  0.195 |   5120 .164 |   5090   5100   5110   5120   5130   5140   5150
    |           |             |   5160   5170   5190   5200   5210   5220   5250
    |           |             |   5290   5300   5320   5730  15770
 23 |  18  0.204 |  19070 .167 |  18980  18990  19000  19010  19020  19060  19070
    |           |             |  19080  19090  19170  19190  19200  19210  19230
    |           |             |  19260  19270  19280  19330
 24 |  17  0.213 |   8870 .172 |    800   2200   8840   8860   8870   8880   8890
    |           |             |   8900   8910   8920   8930  14490  19500  19520
    |           |             |  19530  19540  19550
 25 |  17  0.220 |   6100 .178 |   4580   4620   4740   4800   4820   5480   6070
    |           |             |   6080   6090   6100   6110   6120   6220  14750
    |           |             |  14760  15330  15340
 26 |  17  0.201 |   7040 .175 |   6240   6250   6260   6270   6280   6310   6330
    |           |             |   6930   6950   6960   6970   6980   7040   7050
    |           |             |   7070   7080   7100
 27 |  16  0.205 |    330 .173 |    280    290    300    310    320    330    340
    |           |             |    350    670    720    740  16810  16820  16830
    |           |             |  19390  19400
 28 |  16  0.210 |   8790 .173 |   8740   8750   8760   8770   8780   8790   8800
    |           |             |   8810   8820  11000  11010  11020  11050  18710
    |           |             |  18720  18730
 29 |  15  0.214 |  15970 .173 |  15940  15950  15960  15970  15980  15990  16000
    |           |             |  16010  16030  17430  18470  18480  18490  18500
    |           |             |  18530
 30 |  15  0.230 |  17780 .205 |   1210   1220   1250   1270   1290   1300   1310
    |           |             |   1530  16680  17770  17780  17790  17800  17810
    |           |             |  17830
 31 |  15  0.193 |    570 .162 |    440    450    500    510    520    530    560
    |           |             |    570    580    590    600    610    620    630
    |           |             |    640
 32 |  15  0.196 |  13790 .167 |   9400  13670  13680  13710  13730  13750  13760
    |           |             |  13770  13780  13790  13800  13810  13820  13830
    |           |             |  13840
 33 |  15  0.228 |   2530 .197 |    250    270   1770   1800   1960   2530   3640
    |           |             |  16740  17700  19350  19360  19370  19750  19830
    |           |             |  19850
 34 |  14  0.198 |  14160 .168 |  14050  14120  14130  14140  14150  14160  14170
    |           |             |  14180  14200  14210  14230  14240  14250  14260
 35 |  14  0.226 |  15680 .187 |   4650   4660   4880   5040  14530  15120  15160
    |           |             |  15620  15640  15650  15660  15670  15680  15700
 36 |  14  0.199 |   4370 .159 |   4290   4310   4320   4330   4340   4350   4360
    |           |             |   4370   4380   4390   4400   4410   4420   4430
 37 |  14  0.197 |  13970 .161 |   9800  13430  13910  13920  13930  13940  13950
    |           |             |  13960  13970  13980  13990  14000  14010  14290
 38 |  14  0.211 |  18350 .165 |   3260   7790  16060  16070  16080  16090  18310
    |           |             |  18340  18350  18360  18370  18390  18400  18410
 39 |  14  0.201 |  15290 .166 |  14660  15020  15040  15270  15280  15290  15350
    |           |             |  15360  15370  15380  15390  15400  15430  15540
 40 |  13  0.182 |   1670 .150 |   1610   1620   1630   1640   1650   1660   1670
    |           |             |   1680   1690   1700   1710   3680   3690
 41 |  13  0.195 |   9140 .168 |   9120   9130   9140   9150   9160   9170   9180
    |           |             |   9240   9560   9570   9580   9620  11030
 42 |  13  0.226 |   4960 .201 |   4640   4670   4890   4950   4960   4970   4980
    |           |             |   4990   5000   5270   5280   5580   5750
 43 |  12  0.189 |   8660 .158 |   7680   8240   8250   8260   8270   8310   8460
    |           |             |   8620   8630   8640   8660   8670
 44 |  11  0.197 |  16290 .162 |  16280  16290  16300  16310  16320  16360  16370
    |           |             |  16780  16800  17730  17750
 45 |  11  0.203 |   9320 .162 |   9290   9300   9310   9320   9330   9340   9350
    |           |             |   9370   9510   9520  13370
 46 |  11  0.205 |   2740 .178 |   1390   1740   2240   2710   2720   2730   2740
    |           |             |  16120  17320  17330  17340
 47 |  11  0.228 |  10940 .195 |   9630  10310  10800  10820  10940  10970  10980
    |           |             |  11580  12660  13020  13030
 48 |  11  0.213 |  12750 .179 |  10680  11250  11420  11650  12740  12750  12760
    |           |             |  12770  12790  13110  13180
 49 |  10  0.200 |   6420 .171 |   6190   6350   6360   6370   6380   6400   6410
    |           |             |   6420   6430   6440
 50 |  10  0.162 |  19670 .141 |  19630  19640  19650  19660  19670  19680  19690
    |           |             |  19700  19710  19720
 51 |  10  0.219 |   8980 .196 |   8940   8950   8960   8970   8980   9000   9020
    |           |             |  12540  12590  14820
 52 |  10  0.213 |  18850 .182 |  18830  18840  18850  18860  18870  18880  18900
    |           |             |  18910  18940  18950
 53 |   9  0.177 |   6620 .154 |   6580   6590   6600   6610   6620   6630   6640
    |           |             |   6650   6660
 54 |   9  0.205 |   4510 .168 |   4450   4460   4470   4480   4490   4500   4510
    |           |             |   4520   4540
 55 |   9  0.195 |  15870 .161 |  15830  15850  15860  15870  15880  15890  15900
    |           |             |  15910  15920
 56 |   9  0.183 |   6530 .156 |   6490   6500   6510   6520   6530   6540   6550
    |           |             |   6560   6570
 57 |   9  0.186 |  12900 .165 |  12860  12880  12890  12900  12910  12920  12930
    |           |             |  12940  12960
 58 |   9  0.213 |   7780 .188 |   7670   7740   7750   7760   7770   7780   7810
    |           |             |   7820   8370
 59 |   9  0.217 |  14550 .177 |   5020   5030   5050  14520  14540  14550  14560
    |           |             |  14570  14580
 60 |   9  0.185 |   7150 .147 |   7110   7130   7140   7150   7160   7170   7180
    |           |             |   7190   7200
 61 |   9  0.198 |   2800 .158 |   1400   1490   1510   1520   2010   2380   2780
    |           |             |   2790   2800
 62 |   9  0.205 |   4100 .166 |   4060   4070   4080   4090   4100   4110   4120
    |           |             |   4150   4170
 63 |   8  0.205 |    770 .187 |    770    780    790    820   2190  16960  19470
    |           |             |  19510
 64 |   8  0.208 |  10160 .181 |  10020  10030  10160  10170  10190  10200  13350
    |           |             |  13360
 65 |   8  0.209 |   9490 .176 |   9450   9460   9470   9480   9490   9500  12150
    |           |             |  13200
 66 |   8  0.206 |   7560 .176 |   7530   7540   7550   7560   7570   7580   7950
    |           |             |  18650
 67 |   8  0.212 |  13070 .164 |  13040  13050  13060  13070  13080  13090  13120
    |           |             |  13310
 68 |   8  0.207 |  18240 .191 |  16500  16510  18080  18120  18130  18140  18240
    |           |             |  18250
 69 |   8  0.198 |   9950 .176 |   9390   9410   9910   9920   9930   9940   9950
    |           |             |   9980
 70 |   8  0.181 |  14700 .150 |  10270  10280  14630  14640  14650  14670  14690
    |           |             |  14700
 71 |   8  0.202 |    680 .183 |    650    680    690    700    710    730    750
    |           |             |    760
 72 |   8  0.225 |   7880 .180 |   4160   7830   7860   7870   7880   7890   7900
    |           |             |  12500
 73 |   7  0.172 |  11700 .153 |  11680  11690  11700  12130  12140  12160  12170
 74 |   7  0.223 |  19320 .187 |   2290  17680  17690  17940  18790  19310  19320
 75 |   7  0.173 |  18460 .148 |  18420  18430  18440  18450  18460  18510  18520
 76 |   7  0.187 |  15570 .158 |   5430  15000  15520  15550  15560  15570  15580
 77 |   7  0.201 |   3760 .174 |   3720   3730   3740   3750   3760   3770   3780
 78 |   7  0.224 |   8110 .200 |   7990   8070   8080   8110   8130   8140   8150
 79 |   7  0.196 |   8380 .158 |   7340   7360   8340   8350   8360   8380   8580
 80 |   6  0.164 |  12610 .145 |  12570  12580  12600  12610  12620  12630
 81 |   6  0.216 |  19440 .178 |    220   3650  19420  19430  19440  19450
 82 |   6  0.197 |   3420 .171 |   3250   3420   3430   3440   3450   3460
 83 |   6  0.211 |   4230 .174 |   4190   4220   4230   4240   4250   4260
 84 |   6  0.205 |   5620 .175 |   5570   5610   5620   5630   5640   5930
 85 |   6  0.233 |  13870 .210 |  13720  13850  13860  13870  13880  13890
 86 |   6  0.184 |  19590 .157 |    540  19570  19580  19590  19600  19610
 87 |   6  0.209 |     50 .166 |     40     50     60     80   1410   5380
 88 |   6  0.258 |   6290 .236 |   4300   6230   6290   6300   6320   6340
 89 |   5  0.181 |    370 .164 |    360    370    380    390    400
 90 |   5  0.198 |  18330 .180 |  16400  17440  17450  18320  18330
 91 |   5  0.258 |   3660 .234 |    120   1830   2560   3660   3670
 92 |   5  0.183 |   3940 .147 |   3910   3920   3930   3940   3950
 93 |   5  0.199 |  19160 .170 |  18780  19140  19150  19160  19250
 94 |   5  0.161 |  12000 .152 |  11990  12000  12010  12020  12030
 95 |   5  0.167 |   7230 .149 |   7210   7220   7230   7240   7250
 96 |   5  0.198 |  13560 .174 |  13540  13560  13570  13590  13600
 97 |   5  0.196 |  15750 .160 |  15730  15740  15750  15780  15790
 98 |   5  0.190 |  17980 .158 |   3510  17970  17980  17990  18000
 99 |   5  0.154 |  19040 .136 |  18960  18970  19030  19040  19050
100 |   5  0.206 |   5400 .180 |   4600   5390   5400   5410   5420
101 |   5  0.229 |   8680 .191 |   7700   7910   8680   8690  11060
102 |   5  0.185 |  19740 .170 |   1750   2700  17310  19730  19740
103 |   5  0.188 |   7460 .172 |   7420   7430   7460   7470   7480
104 |   5  0.224 |  13650 .196 |   9420  13640  13650  13660  13740
105 |   5  0.192 |   5060 .180 |   5060   5070   5080   5180   5240
106 |   4  0.200 |  14920 .168 |  14900  14920  14930  15060
107 |   4  0.227 |   2280 .199 |   2270   2280   8440  16920
108 |   4  0.143 |    480 .134 |    460    470    480    490
109 |   4  0.177 |  14950 .146 |  14940  14950  14960  14980
110 |   4  0.155 |  14610 .142 |  14590  14600  14610  14620
111 |   4  0.184 |  19110 .162 |  19100  19110  19120  19240
112 |   4  0.191 |   3380 .177 |   3270   3370   3380   3390
113 |   4  0.218 |  10220 .179 |   9540  10220  10230  10290
114 |   4  0.156 |  15820 .128 |  15800  15810  15820  15840
115 |   4  0.222 |  14480 .194 |   8830  12520  14460  14480
116 |   4  0.165 |   7010 .142 |   6990   7000   7010   7020
117 |   4  0.194 |  16860 .166 |  16840  16850  16860  16870
118 |   4  0.172 |   6470 .159 |   6450   6460   6470   6480
119 |   4  0.245 |   5700 .214 |   5330   5700   5920   6160
120 |   4  0.204 |  18640 .175 |  17470  18630  18640  18660
121 |   4  0.172 |   7500 .150 |   7490   7500   7510   7520
122 |   3  0.142 |  18810 .126 |  18800  18810  18820
123 |   3  0.208 |  14220 .194 |  14220  14270  14300
124 |   3  0.212 |  12190 .181 |   9530  12180  12190
125 |   3  0.192 |   1990 .185 |   1980   1990   2000
126 |   3  0.231 |  18700 .223 |   3540  16410  18700
127 |   3  0.263 |  10660 .230 |  10660  10670  10960
128 |   3  0.196 |  18920 .180 |  18890  18920  18930
129 |   3  0.178 |   9590 .162 |   9590   9600   9650
130 |   3  0.186 |   7970 .162 |   7960   7970   7980
131 |   3  0.197 |   9430 .186 |   9360   9430  13380
132 |   3  0.167 |  16750 .158 |  16750  16760  16770
133 |   3  0.233 |   7030 .213 |   7030   7060   7090
134 |   3  0.198 |    420 .184 |    410    420    430
135 |   3  0.185 |   5590 .165 |   4900   5590   5600
136 |   3  0.228 |  17710 .219 |    210  17710  19290
137 |   3  0.169 |   7300 .152 |   7290   7300   7310
138 |   3  0.139 |  13330 .118 |  13320  13330  13340
139 |   3  0.206 |   7320 .196 |   7320   7330   7350
140 |   3  0.235 |   6860 .206 |   6860   6870   6920
141 |   3  0.172 |   7270 .158 |   7260   7270   7280
142 |   3  0.224 |  12490 .204 |  12480  12490  15720
143 |   3  0.196 |   8720 .176 |   8710   8720   8730
144 |   3  0.268 |  19490 .260 |   2180  19460  19490
145 |   2  0.099 |   5490 .099 |   5490   5500
146 |   2  0.173 |  13690 .173 |  13690  13700
147 |   2  0.229 |  12510 .229 |  12510  12640
148 |   2  0.158 |   7840 .158 |   7840   7850
149 |   2  0.259 |   1280 .259 |   1280  16790
150 |   2  0.249 |  16050 .249 |  16050  18380
151 |   2  0.234 |  14990 .234 |  14990  15010
152 |   2  0.232 |  17760 .232 |  17760  19840
153 |   2  0.127 |  15410 .127 |  15410  15420
154 |   2  0.125 |  16340 .125 |  16340  16350
155 |   2  0.126 |   4200 .126 |   4200   4210
156 |   2  0.088 |  14020 .088 |  14020  14030
157 |   2  0.206 |   1260 .206 |   1260  18070
158 |   2  0.133 |   4270 .133 |   4270   4280
159 |   2  0.132 |   4130 .132 |   4130   4140
160 |   2  0.248 |  17350 .248 |  17350  18670
161 |   2  0.280 |  18770 .280 |  18770  19220
162 |   2  0.253 |   9550 .253 |   9550  14190
163 |   2  0.171 |  13450 .171 |  13450  13460
164 |   2  0.277 |   1720 .277 |   1720   3240
165 |   1       |   5560      |   5560
166 |   1       |  17530      |  17530
167 |   1       |   4050      |   4050
168 |   1       |   5010      |   5010
169 |   1       |   4180      |   4180
170 |   1       |   8100      |   8100
171 |   1       |   3980      |   3980
172 |   1       |   7800      |   7800
173 |   1       |  19180      |  19180
174 |   1       |  16980      |  16980
175 |   1       |   5230      |   5230
176 |   1       |   7370      |   7370
177 |   1       |   3830      |   3830
178 |   1       |  10420      |  10420
179 |   1       |  13170      |  13170
180 |   1       |   9030      |   9030
181 |   1       |  17170      |  17170
182 |   1       |    550      |    550
183 |   1       |   6390      |   6390
184 |   1       |  14770      |  14770
185 |   1       |  19480      |  19480
186 |   1       |  15930      |  15930
187 |   1       |  19380      |  19380
188 |   1       |   7120      |   7120
189 |   1       |  15470      |  15470
190 |   1       |    660      |    660
191 |   1       |  15050      |  15050
192 |   1       |  13530      |  13530
193 |   1       |   4530      |   4530
194 |   1       |  14280      |  14280
195 |   1       |  11040      |  11040
196 |   1       |  13900      |  13900
197 |   1       |   3700      |   3700
198 |   1       |   6700      |   6700
199 |   1       |   7660      |   7660
200 |   1       |  12650      |  12650
201 |   1       |     90      |     90
202 |   1       |  12950      |  12950
203 |   1       |   7730      |   7730
204 |   1       |  19130      |  19130
205 |   1       |  10240      |  10240
206 |   1       |   4440      |   4440
207 |   1       |   9380      |   9380
