bash: warning: setlocale: LC_ALL: cannot change locale (en_US.UTF-8)
                :-) GROMACS - gmx mdrun, 2026.0-conda_forge (-:

Executable:   /root/miniconda3/envs/lisper-gmx/bin.AVX2_256/gmx
Data prefix:  /root/miniconda3/envs/lisper-gmx
Working dir:  /root/LiSPER_remote/LiSPER_8cand_NaCl_prod_worker/systems/LiDA-1/gromacs/umbrella_sampling_binding_site_v2/v3_tail_repair_20260629_1915/window_021_extend_2ns
Command line:
  gmx mdrun -s umbrella_ext.tpr -deffnm umbrella_ext -cpi /root/LiSPER_remote/LiSPER_8cand_NaCl_prod_worker/systems/LiDA-1/gromacs/umbrella_sampling_binding_site_v2/window_021_2.75nm/umbrella.cpt -noappend -ntmpi 1 -ntomp 1

Compiled SIMD is AVX2_256, but CPU also supports AVX_512 (see log).
The current CPU can measure timings more accurately than the code in
gmx mdrun was configured to use. This might affect your simulation
speed as accurate timings are needed for load-balancing.
Please consider rebuilding gmx mdrun with the GMX_USE_RDTSCP=ON CMake option.
Reading file umbrella_ext.tpr, VERSION 2026.0-conda_forge (single precision)
Changing nstlist from 20 to 80, rlist from 1.226 to 1.327


Using 1 MPI thread
Using 1 OpenMP thread 


NOTE: OS CPU limit is lower than logical cpu count, thread pinning disabled.
starting mdrun 'Title'
2000000 steps,   4000.0 ps (continuing from step 1000000,   2000.0 ps).

Writing final coordinates.

               Core t (s)   Wall t (s)        (%)
       Time:    35736.124    35736.124      100.0
                         9h55:36
                 (ns/day)    (hour/ns)    (ms/step)  (Matom*steps/s) 
Performance:        4.835        4.963       35.736            0.558 

GROMACS reminds you: "They never asked me to go back over (my calculations) because when I did it, I had done my best, and it was right." (Kathrine Jonson (legendary NASA mathematician))

