bash: warning: setlocale: LC_ALL: cannot change locale (en_US.UTF-8): No such file or directory
bash: warning: setlocale: LC_ALL: cannot change locale (en_US.UTF-8): No such file or directory
                :-) GROMACS - gmx mdrun, 2026.0-conda_forge (-:

Executable:   /home/jackieeelin929/opt/lisper_gmx_env/bin.AVX2_256/gmx
Data prefix:  /home/jackieeelin929/opt/lisper_gmx_env
Working dir:  /mnt/lisper_data/LiSPER_remote/LiSPER_8cand_NaCl_overflow_workerA/systems/LiN3-Core/gromacs/run_prod_20ns
Command line:
  gmx mdrun -deffnm step5_production_20ns -cpi /mnt/lisper_data/LiSPER_remote/LiSPER_8cand_NaCl_overflow_workerA/systems/LiN3-Core/gromacs/run_prod_20ns/step5_production_20ns.cpt -append -ntmpi 1 -ntomp 2

The current CPU can measure timings more accurately than the code in
gmx mdrun was configured to use. This might affect your simulation
speed as accurate timings are needed for load-balancing.
Please consider rebuilding gmx mdrun with the GMX_USE_RDTSCP=ON CMake option.
Reading file step5_production_20ns.tpr, VERSION 2026.0-conda_forge (single precision)
Changing nstlist from 20 to 80, rlist from 1.226 to 1.327

Using 1 MPI thread
Using 2 OpenMP threads 


NOTE: The number of threads is not equal to the number of (logical) cpus
      and the -pin option is set to auto: will not pin threads to cpus.
      This can lead to significant performance degradation.
      Consider using -pin on (and -pinoffset in case you run multiple jobs).
starting mdrun 'Title'
10000000 steps,  20000.0 ps (continuing from step 9762880,  19525.8 ps).

Writing final coordinates.

               Core t (s)   Wall t (s)        (%)
       Time:    30193.706    15096.854      200.0
                         4h11:36
                 (ns/day)    (hour/ns)    (ms/step)  (Matom*steps/s) 
Performance:        2.714        8.843       63.667            0.699 

GROMACS reminds you: "It is not critical to add the next quote to a patch release" (Paul Bauer)

