                :-) GROMACS - gmx grompp, 2026.0-conda_forge (-:

Executable:   /root/miniconda3/envs/lisper-gmx/bin.AVX2_256/gmx
Data prefix:  /root/miniconda3/envs/lisper-gmx
Working dir:  /root/LiSPER_remote/LiSPER_8cand_LiCl/systems/LiA3-Ref/gromacs
Command line:
  gmx grompp -f /root/LiSPER_remote/LiSPER_8cand_LiCl/systems/LiA3-Ref/gromacs/run_prod_20ns/step5_production_20ns.mdp -o /root/LiSPER_remote/LiSPER_8cand_LiCl/systems/LiA3-Ref/gromacs/run_prod_20ns/step5_production_20ns.tpr -c /root/LiSPER_remote/LiSPER_8cand_LiCl/systems/LiA3-Ref/gromacs/run_eq/step4.1_equilibration.gro -p /root/LiSPER_remote/LiSPER_8cand_LiCl/systems/LiA3-Ref/gromacs/topol_cleaned_for_prod.top -n /root/LiSPER_remote/LiSPER_8cand_LiCl/systems/LiA3-Ref/gromacs/run_eq/index_clean.ndx -maxwarn 1

Generating 1-4 interactions: fudge = 1
Number of degrees of freedom in T-Coupling group SOLU is 397.00
Number of degrees of freedom in T-Coupling group SOLV is 91875.00

GROMACS reminds you: "Nothing is more anarchic than power." (Pier Paolo Pasolini)

Setting the LD random seed to 224321405

Generated 275 of the 276 non-bonded parameter combinations

Generated 105 of the 276 1-4 parameter combinations

Excluding 3 bonded neighbours molecule type 'PROA'

turning H bonds into constraints...

Excluding 1 bonded neighbours molecule type 'LIT'

turning H bonds into constraints...

Excluding 1 bonded neighbours molecule type 'CLA'

turning H bonds into constraints...

Excluding 2 bonded neighbours molecule type 'TIP3'

turning H bonds into constraints...

Taking velocities from '/root/LiSPER_remote/LiSPER_8cand_LiCl/systems/LiA3-Ref/gromacs/run_eq/step4.1_equilibration.gro'

The largest distance between excluded atoms is 0.393 nm between atom 66 and 78

Determining Verlet buffer for a tolerance of 0.005 kJ/mol/ps at 298.15 K

Calculated rlist for 1x1 atom pair-list as 1.296 nm, buffer size 0.096 nm

Set rlist, assuming 4x4 atom pair-list, to 1.224 nm, buffer size 0.024 nm

Note that mdrun will redetermine rlist based on the actual pair-list setup
Calculating fourier grid dimensions for X Y Z
Using a fourier grid of 72x72x72, spacing 0.119 0.119 0.119

Estimate for the relative computational load of the PME mesh part: 0.19

This run will generate roughly 451 Mb of data
