                :-) GROMACS - gmx mdrun, 2026.0-conda_forge (-:

Copyright 1991-2026 The GROMACS Authors.
GROMACS is free software; you can redistribute it and/or modify it
under the terms of the GNU Lesser General Public License
as published by the Free Software Foundation; either version 2.1
of the License, or (at your option) any later version.

                         Current GROMACS contributors:
       Mark Abraham           Andrey Alekseenko           Brian Andrews       
        Paul Bauer              Cathrine Bergh              Hugh Bird         
      Eliane Briand               Ania Brown                Yiqi Chen         
      Mahesh Doijade            Giacomo Fiorin          Stefan Fleischmann    
      Sergey Gorelov         Gilles Gouaillardet            Alan Gray         
   Farzaneh Jalalypour         Petter Johansson          Carsten Kutzner      
    Grzegorz Łazarski         Justin A. Lemkul          Magnus Lundborg      
        Julio Maia               Pascal Merz             Vedran Miletić      
      Dmitry Morozov           Lukas Müllender           Szilárd Páll      
 Andrea Pasquadibisceglie     Michele Pellegrino         Nicola Piasentin     
     Daniele Rapetti         Muhammad Umair Sadiq         Hubert Santuz       
      Michael Shirts           Tatiana Shugaeva          Alexey Shvetsov      
     Bálint Soproni            Philip Turner            Alessandra Villa     
        Yang Zhang        

                         Previous GROMACS contributors:
        Emile Apol             Rossen Apostolov           James Barnett       
      Vladimir Basov        Herman J.C. Berendsen          Par Bjelkmar       
      Christian Blau          Viacheslav Bolnykh            Kevin Boyd        
    Aldert van Buuren          Carlo Camilloni           Rudi van Drunen      
      Anton Feenstra           Oliver Fleetwood            Vytas Gapsys       
       Gaurav Garg             Gerrit Groenhof            Bert de Groot       
      Anca Hamuraru           Vincent Hindriksen          Victor Holanda      
     M. Eric Irrgang           Aleksei Iupinov              Joe Jordan        
    Christoph Junghans        Prashanth Kanduri        Dimitrios Karkoulis    
       Peter Kasson             Sebastian Kehl           Sebastian Keller     
        Jiri Kraus               Per Larsson              Viveca Lindahl      
      Erik Marklund           Pieter Meulenhoff           Teemu Murtola       
       Julien Nabet              Sander Pronk             Roland Schulz       
      Alfons Sijbers         David van der Spoel          Peter Tieleman      
      Carsten Uphoff             Jon Vincent             Teemu Virolainen     
    Christian Wennberg     Sebastian Wingbermühle         Maarten Wolf       
      Artem Zhmurov       

                  Coordinated by the GROMACS project leaders:
                           Berk Hess and Erik Lindahl

GROMACS:      gmx mdrun, version 2026.0-conda_forge
Executable:   /root/miniconda3/envs/lisper-gmx/bin.AVX2_256/gmx
Data prefix:  /root/miniconda3/envs/lisper-gmx
Working dir:  /root/LiSPER_remote/LiSPER_8cand_LiCl/systems/LiDA-1/gromacs/umbrella_sampling/pull
Process ID:   117378
Command line:
  gmx mdrun -deffnm pull -ntmpi 1 -ntomp 1

GROMACS version:     2026.0-conda_forge
Precision:           mixed
Memory model:        64 bit
MPI library:         thread_mpi
MPI version:         built in
OpenMP support:      enabled (GMX_OPENMP_MAX_THREADS = 128)
GPU support:         OpenCL
NBNxM GPU setup:     super-cluster 2x2x2 / cluster 8 (cluster-pair splitting on)
SIMD instructions:   AVX2_256
CPU FFT library:     fftw-3.3.11-sse2-avx
GPU FFT library:     clFFT
Multi-GPU FFT:       none
RDTSCP:              disabled
TNG support:         enabled
Hwloc support:       disabled
Tracing support:     disabled
Colvars support:     enabled (version 2025-10-13)
CP2K support:        disabled
Torch support:       disabled
Plumed support:      enabled
C compiler:          /home/conda/feedstock_root/build_artifacts/gromacs_1770909732141/_build_env/bin/x86_64-conda-linux-gnu-cc GNU 14.3.0
C compiler flags:    -fexcess-precision=fast -funroll-all-loops -mavx2 -mfma -Wno-missing-field-initializers -O3 -DNDEBUG
C++ compiler:        /home/conda/feedstock_root/build_artifacts/gromacs_1770909732141/_build_env/bin/x86_64-conda-linux-gnu-c++ GNU 14.3.0
C++ compiler flags:  -fexcess-precision=fast -funroll-all-loops -mavx2 -mfma -Wno-missing-field-initializers -Wno-stringop-truncation -Wno-cast-function-type-strict SHELL:-fopenmp -O3 -DNDEBUG
BLAS library:        Internal
LAPACK library:      Internal
OpenCL include dir:  /root/miniconda3/envs/lisper-gmx/include
OpenCL library:      /root/miniconda3/envs/lisper-gmx/lib/libOpenCL.so
OpenCL version:      3.0


Running on 1 node with total 64 cores, 128 processing units (GPU detection failed: No valid OpenCL driver found)
Hardware detected on host autodl-container-09ac499132-b7ff4379:
  CPU info:
    Vendor: Intel
    Brand:  Intel(R) Xeon(R) Platinum 8352S CPU @ 2.20GHz
    Family: 6   Model: 106   Stepping: 6
    Features: aes apic avx avx2 avx512f avx512cd avx512bw avx512vl avx512secondFMA clfsh cmov cx8 cx16 f16c fma htt intel lahf mmx msr nonstop_tsc pcid pclmuldq pdcm pdpe1gb popcnt pse rdrnd rdtscp sha sse2 sse3 sse4.1 sse4.2 ssse3 tdt x2apic
    Number of AVX-512 FMA units: 2
  Hardware topology: Basic
    Packages, cores, and logical processors:
    [indices refer to OS logical processors]
      Package  0: [   0  64] [   1  65] [   2  66] [   3  67] [   4  68] [   5  69] [   6  70] [   7  71] [   8  72] [   9  73] [  10  74] [  11  75] [  12  76] [  13  77] [  14  78] [  15  79] [  16  80] [  17  81] [  18  82] [  19  83] [  20  84] [  21  85] [  22  86] [  23  87] [  24  88] [  25  89] [  26  90] [  27  91] [  28  92] [  29  93] [  30  94] [  31  95]
      Package  1: [  32  96] [  33  97] [  34  98] [  35  99] [  36 100] [  37 101] [  38 102] [  39 103] [  40 104] [  41 105] [  42 106] [  43 107] [  44 108] [  45 109] [  46 110] [  47 111] [  48 112] [  49 113] [  50 114] [  51 115] [  52 116] [  53 117] [  54 118] [  55 119] [  56 120] [  57 121] [  58 122] [  59 123] [  60 124] [  61 125] [  62 126] [  63 127]
    CPU limit set by OS: 16   Recommended max number of threads: 16

Likely fastest SIMD instructions supported by all nodes: AVX_512
SIMD instructions selected at compile time:              AVX2_256
Merely a note: it is unfortunately hard to know for sure which SIMD
instructions will perform best on this hardware. For non-GPU runs
on Intel CPUs with dual AVX-512 units, using AVX-512 can be good,
while AVX2 is often better for runs also using a GPU. Typically
this is just a few percent, so don't worry unless you are tuning.

The current CPU can measure timings more accurately than the code in
gmx mdrun was configured to use. This might affect your simulation
speed as accurate timings are needed for load-balancing.
Please consider rebuilding gmx mdrun with the GMX_USE_RDTSCP=ON CMake option.

++++ PLEASE READ AND CITE THE FOLLOWING REFERENCE ++++
M. J. Abraham, T. Murtola, R. Schulz, S. Páll, J. C. Smith, B. Hess, E.
Lindahl
GROMACS: High performance molecular simulations through multi-level
parallelism from laptops to supercomputers
SoftwareX (2015)
https://doi.org/10.1016/j.softx.2015.06.001
-------- -------- --- Thank You --- -------- --------


++++ PLEASE READ AND CITE THE FOLLOWING REFERENCE ++++
S. Páll, M. J. Abraham, C. Kutzner, B. Hess, E. Lindahl
Tackling Exascale Software Challenges in Molecular Dynamics Simulations with
GROMACS
In S. Markidis & E. Laure (Eds.), Solving Software Challenges for Exascale (2015)
https://doi.org/10.1007/978-3-319-15976-8_1
-------- -------- --- Thank You --- -------- --------


++++ PLEASE READ AND CITE THE FOLLOWING REFERENCE ++++
S. Pronk, S. Páll, R. Schulz, P. Larsson, P. Bjelkmar, R. Apostolov, M. R.
Shirts, J. C. Smith, P. M. Kasson, D. van der Spoel, B. Hess, E. Lindahl
GROMACS 4.5: a high-throughput and highly parallel open source molecular
simulation toolkit
Bioinformatics (2013)
https://doi.org/10.1093/bioinformatics/btt055
-------- -------- --- Thank You --- -------- --------


++++ PLEASE READ AND CITE THE FOLLOWING REFERENCE ++++
B. Hess, C. Kutzner, D. van der Spoel, E. Lindahl
GROMACS 4: Algorithms for highly efficient, load-balanced, and scalable
molecular simulation
J. Chem. Theory Comput. (2008)
https://doi.org/10.1021/ct700301q
-------- -------- --- Thank You --- -------- --------


++++ PLEASE READ AND CITE THE FOLLOWING REFERENCE ++++
D. van der Spoel, E. Lindahl, B. Hess, G. Groenhof, A. E. Mark, H. J. C.
Berendsen
GROMACS: Fast, Flexible and Free
J. Comp. Chem. (2005)
https://doi.org/10.1002/jcc.20291
-------- -------- --- Thank You --- -------- --------


++++ PLEASE READ AND CITE THE FOLLOWING REFERENCE ++++
E. Lindahl, B. Hess, D. van der Spoel
GROMACS 3.0: A package for molecular simulation and trajectory analysis
J. Mol. Mod. (2001)
https://doi.org/10.1007/s008940100045
-------- -------- --- Thank You --- -------- --------


++++ PLEASE READ AND CITE THE FOLLOWING REFERENCE ++++
H. J. C. Berendsen, D. van der Spoel and R. van Drunen
GROMACS: A message-passing parallel molecular dynamics implementation
Comp. Phys. Comm. (1995)
https://doi.org/10.1016/0010-4655(95)00042-E
-------- -------- --- Thank You --- -------- --------


The number of OpenMP threads was set by environment variable OMP_NUM_THREADS to 1 (and the command-line setting agreed with that)

Input Parameters:
   integrator                     = md
   tinit                          = 0
   dt                             = 0.002
   nsteps                         = 250000
   init-step                      = 0
   simulation-part                = 1
   mts                            = false
   mass-repartition-factor        = 1
   comm-mode                      = Linear
   nstcomm                        = 100
   bd-fric                        = 0
   ld-seed                        = -37970
   emtol                          = 10
   emstep                         = 0.01
   niter                          = 20
   fcstep                         = 0
   nstcgsteep                     = 1000
   nbfgscorr                      = 10
   rtpi                           = 0.05
   nstxout                        = 0
   nstvout                        = 0
   nstfout                        = 0
   nstlog                         = 500
   nstcalcenergy                  = 100
   nstenergy                      = 500
   nstxout-compressed             = 500
   compressed-x-precision         = 1000
   cutoff-scheme                  = Verlet
   nstlist                        = 20
   pbc                            = xyz
   periodic-molecules             = false
   verlet-buffer-tolerance        = 0.005
   verlet-buffer-pressure-tolerance = 0.5
   rlist                          = 1.225
   coulombtype                    = PME
   coulomb-modifier               = Potential-shift
   rcoulomb-switch                = 0
   rcoulomb                       = 1.2
   epsilon-r                      = 1
   epsilon-rf                     = inf
   vdw-type                       = Cut-off
   vdw-modifier                   = Force-switch
   rvdw-switch                    = 1
   rvdw                           = 1.2
   DispCorr                       = No
   table-extension                = 1
   fourierspacing                 = 0.12
   fourier-nx                     = 56
   fourier-ny                     = 56
   fourier-nz                     = 56
   pme-order                      = 4
   ewald-rtol                     = 1e-05
   ewald-rtol-lj                  = 0.001
   lj-pme-comb-rule               = Geometric
   ewald-geometry                 = 3d
   epsilon-surface                = 0
   ensemble-temperature-setting   = constant
   ensemble-temperature           = 298.15
   tcoupl                         = V-rescale
   nsttcouple                     = 100
   nh-chain-length                = 0
   print-nose-hoover-chain-variables = false
   pcoupl                         = C-rescale
   pcoupltype                     = Isotropic
   nstpcouple                     = 100
   tau-p                          = 5
   compressibility (3x3):
      compressibility[    0]={ 4.50000e-05,  0.00000e+00,  0.00000e+00}
      compressibility[    1]={ 0.00000e+00,  4.50000e-05,  0.00000e+00}
      compressibility[    2]={ 0.00000e+00,  0.00000e+00,  4.50000e-05}
   ref-p (3x3):
      ref-p[    0]={ 1.00000e+00,  0.00000e+00,  0.00000e+00}
      ref-p[    1]={ 0.00000e+00,  1.00000e+00,  0.00000e+00}
      ref-p[    2]={ 0.00000e+00,  0.00000e+00,  1.00000e+00}
   refcoord-scaling               = No
   posres-com: not available
   posres-comB: not available
   QMMM                           = false
qm-opts:
   ngQM                           = 0
   constraint-algorithm           = Lincs
   continuation                   = false
   Shake-SOR                      = false
   shake-tol                      = 0.0001
   lincs-order                    = 4
   lincs-iter                     = 1
   lincs-warnangle                = 30
   nwall                          = 0
   wall-type                      = 9-3
   wall-r-linpot                  = -1
   wall-atomtype[0]               = -1
   wall-atomtype[1]               = -1
   wall-density[0]                = 0
   wall-density[1]                = 0
   wall-ewald-zfac                = 3
   pull                           = true
   pull-cylinder-r                = 1.5
   pull-constr-tol                = 1e-06
   pull-print-COM                 = false
   pull-print-ref-value           = false
   pull-print-components          = false
   pull-nstxout                   = 100
   pull-nstfout                   = 100
   pull-pbc-ref-prev-step-com     = false
   pull-xout-average              = false
   pull-fout-average              = false
   pull-ngroups                   = 3
   pull-group 0:
     atom: not available
     weight: not available
     pbcatom                        = -1
   pull-group 1:
     atom (120):
        atom[0,...,119] = {0,...,119}
     weight: not available
     pbcatom                        = 59
   pull-group 2:
     atom (1):
        atom[0]=127
     weight: not available
     pbcatom                        = -1
   pull-ncoords                   = 1
   pull-coord 0:
   type                           = umbrella
   geometry                       = distance
   group[0]                       = 1
   group[1]                       = 2
   dim (3):
      dim[0]=1
      dim[1]=1
      dim[2]=1
   origin (3):
      origin[0]= 0.00000e+00
      origin[1]= 0.00000e+00
      origin[2]= 0.00000e+00
   vec (3):
      vec[0]= 0.00000e+00
      vec[1]= 0.00000e+00
      vec[2]= 0.00000e+00
   start                          = false
   init                           = 0.9449
   rate                           = 0.0036
   k                              = 1000
   kB                             = 1000
   awh                            = false
   rotation                       = false
   interactiveMD                  = false
   disre                          = No
   disre-weighting                = Conservative
   disre-mixed                    = false
   dr-fc                          = 1000
   dr-tau                         = 0
   nstdisreout                    = 100
   orire-fc                       = 0
   orire-tau                      = 0
   nstorireout                    = 100
   free-energy                    = no
   cos-acceleration               = 0
   deform (3x3):
      deform[    0]={ 0.00000e+00,  0.00000e+00,  0.00000e+00}
      deform[    1]={ 0.00000e+00,  0.00000e+00,  0.00000e+00}
      deform[    2]={ 0.00000e+00,  0.00000e+00,  0.00000e+00}
   simulated-tempering            = false
   swapcoords                     = no
   userint1                       = 0
   userint2                       = 0
   userint3                       = 0
   userint4                       = 0
   userreal1                      = 0
   userreal2                      = 0
   userreal3                      = 0
   userreal4                      = 0
   applied-forces:
     electric-field:
       x:
         E0                       = 0
         omega                    = 0
         t0                       = 0
         sigma                    = 0
       y:
         E0                       = 0
         omega                    = 0
         t0                       = 0
         sigma                    = 0
       z:
         E0                       = 0
         omega                    = 0
         t0                       = 0
         sigma                    = 0
     density-guided-simulation:
       active                     = false
       group                      = protein
       similarity-measure         = inner-product
       atom-spreading-weight      = unity
       force-constant             = 1e+09
       gaussian-transform-spreading-width = 0.2
       gaussian-transform-spreading-range-in-multiples-of-width = 4
       reference-density-filename = reference.mrc
       nst                        = 1
       normalize-densities        = true
       adaptive-force-scaling     = false
       adaptive-force-scaling-time-constant = 4
       shift-vector               = 
       transformation-matrix      = 
     qmmm-cp2k:
       active                     = false
       qmgroup                    = System
       qmmethod                   = PBE
       qmfilenames                = 
       qmcharge                   = 0
       qmmultiplicity             = 1
     colvars:
       active                     = false
       configfile                 = 
       seed                       = -1
     nnpot:
       active                     = false
       modelfile                  = model.pt
       input-group                = System
       link-type                  = H
       link-distance              = 0.1
       pair-cutoff                = 0
       embedding                  = mechanical
       nnp-charge                 = 0
       model-input1               = 
       model-input2               = 
       model-input3               = 
       model-input4               = 
       model-input5               = 
       model-input6               = 
       model-input7               = 
       model-input8               = 
       model-input9               = 
   fast-multipole-method:
     fmm:
       backend                    = inactive
       exafmm-order               = 6
       exafmm-direct-range        = 2
       exafmm-direct-provider     = GROMACS
       exafmm-tree-type           = uniform
       exafmm-tree-depth          = 0
       exafmm-max-particles-per-cell = 0
       fmsolvr-order              = 8
       fmsolvr-direct-range       = 1
       fmsolvr-direct-provider    = FMM
       fmsolvr-dipole-compensation = true
       fmsolvr-tree-depth         = 3
       fmsolvr-sparse             = false
grpopts:
   nrdf:         306       39681
   ref-t:      298.15      298.15
   tau-t:           1           1
annealing:          No          No
annealing-npoints:           0           0
   acc:	           0           0           0
   nfreeze:           N           N           N
   energygrp-flags[  0]: 0

Changing nstlist from 20 to 80, rlist from 1.225 to 1.326


Initializing Domain Decomposition on 1 ranks
Dynamic load balancing: auto
Using update groups, nr 6703, average size 3.0 atoms, max. radius 0.139 nm
Minimum cell size due to atom displacement: 0.543 nm
Initial maximum distances in bonded interactions:
    two-body bonded interactions: 0.394 nm, LJ-14, atoms 67 81
  multi-body bonded interactions: 0.456 nm, CMAP Dih., atoms 35 44
Minimum cell size due to bonded interactions: 0.502 nm
Using 0 separate PME ranks because: there are too few total ranks for efficient splitting
Optimizing the DD grid for 1 cells with a minimum initial size of 0.543 nm
The maximum allowed number of cells is: X 9 Y 9 Z 9
Domain decomposition grid 1 x 1 x 1, separate PME ranks 0
PME domain decomposition: 1 x 1 x 1

The initial number of communication pulses is:
The initial domain decomposition cell size is:

The maximum allowed distance for atom groups involved in interactions is:
                 non-bonded interactions           1.604 nm
(the following are initial values, they could change due to box deformation)
            two-body bonded interactions  (-rdd)   1.604 nm
          multi-body bonded interactions  (-rdd)   1.604 nm

When dynamic load balancing gets turned on, these settings will change to:
The maximum number of communication pulses is:
The minimum size for domain decomposition cells is 1.604 nm
The requested allowed shrink of DD cells (option -dds) is: 0.80
The allowed shrink of domain decomposition cells is:
The maximum allowed distance for atom groups involved in interactions is:
                 non-bonded interactions           1.604 nm
            two-body bonded interactions  (-rdd)   1.604 nm
          multi-body bonded interactions  (-rdd)   1.604 nm

Local state does not use filler particles

Using 1 MPI thread
Using 1 OpenMP thread 

System total charge: 0.000
Will do PME sum in reciprocal space for electrostatic interactions.

++++ PLEASE READ AND CITE THE FOLLOWING REFERENCE ++++
U. Essmann, L. Perera, M. L. Berkowitz, T. Darden, H. Lee, L. G. Pedersen 
A smooth particle mesh Ewald method
J. Chem. Phys. (1995)
https://doi.org/10.1063/1.470117
-------- -------- --- Thank You --- -------- --------

Using a Gaussian width (1/beta) of 0.384195 nm for Ewald
Potential shift: LJ r^-12: -2.648e-01 r^-6: -5.349e-01, Ewald -8.333e-06
Initialized non-bonded Coulomb Ewald tables, spacing: 1.02e-03 size: 1176

Generated table with 1163 data points for 1-4 COUL.
Tabscale = 500 points/nm
Generated table with 1163 data points for 1-4 LJ6.
Tabscale = 500 points/nm
Generated table with 1163 data points for 1-4 LJ12.
Tabscale = 500 points/nm


Using SIMD4xM 4x8 nonbonded short-range kernels

Using a dual 4x8 pair-list setup updated with dynamic pruning:
  outer list: updated every 80 steps, buffer 0.126 nm, rlist 1.326 nm
  inner list: updated every 12 steps, buffer 0.001 nm, rlist 1.201 nm
At tolerance 0.005 kJ/mol/ps per atom, equivalent classical 1x1 list would be:
  outer list: updated every 80 steps, buffer 0.270 nm, rlist 1.470 nm
  inner list: updated every 12 steps, buffer 0.047 nm, rlist 1.247 nm

The average pressure is off by at most 0.12 bar due to missing LJ interactions
Removing pbc first time

Linking all bonded interactions to atoms


NOTE: OS CPU limit is lower than logical cpu count, thread pinning disabled.

Will apply potential COM pulling
with 1 pull coordinate and 2 groups
Pull group 1:   120 atoms, mass   981.891
Pull group 2:     1 atoms, mass     6.941

Initializing LINear Constraint Solver

++++ PLEASE READ AND CITE THE FOLLOWING REFERENCE ++++
B. Hess, H. Bekker, H. J. C. Berendsen, J. G. E. M. Fraaije
LINCS: A Linear Constraint Solver for molecular simulations
J. Comp. Chem. (1997)
https://doi.org/10.1002/(sici)1096-987x(199709)18:12<1463::aid-jcc4>3.0.co;2-h
-------- -------- --- Thank You --- -------- --------

The number of constraints is 51

++++ PLEASE READ AND CITE THE FOLLOWING REFERENCE ++++
S. Miyamoto, P. A. Kollman
SETTLE: An Analytical Version of the SHAKE and RATTLE Algorithms for Rigid
Water Models
J. Comp. Chem. (1992)
https://doi.org/10.1002/jcc.540130805
-------- -------- --- Thank You --- -------- --------


++++ PLEASE READ AND CITE THE FOLLOWING REFERENCE ++++
G. Bussi, D. Donadio, M. Parrinello
Canonical sampling through velocity rescaling
J. Chem. Phys. (2007)
https://doi.org/10.1063/1.2408420
-------- -------- --- Thank You --- -------- --------


++++ PLEASE READ AND CITE THE FOLLOWING REFERENCE ++++
M. Bernetti, G. Bussi
Pressure control using stochastic cell rescaling
J. Chem. Phys. (2020)
https://doi.org/10.1063/5.0020514
-------- -------- --- Thank You --- -------- --------

There are: 19942 Atoms

Atom distribution over 1 domains: av 19942 stddev 0 min 19942 max 19942

Constraining the starting coordinates (step 0)

Constraining the coordinates at t0-dt (step 0)
Center of mass motion removal mode is Linear
We have the following groups for center of mass motion removal:
  0:  SOLU
  1:  SOLV
RMS relative constraint deviation after constraining: 2.30e-06
Initial temperature: 297.743 K

Started mdrun on rank 0 Sun Jun 21 14:35:07 2026

           Step           Time
              0        0.00000

   Energies (kJ/mol)
           Bond            U-B    Proper Dih.  Improper Dih.      CMAP Dih.
    1.03050e+02    3.25621e+02    3.77202e+02    1.92460e+01    1.49151e+01
          LJ-14     Coulomb-14        LJ (SR)   Coulomb (SR)   Coul. recip.
    6.83453e+01    2.77598e+03    3.15481e+04   -3.27218e+05    9.59438e+02
   COM Pull En.      Potential    Kinetic En.   Total Energy  Conserved En.
    5.22301e-01   -2.91026e+05    5.00574e+04   -2.40968e+05   -2.40981e+05
    Temperature Pressure (bar)   Constr. rmsd
    3.01124e+02   -7.04779e+01    3.06434e-06

           Step           Time
            500        1.00000

   Energies (kJ/mol)
           Bond            U-B    Proper Dih.  Improper Dih.      CMAP Dih.
    1.13473e+02    3.66814e+02    3.56217e+02    1.59989e+01   -7.83170e-01
          LJ-14     Coulomb-14        LJ (SR)   Coulomb (SR)   Coul. recip.
    6.35475e+01    2.79933e+03    3.13092e+04   -3.26536e+05    9.02152e+02
   COM Pull En.      Potential    Kinetic En.   Total Energy  Conserved En.
    1.88709e-01   -2.90610e+05    4.92923e+04   -2.41318e+05   -2.41011e+05
    Temperature Pressure (bar)   Constr. rmsd
    2.96522e+02   -1.77457e+02    2.95191e-06

           Step           Time
           1000        2.00000

   Energies (kJ/mol)
           Bond            U-B    Proper Dih.  Improper Dih.      CMAP Dih.
    1.10484e+02    3.82747e+02    3.47809e+02    1.52731e+01   -1.80415e+01
          LJ-14     Coulomb-14        LJ (SR)   Coulomb (SR)   Coul. recip.
    6.53255e+01    2.76698e+03    3.14654e+04   -3.27072e+05    9.67501e+02
   COM Pull En.      Potential    Kinetic En.   Total Energy  Conserved En.
    1.20401e-02   -2.90968e+05    4.88176e+04   -2.42150e+05   -2.40949e+05
    Temperature Pressure (bar)   Constr. rmsd
    2.93666e+02   -2.08036e+02    2.71990e-06

           Step           Time
           1500        3.00000

   Energies (kJ/mol)
           Bond            U-B    Proper Dih.  Improper Dih.      CMAP Dih.
    8.93399e+01    3.64815e+02    3.84737e+02    2.38912e+01    1.63152e+01
          LJ-14     Coulomb-14        LJ (SR)   Coulomb (SR)   Coul. recip.
    5.91513e+01    2.75265e+03    3.09989e+04   -3.26261e+05    9.46927e+02
   COM Pull En.      Potential    Kinetic En.   Total Energy  Conserved En.
    1.21483e-01   -2.90625e+05    4.96519e+04   -2.40973e+05   -2.40930e+05
    Temperature Pressure (bar)   Constr. rmsd
    2.98685e+02   -1.61985e+02    3.41819e-06

           Step           Time
           2000        4.00000

   Energies (kJ/mol)
           Bond            U-B    Proper Dih.  Improper Dih.      CMAP Dih.
    9.06115e+01    3.21660e+02    3.72943e+02    2.35177e+01   -1.45612e+01
          LJ-14     Coulomb-14        LJ (SR)   Coulomb (SR)   Coul. recip.
    7.34333e+01    2.79884e+03    3.17163e+04   -3.26773e+05    8.48568e+02
   COM Pull En.      Potential    Kinetic En.   Total Energy  Conserved En.
    3.42589e+00   -2.90538e+05    4.96787e+04   -2.40859e+05   -2.40902e+05
    Temperature Pressure (bar)   Constr. rmsd
    2.98846e+02    1.25915e+02    2.08439e-06

           Step           Time
           2500        5.00000

   Energies (kJ/mol)
           Bond            U-B    Proper Dih.  Improper Dih.      CMAP Dih.
    9.74668e+01    3.54492e+02    3.55219e+02    4.13744e+01    1.85968e+01
          LJ-14     Coulomb-14        LJ (SR)   Coulomb (SR)   Coul. recip.
    8.52575e+01    2.80947e+03    3.11053e+04   -3.26446e+05    9.40787e+02
   COM Pull En.      Potential    Kinetic En.   Total Energy  Conserved En.
    3.17994e+00   -2.90635e+05    4.95029e+04   -2.41132e+05   -2.40922e+05
    Temperature Pressure (bar)   Constr. rmsd
    2.97788e+02   -1.38102e+02    3.13261e-06

           Step           Time
           3000        6.00000

   Energies (kJ/mol)
           Bond            U-B    Proper Dih.  Improper Dih.      CMAP Dih.
    9.99484e+01    3.35156e+02    3.42571e+02    2.58679e+01    1.30300e+01
          LJ-14     Coulomb-14        LJ (SR)   Coulomb (SR)   Coul. recip.
    7.29210e+01    2.74551e+03    3.16633e+04   -3.27589e+05    8.92740e+02
   COM Pull En.      Potential    Kinetic En.   Total Energy  Conserved En.
    2.72331e+00   -2.91395e+05    4.92712e+04   -2.42124e+05   -2.41031e+05
    Temperature Pressure (bar)   Constr. rmsd
    2.96395e+02   -1.44448e+02    2.77441e-06

           Step           Time
           3500        7.00000

   Energies (kJ/mol)
           Bond            U-B    Proper Dih.  Improper Dih.      CMAP Dih.
    1.08602e+02    3.07630e+02    3.64537e+02    2.92557e+01    3.48299e-01
          LJ-14     Coulomb-14        LJ (SR)   Coulomb (SR)   Coul. recip.
    6.08297e+01    2.79456e+03    3.18931e+04   -3.28309e+05    8.97137e+02
   COM Pull En.      Potential    Kinetic En.   Total Energy  Conserved En.
    3.23873e+00   -2.91849e+05    4.96360e+04   -2.42213e+05   -2.41003e+05
    Temperature Pressure (bar)   Constr. rmsd
    2.98589e+02   -5.88809e+01    1.98446e-06

           Step           Time
           4000        8.00000

   Energies (kJ/mol)
           Bond            U-B    Proper Dih.  Improper Dih.      CMAP Dih.
    1.16914e+02    2.84842e+02    3.63104e+02    1.32122e+01    1.85931e+01
          LJ-14     Coulomb-14        LJ (SR)   Coulomb (SR)   Coul. recip.
    7.27894e+01    2.76330e+03    3.07150e+04   -3.26562e+05    9.45612e+02
   COM Pull En.      Potential    Kinetic En.   Total Energy  Conserved En.
    1.61490e+00   -2.91267e+05    4.90001e+04   -2.42267e+05   -2.40974e+05
    Temperature Pressure (bar)   Constr. rmsd
    2.94764e+02   -3.97969e+02    1.17259e-06

           Step           Time
           4500        9.00000

   Energies (kJ/mol)
           Bond            U-B    Proper Dih.  Improper Dih.      CMAP Dih.
    1.18412e+02    2.89632e+02    3.57891e+02    2.66953e+01   -1.33650e+01
          LJ-14     Coulomb-14        LJ (SR)   Coulomb (SR)   Coul. recip.
    6.61618e+01    2.83765e+03    3.24253e+04   -3.28205e+05    9.32053e+02
   COM Pull En.      Potential    Kinetic En.   Total Energy  Conserved En.
    2.68696e+00   -2.91161e+05    4.89438e+04   -2.42218e+05   -2.41047e+05
    Temperature Pressure (bar)   Constr. rmsd
    2.94425e+02    1.22925e+02    1.76773e-06

           Step           Time
           5000       10.00000

   Energies (kJ/mol)
           Bond            U-B    Proper Dih.  Improper Dih.      CMAP Dih.
    1.28765e+02    3.35631e+02    3.66390e+02    3.21632e+01    5.11246e+00
          LJ-14     Coulomb-14        LJ (SR)   Coulomb (SR)   Coul. recip.
    7.83137e+01    2.83172e+03    3.13296e+04   -3.26786e+05    9.21913e+02
   COM Pull En.      Potential    Kinetic En.   Total Energy  Conserved En.
    1.85928e+00   -2.90755e+05    4.94402e+04   -2.41315e+05   -2.41030e+05
    Temperature Pressure (bar)   Constr. rmsd
    2.97411e+02   -1.28030e+02    2.75823e-06

           Step           Time
           5500       11.00000

   Energies (kJ/mol)
           Bond            U-B    Proper Dih.  Improper Dih.      CMAP Dih.
    1.42320e+02    3.20472e+02    3.70900e+02    2.20833e+01    1.88104e-01
          LJ-14     Coulomb-14        LJ (SR)   Coulomb (SR)   Coul. recip.
    5.68717e+01    2.73872e+03    3.19515e+04   -3.27190e+05    8.72129e+02
   COM Pull En.      Potential    Kinetic En.   Total Energy  Conserved En.
    1.04757e+00   -2.90714e+05    4.98312e+04   -2.40883e+05   -2.40864e+05
    Temperature Pressure (bar)   Constr. rmsd
    2.99763e+02    1.14122e+02    1.09731e-06

           Step           Time
           6000       12.00000

   Energies (kJ/mol)
           Bond            U-B    Proper Dih.  Improper Dih.      CMAP Dih.
    1.30051e+02    3.22826e+02    3.68094e+02    3.19746e+01    1.77542e+01
          LJ-14     Coulomb-14        LJ (SR)   Coulomb (SR)   Coul. recip.
    5.70224e+01    2.82287e+03    3.03584e+04   -3.24832e+05    9.16474e+02
   COM Pull En.      Potential    Kinetic En.   Total Energy  Conserved En.
    4.05973e-01   -2.89806e+05    4.94148e+04   -2.40391e+05   -2.40853e+05
    Temperature Pressure (bar)   Constr. rmsd
    2.97259e+02   -2.60349e+02    1.74604e-06

           Step           Time
           6500       13.00000

   Energies (kJ/mol)
           Bond            U-B    Proper Dih.  Improper Dih.      CMAP Dih.
    1.07424e+02    3.73136e+02    3.66285e+02    1.41205e+01    6.18577e-01
          LJ-14     Coulomb-14        LJ (SR)   Coulomb (SR)   Coul. recip.
    7.42091e+01    2.77749e+03    3.22455e+04   -3.27996e+05    9.05017e+02
   COM Pull En.      Potential    Kinetic En.   Total Energy  Conserved En.
    3.28049e-01   -2.91132e+05    4.99346e+04   -2.41197e+05   -2.40870e+05
    Temperature Pressure (bar)   Constr. rmsd
    3.00385e+02    3.41315e+02    1.37030e-06

           Step           Time
           7000       14.00000

   Energies (kJ/mol)
           Bond            U-B    Proper Dih.  Improper Dih.      CMAP Dih.
    9.60962e+01    3.07137e+02    3.55813e+02    1.28037e+01    1.30894e+01
          LJ-14     Coulomb-14        LJ (SR)   Coulomb (SR)   Coul. recip.
    7.32708e+01    2.88698e+03    3.14886e+04   -3.27079e+05    8.75693e+02
   COM Pull En.      Potential    Kinetic En.   Total Energy  Conserved En.
    1.42739e-01   -2.90970e+05    4.99685e+04   -2.41001e+05   -2.40865e+05
    Temperature Pressure (bar)   Constr. rmsd
    3.00589e+02    6.49320e+01    2.19822e-06

           Step           Time
           7500       15.00000

   Energies (kJ/mol)
           Bond            U-B    Proper Dih.  Improper Dih.      CMAP Dih.
    1.27054e+02    3.12921e+02    3.74358e+02    2.60075e+01    9.40119e+00
          LJ-14     Coulomb-14        LJ (SR)   Coulomb (SR)   Coul. recip.
    7.24968e+01    2.81808e+03    3.13877e+04   -3.26615e+05    9.32274e+02
   COM Pull En.      Potential    Kinetic En.   Total Energy  Conserved En.
    1.43088e+00   -2.90554e+05    4.93599e+04   -2.41194e+05   -2.40867e+05
    Temperature Pressure (bar)   Constr. rmsd
    2.96928e+02    4.60621e+01    1.72339e-06

           Step           Time
           8000       16.00000

   Energies (kJ/mol)
           Bond            U-B    Proper Dih.  Improper Dih.      CMAP Dih.
    1.19573e+02    2.95227e+02    3.95536e+02    1.54162e+01    2.24240e+01
          LJ-14     Coulomb-14        LJ (SR)   Coulomb (SR)   Coul. recip.
    8.12598e+01    2.84519e+03    3.20678e+04   -3.27639e+05    8.90758e+02
   COM Pull En.      Potential    Kinetic En.   Total Energy  Conserved En.
    3.89902e+00   -2.90902e+05    4.96206e+04   -2.41282e+05   -2.40938e+05
    Temperature Pressure (bar)   Constr. rmsd
    2.98496e+02    2.00714e+02    2.73880e-06

           Step           Time
           8500       17.00000

   Energies (kJ/mol)
           Bond            U-B    Proper Dih.  Improper Dih.      CMAP Dih.
    1.23500e+02    3.49509e+02    3.55576e+02    1.77956e+01    1.36797e+01
          LJ-14     Coulomb-14        LJ (SR)   Coulomb (SR)   Coul. recip.
    6.89846e+01    2.76340e+03    3.03623e+04   -3.26011e+05    9.00765e+02
   COM Pull En.      Potential    Kinetic En.   Total Energy  Conserved En.
    2.76096e+00   -2.91053e+05    5.01258e+04   -2.40927e+05   -2.40998e+05
    Temperature Pressure (bar)   Constr. rmsd
    3.01535e+02   -4.19950e+02    2.56983e-06

           Step           Time
           9000       18.00000

   Energies (kJ/mol)
           Bond            U-B    Proper Dih.  Improper Dih.      CMAP Dih.
    1.01495e+02    3.58309e+02    3.31421e+02    2.59203e+01    1.44466e+01
          LJ-14     Coulomb-14        LJ (SR)   Coulomb (SR)   Coul. recip.
    7.49631e+01    2.78296e+03    3.09087e+04   -3.26041e+05    9.22104e+02
   COM Pull En.      Potential    Kinetic En.   Total Energy  Conserved En.
    1.64255e+00   -2.90519e+05    4.94094e+04   -2.41109e+05   -2.40998e+05
    Temperature Pressure (bar)   Constr. rmsd
    2.97226e+02   -2.10187e+02    2.19675e-06

           Step           Time
           9500       19.00000

   Energies (kJ/mol)
           Bond            U-B    Proper Dih.  Improper Dih.      CMAP Dih.
    1.44905e+02    3.42433e+02    3.67888e+02    1.86856e+01    1.37727e+00
          LJ-14     Coulomb-14        LJ (SR)   Coulomb (SR)   Coul. recip.
    6.50654e+01    2.80475e+03    3.13001e+04   -3.26343e+05    9.34820e+02
   COM Pull En.      Potential    Kinetic En.   Total Energy  Conserved En.
    3.50972e+00   -2.90360e+05    4.97691e+04   -2.40591e+05   -2.41014e+05
    Temperature Pressure (bar)   Constr. rmsd
    2.99389e+02   -4.43464e+01    5.27651e-06

           Step           Time
          10000       20.00000

   Energies (kJ/mol)
           Bond            U-B    Proper Dih.  Improper Dih.      CMAP Dih.
    1.23740e+02    3.90803e+02    3.53699e+02    1.61649e+01    6.57672e+00
          LJ-14     Coulomb-14        LJ (SR)   Coulomb (SR)   Coul. recip.
    7.18094e+01    2.76679e+03    3.04633e+04   -3.25197e+05    8.93530e+02
   COM Pull En.      Potential    Kinetic En.   Total Energy  Conserved En.
    2.11150e+00   -2.90108e+05    4.96359e+04   -2.40472e+05   -2.41023e+05
    Temperature Pressure (bar)   Constr. rmsd
    2.98588e+02   -2.58011e+02    3.35202e-06

           Step           Time
          10500       21.00000

   Energies (kJ/mol)
           Bond            U-B    Proper Dih.  Improper Dih.      CMAP Dih.
    1.10871e+02    3.62197e+02    3.60475e+02    9.61612e+00   -2.31328e+00
          LJ-14     Coulomb-14        LJ (SR)   Coulomb (SR)   Coul. recip.
    8.01193e+01    2.77254e+03    3.05961e+04   -3.25452e+05    9.18716e+02
   COM Pull En.      Potential    Kinetic En.   Total Energy  Conserved En.
    9.73943e-01   -2.90243e+05    4.96294e+04   -2.40613e+05   -2.40939e+05
    Temperature Pressure (bar)   Constr. rmsd
    2.98549e+02   -1.07423e+02    1.86855e-06

           Step           Time
          11000       22.00000

   Energies (kJ/mol)
           Bond            U-B    Proper Dih.  Improper Dih.      CMAP Dih.
    1.70141e+02    3.66486e+02    3.41244e+02    2.67567e+01   -2.39435e+00
          LJ-14     Coulomb-14        LJ (SR)   Coulomb (SR)   Coul. recip.
    7.68470e+01    2.75475e+03    3.14052e+04   -3.26423e+05    9.72257e+02
   COM Pull En.      Potential    Kinetic En.   Total Energy  Conserved En.
    9.29836e-01   -2.90311e+05    4.97824e+04   -2.40528e+05   -2.41012e+05
    Temperature Pressure (bar)   Constr. rmsd
    2.99470e+02   -4.08467e+00    2.06093e-06

           Step           Time
          11500       23.00000

   Energies (kJ/mol)
           Bond            U-B    Proper Dih.  Improper Dih.      CMAP Dih.
    9.30908e+01    3.22764e+02    3.68377e+02    3.75716e+01    7.84632e+00
          LJ-14     Coulomb-14        LJ (SR)   Coulomb (SR)   Coul. recip.
    7.54765e+01    2.81019e+03    3.05849e+04   -3.25365e+05    9.07971e+02
   COM Pull En.      Potential    Kinetic En.   Total Energy  Conserved En.
    1.85523e-02   -2.90156e+05    4.96347e+04   -2.40522e+05   -2.41076e+05
    Temperature Pressure (bar)   Constr. rmsd
    2.98581e+02   -1.57791e+02    3.28275e-06

           Step           Time
          12000       24.00000

   Energies (kJ/mol)
           Bond            U-B    Proper Dih.  Improper Dih.      CMAP Dih.
    1.03198e+02    3.05711e+02    3.66020e+02    2.20274e+01    1.11788e+01
          LJ-14     Coulomb-14        LJ (SR)   Coulomb (SR)   Coul. recip.
    6.96076e+01    2.84598e+03    3.06625e+04   -3.26091e+05    9.10783e+02
   COM Pull En.      Potential    Kinetic En.   Total Energy  Conserved En.
    5.66948e-01   -2.90793e+05    4.94645e+04   -2.41329e+05   -2.41108e+05
    Temperature Pressure (bar)   Constr. rmsd
    2.97558e+02   -2.13219e+02    1.78252e-06

           Step           Time
          12500       25.00000

   Energies (kJ/mol)
           Bond            U-B    Proper Dih.  Improper Dih.      CMAP Dih.
    1.05939e+02    3.21733e+02    3.74876e+02    1.64927e+01    8.16136e+00
          LJ-14     Coulomb-14        LJ (SR)   Coulomb (SR)   Coul. recip.
    7.56459e+01    2.84365e+03    3.13930e+04   -3.26520e+05    9.58556e+02
   COM Pull En.      Potential    Kinetic En.   Total Energy  Conserved En.
    2.73105e+00   -2.90420e+05    4.95377e+04   -2.40882e+05   -2.41079e+05
    Temperature Pressure (bar)   Constr. rmsd
    2.97998e+02    8.63340e+01    3.19999e-06

           Step           Time
          13000       26.00000

   Energies (kJ/mol)
           Bond            U-B    Proper Dih.  Improper Dih.      CMAP Dih.
    1.37036e+02    3.36126e+02    3.65085e+02    3.39265e+01    1.52151e+01
          LJ-14     Coulomb-14        LJ (SR)   Coulomb (SR)   Coul. recip.
    6.09983e+01    2.80721e+03    3.12318e+04   -3.26739e+05    9.02590e+02
   COM Pull En.      Potential    Kinetic En.   Total Energy  Conserved En.
    1.49887e+00   -2.90847e+05    5.02537e+04   -2.40593e+05   -2.41036e+05
    Temperature Pressure (bar)   Constr. rmsd
    3.02305e+02   -3.08319e+01    2.88401e-06

           Step           Time
          13500       27.00000

   Energies (kJ/mol)
           Bond            U-B    Proper Dih.  Improper Dih.      CMAP Dih.
    1.10310e+02    3.83977e+02    3.56582e+02    1.83220e+01    2.09318e+00
          LJ-14     Coulomb-14        LJ (SR)   Coulomb (SR)   Coul. recip.
    6.90859e+01    2.80301e+03    3.17438e+04   -3.27650e+05    9.62260e+02
   COM Pull En.      Potential    Kinetic En.   Total Energy  Conserved En.
    3.91687e-01   -2.91200e+05    4.97651e+04   -2.41435e+05   -2.41010e+05
    Temperature Pressure (bar)   Constr. rmsd
    2.99366e+02    9.30261e+01    2.06274e-06

           Step           Time
          14000       28.00000

   Energies (kJ/mol)
           Bond            U-B    Proper Dih.  Improper Dih.      CMAP Dih.
    1.08595e+02    4.08864e+02    3.54615e+02    2.16782e+01    1.00694e+01
          LJ-14     Coulomb-14        LJ (SR)   Coulomb (SR)   Coul. recip.
    7.08511e+01    2.79094e+03    3.09446e+04   -3.26367e+05    9.28146e+02
   COM Pull En.      Potential    Kinetic En.   Total Energy  Conserved En.
    5.66208e-01   -2.90728e+05    4.95986e+04   -2.41129e+05   -2.41069e+05
    Temperature Pressure (bar)   Constr. rmsd
    2.98364e+02   -1.54608e+02    2.63400e-06

           Step           Time
          14500       29.00000

   Energies (kJ/mol)
           Bond            U-B    Proper Dih.  Improper Dih.      CMAP Dih.
    1.08594e+02    3.43385e+02    3.55667e+02    1.92817e+01    4.94935e+00
          LJ-14     Coulomb-14        LJ (SR)   Coulomb (SR)   Coul. recip.
    7.19683e+01    2.82505e+03    3.12455e+04   -3.26035e+05    9.02723e+02
   COM Pull En.      Potential    Kinetic En.   Total Energy  Conserved En.
    2.74237e+00   -2.90155e+05    4.97895e+04   -2.40366e+05   -2.41128e+05
    Temperature Pressure (bar)   Constr. rmsd
    2.99512e+02   -2.74433e+01    2.71230e-06

           Step           Time
          15000       30.00000

   Energies (kJ/mol)
           Bond            U-B    Proper Dih.  Improper Dih.      CMAP Dih.
    9.24552e+01    4.05642e+02    3.50879e+02    5.74663e+01   -1.50604e+01
          LJ-14     Coulomb-14        LJ (SR)   Coulomb (SR)   Coul. recip.
    7.59742e+01    2.83283e+03    3.06101e+04   -3.25892e+05    8.83521e+02
   COM Pull En.      Potential    Kinetic En.   Total Energy  Conserved En.
    2.01582e+00   -2.90597e+05    4.93221e+04   -2.41274e+05   -2.41236e+05
    Temperature Pressure (bar)   Constr. rmsd
    2.96701e+02   -2.57566e+02    1.52436e-06

           Step           Time
          15500       31.00000

   Energies (kJ/mol)
           Bond            U-B    Proper Dih.  Improper Dih.      CMAP Dih.
    1.15532e+02    3.29296e+02    3.53727e+02    2.88752e+01   -2.20843e+00
          LJ-14     Coulomb-14        LJ (SR)   Coulomb (SR)   Coul. recip.
    7.64213e+01    2.81330e+03    3.15029e+04   -3.26996e+05    9.00729e+02
   COM Pull En.      Potential    Kinetic En.   Total Energy  Conserved En.
    3.56905e+00   -2.90873e+05    4.92011e+04   -2.41672e+05   -2.41281e+05
    Temperature Pressure (bar)   Constr. rmsd
    2.95973e+02   -3.62430e+01    1.60553e-06

           Step           Time
          16000       32.00000

   Energies (kJ/mol)
           Bond            U-B    Proper Dih.  Improper Dih.      CMAP Dih.
    9.27179e+01    2.74770e+02    3.55435e+02    2.31359e+01    6.65161e+00
          LJ-14     Coulomb-14        LJ (SR)   Coulomb (SR)   Coul. recip.
    6.89800e+01    2.89108e+03    3.07957e+04   -3.26254e+05    8.92374e+02
   COM Pull En.      Potential    Kinetic En.   Total Energy  Conserved En.
    1.04815e+00   -2.90852e+05    4.95407e+04   -2.41311e+05   -2.41237e+05
    Temperature Pressure (bar)   Constr. rmsd
    2.98016e+02   -2.37652e+02    1.81363e-06

           Step           Time
          16500       33.00000

   Energies (kJ/mol)
           Bond            U-B    Proper Dih.  Improper Dih.      CMAP Dih.
    1.10354e+02    2.86180e+02    3.73370e+02    2.60720e+01    2.00876e+01
          LJ-14     Coulomb-14        LJ (SR)   Coulomb (SR)   Coul. recip.
    7.06895e+01    2.85790e+03    3.13182e+04   -3.26674e+05    9.06900e+02
   COM Pull En.      Potential    Kinetic En.   Total Energy  Conserved En.
    4.18840e+00   -2.90700e+05    4.94673e+04   -2.41233e+05   -2.41168e+05
    Temperature Pressure (bar)   Constr. rmsd
    2.97574e+02   -8.63152e+01    2.84925e-06

           Step           Time
          17000       34.00000

   Energies (kJ/mol)
           Bond            U-B    Proper Dih.  Improper Dih.      CMAP Dih.
    1.12798e+02    2.82723e+02    3.40066e+02    3.12558e+01    1.92969e+01
          LJ-14     Coulomb-14        LJ (SR)   Coulomb (SR)   Coul. recip.
    8.09855e+01    2.79463e+03    3.17338e+04   -3.27171e+05    9.07252e+02
   COM Pull En.      Potential    Kinetic En.   Total Energy  Conserved En.
    1.65053e+00   -2.90866e+05    4.96916e+04   -2.41175e+05   -2.41236e+05
    Temperature Pressure (bar)   Constr. rmsd
    2.98923e+02    3.36907e+01    2.06595e-06

           Step           Time
          17500       35.00000

   Energies (kJ/mol)
           Bond            U-B    Proper Dih.  Improper Dih.      CMAP Dih.
    8.72740e+01    3.05751e+02    3.84187e+02    4.06453e+01    4.05014e+00
          LJ-14     Coulomb-14        LJ (SR)   Coulomb (SR)   Coul. recip.
    9.76880e+01    2.81505e+03    3.05825e+04   -3.25619e+05    9.13076e+02
   COM Pull En.      Potential    Kinetic En.   Total Energy  Conserved En.
    3.31566e+00   -2.90385e+05    4.96166e+04   -2.40768e+05   -2.41116e+05
    Temperature Pressure (bar)   Constr. rmsd
    2.98473e+02   -2.01940e+02    1.79421e-06

           Step           Time
          18000       36.00000

   Energies (kJ/mol)
           Bond            U-B    Proper Dih.  Improper Dih.      CMAP Dih.
    8.89698e+01    3.21984e+02    3.87105e+02    2.00721e+01   -7.13727e+00
          LJ-14     Coulomb-14        LJ (SR)   Coulomb (SR)   Coul. recip.
    8.42502e+01    2.83002e+03    3.06979e+04   -3.26185e+05    8.71715e+02
   COM Pull En.      Potential    Kinetic En.   Total Energy  Conserved En.
    9.09967e-01   -2.90889e+05    5.00355e+04   -2.40854e+05   -2.41092e+05
    Temperature Pressure (bar)   Constr. rmsd
    3.00992e+02   -1.99547e+02    1.86594e-06

           Step           Time
          18500       37.00000

   Energies (kJ/mol)
           Bond            U-B    Proper Dih.  Improper Dih.      CMAP Dih.
    1.21131e+02    3.31799e+02    3.83258e+02    2.08601e+01    1.52052e+01
          LJ-14     Coulomb-14        LJ (SR)   Coulomb (SR)   Coul. recip.
    7.90360e+01    2.85088e+03    3.13471e+04   -3.27418e+05    8.91066e+02
   COM Pull En.      Potential    Kinetic En.   Total Energy  Conserved En.
    8.09342e-01   -2.91377e+05    5.03890e+04   -2.40988e+05   -2.41098e+05
    Temperature Pressure (bar)   Constr. rmsd
    3.03119e+02   -1.23969e+01    2.07688e-06

           Step           Time
          19000       38.00000

   Energies (kJ/mol)
           Bond            U-B    Proper Dih.  Improper Dih.      CMAP Dih.
    1.06380e+02    4.04141e+02    3.29185e+02    3.17793e+01    1.81133e+00
          LJ-14     Coulomb-14        LJ (SR)   Coulomb (SR)   Coul. recip.
    6.96407e+01    2.76206e+03    3.12290e+04   -3.26511e+05    9.03880e+02
   COM Pull En.      Potential    Kinetic En.   Total Energy  Conserved En.
    1.21357e-01   -2.90673e+05    4.93949e+04   -2.41278e+05   -2.41182e+05
    Temperature Pressure (bar)   Constr. rmsd
    2.97139e+02   -1.10472e+01    1.86656e-06

           Step           Time
          19500       39.00000

   Energies (kJ/mol)
           Bond            U-B    Proper Dih.  Improper Dih.      CMAP Dih.
    9.32321e+01    3.44172e+02    3.33737e+02    1.92698e+01    1.13445e+01
          LJ-14     Coulomb-14        LJ (SR)   Coulomb (SR)   Coul. recip.
    7.85151e+01    2.76949e+03    3.06136e+04   -3.26050e+05    9.04519e+02
   COM Pull En.      Potential    Kinetic En.   Total Energy  Conserved En.
    4.30148e-02   -2.90882e+05    4.92927e+04   -2.41589e+05   -2.41149e+05
    Temperature Pressure (bar)   Constr. rmsd
    2.96524e+02   -2.21255e+02    3.46122e-06

           Step           Time
          20000       40.00000

   Energies (kJ/mol)
           Bond            U-B    Proper Dih.  Improper Dih.      CMAP Dih.
    1.13829e+02    3.18819e+02    3.32754e+02    1.46267e+01    2.70653e+01
          LJ-14     Coulomb-14        LJ (SR)   Coulomb (SR)   Coul. recip.
    6.70192e+01    2.78680e+03    3.17973e+04   -3.26941e+05    9.12262e+02
   COM Pull En.      Potential    Kinetic En.   Total Energy  Conserved En.
    8.97127e-01   -2.90570e+05    4.94170e+04   -2.41153e+05   -2.41149e+05
    Temperature Pressure (bar)   Constr. rmsd
    2.97272e+02    1.68073e+02    1.74739e-06

           Step           Time
          20500       41.00000

   Energies (kJ/mol)
           Bond            U-B    Proper Dih.  Improper Dih.      CMAP Dih.
    7.87413e+01    3.35891e+02    3.39788e+02    4.80278e+01   -1.13295e-01
          LJ-14     Coulomb-14        LJ (SR)   Coulomb (SR)   Coul. recip.
    7.54897e+01    2.77557e+03    3.19689e+04   -3.27989e+05    8.76435e+02
   COM Pull En.      Potential    Kinetic En.   Total Energy  Conserved En.
    4.73280e+00   -2.91485e+05    4.98781e+04   -2.41607e+05   -2.41250e+05
    Temperature Pressure (bar)   Constr. rmsd
    3.00046e+02    1.29622e+02    3.46463e-06

           Step           Time
          21000       42.00000

   Energies (kJ/mol)
           Bond            U-B    Proper Dih.  Improper Dih.      CMAP Dih.
    1.00714e+02    3.13152e+02    3.47493e+02    2.57813e+01    1.16850e+01
          LJ-14     Coulomb-14        LJ (SR)   Coulomb (SR)   Coul. recip.
    7.92475e+01    2.83435e+03    3.12802e+04   -3.27549e+05    8.60163e+02
   COM Pull En.      Potential    Kinetic En.   Total Energy  Conserved En.
    8.11860e+00   -2.91688e+05    4.94366e+04   -2.42252e+05   -2.41224e+05
    Temperature Pressure (bar)   Constr. rmsd
    2.97389e+02   -5.92993e+01    4.07663e-06

           Step           Time
          21500       43.00000

   Energies (kJ/mol)
           Bond            U-B    Proper Dih.  Improper Dih.      CMAP Dih.
    1.16109e+02    2.94436e+02    3.69694e+02    2.97125e+01    3.21357e+00
          LJ-14     Coulomb-14        LJ (SR)   Coulomb (SR)   Coul. recip.
    7.75923e+01    2.81251e+03    3.09732e+04   -3.27215e+05    9.19256e+02
   COM Pull En.      Potential    Kinetic En.   Total Energy  Conserved En.
    5.87347e+00   -2.91614e+05    4.91422e+04   -2.42471e+05   -2.41213e+05
    Temperature Pressure (bar)   Constr. rmsd
    2.95619e+02   -2.15870e+02    1.12697e-06

           Step           Time
          22000       44.00000

   Energies (kJ/mol)
           Bond            U-B    Proper Dih.  Improper Dih.      CMAP Dih.
    9.83086e+01    3.27174e+02    3.49289e+02    1.48382e+01    2.38159e+01
          LJ-14     Coulomb-14        LJ (SR)   Coulomb (SR)   Coul. recip.
    5.73413e+01    2.81359e+03    3.20512e+04   -3.28655e+05    9.35119e+02
   COM Pull En.      Potential    Kinetic En.   Total Energy  Conserved En.
    3.90079e+00   -2.91980e+05    4.97242e+04   -2.42256e+05   -2.41202e+05
    Temperature Pressure (bar)   Constr. rmsd
    2.99120e+02    4.82672e+01    3.80071e-06

           Step           Time
          22500       45.00000

   Energies (kJ/mol)
           Bond            U-B    Proper Dih.  Improper Dih.      CMAP Dih.
    1.09553e+02    3.34840e+02    3.17284e+02    3.28362e+01    1.94897e+01
          LJ-14     Coulomb-14        LJ (SR)   Coulomb (SR)   Coul. recip.
    7.34231e+01    2.82548e+03    3.10403e+04   -3.26818e+05    8.69458e+02
   COM Pull En.      Potential    Kinetic En.   Total Energy  Conserved En.
    5.23985e+00   -2.91190e+05    4.88302e+04   -2.42360e+05   -2.41146e+05
    Temperature Pressure (bar)   Constr. rmsd
    2.93742e+02   -1.39573e+02    3.17093e-06

           Step           Time
          23000       46.00000

   Energies (kJ/mol)
           Bond            U-B    Proper Dih.  Improper Dih.      CMAP Dih.
    1.17340e+02    2.80827e+02    3.46470e+02    2.68710e+01    9.52196e+00
          LJ-14     Coulomb-14        LJ (SR)   Coulomb (SR)   Coul. recip.
    6.22729e+01    2.87758e+03    3.12672e+04   -3.27284e+05    8.84719e+02
   COM Pull En.      Potential    Kinetic En.   Total Energy  Conserved En.
    3.40673e+00   -2.91407e+05    4.92704e+04   -2.42137e+05   -2.41198e+05
    Temperature Pressure (bar)   Constr. rmsd
    2.96390e+02   -6.15703e+01    2.69463e-06

           Step           Time
          23500       47.00000

   Energies (kJ/mol)
           Bond            U-B    Proper Dih.  Improper Dih.      CMAP Dih.
    1.05795e+02    3.31001e+02    3.40524e+02    1.67713e+01    4.21277e+00
          LJ-14     Coulomb-14        LJ (SR)   Coulomb (SR)   Coul. recip.
    7.33895e+01    2.81181e+03    3.09022e+04   -3.26562e+05    9.15804e+02
   COM Pull En.      Potential    Kinetic En.   Total Energy  Conserved En.
    6.19042e+00   -2.91054e+05    4.90632e+04   -2.41991e+05   -2.41273e+05
    Temperature Pressure (bar)   Constr. rmsd
    2.95143e+02   -1.62527e+02    4.19005e-06

           Step           Time
          24000       48.00000

   Energies (kJ/mol)
           Bond            U-B    Proper Dih.  Improper Dih.      CMAP Dih.
    8.79038e+01    3.22889e+02    3.44515e+02    2.45248e+01    3.93902e+00
          LJ-14     Coulomb-14        LJ (SR)   Coulomb (SR)   Coul. recip.
    7.63936e+01    2.82461e+03    3.09521e+04   -3.26484e+05    9.08354e+02
   COM Pull En.      Potential    Kinetic En.   Total Energy  Conserved En.
    6.08220e+00   -2.90933e+05    4.91030e+04   -2.41830e+05   -2.41230e+05
    Temperature Pressure (bar)   Constr. rmsd
    2.95383e+02   -1.26194e+02    1.86316e-06

           Step           Time
          24500       49.00000

   Energies (kJ/mol)
           Bond            U-B    Proper Dih.  Improper Dih.      CMAP Dih.
    1.06350e+02    3.08746e+02    3.42351e+02    1.51178e+01    4.02180e+00
          LJ-14     Coulomb-14        LJ (SR)   Coulomb (SR)   Coul. recip.
    6.13278e+01    2.77558e+03    3.23969e+04   -3.27978e+05    9.44062e+02
   COM Pull En.      Potential    Kinetic En.   Total Energy  Conserved En.
    9.26532e+00   -2.91014e+05    4.83387e+04   -2.42676e+05   -2.41325e+05
    Temperature Pressure (bar)   Constr. rmsd
    2.90785e+02    2.22714e+02    2.44405e-06

           Step           Time
          25000       50.00000

   Energies (kJ/mol)
           Bond            U-B    Proper Dih.  Improper Dih.      CMAP Dih.
    1.08142e+02    3.59457e+02    3.32477e+02    2.66852e+01   -7.89214e+00
          LJ-14     Coulomb-14        LJ (SR)   Coulomb (SR)   Coul. recip.
    7.46610e+01    2.76327e+03    3.13346e+04   -3.26622e+05    9.76578e+02
   COM Pull En.      Potential    Kinetic En.   Total Energy  Conserved En.
    5.83962e+00   -2.90648e+05    4.92058e+04   -2.41442e+05   -2.41365e+05
    Temperature Pressure (bar)   Constr. rmsd
    2.96001e+02   -4.16636e+01    1.56065e-06

           Step           Time
          25500       51.00000

   Energies (kJ/mol)
           Bond            U-B    Proper Dih.  Improper Dih.      CMAP Dih.
    1.06198e+02    3.49061e+02    3.71282e+02    2.92018e+01   -8.31602e+00
          LJ-14     Coulomb-14        LJ (SR)   Coulomb (SR)   Coul. recip.
    8.73734e+01    2.81791e+03    3.22358e+04   -3.27769e+05    9.35486e+02
   COM Pull En.      Potential    Kinetic En.   Total Energy  Conserved En.
    7.90927e+00   -2.90837e+05    4.94220e+04   -2.41415e+05   -2.41236e+05
    Temperature Pressure (bar)   Constr. rmsd
    2.97302e+02    3.27929e+02    2.21322e-06

Writing checkpoint, step 25920 at Sun Jun 21 14:50:08 2026


           Step           Time
          26000       52.00000

   Energies (kJ/mol)
           Bond            U-B    Proper Dih.  Improper Dih.      CMAP Dih.
    1.26409e+02    3.12127e+02    3.67111e+02    1.88123e+01    1.42474e+00
          LJ-14     Coulomb-14        LJ (SR)   Coulomb (SR)   Coul. recip.
    6.16136e+01    2.80331e+03    3.17768e+04   -3.27013e+05    9.16416e+02
   COM Pull En.      Potential    Kinetic En.   Total Energy  Conserved En.
    8.64662e+00   -2.90620e+05    4.93772e+04   -2.41243e+05   -2.41128e+05
    Temperature Pressure (bar)   Constr. rmsd
    2.97032e+02    1.85890e+02    2.02456e-06

           Step           Time
          26500       53.00000

   Energies (kJ/mol)
           Bond            U-B    Proper Dih.  Improper Dih.      CMAP Dih.
    9.59290e+01    3.47344e+02    3.55825e+02    3.76275e+01   -6.17727e+00
          LJ-14     Coulomb-14        LJ (SR)   Coulomb (SR)   Coul. recip.
    8.04612e+01    2.81610e+03    3.08761e+04   -3.26445e+05    9.08558e+02
   COM Pull En.      Potential    Kinetic En.   Total Energy  Conserved En.
    7.62589e+00   -2.90925e+05    5.01328e+04   -2.40793e+05   -2.41164e+05
    Temperature Pressure (bar)   Constr. rmsd
    3.01578e+02   -4.25992e+01    2.41405e-06

           Step           Time
          27000       54.00000

   Energies (kJ/mol)
           Bond            U-B    Proper Dih.  Improper Dih.      CMAP Dih.
    1.05444e+02    3.60596e+02    3.47578e+02    3.52968e+01    3.76634e+00
          LJ-14     Coulomb-14        LJ (SR)   Coulomb (SR)   Coul. recip.
    6.98467e+01    2.73838e+03    3.07676e+04   -3.25954e+05    8.89714e+02
   COM Pull En.      Potential    Kinetic En.   Total Energy  Conserved En.
    5.98371e+00   -2.90629e+05    4.93481e+04   -2.41281e+05   -2.41141e+05
    Temperature Pressure (bar)   Constr. rmsd
    2.96857e+02   -8.32069e+01    3.10289e-06

           Step           Time
          27500       55.00000

   Energies (kJ/mol)
           Bond            U-B    Proper Dih.  Improper Dih.      CMAP Dih.
    1.13490e+02    4.01950e+02    3.58470e+02    2.24516e+01    5.92957e+00
          LJ-14     Coulomb-14        LJ (SR)   Coulomb (SR)   Coul. recip.
    6.11820e+01    2.72008e+03    3.23948e+04   -3.28250e+05    8.91524e+02
   COM Pull En.      Potential    Kinetic En.   Total Energy  Conserved En.
    1.40616e+01   -2.91266e+05    5.01354e+04   -2.41130e+05   -2.41148e+05
    Temperature Pressure (bar)   Constr. rmsd
    3.01593e+02    4.45970e+02    3.04636e-06

           Step           Time
          28000       56.00000

   Energies (kJ/mol)
           Bond            U-B    Proper Dih.  Improper Dih.      CMAP Dih.
    9.46266e+01    3.57260e+02    3.34824e+02    7.55808e+00    1.71745e+01
          LJ-14     Coulomb-14        LJ (SR)   Coulomb (SR)   Coul. recip.
    7.18825e+01    2.79470e+03    3.05791e+04   -3.25576e+05    8.87239e+02
   COM Pull En.      Potential    Kinetic En.   Total Energy  Conserved En.
    1.01461e+01   -2.90421e+05    4.94714e+04   -2.40950e+05   -2.41225e+05
    Temperature Pressure (bar)   Constr. rmsd
    2.97599e+02   -5.36544e+01    2.61394e-06

           Step           Time
          28500       57.00000

   Energies (kJ/mol)
           Bond            U-B    Proper Dih.  Improper Dih.      CMAP Dih.
    1.05500e+02    3.39562e+02    3.64611e+02    2.24178e+01    1.98580e+01
          LJ-14     Coulomb-14        LJ (SR)   Coulomb (SR)   Coul. recip.
    6.36214e+01    2.82631e+03    3.12928e+04   -3.26827e+05    8.61422e+02
   COM Pull En.      Potential    Kinetic En.   Total Energy  Conserved En.
    7.28419e+00   -2.90923e+05    4.97735e+04   -2.41150e+05   -2.41302e+05
    Temperature Pressure (bar)   Constr. rmsd
    2.99416e+02   -3.50267e+01    2.71313e-06

           Step           Time
          29000       58.00000

   Energies (kJ/mol)
           Bond            U-B    Proper Dih.  Improper Dih.      CMAP Dih.
    9.10022e+01    3.97349e+02    3.49794e+02    2.64705e+01   -4.18090e+00
          LJ-14     Coulomb-14        LJ (SR)   Coulomb (SR)   Coul. recip.
    6.33035e+01    2.77472e+03    3.14913e+04   -3.27136e+05    9.16004e+02
   COM Pull En.      Potential    Kinetic En.   Total Energy  Conserved En.
    6.55306e+00   -2.91024e+05    4.97127e+04   -2.41311e+05   -2.41339e+05
    Temperature Pressure (bar)   Constr. rmsd
    2.99050e+02    1.08218e+02    2.51130e-06

           Step           Time
          29500       59.00000

   Energies (kJ/mol)
           Bond            U-B    Proper Dih.  Improper Dih.      CMAP Dih.
    1.12393e+02    3.40494e+02    3.46996e+02    2.14647e+01    2.11668e-02
          LJ-14     Coulomb-14        LJ (SR)   Coulomb (SR)   Coul. recip.
    6.77097e+01    2.80611e+03    3.09411e+04   -3.26739e+05    8.79409e+02
   COM Pull En.      Potential    Kinetic En.   Total Energy  Conserved En.
    1.21685e+01   -2.91211e+05    4.92196e+04   -2.41992e+05   -2.41388e+05
    Temperature Pressure (bar)   Constr. rmsd
    2.96084e+02   -1.25217e+02    2.16747e-06

           Step           Time
          30000       60.00000

   Energies (kJ/mol)
           Bond            U-B    Proper Dih.  Improper Dih.      CMAP Dih.
    1.26415e+02    3.56887e+02    3.62840e+02    1.64705e+01   -1.27698e+01
          LJ-14     Coulomb-14        LJ (SR)   Coulomb (SR)   Coul. recip.
    8.49826e+01    2.75803e+03    3.19096e+04   -3.26588e+05    8.84615e+02
   COM Pull En.      Potential    Kinetic En.   Total Energy  Conserved En.
    1.84477e+01   -2.90083e+05    4.89403e+04   -2.41143e+05   -2.41446e+05
    Temperature Pressure (bar)   Constr. rmsd
    2.94404e+02    1.70095e+02    1.71825e-06

           Step           Time
          30500       61.00000

   Energies (kJ/mol)
           Bond            U-B    Proper Dih.  Improper Dih.      CMAP Dih.
    1.30646e+02    3.49757e+02    3.49876e+02    2.17764e+01    9.95381e+00
          LJ-14     Coulomb-14        LJ (SR)   Coulomb (SR)   Coul. recip.
    6.14413e+01    2.78428e+03    3.12039e+04   -3.26212e+05    9.39843e+02
   COM Pull En.      Potential    Kinetic En.   Total Energy  Conserved En.
    9.91300e+00   -2.90350e+05    4.93559e+04   -2.40994e+05   -2.41479e+05
    Temperature Pressure (bar)   Constr. rmsd
    2.96904e+02   -3.83303e+01    1.33815e-06

           Step           Time
          31000       62.00000

   Energies (kJ/mol)
           Bond            U-B    Proper Dih.  Improper Dih.      CMAP Dih.
    1.05611e+02    3.31073e+02    3.51101e+02    2.44364e+01    1.49925e+01
          LJ-14     Coulomb-14        LJ (SR)   Coulomb (SR)   Coul. recip.
    7.54677e+01    2.80905e+03    3.06615e+04   -3.25391e+05    9.12807e+02
   COM Pull En.      Potential    Kinetic En.   Total Energy  Conserved En.
    6.39068e+00   -2.90098e+05    4.92987e+04   -2.40800e+05   -2.41455e+05
    Temperature Pressure (bar)   Constr. rmsd
    2.96560e+02   -1.18774e+02    1.38305e-06

           Step           Time
          31500       63.00000

   Energies (kJ/mol)
           Bond            U-B    Proper Dih.  Improper Dih.      CMAP Dih.
    1.05248e+02    3.67987e+02    3.45269e+02    2.13197e+01   -6.13628e+00
          LJ-14     Coulomb-14        LJ (SR)   Coulomb (SR)   Coul. recip.
    7.59213e+01    2.81122e+03    3.16652e+04   -3.26714e+05    8.99792e+02
   COM Pull En.      Potential    Kinetic En.   Total Energy  Conserved En.
    8.24803e+00   -2.90420e+05    4.95813e+04   -2.40838e+05   -2.41428e+05
    Temperature Pressure (bar)   Constr. rmsd
    2.98260e+02    1.42257e+02    3.82925e-06

           Step           Time
          32000       64.00000

   Energies (kJ/mol)
           Bond            U-B    Proper Dih.  Improper Dih.      CMAP Dih.
    1.31142e+02    3.62103e+02    3.71844e+02    3.50489e+01   -1.63074e+01
          LJ-14     Coulomb-14        LJ (SR)   Coulomb (SR)   Coul. recip.
    7.61391e+01    2.71919e+03    3.09522e+04   -3.25368e+05    9.31950e+02
   COM Pull En.      Potential    Kinetic En.   Total Energy  Conserved En.
    9.80506e+00   -2.89795e+05    4.93574e+04   -2.40438e+05   -2.41565e+05
    Temperature Pressure (bar)   Constr. rmsd
    2.96913e+02   -1.09202e+02    2.62173e-06

           Step           Time
          32500       65.00000

   Energies (kJ/mol)
           Bond            U-B    Proper Dih.  Improper Dih.      CMAP Dih.
    1.36678e+02    3.87773e+02    3.24872e+02    3.28707e+01   -1.52836e+01
          LJ-14     Coulomb-14        LJ (SR)   Coulomb (SR)   Coul. recip.
    8.72554e+01    2.78335e+03    3.09472e+04   -3.25074e+05    9.64305e+02
   COM Pull En.      Potential    Kinetic En.   Total Energy  Conserved En.
    8.57337e+00   -2.89416e+05    4.98130e+04   -2.39603e+05   -2.41531e+05
    Temperature Pressure (bar)   Constr. rmsd
    2.99654e+02   -3.18132e+01    2.28555e-06

           Step           Time
          33000       66.00000

   Energies (kJ/mol)
           Bond            U-B    Proper Dih.  Improper Dih.      CMAP Dih.
    1.14456e+02    3.12413e+02    3.48076e+02    2.50897e+01    6.01074e+00
          LJ-14     Coulomb-14        LJ (SR)   Coulomb (SR)   Coul. recip.
    7.19481e+01    2.77882e+03    3.13242e+04   -3.25642e+05    8.94594e+02
   COM Pull En.      Potential    Kinetic En.   Total Energy  Conserved En.
    1.12992e+01   -2.89755e+05    4.98097e+04   -2.39945e+05   -2.41529e+05
    Temperature Pressure (bar)   Constr. rmsd
    2.99634e+02    1.24127e+02    4.01317e-06

           Step           Time
          33500       67.00000

   Energies (kJ/mol)
           Bond            U-B    Proper Dih.  Improper Dih.      CMAP Dih.
    1.11540e+02    3.55199e+02    3.68763e+02    3.39625e+01    4.70844e+00
          LJ-14     Coulomb-14        LJ (SR)   Coulomb (SR)   Coul. recip.
    7.32350e+01    2.73228e+03    3.11716e+04   -3.26075e+05    9.03175e+02
   COM Pull En.      Potential    Kinetic En.   Total Energy  Conserved En.
    1.44501e+01   -2.90306e+05    5.01162e+04   -2.40190e+05   -2.41513e+05
    Temperature Pressure (bar)   Constr. rmsd
    3.01478e+02   -4.82670e+00    2.43452e-06

           Step           Time
          34000       68.00000

   Energies (kJ/mol)
           Bond            U-B    Proper Dih.  Improper Dih.      CMAP Dih.
    1.07878e+02    3.30891e+02    3.42055e+02    2.35363e+01   -3.73952e+00
          LJ-14     Coulomb-14        LJ (SR)   Coulomb (SR)   Coul. recip.
    7.95651e+01    2.80490e+03    3.18855e+04   -3.26372e+05    9.03552e+02
   COM Pull En.      Potential    Kinetic En.   Total Energy  Conserved En.
    1.63666e+01   -2.89881e+05    4.94932e+04   -2.40388e+05   -2.41487e+05
    Temperature Pressure (bar)   Constr. rmsd
    2.97730e+02    2.83104e+02    2.24305e-06

           Step           Time
          34500       69.00000

   Energies (kJ/mol)
           Bond            U-B    Proper Dih.  Improper Dih.      CMAP Dih.
    8.08357e+01    2.94947e+02    3.53270e+02    2.18239e+01    1.44012e+01
          LJ-14     Coulomb-14        LJ (SR)   Coulomb (SR)   Coul. recip.
    7.52572e+01    2.86022e+03    3.12313e+04   -3.27358e+05    9.21134e+02
   COM Pull En.      Potential    Kinetic En.   Total Energy  Conserved En.
    2.68122e+01   -2.91478e+05    5.00494e+04   -2.41429e+05   -2.41426e+05
    Temperature Pressure (bar)   Constr. rmsd
    3.01076e+02   -3.34287e+01    2.59072e-06

           Step           Time
          35000       70.00000

   Energies (kJ/mol)
           Bond            U-B    Proper Dih.  Improper Dih.      CMAP Dih.
    1.19189e+02    3.00576e+02    3.59753e+02    1.77417e+01   -1.34125e+01
          LJ-14     Coulomb-14        LJ (SR)   Coulomb (SR)   Coul. recip.
    7.20572e+01    2.78040e+03    3.15134e+04   -3.26724e+05    9.30268e+02
   COM Pull En.      Potential    Kinetic En.   Total Energy  Conserved En.
    2.45138e+01   -2.90620e+05    4.92904e+04   -2.41329e+05   -2.41385e+05
    Temperature Pressure (bar)   Constr. rmsd
    2.96510e+02    1.05550e+02    1.45312e-06

           Step           Time
          35500       71.00000

   Energies (kJ/mol)
           Bond            U-B    Proper Dih.  Improper Dih.      CMAP Dih.
    1.19391e+02    3.10688e+02    3.55784e+02    3.52070e+01    6.54307e+00
          LJ-14     Coulomb-14        LJ (SR)   Coulomb (SR)   Coul. recip.
    6.55495e+01    2.82107e+03    3.15108e+04   -3.27225e+05    9.03586e+02
   COM Pull En.      Potential    Kinetic En.   Total Energy  Conserved En.
    1.46275e+01   -2.91081e+05    4.94254e+04   -2.41656e+05   -2.41477e+05
    Temperature Pressure (bar)   Constr. rmsd
    2.97322e+02    1.82444e+00    3.16156e-06

           Step           Time
          36000       72.00000

   Energies (kJ/mol)
           Bond            U-B    Proper Dih.  Improper Dih.      CMAP Dih.
    8.45357e+01    3.03423e+02    3.44937e+02    3.40365e+01   -9.15072e+00
          LJ-14     Coulomb-14        LJ (SR)   Coulomb (SR)   Coul. recip.
    7.43102e+01    2.80526e+03    3.13543e+04   -3.27378e+05    8.97883e+02
   COM Pull En.      Potential    Kinetic En.   Total Energy  Conserved En.
    1.78202e+01   -2.91471e+05    4.95671e+04   -2.41904e+05   -2.41493e+05
    Temperature Pressure (bar)   Constr. rmsd
    2.98175e+02   -3.24329e+01    4.15593e-06

           Step           Time
          36500       73.00000

   Energies (kJ/mol)
           Bond            U-B    Proper Dih.  Improper Dih.      CMAP Dih.
    1.21667e+02    3.42608e+02    3.49873e+02    3.57004e+01   -1.25265e+01
          LJ-14     Coulomb-14        LJ (SR)   Coulomb (SR)   Coul. recip.
    7.12806e+01    2.78356e+03    3.21846e+04   -3.28015e+05    9.59061e+02
   COM Pull En.      Potential    Kinetic En.   Total Energy  Conserved En.
    9.79836e+00   -2.91169e+05    4.97679e+04   -2.41401e+05   -2.41415e+05
    Temperature Pressure (bar)   Constr. rmsd
    2.99382e+02    3.00383e+02    5.15054e-06

           Step           Time
          37000       74.00000

   Energies (kJ/mol)
           Bond            U-B    Proper Dih.  Improper Dih.      CMAP Dih.
    1.07555e+02    3.56970e+02    3.19527e+02    2.00281e+01    1.60600e+01
          LJ-14     Coulomb-14        LJ (SR)   Coulomb (SR)   Coul. recip.
    7.19058e+01    2.75643e+03    3.13190e+04   -3.26719e+05    9.43020e+02
   COM Pull En.      Potential    Kinetic En.   Total Energy  Conserved En.
    8.32107e+00   -2.90800e+05    4.94949e+04   -2.41305e+05   -2.41415e+05
    Temperature Pressure (bar)   Constr. rmsd
    2.97740e+02    5.68674e+01    3.27659e-06

           Step           Time
          37500       75.00000

   Energies (kJ/mol)
           Bond            U-B    Proper Dih.  Improper Dih.      CMAP Dih.
    9.29554e+01    3.56179e+02    3.59880e+02    1.70230e+01   -1.43145e+01
          LJ-14     Coulomb-14        LJ (SR)   Coulomb (SR)   Coul. recip.
    9.07047e+01    2.82482e+03    3.09961e+04   -3.26677e+05    9.12431e+02
   COM Pull En.      Potential    Kinetic En.   Total Energy  Conserved En.
    1.62219e+01   -2.91025e+05    4.95405e+04   -2.41485e+05   -2.41379e+05
    Temperature Pressure (bar)   Constr. rmsd
    2.98014e+02   -2.41778e+01    4.23037e-06

           Step           Time
          38000       76.00000

   Energies (kJ/mol)
           Bond            U-B    Proper Dih.  Improper Dih.      CMAP Dih.
    1.30735e+02    3.61810e+02    3.35974e+02    2.52814e+01   -2.94669e+01
          LJ-14     Coulomb-14        LJ (SR)   Coulomb (SR)   Coul. recip.
    6.97063e+01    2.75366e+03    3.16979e+04   -3.26847e+05    8.73711e+02
   COM Pull En.      Potential    Kinetic En.   Total Energy  Conserved En.
    1.21353e+01   -2.90615e+05    4.94770e+04   -2.41138e+05   -2.41395e+05
    Temperature Pressure (bar)   Constr. rmsd
    2.97632e+02    2.23999e+02    3.90471e-06

           Step           Time
          38500       77.00000

   Energies (kJ/mol)
           Bond            U-B    Proper Dih.  Improper Dih.      CMAP Dih.
    1.20621e+02    3.30113e+02    3.23626e+02    1.97822e+01    1.71003e+01
          LJ-14     Coulomb-14        LJ (SR)   Coulomb (SR)   Coul. recip.
    5.87148e+01    2.74755e+03    3.17862e+04   -3.27163e+05    8.84635e+02
   COM Pull En.      Potential    Kinetic En.   Total Energy  Conserved En.
    9.75415e+00   -2.90865e+05    4.95163e+04   -2.41349e+05   -2.41374e+05
    Temperature Pressure (bar)   Constr. rmsd
    2.97869e+02    2.37877e+02    2.15739e-06

           Step           Time
          39000       78.00000

   Energies (kJ/mol)
           Bond            U-B    Proper Dih.  Improper Dih.      CMAP Dih.
    1.37890e+02    3.77578e+02    3.33747e+02    1.96601e+01   -9.18419e+00
          LJ-14     Coulomb-14        LJ (SR)   Coulomb (SR)   Coul. recip.
    6.69928e+01    2.74644e+03    3.07789e+04   -3.26061e+05    8.91193e+02
   COM Pull En.      Potential    Kinetic En.   Total Energy  Conserved En.
    1.11418e+01   -2.90707e+05    4.95138e+04   -2.41193e+05   -2.41421e+05
    Temperature Pressure (bar)   Constr. rmsd
    2.97854e+02   -1.15357e+02    1.93895e-06

           Step           Time
          39500       79.00000

   Energies (kJ/mol)
           Bond            U-B    Proper Dih.  Improper Dih.      CMAP Dih.
    1.11040e+02    3.99703e+02    3.33895e+02    2.07314e+01    5.28702e+00
          LJ-14     Coulomb-14        LJ (SR)   Coulomb (SR)   Coul. recip.
    5.69773e+01    2.72284e+03    3.01985e+04   -3.25123e+05    8.73483e+02
   COM Pull En.      Potential    Kinetic En.   Total Energy  Conserved En.
    1.45050e+01   -2.90386e+05    4.93374e+04   -2.41049e+05   -2.41501e+05
    Temperature Pressure (bar)   Constr. rmsd
    2.96793e+02   -2.72518e+02    1.86844e-06

           Step           Time
          40000       80.00000

   Energies (kJ/mol)
           Bond            U-B    Proper Dih.  Improper Dih.      CMAP Dih.
    1.21548e+02    3.90117e+02    3.48346e+02    3.17825e+01    6.68139e+00
          LJ-14     Coulomb-14        LJ (SR)   Coulomb (SR)   Coul. recip.
    6.51042e+01    2.72865e+03    3.16916e+04   -3.27690e+05    8.79134e+02
   COM Pull En.      Potential    Kinetic En.   Total Energy  Conserved En.
    1.36847e+01   -2.91413e+05    4.99684e+04   -2.41445e+05   -2.41441e+05
    Temperature Pressure (bar)   Constr. rmsd
    3.00588e+02    6.23425e+01    1.68724e-06

           Step           Time
          40500       81.00000

   Energies (kJ/mol)
           Bond            U-B    Proper Dih.  Improper Dih.      CMAP Dih.
    1.33273e+02    3.92674e+02    3.46661e+02    2.02073e+01    3.88606e+00
          LJ-14     Coulomb-14        LJ (SR)   Coulomb (SR)   Coul. recip.
    5.22143e+01    2.76101e+03    3.14408e+04   -3.27096e+05    9.50383e+02
   COM Pull En.      Potential    Kinetic En.   Total Energy  Conserved En.
    1.57039e+01   -2.90979e+05    4.98817e+04   -2.41098e+05   -2.41463e+05
    Temperature Pressure (bar)   Constr. rmsd
    3.00067e+02    2.06274e+01    2.33943e-06

           Step           Time
          41000       82.00000

   Energies (kJ/mol)
           Bond            U-B    Proper Dih.  Improper Dih.      CMAP Dih.
    1.11096e+02    3.30157e+02    3.66556e+02    3.39069e+01    1.76940e+01
          LJ-14     Coulomb-14        LJ (SR)   Coulomb (SR)   Coul. recip.
    6.62355e+01    2.83997e+03    3.11702e+04   -3.26586e+05    8.96046e+02
   COM Pull En.      Potential    Kinetic En.   Total Energy  Conserved En.
    1.67995e+01   -2.90737e+05    4.99438e+04   -2.40793e+05   -2.41525e+05
    Temperature Pressure (bar)   Constr. rmsd
    3.00441e+02    3.03280e+01    1.45430e-06

           Step           Time
          41500       83.00000

   Energies (kJ/mol)
           Bond            U-B    Proper Dih.  Improper Dih.      CMAP Dih.
    1.12008e+02    3.08792e+02    3.50120e+02    3.08804e+01    9.75857e+00
          LJ-14     Coulomb-14        LJ (SR)   Coulomb (SR)   Coul. recip.
    6.82743e+01    2.82609e+03    3.16737e+04   -3.27187e+05    8.96455e+02
   COM Pull En.      Potential    Kinetic En.   Total Energy  Conserved En.
    1.45132e+01   -2.90897e+05    5.00671e+04   -2.40830e+05   -2.41584e+05
    Temperature Pressure (bar)   Constr. rmsd
    3.01182e+02    1.51048e+02    1.89197e-06

           Step           Time
          42000       84.00000

   Energies (kJ/mol)
           Bond            U-B    Proper Dih.  Improper Dih.      CMAP Dih.
    9.61694e+01    3.53446e+02    3.21398e+02    2.38363e+01    3.46206e+01
          LJ-14     Coulomb-14        LJ (SR)   Coulomb (SR)   Coul. recip.
    7.40828e+01    2.83310e+03    3.09977e+04   -3.25584e+05    9.30739e+02
   COM Pull En.      Potential    Kinetic En.   Total Energy  Conserved En.
    1.57552e+01   -2.89903e+05    4.93909e+04   -2.40512e+05   -2.41572e+05
    Temperature Pressure (bar)   Constr. rmsd
    2.97115e+02    7.02127e+01    2.43834e-06

           Step           Time
          42500       85.00000

   Energies (kJ/mol)
           Bond            U-B    Proper Dih.  Improper Dih.      CMAP Dih.
    1.07494e+02    3.43136e+02    3.75075e+02    2.33573e+01    7.93763e+00
          LJ-14     Coulomb-14        LJ (SR)   Coulomb (SR)   Coul. recip.
    8.50412e+01    2.79154e+03    3.17566e+04   -3.26518e+05    9.58660e+02
   COM Pull En.      Potential    Kinetic En.   Total Energy  Conserved En.
    1.39277e+01   -2.90055e+05    4.98018e+04   -2.40254e+05   -2.41695e+05
    Temperature Pressure (bar)   Constr. rmsd
    2.99586e+02    2.14773e+02    2.82357e-06

           Step           Time
          43000       86.00000

   Energies (kJ/mol)
           Bond            U-B    Proper Dih.  Improper Dih.      CMAP Dih.
    9.69310e+01    4.36022e+02    3.41707e+02    2.70021e+01   -1.84475e+01
          LJ-14     Coulomb-14        LJ (SR)   Coulomb (SR)   Coul. recip.
    5.90323e+01    2.70681e+03    3.09680e+04   -3.25459e+05    9.28255e+02
   COM Pull En.      Potential    Kinetic En.   Total Energy  Conserved En.
    1.66277e+01   -2.89897e+05    4.96270e+04   -2.40270e+05   -2.41761e+05
    Temperature Pressure (bar)   Constr. rmsd
    2.98535e+02   -9.52504e+01    2.56371e-06

           Step           Time
          43500       87.00000

   Energies (kJ/mol)
           Bond            U-B    Proper Dih.  Improper Dih.      CMAP Dih.
    1.13190e+02    3.36323e+02    3.38878e+02    2.30714e+01   -9.30413e+00
          LJ-14     Coulomb-14        LJ (SR)   Coulomb (SR)   Coul. recip.
    6.86725e+01    2.80978e+03    3.10052e+04   -3.26311e+05    9.13154e+02
   COM Pull En.      Potential    Kinetic En.   Total Energy  Conserved En.
    1.88360e+01   -2.90693e+05    4.99507e+04   -2.40743e+05   -2.41680e+05
    Temperature Pressure (bar)   Constr. rmsd
    3.00482e+02   -3.69039e+01    1.64049e-06

           Step           Time
          44000       88.00000

   Energies (kJ/mol)
           Bond            U-B    Proper Dih.  Improper Dih.      CMAP Dih.
    1.16860e+02    3.13933e+02    3.37489e+02    3.20223e+01   -5.27215e+00
          LJ-14     Coulomb-14        LJ (SR)   Coulomb (SR)   Coul. recip.
    7.44363e+01    2.81094e+03    3.17553e+04   -3.27021e+05    8.81204e+02
   COM Pull En.      Potential    Kinetic En.   Total Energy  Conserved En.
    1.09110e+01   -2.90693e+05    4.87127e+04   -2.41980e+05   -2.41713e+05
    Temperature Pressure (bar)   Constr. rmsd
    2.93035e+02    3.30034e+01    1.58536e-06

           Step           Time
          44500       89.00000

   Energies (kJ/mol)
           Bond            U-B    Proper Dih.  Improper Dih.      CMAP Dih.
    9.54184e+01    3.24921e+02    3.61060e+02    2.64663e+01    2.95475e+00
          LJ-14     Coulomb-14        LJ (SR)   Coulomb (SR)   Coul. recip.
    7.99528e+01    2.82976e+03    3.01777e+04   -3.26018e+05    8.73077e+02
   COM Pull En.      Potential    Kinetic En.   Total Energy  Conserved En.
    1.80071e+01   -2.91229e+05    4.94372e+04   -2.41792e+05   -2.41630e+05
    Temperature Pressure (bar)   Constr. rmsd
    2.97393e+02   -4.19709e+02    2.01153e-06

           Step           Time
          45000       90.00000

   Energies (kJ/mol)
           Bond            U-B    Proper Dih.  Improper Dih.      CMAP Dih.
    9.76432e+01    3.47670e+02    3.41061e+02    3.42957e+01   -9.90420e+00
          LJ-14     Coulomb-14        LJ (SR)   Coulomb (SR)   Coul. recip.
    8.65328e+01    2.78360e+03    3.09440e+04   -3.26577e+05    8.31344e+02
   COM Pull En.      Potential    Kinetic En.   Total Energy  Conserved En.
    1.65904e+01   -2.91104e+05    4.88688e+04   -2.42236e+05   -2.41581e+05
    Temperature Pressure (bar)   Constr. rmsd
    2.93974e+02   -8.72612e+01    1.49893e-06

           Step           Time
          45500       91.00000

   Energies (kJ/mol)
           Bond            U-B    Proper Dih.  Improper Dih.      CMAP Dih.
    1.04204e+02    3.10539e+02    3.50047e+02    1.37974e+01   -1.24242e+01
          LJ-14     Coulomb-14        LJ (SR)   Coulomb (SR)   Coul. recip.
    7.89935e+01    2.79045e+03    3.20695e+04   -3.27796e+05    8.61161e+02
   COM Pull En.      Potential    Kinetic En.   Total Energy  Conserved En.
    1.73873e+01   -2.91213e+05    4.86688e+04   -2.42544e+05   -2.41722e+05
    Temperature Pressure (bar)   Constr. rmsd
    2.92771e+02    2.01055e+02    1.87608e-06

           Step           Time
          46000       92.00000

   Energies (kJ/mol)
           Bond            U-B    Proper Dih.  Improper Dih.      CMAP Dih.
    1.18121e+02    3.18823e+02    3.40762e+02    3.40077e+01   -1.14254e+01
          LJ-14     Coulomb-14        LJ (SR)   Coulomb (SR)   Coul. recip.
    6.91818e+01    2.79621e+03    3.10082e+04   -3.26539e+05    9.29560e+02
   COM Pull En.      Potential    Kinetic En.   Total Energy  Conserved En.
    2.29061e+01   -2.90913e+05    4.91642e+04   -2.41748e+05   -2.41712e+05
    Temperature Pressure (bar)   Constr. rmsd
    2.95751e+02   -1.30054e+02    2.53115e-06

           Step           Time
          46500       93.00000

   Energies (kJ/mol)
           Bond            U-B    Proper Dih.  Improper Dih.      CMAP Dih.
    1.42000e+02    3.08733e+02    3.51403e+02    2.67405e+01    3.57100e+00
          LJ-14     Coulomb-14        LJ (SR)   Coulomb (SR)   Coul. recip.
    7.57984e+01    2.79031e+03    3.05713e+04   -3.25704e+05    9.22085e+02
   COM Pull En.      Potential    Kinetic En.   Total Energy  Conserved En.
    1.86237e+01   -2.90493e+05    4.87875e+04   -2.41706e+05   -2.41804e+05
    Temperature Pressure (bar)   Constr. rmsd
    2.93485e+02   -2.22562e+02    2.72045e-06

           Step           Time
          47000       94.00000

   Energies (kJ/mol)
           Bond            U-B    Proper Dih.  Improper Dih.      CMAP Dih.
    1.09622e+02    3.46994e+02    3.67039e+02    3.81845e+01   -9.50566e-01
          LJ-14     Coulomb-14        LJ (SR)   Coulomb (SR)   Coul. recip.
    7.69030e+01    2.72940e+03    3.17328e+04   -3.27576e+05    9.28380e+02
   COM Pull En.      Potential    Kinetic En.   Total Energy  Conserved En.
    1.51430e+01   -2.91232e+05    4.95105e+04   -2.41722e+05   -2.41691e+05
    Temperature Pressure (bar)   Constr. rmsd
    2.97834e+02    1.30036e+02    1.59602e-06

           Step           Time
          47500       95.00000

   Energies (kJ/mol)
           Bond            U-B    Proper Dih.  Improper Dih.      CMAP Dih.
    1.27706e+02    3.68932e+02    3.73246e+02    2.37407e+01    1.21742e+01
          LJ-14     Coulomb-14        LJ (SR)   Coulomb (SR)   Coul. recip.
    7.29557e+01    2.83888e+03    3.08804e+04   -3.25949e+05    9.02406e+02
   COM Pull En.      Potential    Kinetic En.   Total Energy  Conserved En.
    2.68981e+01   -2.90322e+05    4.93186e+04   -2.41003e+05   -2.41633e+05
    Temperature Pressure (bar)   Constr. rmsd
    2.96680e+02   -1.96175e+01    1.81613e-06

           Step           Time
          48000       96.00000

   Energies (kJ/mol)
           Bond            U-B    Proper Dih.  Improper Dih.      CMAP Dih.
    1.14979e+02    3.53162e+02    3.51279e+02    1.69250e+01    1.46616e+01
          LJ-14     Coulomb-14        LJ (SR)   Coulomb (SR)   Coul. recip.
    7.78533e+01    2.81917e+03    3.08431e+04   -3.25779e+05    9.22711e+02
   COM Pull En.      Potential    Kinetic En.   Total Energy  Conserved En.
    2.08340e+01   -2.90244e+05    4.93027e+04   -2.40942e+05   -2.41707e+05
    Temperature Pressure (bar)   Constr. rmsd
    2.96584e+02    2.52449e+00    2.29985e-06

           Step           Time
          48500       97.00000

   Energies (kJ/mol)
           Bond            U-B    Proper Dih.  Improper Dih.      CMAP Dih.
    1.00807e+02    3.38193e+02    3.36294e+02    1.40020e+01    8.82614e+00
          LJ-14     Coulomb-14        LJ (SR)   Coulomb (SR)   Coul. recip.
    7.74866e+01    2.82909e+03    3.09898e+04   -3.26639e+05    9.38583e+02
   COM Pull En.      Potential    Kinetic En.   Total Energy  Conserved En.
    1.74278e+01   -2.90988e+05    4.97441e+04   -2.41244e+05   -2.41765e+05
    Temperature Pressure (bar)   Constr. rmsd
    2.99240e+02   -6.01787e+01    2.81641e-06

           Step           Time
          49000       98.00000

   Energies (kJ/mol)
           Bond            U-B    Proper Dih.  Improper Dih.      CMAP Dih.
    8.42489e+01    3.46796e+02    3.56795e+02    1.88878e+01   -5.15747e-01
          LJ-14     Coulomb-14        LJ (SR)   Coulomb (SR)   Coul. recip.
    7.00104e+01    2.72816e+03    3.15286e+04   -3.27340e+05    9.58446e+02
   COM Pull En.      Potential    Kinetic En.   Total Energy  Conserved En.
    1.68125e+01   -2.91232e+05    4.96026e+04   -2.41629e+05   -2.41788e+05
    Temperature Pressure (bar)   Constr. rmsd
    2.98388e+02    7.83896e+00    2.21763e-06

           Step           Time
          49500       99.00000

   Energies (kJ/mol)
           Bond            U-B    Proper Dih.  Improper Dih.      CMAP Dih.
    1.18564e+02    2.96989e+02    3.50277e+02    2.28816e+01    2.55100e+01
          LJ-14     Coulomb-14        LJ (SR)   Coulomb (SR)   Coul. recip.
    7.93701e+01    2.83600e+03    3.17821e+04   -3.26801e+05    8.75123e+02
   COM Pull En.      Potential    Kinetic En.   Total Energy  Conserved En.
    2.39638e+01   -2.90390e+05    4.91364e+04   -2.41254e+05   -2.41789e+05
    Temperature Pressure (bar)   Constr. rmsd
    2.95584e+02    2.14630e+02    3.06654e-06

           Step           Time
          50000      100.00000

   Energies (kJ/mol)
           Bond            U-B    Proper Dih.  Improper Dih.      CMAP Dih.
    1.11316e+02    3.53697e+02    3.38358e+02    1.37037e+01    2.17581e+01
          LJ-14     Coulomb-14        LJ (SR)   Coulomb (SR)   Coul. recip.
    8.21414e+01    2.79418e+03    3.10257e+04   -3.26185e+05    8.96058e+02
   COM Pull En.      Potential    Kinetic En.   Total Energy  Conserved En.
    2.06106e+01   -2.90528e+05    4.94373e+04   -2.41090e+05   -2.41722e+05
    Temperature Pressure (bar)   Constr. rmsd
    2.97394e+02    4.11706e+01    2.83394e-06

           Step           Time
          50500      101.00000

   Energies (kJ/mol)
           Bond            U-B    Proper Dih.  Improper Dih.      CMAP Dih.
    1.27734e+02    3.44833e+02    3.19761e+02    1.73829e+01    1.07091e+01
          LJ-14     Coulomb-14        LJ (SR)   Coulomb (SR)   Coul. recip.
    6.24660e+01    2.74611e+03    3.03650e+04   -3.26520e+05    9.09474e+02
   COM Pull En.      Potential    Kinetic En.   Total Energy  Conserved En.
    2.51121e+01   -2.91591e+05    5.01097e+04   -2.41482e+05   -2.41697e+05
    Temperature Pressure (bar)   Constr. rmsd
    3.01438e+02   -2.95469e+02    2.07333e-06

           Step           Time
          51000      102.00000

   Energies (kJ/mol)
           Bond            U-B    Proper Dih.  Improper Dih.      CMAP Dih.
    1.41896e+02    3.65349e+02    3.45919e+02    3.47293e+01    1.02943e+01
          LJ-14     Coulomb-14        LJ (SR)   Coulomb (SR)   Coul. recip.
    6.37256e+01    2.73543e+03    3.19928e+04   -3.27683e+05    8.76193e+02
   COM Pull En.      Potential    Kinetic En.   Total Energy  Conserved En.
    2.56870e+01   -2.91091e+05    4.92875e+04   -2.41803e+05   -2.41764e+05
    Temperature Pressure (bar)   Constr. rmsd
    2.96493e+02    1.68313e+02    2.03548e-06

           Step           Time
          51500      103.00000

   Energies (kJ/mol)
           Bond            U-B    Proper Dih.  Improper Dih.      CMAP Dih.
    1.14332e+02    3.19816e+02    3.49725e+02    3.14765e+01    2.64805e+01
          LJ-14     Coulomb-14        LJ (SR)   Coulomb (SR)   Coul. recip.
    6.50053e+01    2.75405e+03    3.20576e+04   -3.28005e+05    8.67467e+02
   COM Pull En.      Potential    Kinetic En.   Total Energy  Conserved En.
    2.30175e+01   -2.91396e+05    4.94423e+04   -2.41953e+05   -2.41788e+05
    Temperature Pressure (bar)   Constr. rmsd
    2.97424e+02    2.55884e+02    1.52471e-06

           Step           Time
          52000      104.00000

   Energies (kJ/mol)
           Bond            U-B    Proper Dih.  Improper Dih.      CMAP Dih.
    1.21451e+02    3.53248e+02    3.22602e+02    2.25563e+01    1.66325e+01
          LJ-14     Coulomb-14        LJ (SR)   Coulomb (SR)   Coul. recip.
    6.24797e+01    2.79199e+03    3.04106e+04   -3.25902e+05    9.28693e+02
   COM Pull En.      Potential    Kinetic En.   Total Energy  Conserved En.
    2.80693e+01   -2.90844e+05    4.89710e+04   -2.41873e+05   -2.41791e+05
    Temperature Pressure (bar)   Constr. rmsd
    2.94589e+02   -3.06904e+02    1.70381e-06

           Step           Time
          52500      105.00000

   Energies (kJ/mol)
           Bond            U-B    Proper Dih.  Improper Dih.      CMAP Dih.
    1.15049e+02    3.08848e+02    3.55946e+02    1.69845e+01   -8.93275e-01
          LJ-14     Coulomb-14        LJ (SR)   Coulomb (SR)   Coul. recip.
    7.57616e+01    2.81225e+03    3.13872e+04   -3.27480e+05    9.50388e+02
   COM Pull En.      Potential    Kinetic En.   Total Energy  Conserved En.
    2.82480e+01   -2.91430e+05    4.88855e+04   -2.42545e+05   -2.41781e+05
    Temperature Pressure (bar)   Constr. rmsd
    2.94074e+02   -6.38946e+00    1.92867e-06

Writing checkpoint, step 52560 at Sun Jun 21 15:05:09 2026


           Step           Time
          53000      106.00000

   Energies (kJ/mol)
           Bond            U-B    Proper Dih.  Improper Dih.      CMAP Dih.
    8.83250e+01    3.29125e+02    3.29031e+02    4.16689e+01   -1.15510e+01
          LJ-14     Coulomb-14        LJ (SR)   Coulomb (SR)   Coul. recip.
    8.65516e+01    2.81471e+03    3.19746e+04   -3.28037e+05    9.16737e+02
   COM Pull En.      Potential    Kinetic En.   Total Energy  Conserved En.
    3.66416e+01   -2.91432e+05    4.92729e+04   -2.42159e+05   -2.41901e+05
    Temperature Pressure (bar)   Constr. rmsd
    2.96405e+02    2.00473e+02    1.87870e-06

           Step           Time
          53500      107.00000

   Energies (kJ/mol)
           Bond            U-B    Proper Dih.  Improper Dih.      CMAP Dih.
    9.40860e+01    3.35334e+02    3.48269e+02    1.74652e+01    2.97270e+01
          LJ-14     Coulomb-14        LJ (SR)   Coulomb (SR)   Coul. recip.
    7.57270e+01    2.77447e+03    3.14204e+04   -3.27392e+05    9.06273e+02
   COM Pull En.      Potential    Kinetic En.   Total Energy  Conserved En.
    2.97574e+01   -2.91361e+05    4.90407e+04   -2.42320e+05   -2.41944e+05
    Temperature Pressure (bar)   Constr. rmsd
    2.95008e+02    3.49309e+01    2.76880e-06

           Step           Time
          54000      108.00000

   Energies (kJ/mol)
           Bond            U-B    Proper Dih.  Improper Dih.      CMAP Dih.
    1.02377e+02    3.77171e+02    3.48892e+02    2.28467e+01   -6.17257e+00
          LJ-14     Coulomb-14        LJ (SR)   Coulomb (SR)   Coul. recip.
    7.72633e+01    2.75921e+03    3.16307e+04   -3.27364e+05    9.47478e+02
   COM Pull En.      Potential    Kinetic En.   Total Energy  Conserved En.
    2.71324e+01   -2.91077e+05    4.97637e+04   -2.41313e+05   -2.42036e+05
    Temperature Pressure (bar)   Constr. rmsd
    2.99357e+02    8.24412e+01    2.07622e-06

           Step           Time
          54500      109.00000

   Energies (kJ/mol)
           Bond            U-B    Proper Dih.  Improper Dih.      CMAP Dih.
    1.09521e+02    3.16236e+02    3.25972e+02    2.46708e+01    1.85358e+01
          LJ-14     Coulomb-14        LJ (SR)   Coulomb (SR)   Coul. recip.
    7.66124e+01    2.76475e+03    3.14350e+04   -3.26990e+05    9.05415e+02
   COM Pull En.      Potential    Kinetic En.   Total Energy  Conserved En.
    2.70997e+01   -2.90986e+05    4.94577e+04   -2.41528e+05   -2.41907e+05
    Temperature Pressure (bar)   Constr. rmsd
    2.97517e+02    8.50740e+01    2.91149e-06

           Step           Time
          55000      110.00000

   Energies (kJ/mol)
           Bond            U-B    Proper Dih.  Improper Dih.      CMAP Dih.
    1.30668e+02    3.63964e+02    3.34375e+02    2.76462e+01    2.46171e+01
          LJ-14     Coulomb-14        LJ (SR)   Coulomb (SR)   Coul. recip.
    6.14361e+01    2.78711e+03    3.20904e+04   -3.27486e+05    9.28320e+02
   COM Pull En.      Potential    Kinetic En.   Total Energy  Conserved En.
    3.27045e+01   -2.90704e+05    4.95184e+04   -2.41186e+05   -2.41976e+05
    Temperature Pressure (bar)   Constr. rmsd
    2.97881e+02    1.98820e+02    2.02628e-06

           Step           Time
          55500      111.00000

   Energies (kJ/mol)
           Bond            U-B    Proper Dih.  Improper Dih.      CMAP Dih.
    9.70854e+01    3.74909e+02    3.35226e+02    3.44005e+01    2.73864e+01
          LJ-14     Coulomb-14        LJ (SR)   Coulomb (SR)   Coul. recip.
    5.74795e+01    2.76941e+03    3.11029e+04   -3.26240e+05    9.43665e+02
   COM Pull En.      Potential    Kinetic En.   Total Energy  Conserved En.
    2.59640e+01   -2.90471e+05    4.89809e+04   -2.41490e+05   -2.41876e+05
    Temperature Pressure (bar)   Constr. rmsd
    2.94648e+02   -8.29778e+00    2.99140e-06

           Step           Time
          56000      112.00000

   Energies (kJ/mol)
           Bond            U-B    Proper Dih.  Improper Dih.      CMAP Dih.
    9.80412e+01    3.51976e+02    3.54870e+02    3.28148e+01    1.77338e+01
          LJ-14     Coulomb-14        LJ (SR)   Coulomb (SR)   Coul. recip.
    6.14865e+01    2.75399e+03    3.08074e+04   -3.26760e+05    9.80877e+02
   COM Pull En.      Potential    Kinetic En.   Total Energy  Conserved En.
    2.85958e+01   -2.91272e+05    4.97706e+04   -2.41501e+05   -2.41773e+05
    Temperature Pressure (bar)   Constr. rmsd
    2.99399e+02   -1.14797e+02    2.95497e-06

