                :-) GROMACS - gmx mdrun, 2026.0-conda_forge (-:

Executable:   /home/jackieeelin929/opt/lisper_gmx_env/bin.AVX2_256/gmx
Data prefix:  /home/jackieeelin929/opt/lisper_gmx_env
Working dir:  /mnt/lisper_data/LiSPER_remote/LiSPER_8cand_LiCl/systems/LiDA-1/gromacs/umbrella_sampling_binding_site_v2/v4_tail_repair_20260702_0256/window_026_extend_to_6ns
Command line:
  gmx mdrun -s umbrella_v4.tpr -deffnm umbrella_v4 -cpi /mnt/lisper_data/LiSPER_remote/LiSPER_8cand_LiCl/systems/LiDA-1/gromacs/umbrella_sampling_binding_site_v2/v3_tail_repair_20260701_1105/window_026_extend_2ns/umbrella_ext.cpt -noappend -ntmpi 1 -ntomp 1

The current CPU can measure timings more accurately than the code in
gmx mdrun was configured to use. This might affect your simulation
speed as accurate timings are needed for load-balancing.
Please consider rebuilding gmx mdrun with the GMX_USE_RDTSCP=ON CMake option.
Reading file umbrella_v4.tpr, VERSION 2026.0-conda_forge (single precision)
Changing nstlist from 20 to 80, rlist from 1.226 to 1.327


Using 1 MPI thread
Using 1 OpenMP thread 


NOTE: Thread affinity was not set.
starting mdrun 'Title'
3000000 steps,   6000.0 ps (continuing from step 2000000,   4000.0 ps).

Writing final coordinates.

               Core t (s)   Wall t (s)        (%)
       Time:    52355.042    52355.043      100.0
                         14h32:35
                 (ns/day)    (hour/ns)    (ms/step)  (Matom*steps/s) 
Performance:        3.301        7.272       52.355            0.381 

GROMACS reminds you: "If it's all right with Dirac, it's all right with me." (Enrico Fermi, on being told that there was experimental evidence He-3 nuclei obey Fermi-Dirac statistics.)

