bash: warning: setlocale: LC_ALL: cannot change locale (en_US.UTF-8)
                :-) GROMACS - gmx mdrun, 2026.0-conda_forge (-:

Executable:   /root/miniconda3/envs/lisper-gmx/bin.AVX2_256/gmx
Data prefix:  /root/miniconda3/envs/lisper-gmx
Working dir:  /root/LiSPER_remote/LiSPER_8cand_LiCl/systems/LiDA-1/gromacs/umbrella_sampling_binding_site_v2/pull
Command line:
  gmx mdrun -deffnm pull -ntmpi 1 -ntomp 1

Compiled SIMD is AVX2_256, but AVX_512 might be faster (see log).
The current CPU can measure timings more accurately than the code in
gmx mdrun was configured to use. This might affect your simulation
speed as accurate timings are needed for load-balancing.
Please consider rebuilding gmx mdrun with the GMX_USE_RDTSCP=ON CMake option.
Reading file pull.tpr, VERSION 2026.0-conda_forge (single precision)
Changing nstlist from 20 to 80, rlist from 1.225 to 1.326


Using 1 MPI thread
Using 1 OpenMP thread 


NOTE: OS CPU limit is lower than logical cpu count, thread pinning disabled.
starting mdrun 'Title'
500000 steps,   1000.0 ps.

Writing final coordinates.

               Core t (s)   Wall t (s)        (%)
       Time:    20655.607    20655.607      100.0
                         5h44:15
                 (ns/day)    (hour/ns)    (ms/step)  (Matom*steps/s) 
Performance:        4.183        5.738       41.311            0.483 

GROMACS reminds you: "Why, how now, Claudio ! Whence Comes this Restraint ?" (Lucio in Measure for measure, Act 1, Scene 4, William Shakespeare)

