                 :-) GROMACS - gmx wham, 2026.0-conda_forge (-:

Executable:   /root/miniconda3/envs/lisper-gmx/bin.AVX2_256/gmx
Data prefix:  /root/miniconda3/envs/lisper-gmx
Working dir:  /root/LiSPER_remote/LiSPER_8cand_LiCl/systems/LiDS-1/gromacs/umbrella_sampling/pmf_wham_prelim_20260625_093520/bins_100
Command line:
  gmx wham -it ../tpr-files.dat -if ../pullf-files.dat -bins 100 -b 100 -unit kJ -o profile_kjmol.xvg -hist histo.xvg

Reading file /root/LiSPER_remote/LiSPER_8cand_LiCl/systems/LiDS-1/gromacs/umbrella_sampling/window_000_0.62nm/umbrella.tpr, VERSION 2026.0-conda_forge (single precision)
Reading file /root/LiSPER_remote/LiSPER_8cand_LiCl/systems/LiDS-1/gromacs/umbrella_sampling/window_001_0.72nm/umbrella.tpr, VERSION 2026.0-conda_forge (single precision)
Reading file /root/LiSPER_remote/LiSPER_8cand_LiCl/systems/LiDS-1/gromacs/umbrella_sampling/window_002_0.82nm/umbrella.tpr, VERSION 2026.0-conda_forge (single precision)
Reading file /root/LiSPER_remote/LiSPER_8cand_LiCl/systems/LiDS-1/gromacs/umbrella_sampling/window_003_0.92nm/umbrella.tpr, VERSION 2026.0-conda_forge (single precision)
Reading file /root/LiSPER_remote/LiSPER_8cand_LiCl/systems/LiDS-1/gromacs/umbrella_sampling/window_004_1.02nm/umbrella.tpr, VERSION 2026.0-conda_forge (single precision)
Reading file /root/LiSPER_remote/LiSPER_8cand_LiCl/systems/LiDS-1/gromacs/umbrella_sampling/window_005_1.12nm/umbrella.tpr, VERSION 2026.0-conda_forge (single precision)
Reading file /root/LiSPER_remote/LiSPER_8cand_LiCl/systems/LiDS-1/gromacs/umbrella_sampling/window_006_1.22nm/umbrella.tpr, VERSION 2026.0-conda_forge (single precision)
Reading file /root/LiSPER_remote/LiSPER_8cand_LiCl/systems/LiDS-1/gromacs/umbrella_sampling/window_007_1.32nm/umbrella.tpr, VERSION 2026.0-conda_forge (single precision)
Reading file /root/LiSPER_remote/LiSPER_8cand_LiCl/systems/LiDS-1/gromacs/umbrella_sampling/window_008_1.42nm/umbrella.tpr, VERSION 2026.0-conda_forge (single precision)
Reading file /root/LiSPER_remote/LiSPER_8cand_LiCl/systems/LiDS-1/gromacs/umbrella_sampling/window_009_1.52nm/umbrella.tpr, VERSION 2026.0-conda_forge (single precision)
Reading file /root/LiSPER_remote/LiSPER_8cand_LiCl/systems/LiDS-1/gromacs/umbrella_sampling/window_010_1.62nm/umbrella.tpr, VERSION 2026.0-conda_forge (single precision)
Reading file /root/LiSPER_remote/LiSPER_8cand_LiCl/systems/LiDS-1/gromacs/umbrella_sampling/window_011_1.72nm/umbrella.tpr, VERSION 2026.0-conda_forge (single precision)
Reading file /root/LiSPER_remote/LiSPER_8cand_LiCl/systems/LiDS-1/gromacs/umbrella_sampling/window_012_1.82nm/umbrella.tpr, VERSION 2026.0-conda_forge (single precision)
Reading file /root/LiSPER_remote/LiSPER_8cand_LiCl/systems/LiDS-1/gromacs/umbrella_sampling/window_013_1.92nm/umbrella.tpr, VERSION 2026.0-conda_forge (single precision)
Reading file /root/LiSPER_remote/LiSPER_8cand_LiCl/systems/LiDS-1/gromacs/umbrella_sampling/window_014_2.02nm/umbrella.tpr, VERSION 2026.0-conda_forge (single precision)
Reading file /root/LiSPER_remote/LiSPER_8cand_LiCl/systems/LiDS-1/gromacs/umbrella_sampling/window_015_2.12nm/umbrella.tpr, VERSION 2026.0-conda_forge (single precision)
Reading file /root/LiSPER_remote/LiSPER_8cand_LiCl/systems/LiDS-1/gromacs/umbrella_sampling/window_016_2.22nm/umbrella.tpr, VERSION 2026.0-conda_forge (single precision)
Reading file /root/LiSPER_remote/LiSPER_8cand_LiCl/systems/LiDS-1/gromacs/umbrella_sampling/window_017_2.32nm/umbrella.tpr, VERSION 2026.0-conda_forge (single precision)
Reading file /root/LiSPER_remote/LiSPER_8cand_LiCl/systems/LiDS-1/gromacs/umbrella_sampling/window_018_2.42nm/umbrella.tpr, VERSION 2026.0-conda_forge (single precision)
Reading file /root/LiSPER_remote/LiSPER_8cand_LiCl/systems/LiDS-1/gromacs/umbrella_sampling/window_019_2.52nm/umbrella.tpr, VERSION 2026.0-conda_forge (single precision)
Reading file /root/LiSPER_remote/LiSPER_8cand_LiCl/systems/LiDS-1/gromacs/umbrella_sampling/window_020_2.62nm/umbrella.tpr, VERSION 2026.0-conda_forge (single precision)
Reading file /root/LiSPER_remote/LiSPER_8cand_LiCl/systems/LiDS-1/gromacs/umbrella_sampling/window_000_0.62nm/umbrella.tpr, VERSION 2026.0-conda_forge (single precision)
Reading file /root/LiSPER_remote/LiSPER_8cand_LiCl/systems/LiDS-1/gromacs/umbrella_sampling/window_001_0.72nm/umbrella.tpr, VERSION 2026.0-conda_forge (single precision)
Reading file /root/LiSPER_remote/LiSPER_8cand_LiCl/systems/LiDS-1/gromacs/umbrella_sampling/window_002_0.82nm/umbrella.tpr, VERSION 2026.0-conda_forge (single precision)
Reading file /root/LiSPER_remote/LiSPER_8cand_LiCl/systems/LiDS-1/gromacs/umbrella_sampling/window_003_0.92nm/umbrella.tpr, VERSION 2026.0-conda_forge (single precision)
Reading file /root/LiSPER_remote/LiSPER_8cand_LiCl/systems/LiDS-1/gromacs/umbrella_sampling/window_004_1.02nm/umbrella.tpr, VERSION 2026.0-conda_forge (single precision)
Reading file /root/LiSPER_remote/LiSPER_8cand_LiCl/systems/LiDS-1/gromacs/umbrella_sampling/window_005_1.12nm/umbrella.tpr, VERSION 2026.0-conda_forge (single precision)
Reading file /root/LiSPER_remote/LiSPER_8cand_LiCl/systems/LiDS-1/gromacs/umbrella_sampling/window_006_1.22nm/umbrella.tpr, VERSION 2026.0-conda_forge (single precision)
Reading file /root/LiSPER_remote/LiSPER_8cand_LiCl/systems/LiDS-1/gromacs/umbrella_sampling/window_007_1.32nm/umbrella.tpr, VERSION 2026.0-conda_forge (single precision)
Reading file /root/LiSPER_remote/LiSPER_8cand_LiCl/systems/LiDS-1/gromacs/umbrella_sampling/window_008_1.42nm/umbrella.tpr, VERSION 2026.0-conda_forge (single precision)
Reading file /root/LiSPER_remote/LiSPER_8cand_LiCl/systems/LiDS-1/gromacs/umbrella_sampling/window_009_1.52nm/umbrella.tpr, VERSION 2026.0-conda_forge (single precision)
Reading file /root/LiSPER_remote/LiSPER_8cand_LiCl/systems/LiDS-1/gromacs/umbrella_sampling/window_010_1.62nm/umbrella.tpr, VERSION 2026.0-conda_forge (single precision)
Reading file /root/LiSPER_remote/LiSPER_8cand_LiCl/systems/LiDS-1/gromacs/umbrella_sampling/window_011_1.72nm/umbrella.tpr, VERSION 2026.0-conda_forge (single precision)
Reading file /root/LiSPER_remote/LiSPER_8cand_LiCl/systems/LiDS-1/gromacs/umbrella_sampling/window_012_1.82nm/umbrella.tpr, VERSION 2026.0-conda_forge (single precision)
Reading file /root/LiSPER_remote/LiSPER_8cand_LiCl/systems/LiDS-1/gromacs/umbrella_sampling/window_013_1.92nm/umbrella.tpr, VERSION 2026.0-conda_forge (single precision)
Reading file /root/LiSPER_remote/LiSPER_8cand_LiCl/systems/LiDS-1/gromacs/umbrella_sampling/window_014_2.02nm/umbrella.tpr, VERSION 2026.0-conda_forge (single precision)
Reading file /root/LiSPER_remote/LiSPER_8cand_LiCl/systems/LiDS-1/gromacs/umbrella_sampling/window_015_2.12nm/umbrella.tpr, VERSION 2026.0-conda_forge (single precision)
Reading file /root/LiSPER_remote/LiSPER_8cand_LiCl/systems/LiDS-1/gromacs/umbrella_sampling/window_016_2.22nm/umbrella.tpr, VERSION 2026.0-conda_forge (single precision)
Reading file /root/LiSPER_remote/LiSPER_8cand_LiCl/systems/LiDS-1/gromacs/umbrella_sampling/window_017_2.32nm/umbrella.tpr, VERSION 2026.0-conda_forge (single precision)
Reading file /root/LiSPER_remote/LiSPER_8cand_LiCl/systems/LiDS-1/gromacs/umbrella_sampling/window_018_2.42nm/umbrella.tpr, VERSION 2026.0-conda_forge (single precision)
Reading file /root/LiSPER_remote/LiSPER_8cand_LiCl/systems/LiDS-1/gromacs/umbrella_sampling/window_019_2.52nm/umbrella.tpr, VERSION 2026.0-conda_forge (single precision)
Reading file /root/LiSPER_remote/LiSPER_8cand_LiCl/systems/LiDS-1/gromacs/umbrella_sampling/window_020_2.62nm/umbrella.tpr, VERSION 2026.0-conda_forge (single precision)
Warning, poor sampling bin 99 (z=2.7877). Check your histograms!
Found 21 tpr and 21 pull force files in ../tpr-files.dat and ../pullf-files.dat, respectively
Reading 21 tpr and pullx/pullf files
Automatic determination of boundaries...

File /root/LiSPER_remote/LiSPER_8cand_LiCl/systems/LiDS-1/gromacs/umbrella_sampling/window_000_0.62nm/umbrella.tpr, 1 coordinates, with these options:
	Geometry distance   k = 1000      position = 0.6202    dimensions [Y Y Y] (3 dimensions). Used: Yes
	Pull group coordinates of 0 groups expected in pullx files.
	Reference value of the coordinate not expected in pullx files.
	Use option -v to see this output for all input tpr files


Reading pull force file /root/LiSPER_remote/LiSPER_8cand_LiCl/systems/LiDS-1/gromacs/umbrella_sampling/window_000_0.62nm/umbrella_pullf.xvg, expecting 2 columns:
	Column for time: 1
	Column(s) with data for pull coordinate 1 are
		reaction coordinate:             2
		center-of-mass of groups:        No
		reference position column:       No
	Found 5001 times in /root/LiSPER_remote/LiSPER_8cand_LiCl/systems/LiDS-1/gromacs/umbrella_sampling/window_000_0.62nm/umbrella_pullf.xvg

Determined boundaries to 0.453835 and 2.799430

Wrote histo.xvg
Getting initial potential by integration.
Initialized rapid wham stuff (contrib tolerance 4.7619e-08)
Evaluating only 698 of 2100 expressions.

	   1) Maximum change 5.678441e-01
	 100) Maximum change 1.400953e-03
	 200) Maximum change 8.244120e-04
	 300) Maximum change 4.763852e-04
	 400) Maximum change 2.773501e-04
	 500) Maximum change 1.616800e-04
	 600) Maximum change 9.426514e-05
	 700) Maximum change 5.495914e-05
	 800) Maximum change 3.204184e-05
	 900) Maximum change 1.868044e-05
	1000) Maximum change 1.089060e-05
	1100) Maximum change 6.349127e-06
	1200) Maximum change 3.701471e-06
	1300) Maximum change 2.157912e-06
	1400) Maximum change 1.258034e-06
Switched to exact iteration in iteration 1443
Converged in 1444 iterations. Final maximum change 9.92161e-07
Wrote profile_kjmol.xvg

In case you use results from gmx wham for a publication, please cite:

++++ PLEASE READ AND CITE THE FOLLOWING REFERENCE ++++
J. S. Hub, B. L. de Groot, D. van der Spoel
g_wham - A free weighted histogram analysis implementation including robust
error and autocorrelation estimates
J. Chem. Theory Comput. (2010)
https://doi.org/10.1021/ct100494z
-------- -------- --- Thank You --- -------- --------


GROMACS reminds you: "Documentation is like sex: When it's good it's great, and when it's bad it's better than nothing." (Linus Torvalds)

