                :-) GROMACS - gmx mdrun, 2026.0-conda_forge (-:

Executable:   /root/miniconda3/envs/lisper-gmx/bin.AVX2_256/gmx
Data prefix:  /root/miniconda3/envs/lisper-gmx
Working dir:  /root/LiSPER_remote/LiSPER_LiCl/systems/IDP-Li-1/gromacs/run_prod_20ns
Command line:
  gmx mdrun -deffnm step5_production_20ns -ntmpi 1 -ntomp 16

Compiled SIMD is AVX2_256, but CPU also supports AVX_512 (see log).
The current CPU can measure timings more accurately than the code in
gmx mdrun was configured to use. This might affect your simulation
speed as accurate timings are needed for load-balancing.
Please consider rebuilding gmx mdrun with the GMX_USE_RDTSCP=ON CMake option.
Reading file step5_production_20ns.tpr, VERSION 2026.0-conda_forge (single precision)
Changing nstlist from 20 to 80, rlist from 1.224 to 1.323


Using 1 MPI thread
Using 16 OpenMP threads 


NOTE: OS CPU limit is lower than logical cpu count, thread pinning disabled.
starting mdrun 'Title'
10000000 steps,  20000.0 ps.

Writing final coordinates.

               Core t (s)   Wall t (s)        (%)
       Time:   794855.955    49678.497     1600.0
                         13h47:58
                 (ns/day)    (hour/ns)    (ms/step)  (Matom*steps/s) 
Performance:       34.784        0.690        4.968            6.921 

GROMACS reminds you: "Still I had a lurking question. Would it not be better if one could really 'see' whether molecules as complicated as the sterols, or strychnine were just as experiment suggested?" (Dorothy Hodgkin)

