                :-) GROMACS - gmx grompp, 2026.0-conda_forge (-:

Executable:   /root/miniconda3/envs/lisper-gmx/bin.AVX2_256/gmx
Data prefix:  /root/miniconda3/envs/lisper-gmx
Working dir:  /root/LiSPER_remote/LiSPER_8cand_NaCl_prod_worker/systems/LiDS-1/gromacs
Command line:
  gmx grompp -f /root/LiSPER_remote/LiSPER_8cand_NaCl_prod_worker/systems/LiDS-1/gromacs/umbrella_sampling/window_015_3.02nm/umbrella.mdp -c /root/LiSPER_remote/LiSPER_8cand_NaCl_prod_worker/systems/LiDS-1/gromacs/umbrella_sampling/window_015_3.02nm/start.gro -p /root/LiSPER_remote/LiSPER_8cand_NaCl_prod_worker/systems/LiDS-1/gromacs/topol_clean_attempt1.top -n /root/LiSPER_remote/LiSPER_8cand_NaCl_prod_worker/systems/LiDS-1/gromacs/umbrella_sampling/umbrella_index.ndx -o /root/LiSPER_remote/LiSPER_8cand_NaCl_prod_worker/systems/LiDS-1/gromacs/umbrella_sampling/window_015_3.02nm/umbrella.tpr -maxwarn 1

Generating 1-4 interactions: fudge = 1
Pull group 1 'SOLU' has 114 atoms
Pull group 2 'TARGET_ION' has 1 atoms
Number of degrees of freedom in T-Coupling group SOLU is 292.00
Number of degrees of freedom in T-Coupling group SOLV is 58251.00
Pull group  natoms  pbc atom  distance at start  reference at t=0
       1       114        57
       2         1         0       3.028 nm          3.024 nm

GROMACS reminds you: "The most likely way for the world to be destroyed, most experts agree, is by accident. That's where we come in; we're computer professionals. We cause accidents." (Nathaniel Borenstein)

Setting the LD random seed to -1077960845

Generated 251 of the 253 non-bonded parameter combinations

Generated 91 of the 253 1-4 parameter combinations

Excluding 3 bonded neighbours molecule type 'PROA'

turning H bonds into constraints...

Excluding 1 bonded neighbours molecule type 'SOD'

turning H bonds into constraints...

Excluding 1 bonded neighbours molecule type 'CLA'

turning H bonds into constraints...

Excluding 2 bonded neighbours molecule type 'TIP3'

turning H bonds into constraints...

Setting gen_seed to -1157631269

Velocities were taken from a Maxwell distribution at 298.15 K

The largest distance between excluded atoms is 0.398 nm between atom 24 and 36

Determining Verlet buffer for a tolerance of 0.005 kJ/mol/ps at 298.15 K

Calculated rlist for 1x1 atom pair-list as 1.297 nm, buffer size 0.097 nm

Set rlist, assuming 4x4 atom pair-list, to 1.226 nm, buffer size 0.026 nm

Note that mdrun will redetermine rlist based on the actual pair-list setup
Calculating fourier grid dimensions for X Y Z
Using a fourier grid of 64x64x64, spacing 0.113 0.113 0.113

Estimate for the relative computational load of the PME mesh part: 0.19

This run will generate roughly 146 Mb of data
