bash: warning: setlocale: LC_ALL: cannot change locale (en_US.UTF-8)
                :-) GROMACS - gmx mdrun, 2026.0-conda_forge (-:

Executable:   /root/miniconda3/envs/lisper-gmx/bin.AVX2_256/gmx
Data prefix:  /root/miniconda3/envs/lisper-gmx
Working dir:  /root/LiSPER_remote/LiSPER_8cand_NaCl_prod_worker/systems/LiDA-1/gromacs/umbrella_sampling/pull
Command line:
  gmx mdrun -deffnm pull -ntmpi 1 -ntomp 1

Compiled SIMD is AVX2_256, but CPU also supports AVX_512 (see log).
The current CPU can measure timings more accurately than the code in
gmx mdrun was configured to use. This might affect your simulation
speed as accurate timings are needed for load-balancing.
Please consider rebuilding gmx mdrun with the GMX_USE_RDTSCP=ON CMake option.
Reading file pull.tpr, VERSION 2026.0-conda_forge (single precision)
Changing nstlist from 20 to 80, rlist from 1.226 to 1.326


Using 1 MPI thread
Using 1 OpenMP thread 


NOTE: OS CPU limit is lower than logical cpu count, thread pinning disabled.
starting mdrun 'Title'
250000 steps,    500.0 ps.

-------------------------------------------------------
Program:     gmx mdrun, version 2026.0-conda_forge
Source file: src/gromacs/pulling/pull.cpp (line 528)

Fatal error:
Distance between pull groups 1 and 2 (3.105059 nm) is larger than 0.49 times
the box size (3.104296).

For more information and tips for troubleshooting, please check the GROMACS
website at https://manual.gromacs.org/current/user-guide/run-time-errors.html
-------------------------------------------------------
