                :-) GROMACS - gmx mdrun, 2026.0-conda_forge (-:

Executable:   /root/miniconda3/envs/lisper-gmx/bin.AVX2_256/gmx
Data prefix:  /root/miniconda3/envs/lisper-gmx
Working dir:  /root/LiSPER_remote/LiSPER_8cand_NaCl_prod_worker/systems/LiDA-1/gromacs/umbrella_sampling/window_000_1.32nm
Command line:
  gmx mdrun -deffnm umbrella -ntmpi 1 -ntomp 1

Compiled SIMD is AVX2_256, but CPU also supports AVX_512 (see log).
The current CPU can measure timings more accurately than the code in
gmx mdrun was configured to use. This might affect your simulation
speed as accurate timings are needed for load-balancing.
Please consider rebuilding gmx mdrun with the GMX_USE_RDTSCP=ON CMake option.
Reading file umbrella.tpr, VERSION 2026.0-conda_forge (single precision)
Changing nstlist from 20 to 80, rlist from 1.225 to 1.326


Using 1 MPI thread
Using 1 OpenMP thread 


NOTE: OS CPU limit is lower than logical cpu count, thread pinning disabled.
starting mdrun 'Title'
500000 steps,   1000.0 ps.

Writing final coordinates.

               Core t (s)   Wall t (s)        (%)
       Time:    16049.301    16049.301      100.0
                         4h27:29
                 (ns/day)    (hour/ns)    (ms/step)  (Matom*steps/s) 
Performance:        5.383        4.458       32.099            0.621 

GROMACS reminds you: "It seems likely that significant software contributions to existing scientific software projects are not likely to be rewarded through the traditional reputation economy of science. Together these factors provide a reason to expect the over-production of independent scientific software packages, and the underproduction of collaborative projects in which later academics build on the work of earlier ones." (Howison & Herbsleb)

