                :-) GROMACS - gmx mdrun, 2026.0-conda_forge (-:

Executable:   /root/miniconda3/envs/lisper-gmx/bin.AVX2_256/gmx
Data prefix:  /root/miniconda3/envs/lisper-gmx
Working dir:  /root/LiSPER_remote/LiSPER_8cand_LiCl/systems/LiD3-Flex/gromacs/run_min
Command line:
  gmx mdrun -deffnm min_attempt0 -ntmpi 1 -ntomp 16

Compiled SIMD is AVX2_256, but CPU also supports AVX_512 (see log).
The current CPU can measure timings more accurately than the code in
gmx mdrun was configured to use. This might affect your simulation
speed as accurate timings are needed for load-balancing.
Please consider rebuilding gmx mdrun with the GMX_USE_RDTSCP=ON CMake option.
Reading file min_attempt0.tpr, VERSION 2026.0-conda_forge (single precision)

Using 1 MPI thread
Using 16 OpenMP threads 


NOTE: OS CPU limit is lower than logical cpu count, thread pinning disabled.

Steepest Descents:
   Tolerance (Fmax)   =  1.00000e+03
   Number of steps    =         5000

Energy minimization has stopped because the force on at least one atom is not
finite. This usually means atoms are overlapping. Modify the input
coordinates to remove atom overlap or use soft-core potentials with the free
energy code to avoid infinite forces.
You could also be lucky that switching to double precision is sufficient to
obtain finite forces.

writing lowest energy coordinates.

Steepest Descents converged to machine precision in 21 steps,
but did not reach the requested Fmax < 1000.
Potential Energy  =  1.5578804e+16
Maximum force     =            inf on atom 19453
Norm of force     =            inf

GROMACS reminds you: "One Ripple At a Time" (Bianca's Smut Shack)

