Using gromos method for clustering
Using RMSD cutoff 0.2 nm
The RMSD ranges from 0.0656933 to 1.08404 nm
Average RMSD is 0.481739
Number of structures for matrix 2001
Energy of the matrix is 46.4579.

Found 226 clusters

Writing middle structure for each cluster to /root/LiSPER_remote/LiSPER_8cand_LiCl/systems/LiA3-Ref/gromacs/cluster_20ns/representative_top_cluster.pdb

cl. | #st  rmsd | middle rmsd | cluster members
  1 | 101  0.212 |   5840 .168 |      0    130    140    180    190    200    210
    |           |             |    280    300    310    320    330    350    360
    |           |             |    370    380    390    540    600    610    620
    |           |             |    630    640    650    910    920   5820   5830
    |           |             |   5840   5850   5860   5870   5880   5900   5910
    |           |             |   5920   5930   5980   5990   6000   6020   6030
    |           |             |   6050   6060   6070   6080   6090   6100   6110
    |           |             |   6120   6130   6160   6250   6260   6270   6280
    |           |             |   6290   6310   6320   6330   6340   6580   6620
    |           |             |   6630   6650   6770   6790   6810   6860   6870
    |           |             |   6880   6890   6900   6990   7000   7010   7030
    |           |             |   7120   7130   7210   7250   7260   7270   7290
    |           |             |   7300   7310   7320   7330   7340   7350   7380
    |           |             |   7390   7400   7410   7420   8150   8160   8170
    |           |             |  17730  17740  17750
  2 |  68  0.211 |  16950 .171 |    450    460   1050   1060   1070   1160   1180
    |           |             |   1210   1280   1350   1370  14460  16170  16240
    |           |             |  16250  16260  16270  16280  16290  16400  16470
    |           |             |  16490  16500  16620  16630  16640  16650  16660
    |           |             |  16670  16680  16720  16730  16780  16920  16930
    |           |             |  16940  16950  16960  16970  16980  16990  17000
    |           |             |  17010  17020  17030  17040  17050  17060  17080
    |           |             |  17170  17180  17290  17300  17310  17320  17360
    |           |             |  17370  17380  17400  17420  17430  17450  17460
    |           |             |  17470  17480  17490  17500  17510
  3 |  59  0.224 |   7500 .176 |     60     70     90    100    110    120    150
    |           |             |    160    170    560    570    580   5500   5510
    |           |             |   5520   5530   5580   5630   5640   5650   5670
    |           |             |   6190   6200   6230   6240   6640   7070   7080
    |           |             |   7200   7430   7440   7450   7460   7470   7480
    |           |             |   7490   7500   7510   7530   7540   7550   7580
    |           |             |   7590   7720   7730   7810   7950   8070   8080
    |           |             |   8120   8130   8140   9850   9880  10230  17770
    |           |             |  17780  17840  17910
  4 |  58  0.214 |   4670 .167 |   1690   1700   1710   1780   1790   2260   2270
    |           |             |   2280   2290   2300   4140   4150   4210   4230
    |           |             |   4240   4250   4260   4270   4280   4290   4300
    |           |             |   4320   4330   4340   4350   4360   4500   4540
    |           |             |   4550   4580   4590   4600   4610   4620   4630
    |           |             |   4640   4650   4660   4670   4680   4690   4700
    |           |             |   4720   4740   4750   4890   4940   4950   4960
    |           |             |   4970   4980   4990   5020   5050  17540  17550
    |           |             |  17560  17570
  5 |  58  0.215 |  11120 .171 |   6390   6400   6410   6430   8280   8300   8310
    |           |             |   8320   8330   8380   8390   8400   8420   8430
    |           |             |   8440   8450   8660  11050  11060  11070  11100
    |           |             |  11110  11120  11130  11140  11150  11170  11180
    |           |             |  11190  11210  11260  11290  11300  11310  11320
    |           |             |  11330  11340  11370  11380  11390  11410  11420
    |           |             |  11430  11440  11450  11460  11480  11490  11510
    |           |             |  11520  11530  18070  18180  18190  18200  18210
    |           |             |  18220  18400
  6 |  51  0.213 |   9740 .167 |   6760   8180   8190   8200   8210   8220   8230
    |           |             |   8260   8290   8490   8500   8520   8540   8550
    |           |             |   8560   8570   8580   8750   8770   8780   8790
    |           |             |   8800   8820   9200   9210   9220   9230   9240
    |           |             |   9250   9260   9270   9510   9560   9570   9580
    |           |             |   9590   9600   9610   9670   9680   9690   9710
    |           |             |   9720   9730   9740   9750   9780   9790   9800
    |           |             |  10000  11090
  7 |  47  0.208 |   2580 .162 |   2500   2510   2530   2540   2550   2560   2570
    |           |             |   2580   2590   2600   2610   2620   2630   2640
    |           |             |   2650   2660   2670   2680   2840   2850   2860
    |           |             |   2890   2900   2910   2920   2930   2940   2950
    |           |             |   2960   3140   3150   3230   3240   3250   3260
    |           |             |   3580   3600   3610   3630   3700   3710   3720
    |           |             |   3730   3740   3750   3760   3770
  8 |  42  0.208 |   7670 .171 |   5680   5760   5790   6350   6360   6660   6670
    |           |             |   6680   6690   7610   7620   7630   7640   7650
    |           |             |   7660   7670   7680   7690   7700   9410  11220
    |           |             |  11230  11240  11540  17800  17810  17850  17860
    |           |             |  17870  17880  17890  17940  17950  17960  18000
    |           |             |  18010  18020  18030  18040  18050  18060  18080
  9 |  37  0.201 |   1960 .169 |   1650   1670   1680   1820   1830   1850   1860
    |           |             |   1870   1880   1890   1900   1910   1920   1930
    |           |             |   1940   1950   1960   1970   1980   2020   2030
    |           |             |   2040   2050   2160   2170   2180   2190   2340
    |           |             |   4490   4510   4520   4530   5180   5190   5200
    |           |             |   5210   5220
 10 |  36  0.213 |  10040 .171 |   5810   8240   8250   8270   9280   9290   9300
    |           |             |   9310   9340   9370   9440   9450   9480   9500
    |           |             |   9810   9830   9840   9860  10010  10020  10030
    |           |             |  10040  10050  10060  10070  10080  10130  10140
    |           |             |  10170  10190  10200  10240  10250  10260  11550
    |           |             |  11620
 11 |  33  0.213 |   1170 .170 |    270    980    990   1010   1020   1030   1040
    |           |             |   1120   1150   1170   1190   1200   1220   1270
    |           |             |   1290   1300   1310   1320   1340   1360   1380
    |           |             |   1390   1400   7040  14390  16300  16310  16340
    |           |             |  16350  16360  16370  16380  16390
 12 |  32  0.197 |   8960 .167 |   8840   8850   8860   8870   8880   8890   8900
    |           |             |   8910   8920   8930   8940   8950   8960   8970
    |           |             |   8980   8990   9000   9010   9020   9030   9040
    |           |             |   9100   9110   9120   9920   9930   9950  13980
    |           |             |  13990  14000  14050  15330
 13 |  31  0.197 |  12880 .162 |  12830  12840  12850  12860  12870  12880  12890
    |           |             |  12910  12920  12930  12940  12950  12960  12970
    |           |             |  12980  12990  13000  13070  13080  13090  13110
    |           |             |  13120  13130  13140  13150  13230  13940  13950
    |           |             |  13960  14720  14740
 14 |  29  0.214 |  14310 .169 |  14010  14020  14030  14040  14060  14070  14080
    |           |             |  14090  14280  14290  14300  14310  14320  14330
    |           |             |  14340  14360  14470  14480  14490  14560  14570
    |           |             |  14580  14590  14640  14700  14800  14810  16410
    |           |             |  16440
 15 |  28  0.210 |   7970 .170 |   5470   5480   5490   5590   5600   5610   5620
    |           |             |   7520   7740   7750   7790   7830   7840   7920
    |           |             |   7930   7940   7960   7970   7980   7990   8000
    |           |             |   8010   8020   8030  10280  10290  17920  17980
 16 |  28  0.201 |  13670 .158 |  13470  13510  13520  13530  13540  13550  13560
    |           |             |  13570  13580  13590  13600  13610  13620  13630
    |           |             |  13640  13650  13660  13670  13680  13690  13700
    |           |             |  13710  13720  13730  15680  15690  15700  15710
 17 |  26  0.214 |  18160 .177 |   6440   8650  10960  10970  10980  10990  11030
    |           |             |  11040  11080  11270  11280  18130  18150  18160
    |           |             |  18170  18270  18280  18290  18310  18320  18330
    |           |             |  18350  18360  18370  18380  18390
 18 |  26  0.196 |  19320 .165 |  19300  19310  19320  19330  19340  19350  19360
    |           |             |  19380  19410  19420  19430  19480  19500  19510
    |           |             |  19520  19530  19540  19550  19560  19570  19580
    |           |             |  19590  19600  19610  19620  19630
 19 |  25  0.221 |   7190 .199 |     10   5660   5690   5740   5750   5800   6140
    |           |             |   6150   6170   6180   6210   6220   6300   6610
    |           |             |   6800   6910   6920   6930   7110   7190   7780
    |           |             |   7800  17760  17820  17830
 20 |  24  0.201 |  10730 .164 |   8350   8360   8370  10310  10370  10420  10430
    |           |             |  10440  10620  10630  10640  10650  10660  10670
    |           |             |  10680  10690  10710  10720  10730  10740  10750
    |           |             |  10760  10770  11400
 21 |  24  0.223 |   4010 .187 |   2310   4000   4010   4020   4100   4110   4130
    |           |             |   4310   4570   4870   4880   4900   4910   4920
    |           |             |   4930   5380   5390  11870  11940  11960  17580
    |           |             |  17600  17650  17670
 22 |  22  0.203 |   4780 .161 |   2330   3890   3900   3910   4370   4380   4390
    |           |             |   4400   4760   4770   4780   4790   4800   4810
    |           |             |   4820   4830   5080   5090   5100   5150  11900
    |           |             |  11950
 23 |  22  0.216 |  17440 .198 |    480  16540  16560  16790  16840  16850  16860
    |           |             |  16870  16880  16890  16900  16910  17100  17110
    |           |             |  17190  17230  17240  17250  17260  17280  17350
    |           |             |  17440
 24 |  22  0.212 |    340 .175 |    220    240    260    290    340    520    530
    |           |             |    860    870    880    890    900    930    940
    |           |             |   5890   5940   5970   6010   6040   6370   6560
    |           |             |   6570
 25 |  22  0.215 |   2970 .174 |   2420   2430   2460   2470   2480   2490   2690
    |           |             |   2700   2710   2780   2790   2800   2810   2970
    |           |             |   2980   2990   3000   3010   3090   3590   3620
    |           |             |   3670
 26 |  21  0.202 |  18800 .163 |  18770  18780  18790  18800  18810  18820  18830
    |           |             |  18840  18860  18870  18880  18900  18910  18920
    |           |             |  18930  18940  19030  19110  19120  19130  19870
 27 |  21  0.198 |  14860 .167 |  14660  14670  14690  14750  14760  14770  14780
    |           |             |  14790  14820  14830  14840  14850  14860  14870
    |           |             |  14880  14890  14940  14950  14960  14970  14980
 28 |  21  0.223 |   7180 .193 |   1330   5340   5540   5550   5560   5570   7050
    |           |             |   7060   7090   7100   7140   7180   7240   8040
    |           |             |   8050   8060   8090   8100   8110   9870   9890
 29 |  19  0.220 |  17120 .173 |   1130   1140  16120  16130  16140  16160  16180
    |           |             |  16200  16210  16230  17090  17120  17130  17140
    |           |             |  17200  17220  17330  17340  17390
 30 |  18  0.214 |  15530 .176 |  15020  15040  15290  15400  15420  15430  15440
    |           |             |  15490  15500  15510  15520  15530  15540  15550
    |           |             |  15560  15610  15630  15640
 31 |  18  0.220 |  11680 .172 |   5300  11650  11660  11670  11680  11700  11720
    |           |             |  11730  11740  11750  11790  11800  11820  12010
    |           |             |  12020  12100  12110  12900
 32 |  18  0.198 |    680 .159 |    660    670    680    690    700    710    720
    |           |             |    730    740    770    790    800    810    820
    |           |             |    830    840    850   5030
 33 |  17  0.199 |  12370 .157 |  12230  12340  12350  12360  12370  12380  12390
    |           |             |  12400  12410  12420  12430  12440  12470  12480
    |           |             |  12570  12580  13770
 34 |  17  0.196 |  18650 .164 |  18620  18640  18650  18660  18670  18680  18690
    |           |             |  18700  18710  18720  18730  18740  18750  18760
    |           |             |  19140  19230  19240
 35 |  16  0.195 |  15170 .168 |  13840  13850  13860  13870  15030  15130  15150
    |           |             |  15160  15170  15180  15210  15220  15230  15240
    |           |             |  15250  15280
 36 |  16  0.222 |   2200 .198 |   1800   1810   1840   2000   2060   2070   2080
    |           |             |   2090   2100   2110   2200   2210   2220   2230
    |           |             |   2240   2250
 37 |  16  0.202 |  10900 .164 |  10390  10400  10860  10870  10880  10890  10900
    |           |             |  10910  10920  10930  10940  10950  11000  11010
    |           |             |  11020  18300
 38 |  15  0.210 |   3130 .190 |   3100   3120   3130   3160   3170   3180   3190
    |           |             |   3200   3210   3220   3280   3290   3300   3310
    |           |             |   3520
 39 |  15  0.213 |   9520 .186 |   7280   8830   9130   9520   9530   9620   9630
    |           |             |   9640   9650   9660   9770   9960   9970   9980
    |           |             |   9990
 40 |  15  0.215 |  17640 .198 |   4030   4050   4120   5270   5290   5310   5330
    |           |             |   5350   5400   5420  17590  17610  17620  17630
    |           |             |  17640
 41 |  14  0.171 |  10510 .151 |  10450  10460  10480  10490  10500  10510  10520
    |           |             |  10530  10540  10550  10560  10570  10580  10590
 42 |  14  0.209 |  14530 .172 |   9460   9470   9910  10120  10150  14440  14450
    |           |             |  14500  14510  14520  14530  14540  14550  14600
 43 |  13  0.199 |   6530 .168 |    250    470   6510   6520   6530   6540   6550
    |           |             |   6700   6710   6720   6730   6740  18410
 44 |  13  0.198 |  14160 .164 |  14110  14120  14130  14140  14150  14160  14170
    |           |             |  14180  14220  14230  14240  14250  14270
 45 |  13  0.201 |  12700 .162 |  12640  12650  12660  12690  12700  12710  12720
    |           |             |  12730  12760  12770  12780  12790  12800
 46 |  13  0.201 |  19860 .172 |  19040  19050  19850  19860  19880  19890  19910
    |           |             |  19920  19930  19940  19960  19970  19980
 47 |  13  0.189 |   5170 .172 |   2350   2360   2370   2380   2390   5060   5070
    |           |             |   5110   5120   5130   5140   5160   5170
 48 |  13  0.219 |  16520 .182 |  16030  16050  16510  16520  16530  16600  16690
    |           |             |  16740  16750  16760  16800  16810  16820
 49 |  12  0.203 |    440 .165 |    230    410    420    430    440    490    500
    |           |             |    510    590   7150   7360  17530
 50 |  12  0.202 |  13410 .167 |  13180  13190  13200  13210  13220  13340  13360
    |           |             |  13390  13400  13410  13420  13450
 51 |  11  0.203 |  17990 .189 |   7560   7570   7710   7910   9380   9390   9400
    |           |             |   9420  17790  17970  17990
 52 |  11  0.184 |  19830 .159 |  19750  19760  19770  19780  19790  19800  19810
    |           |             |  19820  19830  19840  19950
 53 |  11  0.177 |   3330 .147 |   3270   3320   3330   3340   3350   3360   3370
    |           |             |   3380   3400   3410   3420
 54 |  11  0.195 |   9070 .160 |   9050   9060   9070   9080   9090   9150   9160
    |           |             |   9170   9180   9820   9940
 55 |  11  0.223 |   8680 .180 |   6420   8340   8590   8670   8680   8690   8700
    |           |             |   8760   9700  10840  10850
 56 |  10  0.186 |  12260 .169 |  12240  12250  12260  12270  12280  12290  12300
    |           |             |  12310  12320  12330
 57 |  10  0.178 |   1440 .152 |   1410   1420   1430   1440   1450   1460   1470
    |           |             |   1480   1490   1500
 58 |  10  0.210 |  13970 .180 |  13890  13910  13920  13930  13970  14730  15000
    |           |             |  15010  15570  15580
 59 |   9  0.199 |  15780 .161 |  15720  15760  15770  15780  15790  15800  15810
    |           |             |  15820  15840
 60 |   9  0.186 |   1730 .157 |   1660   1720   1730   1740   1750   1760   1770
    |           |             |   1990   2010
 61 |   9  0.209 |   3660 .183 |   2400   2410   2440   2450   3650   3660   3680
    |           |             |   3690   3780
 62 |   8  0.201 |   5700 .174 |     20     40   5700   5720   5730   5780  17710
    |           |             |  17720
 63 |   8  0.190 |  15980 .165 |  15910  15950  15960  15970  15980  15990  16000
    |           |             |  16010
 64 |   8  0.188 |  12550 .169 |  12490  12500  12510  12520  12540  12550  12560
    |           |             |  12590
 65 |   8  0.200 |  12090 .165 |  12060  12070  12080  12090  12120  12130  12140
    |           |             |  12150
 66 |   8  0.189 |  18430 .158 |  18340  18420  18430  18440  18450  18460  18470
    |           |             |  18480
 67 |   8  0.177 |   3070 .156 |   3020   3030   3040   3050   3060   3070   3080
    |           |             |   3110
 68 |   8  0.233 |  10110 .211 |   9350   9360   9900  10100  10110  10220  11610
    |           |             |  11640
 69 |   8  0.194 |  19440 .175 |  19370  19390  19400  19440  19450  19460  19470
    |           |             |  19490
 70 |   8  0.182 |  19210 .162 |  18850  19150  19170  19180  19190  19200  19210
    |           |             |  19220
 71 |   8  0.196 |   4430 .171 |   4410   4420   4430   4440   4450   4460   4480
    |           |             |   6500
 72 |   7  0.184 |   4160 .165 |   4160   4170   4180   4190   4200   4220   5410
 73 |   7  0.190 |  18980 .170 |  18970  18980  18990  19000  19010  19020  19100
 74 |   7  0.191 |   3460 .168 |   3430   3440   3450   3460   3470   3480   3490
 75 |   7  0.200 |  15100 .163 |  15060  15070  15080  15090  15100  15110  15120
 76 |   7  0.169 |  19690 .151 |  19680  19690  19700  19710  19720  19730  19740
 77 |   7  0.173 |   3860 .152 |   3820   3840   3850   3860   3870   3880   3930
 78 |   7  0.167 |   7860 .143 |   7820   7850   7860   7870   7880   7890   7900
 79 |   7  0.217 |   8470 .179 |   8460   8470   8480   8510   8530  11500  11560
 80 |   7  0.225 |   7170 .196 |    400   6590   6780   7020   7170   7220   7370
 81 |   7  0.229 |   7770 .214 |   7760   7770   9320   9430  10270  10320  10330
 82 |   7  0.189 |  15860 .166 |  15730  15740  15750  15850  15860  15870  15880
 83 |   6  0.181 |  12180 .159 |  12160  12170  12180  12190  12200  12210
 84 |   6  0.180 |  18510 .166 |  18490  18500  18510  18520  18530  18540
 85 |   6  0.171 |  15370 .144 |  15350  15360  15370  15380  17210  17520
 86 |   6  0.185 |  18590 .154 |  18570  18580  18590  18600  18610  18630
 87 |   6  0.204 |  16040 .179 |  14350  16020  16040  16060  16070  16080
 88 |   6  0.181 |  13290 .155 |  13270  13280  13290  13300  13310  13320
 89 |   6  0.198 |  11990 .169 |  11890  11970  11980  11990  12000  12040
 90 |   6  0.229 |  16430 .185 |  16090  16420  16430  16550  17070  17270
 91 |   6  0.212 |  18120 .192 |    950    960   5770  11200  18120  18140
 92 |   6  0.199 |   6460 .174 |   6450   6460   6470   6480   6490  18230
 93 |   6  0.232 |  16700 .203 |  16450  16480  16700  16710  16770  17410
 94 |   5  0.214 |   2730 .182 |   2720   2730   2740   2750   2760
 95 |   5  0.154 |  14420 .135 |  14380  14400  14410  14420  14430
 96 |   5  0.183 |   1620 .170 |   1590   1600   1610   1620   1630
 97 |   5  0.155 |  13040 .134 |  13020  13030  13040  13050  13060
 98 |   5  0.188 |  13480 .159 |  13430  13460  13480  13490  13500
 99 |   5  0.206 |   1250 .168 |    970   1000   1240   1250   1260
100 |   5  0.178 |   6960 .163 |   6940   6950   6960   6970   6980
101 |   5  0.211 |  19660 .176 |  19640  19650  19660  19670  19990
102 |   5  0.212 |   8610 .189 |   8600   8610   8620   8630   8640
103 |   5  0.197 |   4090 .167 |   4040   4070   4080   4090  12050
104 |   5  0.190 |   8710 .168 |   8710   8720   8730  10340  10360
105 |   5  0.200 |  13760 .163 |  13740  13750  13760  13780  13790
106 |   5  0.216 |  14650 .178 |   1100  14620  14630  14650  14680
107 |   5  0.184 |   3540 .156 |   3510   3530   3540   3550   3560
108 |   5  0.175 |   3960 .156 |   3940   3950   3960   3970   3990
109 |   4  0.167 |   2130 .153 |   2120   2130   2140   2150
110 |   4  0.208 |   6840 .178 |   6820   6830   6840   6850
111 |   4  0.226 |   5360 .204 |   5280   5320   5360  11760
112 |   4  0.210 |   8810 .203 |   8810   9540   9550   9760
113 |   4  0.169 |  11840 .153 |  11830  11840  11850  11860
114 |   4  0.175 |  14930 .159 |  14900  14910  14920  14930
115 |   4  0.195 |  14210 .174 |  14190  14200  14210  14260
116 |   4  0.184 |  13820 .165 |  13800  13810  13820  13830
117 |   4  0.193 |   5440 .179 |   5430   5440   5450   5460
118 |   4  0.187 |  17900 .180 |     30   7600  17900  17930
119 |   4  0.175 |  19080 .148 |  19060  19070  19080  19090
120 |   4  0.191 |   1560 .157 |   1520   1540   1550   1560
121 |   4  0.175 |  11780 .156 |   5260  11770  11780  13100
122 |   4  0.200 |  15460 .192 |  15410  15450  15460  15480
123 |   4  0.162 |  19260 .149 |  19250  19260  19270  19280
124 |   4  0.239 |   5000 .219 |   4730   4860   5000  11880
125 |   4  0.199 |  15270 .185 |  13880  13900  15260  15270
126 |   4  0.205 |  11360 .199 |  11160  11350  11360  11470
127 |   4  0.189 |   5240 .157 |   5040   5230   5240   5250
128 |   4  0.233 |  12810 .221 |  12740  12750  12810  12820
129 |   4  0.227 |  16330 .209 |   1080   1110  16320  16330
130 |   4  0.205 |  10410 .186 |  10380  10410  10800  10830
131 |   3  0.159 |  15620 .152 |  15590  15600  15620
132 |   3  0.294 |  13330 .280 |  13170  13330  15650
133 |   3  0.218 |   2880 .196 |   2520   2870   2880
134 |   3  0.243 |  16610 .217 |  16220  16590  16610
135 |   3  0.274 |   3640 .266 |   2820   3570   3640
136 |   3  0.233 |  10180 .198 |   9490  10180  10210
137 |   3  0.264 |    550 .255 |     80    550  17700
138 |   3  0.176 |  10820 .162 |  10790  10810  10820
139 |   3  0.159 |   3800 .142 |   3790   3800   3810
140 |   3  0.240 |  14990 .221 |  14100  14710  14990
141 |   3  0.179 |  18100 .161 |  18090  18100  18110
142 |   3  0.189 |  15930 .165 |  15920  15930  15940
143 |   3  0.180 |  18250 .150 |  18240  18250  18260
144 |   3  0.180 |  16100 .157 |  16100  16110  16150
145 |   3  0.199 |  13250 .178 |  13240  13250  13260
146 |   3  0.172 |  12620 .146 |  12610  12620  12630
147 |   3  0.188 |  11590 .175 |  11580  11590  11600
148 |   3  0.198 |  11930 .185 |  11910  11920  11930
149 |   3  0.206 |    750 .172 |    750    760   7160
150 |   2  0.203 |   6600 .203 |   6600   7230
151 |   2  0.104 |  16570 .104 |  16570  16580
152 |   2  0.188 |  10600 .188 |  10600  10610
153 |   2  0.110 |  12450 .110 |  12450  12460
154 |   2  0.124 |  17150 .124 |  17150  17160
155 |   2  0.185 |  15660 .185 |  15660  15670
156 |   2  0.203 |   8740 .203 |   8740   9190
157 |   2  0.118 |   5950 .118 |   5950   5960
158 |   2  0.241 |  17660 .241 |  17660  17680
159 |   2  0.122 |  15190 .122 |  15190  15200
160 |   2  0.117 |  15300 .117 |  15300  15310
161 |   2  0.159 |  18550 .159 |  18550  18560
162 |   2  0.249 |   2320 .249 |   2320   3980
163 |   2  0.125 |  12670 .125 |  12670  12680
164 |   2  0.141 |  15890 .141 |  15890  15900
165 |   2  0.234 |   6380 .234 |   6380   6750
166 |   2  0.264 |  10090 .264 |  10090  10300
167 |   2  0.119 |  13350 .119 |  13350  13370
168 |   2  0.252 |  18890 .252 |  18890  19160
169 |   2  0.167 |   4840 .167 |   4840   4850
170 |   2  0.147 |   1570 .147 |   1570   1580
171 |   2  0.262 |   8410 .262 |   8410  10780
172 |   2  0.291 |   5370 .291 |   5370  11810
173 |   2  0.247 |  15320 .247 |  15320  15340
174 |   2  0.262 |  10160 .262 |  10160  11630
175 |   1       |     50      |     50
176 |   1       |  15050      |  15050
177 |   1       |  11250      |  11250
178 |   1       |  12030      |  12030
179 |   1       |   5010      |   5010
180 |   1       |  15390      |  15390
181 |   1       |  13160      |  13160
182 |   1       |   2830      |   2830
183 |   1       |  14610      |  14610
184 |   1       |   1230      |   1230
185 |   1       |  10470      |  10470
186 |   1       |   9330      |   9330
187 |   1       |  16190      |  16190
188 |   1       |   1090      |   1090
189 |   1       |  13380      |  13380
190 |   1       |  11570      |  11570
191 |   1       |  12600      |  12600
192 |   1       |  16830      |  16830
193 |   1       |  19290      |  19290
194 |   1       |   9140      |   9140
195 |   1       |  15140      |  15140
196 |   1       |   1640      |   1640
197 |   1       |  15830      |  15830
198 |   1       |  13440      |  13440
199 |   1       |   4470      |   4470
200 |   1       |  10700      |  10700
201 |   1       |   4710      |   4710
202 |   1       |  18960      |  18960
203 |   1       |  19900      |  19900
204 |   1       |  12530      |  12530
205 |   1       |  13010      |  13010
206 |   1       |  17690      |  17690
207 |   1       |   5710      |   5710
208 |   1       |   3500      |   3500
209 |   1       |   2770      |   2770
210 |   1       |   3830      |   3830
211 |   1       |   3920      |   3920
212 |   1       |  15470      |  15470
213 |   1       |   3390      |   3390
214 |   1       |  12220      |  12220
215 |   1       |  10350      |  10350
216 |   1       |  18950      |  18950
217 |   1       |  20000      |  20000
218 |   1       |  11690      |  11690
219 |   1       |   4560      |   4560
220 |   1       |  16460      |  16460
221 |   1       |   4060      |   4060
222 |   1       |  14370      |  14370
223 |   1       |    780      |    780
224 |   1       |   1510      |   1510
225 |   1       |  11710      |  11710
226 |   1       |   1530      |   1530
