                :-) GROMACS - gmx grompp, 2026.0-conda_forge (-:

Executable:   /root/miniconda3/envs/lisper-gmx/bin.AVX2_256/gmx
Data prefix:  /root/miniconda3/envs/lisper-gmx
Working dir:  /root/LiSPER_remote/LiSPER_8cand_NaCl_prod_worker/systems/LiDA-1/gromacs
Command line:
  gmx grompp -f /root/LiSPER_remote/LiSPER_8cand_NaCl_prod_worker/systems/LiDA-1/gromacs/umbrella_sampling/window_001_1.42nm/umbrella.mdp -c /root/LiSPER_remote/LiSPER_8cand_NaCl_prod_worker/systems/LiDA-1/gromacs/umbrella_sampling/window_001_1.42nm/start.gro -p /root/LiSPER_remote/LiSPER_8cand_NaCl_prod_worker/systems/LiDA-1/gromacs/topol_cleaned_for_prod.top -n /root/LiSPER_remote/LiSPER_8cand_NaCl_prod_worker/systems/LiDA-1/gromacs/umbrella_sampling/umbrella_index.ndx -o /root/LiSPER_remote/LiSPER_8cand_NaCl_prod_worker/systems/LiDA-1/gromacs/umbrella_sampling/window_001_1.42nm/umbrella.tpr -maxwarn 1

Generating 1-4 interactions: fudge = 1
Pull group 1 'SOLU' has 120 atoms
Pull group 2 'TARGET_ION' has 1 atoms
Number of degrees of freedom in T-Coupling group SOLU is 306.00
Number of degrees of freedom in T-Coupling group SOLV is 39651.00
Pull group  natoms  pbc atom  distance at start  reference at t=0
       1       120        60
       2         1         0       1.382 nm          1.424 nm

Back Off! I just backed up /root/LiSPER_remote/LiSPER_8cand_NaCl_prod_worker/systems/LiDA-1/gromacs/umbrella_sampling/window_001_1.42nm/umbrella.tpr to /root/LiSPER_remote/LiSPER_8cand_NaCl_prod_worker/systems/LiDA-1/gromacs/umbrella_sampling/window_001_1.42nm/#umbrella.tpr.1#

GROMACS reminds you: "Science Won't Change You" (The Talking Heads)

Setting the LD random seed to -538130497

Generated 298 of the 300 non-bonded parameter combinations

Generated 105 of the 300 1-4 parameter combinations

Excluding 3 bonded neighbours molecule type 'PROA'

turning H bonds into constraints...

Excluding 1 bonded neighbours molecule type 'SOD'

turning H bonds into constraints...

Excluding 1 bonded neighbours molecule type 'CLA'

turning H bonds into constraints...

Excluding 2 bonded neighbours molecule type 'TIP3'

turning H bonds into constraints...

Setting gen_seed to -475168913

Velocities were taken from a Maxwell distribution at 298.15 K

The largest distance between excluded atoms is 0.396 nm between atom 5 and 17

Determining Verlet buffer for a tolerance of 0.005 kJ/mol/ps at 298.15 K

Calculated rlist for 1x1 atom pair-list as 1.297 nm, buffer size 0.097 nm

Set rlist, assuming 4x4 atom pair-list, to 1.226 nm, buffer size 0.026 nm

Note that mdrun will redetermine rlist based on the actual pair-list setup
Calculating fourier grid dimensions for X Y Z
Using a fourier grid of 56x56x56, spacing 0.113 0.113 0.113

Estimate for the relative computational load of the PME mesh part: 0.18

This run will generate roughly 101 Mb of data
